
> shadownet@1.0.0 test
> cross-env NODE_OPTIONS=--experimental-vm-modules jest

FAIL src/api/routes.test.ts
  G˘≈ Test suite failed to run
System.Management.Automation.RemoteException
    [96msrc/api/routes.test.ts[0m:[93m8[0m:[93m21[0m - [91merror[0m[90m TS2307: [0mCannot find module 'supertest' or its corresponding type declarations.
System.Management.Automation.RemoteException
    [7m8[0m import request from 'supertest';
    [7m [0m [91m                    ~~~~~~~~~~~[0m
System.Management.Automation.RemoteException
(node:36452) ExperimentalWarning: VM Modules is an experimental feature and might change at any time
(Use `node --trace-warnings ...` to show where the warning was created)
PASS src/services/Ledger.test.ts (6.912 s)
  Ledger
    addTransaction
      GÍ‹ should add transaction to pending pool (44 ms)
      GÍ‹ should maintain immutability by copying transaction
      GÍ‹ should accumulate multiple transactions in pending pool (1 ms)
    finalizeBlock
      GÍ‹ should create block with sequential block number starting at 0 (1 ms)
      GÍ‹ should assign sequential block numbers (1 ms)
      GÍ‹ should assign block number to all transactions in block (1 ms)
      GÍ‹ should clear pending transactions after finalization (1 ms)
      GÍ‹ should create empty block if no pending transactions (1 ms)
      GÍ‹ should maintain append-only immutability
    getTransactionsByAgent
      GÍ‹ should return transactions where agent is sender (3 ms)
      GÍ‹ should return transactions where agent is receiver (1 ms)
      GÍ‹ should return transactions from both finalized blocks and pending pool (1 ms)
      GÍ‹ should return empty array for agent with no transactions (1 ms)
    getBlock
      GÍ‹ should return block by block number (1 ms)
      GÍ‹ should return correct block for different block numbers
      GÍ‹ should return undefined for non-existent block (1 ms)
    getRecentBlocks
      GÍ‹ should return most recent blocks in reverse chronological order (1 ms)
      GÍ‹ should return all blocks if limit exceeds total blocks (1 ms)
      GÍ‹ should return empty array if no blocks exist
    getTotalTransactionCount
      GÍ‹ should return 0 for empty ledger
      GÍ‹ should return total count across all blocks (1 ms)
    edge cases
      GÍ‹ should handle multiple finalizations without pending transactions (1 ms)
      GÍ‹ should maintain correct state after many operations (1 ms)
System.Management.Automation.RemoteException
(node:9612) ExperimentalWarning: VM Modules is an experimental feature and might change at any time
(Use `node --trace-warnings ...` to show where the warning was created)
PASS src/utils/agentGenerator.test.ts (7.587 s)
  generateUniqueNames
    GÍ‹ should generate the requested number of unique names (90 ms)
    GÍ‹ should generate different names on subsequent calls (1 ms)
    GÍ‹ should throw error when requesting more names than available (171 ms)
    GÍ‹ should handle edge case of generating 1 name (2 ms)
  generateAgents
    GÍ‹ should generate the requested number of agents (4 ms)
    GÍ‹ should assign unique IDs to each agent (2 ms)
    GÍ‹ should assign unique names to each agent (1 ms)
    GÍ‹ should ensure diverse personality distribution (5 ms)
    GÍ‹ should ensure diverse role distribution (4 ms)
    GÍ‹ should initialize wallet balance with variance around initial balance (4 ms)
    GÍ‹ should initialize reputation between 40 and 60 (34 ms)
    GÍ‹ should initialize empty memory log (8 ms)
    GÍ‹ should initialize empty alliances array (2 ms)
    GÍ‹ should set createdAt timestamp (2 ms)
    GÍ‹ should initialize stats with zero values (3 ms)
    GÍ‹ should handle minimum agent count (12) (1 ms)
    GÍ‹ should handle maximum agent count (20)
    GÍ‹ should ensure non-negative wallet even with negative variance (1 ms)
System.Management.Automation.RemoteException
FAIL src/services/DecisionEngine.property.test.ts
  G˘≈ Test suite failed to run
System.Management.Automation.RemoteException
    [96msrc/services/DecisionEngine.property.test.ts[0m:[93m33[0m:[93m53[0m - [91merror[0m[90m TS2345: [0mArgument of type 'string' is not assignable to parameter of type 'DecisionEngineConfig'.
System.Management.Automation.RemoteException
    [7m33[0m           const decisionEngine = new DecisionEngine('fake-api-key');
    [7m  [0m [91m                                                    ~~~~~~~~~~~~~~[0m
    [96msrc/services/DecisionEngine.property.test.ts[0m:[93m75[0m:[93m60[0m - [91merror[0m[90m TS2554: [0mExpected 1 arguments, but got 2.
System.Management.Automation.RemoteException
    [7m75[0m           const prompt = decisionEngine.buildPrompt(agent, otherAgents);
    [7m  [0m [91m                                                           ~~~~~~~~~~~[0m
System.Management.Automation.RemoteException
FAIL src/utils/config.test.ts
  G˘≈ Test suite failed to run
System.Management.Automation.RemoteException
    [96msrc/utils/config.test.ts[0m:[93m59[0m:[93m11[0m - [91merror[0m[90m TS2739: [0mType '{ llmProvider: "openai"; llmApiKey: string; agentCount: number; initialBalance: number; decisionCycleMin: number; decisionCycleMax: number; blockInterval: number; port: number; logLevel: string; frontendUrl: string; }' is missing the following properties from type 'Config': llmModel, minCycleDelay, maxCycleDelay
System.Management.Automation.RemoteException
    [7m59[0m     const mockConfig: Config = {
    [7m  [0m [91m          ~~~~~~~~~~[0m
System.Management.Automation.RemoteException
2026-02-13 14:04:05 [[32minfo[39m]: Configuration loaded successfully
2026-02-13 14:04:05 [[31merror[39m]: Configuration validation failed:
2026-02-13 14:04:05 [[31merror[39m]: Configuration validation failed:
2026-02-13 14:04:05 [[32minfo[39m]: Configuration loaded successfully
2026-02-13 14:04:05 [[31merror[39m]: Configuration validation failed:
2026-02-13 14:04:05 [[31merror[39m]: Configuration validation failed:
2026-02-13 14:04:05 [[32minfo[39m]: Configuration loaded successfully
2026-02-13 14:04:05 [[31merror[39m]: Configuration validation failed:
2026-02-13 14:04:05 [[32minfo[39m]: Configuration loaded successfully
2026-02-13 14:04:05 [[32minfo[39m]: Configuration loaded successfully
2026-02-13 14:04:05 [[31merror[39m]: Configuration validation failed:
2026-02-13 14:04:05 [[32minfo[39m]: Alliance formed between agents agent-1 and agent-2 (Alliance ID: 12529a1f-cc1c-4091-b45a-ba878cfdf156)
2026-02-13 14:04:05 [[32minfo[39m]: Initializing 5 agents with initial balance 1000
2026-02-13 14:04:05 [[32minfo[39m]: Successfully initialized 5 agents
2026-02-13 14:04:05 [[32minfo[39m]: Initializing 5 agents with initial balance 1000
2026-02-13 14:04:05 [[32minfo[39m]: Successfully initialized 5 agents
2026-02-13 14:04:05 [[32minfo[39m]: Alliance formed between agents agent-1 and agent-2 (Alliance ID: df214fee-0159-43f4-97a4-fadc11775584)
2026-02-13 14:04:05 [[32minfo[39m]: Alliance formed between agents agent-3 and agent-4 (Alliance ID: 4c12cfeb-3d66-4fe0-afc2-670f9acaaf98)
2026-02-13 14:04:05 [[32minfo[39m]: Initializing 5 agents with initial balance 1000
2026-02-13 14:04:05 [[32minfo[39m]: Successfully initialized 5 agents
2026-02-13 14:04:05 [[32minfo[39m]: Alliance formed between agents agent-1 and agent-2 (Alliance ID: f7cfdacd-8976-444d-b0f8-f2acd5e39b35)
2026-02-13 14:04:05 [[32minfo[39m]: Initializing 5 agents with initial balance 1000
2026-02-13 14:04:05 [[32minfo[39m]: Alliance formed between agents agent-1 and agent-3 (Alliance ID: 5f94a439-61e8-4e5c-b321-18116e11bb70)
2026-02-13 14:04:05 [[32minfo[39m]: Successfully initialized 5 agents
2026-02-13 14:04:05 [[32minfo[39m]: Initializing 5 agents with initial balance 1000
2026-02-13 14:04:05 [[32minfo[39m]: Successfully initialized 5 agents
2026-02-13 14:04:05 [[32minfo[39m]: Alliance formed between agents agent-1 and agent-2 (Alliance ID: dfedb02e-5285-4dfe-9234-0e374d138841)
2026-02-13 14:04:05 [[32minfo[39m]: Alliance dfedb02e-5285-4dfe-9234-0e374d138841 broken by agent agent-1
2026-02-13 14:04:05 [[32minfo[39m]: Initializing 5 agents with initial balance 1000
2026-02-13 14:04:05 [[32minfo[39m]: Successfully initialized 5 agents
2026-02-13 14:04:05 [[32minfo[39m]: Initializing 5 agents with initial balance 1000
2026-02-13 14:04:05 [[32minfo[39m]: Successfully initialized 5 agents
2026-02-13 14:04:05 [[32minfo[39m]: Initializing 5 agents with initial balance 1000
2026-02-13 14:04:05 [[32minfo[39m]: Successfully initialized 5 agents
2026-02-13 14:04:05 [[32minfo[39m]: Initializing 5 agents with initial balance 1000
2026-02-13 14:04:05 [[32minfo[39m]: Successfully initialized 5 agents
2026-02-13 14:04:05 [[32minfo[39m]: Initializing 5 agents with initial balance 1000
2026-02-13 14:04:05 [[32minfo[39m]: Successfully initialized 5 agents
2026-02-13 14:04:05 [[32minfo[39m]: Initializing 5 agents with initial balance 1000
2026-02-13 14:04:05 [[33mwarn[39m]: Attempted to break non-existent alliance: non-existent-id
2026-02-13 14:04:05 [[31merror[39m]: Configuration validation failed:
2026-02-13 14:04:05 [[32minfo[39m]: Successfully initialized 5 agents
2026-02-13 14:04:05 [[32minfo[39m]: Initializing 5 agents with initial balance 1000
2026-02-13 14:04:05 [[32minfo[39m]: Successfully initialized 5 agents
2026-02-13 14:04:05 [[31merror[39m]: Configuration validation failed:
2026-02-13 14:04:05 [[32minfo[39m]: Alliance formed between agents agent-1 and agent-2 (Alliance ID: eed436ed-94e4-4026-a384-e0b49d7fee1b)
2026-02-13 14:04:05 [[32minfo[39m]: Configuration loaded successfully
2026-02-13 14:04:05 [[32minfo[39m]: Alliance eed436ed-94e4-4026-a384-e0b49d7fee1b broken by agent agent-1
2026-02-13 14:04:05 [[32minfo[39m]: Configuration loaded successfully
2026-02-13 14:04:05 [[32minfo[39m]: Configuration loaded successfully
2026-02-13 14:04:05 [[33mwarn[39m]: Attempted to break already inactive alliance: eed436ed-94e4-4026-a384-e0b49d7fee1b
2026-02-13 14:04:05 [[32minfo[39m]: Configuration loaded successfully
2026-02-13 14:04:05 [[32minfo[39m]: Alliance formed between agents agent-1 and agent-2 (Alliance ID: 5a6d6d89-2a51-4cb1-8171-cf79e4b3fdd4)
2026-02-13 14:04:05 [[32minfo[39m]: Configuration loaded successfully
2026-02-13 14:04:05 [[32minfo[39m]: Alliance formed between agents agent-1 and agent-2 (Alliance ID: bc03a42a-5b67-4b15-9265-e6928214688d)
2026-02-13 14:04:05 [[32minfo[39m]: Alliance bc03a42a-5b67-4b15-9265-e6928214688d broken by agent agent-1
2026-02-13 14:04:05 [[32minfo[39m]: Configuration loaded successfully
2026-02-13 14:04:05 [[32minfo[39m]: Alliance formed between agents agent-1 and agent-2 (Alliance ID: 17a91c92-0d04-4907-8c27-ba7fb0b40d79)
2026-02-13 14:04:05 [[32minfo[39m]: Configuration loaded successfully
2026-02-13 14:04:05 [[32minfo[39m]: Transaction successful: Kode GÂ∆ Razor, 100 credits (89.9% chance)
FAIL src/api/routes.property.test.ts
  G˘≈ Test suite failed to run
System.Management.Automation.RemoteException
    [96msrc/api/routes.property.test.ts[0m:[93m9[0m:[93m21[0m - [91merror[0m[90m TS2307: [0mCannot find module 'supertest' or its corresponding type declarations.
System.Management.Automation.RemoteException
    [7m9[0m import request from 'supertest';
    [7m [0m [91m                    ~~~~~~~~~~~[0m
System.Management.Automation.RemoteException
2026-02-13 14:04:05 [[32minfo[39m]: Alliance formed between agents agent-1 and agent-2 (Alliance ID: f91ed5db-c9ee-45a8-b0a0-dd185b4da3b6)
2026-02-13 14:04:05 [[32minfo[39m]: Alliance formed between agents agent-1 and agent-3 (Alliance ID: b6df93bb-861d-4696-ad05-d42caeefa402)
2026-02-13 14:04:05 [[32minfo[39m]: Alliance formed between agents agent-1 and agent-2 (Alliance ID: b1b8855d-6a00-4565-9322-dbbf0b9161b0)
2026-02-13 14:04:05 [[32minfo[39m]: Alliance formed between agents agent-1 and agent-3 (Alliance ID: e5a81b16-e517-4bd0-8190-681377f2f6fd)
2026-02-13 14:04:05 [[32minfo[39m]: Alliance b1b8855d-6a00-4565-9322-dbbf0b9161b0 broken by agent agent-1
2026-02-13 14:04:05 [[32minfo[39m]: Initializing 5 agents with initial balance 1000
2026-02-13 14:04:05 [[32minfo[39m]: Successfully initialized 5 agents
2026-02-13 14:04:05 [[32minfo[39m]: Transaction failed: Kode GÂ∆ Raven, 100 credits (89.9% chance)
2026-02-13 14:04:05 [[32minfo[39m]: Initializing 5 agents with initial balance 1000
2026-02-13 14:04:05 [[32minfo[39m]: Successfully initialized 5 agents
2026-02-13 14:04:05 [[32minfo[39m]: Transaction successful: Maze GÂ∆ Razor, 100 credits (90.3% chance)
2026-02-13 14:04:05 [[32minfo[39m]: Initializing 5 agents with initial balance 1000
2026-02-13 14:04:05 [[32minfo[39m]: Successfully initialized 5 agents
2026-02-13 14:04:05 [[32minfo[39m]: Transaction failed: Ghost GÂ∆ Vex, 100 credits (91.7% chance)
2026-02-13 14:04:05 [[32minfo[39m]: Initializing 5 agents with initial balance 1000
2026-02-13 14:04:05 [[32minfo[39m]: Successfully initialized 5 agents
2026-02-13 14:04:05 [[32minfo[39m]: Transaction successful: Cipher GÂ∆ Onyx, 100 credits (89.6% chance)
2026-02-13 14:04:05 [[32minfo[39m]: Initializing 5 agents with initial balance 1000
2026-02-13 14:04:05 [[32minfo[39m]: Successfully initialized 5 agents
2026-02-13 14:04:05 [[32minfo[39m]: Transaction failed: Lynx GÂ∆ Maze, 100 credits (89.7% chance)
2026-02-13 14:04:05 [[32minfo[39m]: Initializing 5 agents with initial balance 1000
2026-02-13 14:04:05 [[32minfo[39m]: Successfully initialized 5 agents
2026-02-13 14:04:05 [[32minfo[39m]: Transaction failed: Ghost GÂ∆ Crash, 100 credits (90.0% chance)
2026-02-13 14:04:05 [[32minfo[39m]: Transaction successful: Ghost GÂ∆ Crash, 100 credits (95.0% chance)
2026-02-13 14:04:05 [[32minfo[39m]: Initializing 5 agents with initial balance 1000
2026-02-13 14:04:05 [[32minfo[39m]: Successfully initialized 5 agents
2026-02-13 14:04:05 [[32minfo[39m]: Transaction successful: Spike GÂ∆ Lynx, 100 credits (90.9% chance)
2026-02-13 14:04:05 [[32minfo[39m]: Initializing 5 agents with initial balance 1000
2026-02-13 14:04:05 [[32minfo[39m]: Successfully initialized 5 agents
2026-02-13 14:04:05 [[33mwarn[39m]: Transaction validation failed: Insufficient funds
2026-02-13 14:04:05 [[32minfo[39m]: Alliance formed between agents agent-1 and agent-2 (Alliance ID: 67acd4e2-f38f-4fef-a4e1-ada9e31b4410)
2026-02-13 14:04:05 [[32minfo[39m]: Initializing 5 agents with initial balance 1000
2026-02-13 14:04:05 [[32minfo[39m]: Successfully initialized 5 agents
2026-02-13 14:04:05 [[32minfo[39m]: Transaction successful: Lynx GÂ∆ Cipher, 100 credits (60.3% chance)
2026-02-13 14:04:05 [[32minfo[39m]: Initializing 5 agents with initial balance 1000
2026-02-13 14:04:05 [[32minfo[39m]: Successfully initialized 5 agents
2026-02-13 14:04:05 [[32minfo[39m]: Alliance formed between agents agent-3 and agent-4 (Alliance ID: 56a555bd-da29-4d8e-a276-8a541799410a)
2026-02-13 14:04:05 [[32minfo[39m]: Transaction successful: Quantum GÂ∆ Pulse, 100 credits (81.0% chance)
(node:46552) ExperimentalWarning: VM Modules is an experimental feature and might change at any time
(Use `node --trace-warnings ...` to show where the warning was created)
2026-02-13 14:04:05 [[32minfo[39m]: Alliance formed between agents agent-1 and agent-2 (Alliance ID: c4fac7e3-f0a1-4e22-99aa-34f84749d999)
2026-02-13 14:04:05 [[32minfo[39m]: Alliance formed between agents agent-3 and agent-4 (Alliance ID: f4104eef-01f7-4cb5-91a8-27ac4860c975)
2026-02-13 14:04:05 [[32minfo[39m]: Alliance c4fac7e3-f0a1-4e22-99aa-34f84749d999 broken by agent agent-1
2026-02-13 14:04:05 [[32minfo[39m]: Initializing 5 agents with initial balance 1000
2026-02-13 14:04:05 [[32minfo[39m]: Successfully initialized 5 agents
2026-02-13 14:04:05 [[32minfo[39m]: Alliance formed between agents agent-1 and agent-2 (Alliance ID: 084419a0-431b-477f-b4d9-15de7bbcc485)
2026-02-13 14:04:05 [[32minfo[39m]: Alliance formed between agents agent-3 and agent-4 (Alliance ID: 54308d2a-cd19-45a7-9edd-cd95770277aa)
2026-02-13 14:04:05 [[32minfo[39m]: Alliance 084419a0-431b-477f-b4d9-15de7bbcc485 broken by agent agent-1
2026-02-13 14:04:05 [[32minfo[39m]: Alliance 54308d2a-cd19-45a7-9edd-cd95770277aa broken by agent agent-3
2026-02-13 14:04:05 [[32minfo[39m]: Transaction successful: Hex GÂ∆ Vex, 50 credits (90.9% chance)
2026-02-13 14:04:05 [[32minfo[39m]: Transaction successful: Vex GÂ∆ Cipher, 75 credits (91.6% chance)
FAIL src/initialization.test.ts (9.243 s)
  System Initialization
    Environment Variable Validation
      GÍ‹ should validate all required environment variables (58 ms)
      GÍ‹ should throw error for missing LLM_PROVIDER (34 ms)
      GÍ‹ should throw error for missing LLM_API_KEY (2 ms)
      GÍ‹ should use default values for optional variables (3 ms)
      GÍ‹ should validate agent count is within range (3 ms)
      GÍ‹ should validate agent count maximum (2 ms)
      +˘ should validate initial balance is positive (3 ms)
      GÍ‹ should validate port is a valid number (2 ms)
      GÍ‹ should accept valid LLM providers (2 ms)
      +˘ should reject invalid LLM provider (27 ms)
    Graceful Error Handling
      GÍ‹ should handle missing config gracefully (2 ms)
2026-02-13 14:04:05 [[32minfo[39m]: Transaction successful: Cipher GÂ∆ Spike, 100 credits (92.0% chance)
2026-02-13 14:04:05 [[32minfo[39m]: Initializing 5 agents with initial balance 1000
2026-02-13 14:04:05 [[32minfo[39m]: Successfully initialized 5 agents
2026-02-13 14:04:05 [[32minfo[39m]: Transaction failed: Ghost GÂ∆ Crash, 50 credits (89.1% chance)
      GÍ‹ should provide clear error messages (2 ms)
    Seed Data Loading
      GÍ‹ should initialize with default agent count (1 ms)
      GÍ‹ should initialize with default initial balance (1 ms)
      GÍ‹ should accept custom agent count within range (1 ms)
      GÍ‹ should accept custom initial balance (1 ms)
    Configuration Defaults
      GÍ‹ should use default cycle delays (1 ms)
      GÍ‹ should use default block interval (2 ms)
      GÍ‹ should use default LLM model (2 ms)
System.Management.Automation.RemoteException
  G˘≈ System Initialization G«¶ Environment Variable Validation G«¶ should validate initial balance is positive
System.Management.Automation.RemoteException
    expect(received).toThrow(expected)
System.Management.Automation.RemoteException
    Expected substring: "INITIAL_BALANCE must be positive"
System.Management.Automation.RemoteException
    Received function did not throw
System.Management.Automation.RemoteException
    [0m [90m 87 |[39m       process[33m.[39menv[33m.[39m[33mINITIAL_BALANCE[39m [33m=[39m [32m'-100'[39m[33m;[39m
     [90m 88 |[39m
    [31m[1m>[22m[39m[90m 89 |[39m       expect(() [33m=>[39m validateConfig())[33m.[39mtoThrow([32m'INITIAL_BALANCE must be positive'[39m)[33m;[39m
     [90m    |[39m                                      [31m[1m^[22m[39m
     [90m 90 |[39m     })[33m;[39m
     [90m 91 |[39m
     [90m 92 |[39m     it([32m'should validate port is a valid number'[39m[33m,[39m () [33m=>[39m {[0m
System.Management.Automation.RemoteException
      at Object.<anonymous> (src/initialization.test.ts:89:38)
System.Management.Automation.RemoteException
  G˘≈ System Initialization G«¶ Environment Variable Validation G«¶ should reject invalid LLM provider
System.Management.Automation.RemoteException
    expect(received).toThrow(expected)
System.Management.Automation.RemoteException
    Expected substring: "LLM_PROVIDER must be either openai or gemini"
    Received message:   "Invalid LLM_PROVIDER: invalid-provider. Must be 'openai' or 'gemini'"
System.Management.Automation.RemoteException
        [0m [90m 46 |[39m     [36mconst[39m llmProvider [33m=[39m validateRequiredEnvVar([32m'LLM_PROVIDER'[39m)[33m;[39m
         [90m 47 |[39m     [36mif[39m (llmProvider [33m!==[39m [32m'openai'[39m [33m&&[39m llmProvider [33m!==[39m [32m'gemini'[39m) {
        [31m[1m>[22m[39m[90m 48 |[39m       [36mthrow[39m [36mnew[39m [33mError[39m([32m`Invalid LLM_PROVIDER: ${llmProvider}. Must be 'openai' or 'gemini'`[39m)[33m;[39m
         [90m    |[39m             [31m[1m^[22m[39m
         [90m 49 |[39m     }
2026-02-13 14:04:05 [[32minfo[39m]: Alliance formed between agents agent-1 and agent-2 (Alliance ID: 0cac9c72-4b60-4f09-bc7d-0ea8bb3a8638)
         [90m 50 |[39m
         [90m 51 |[39m     [36mconst[39m llmApiKey [33m=[39m validateRequiredEnvVar([32m'LLM_API_KEY'[39m)[33m;[39m[0m
System.Management.Automation.RemoteException
      at loadConfig (src/utils/config.ts:48:13)
      at src/initialization.test.ts:118:20
      at Object.<anonymous> (node_modules/expect/build/toThrowMatchers.js:74:11)
      at Object.throwingMatcher [as toThrow] (node_modules/expect/build/index.js:320:21)
      at Object.<anonymous> (src/initialization.test.ts:118:38)
      at Object.<anonymous> (src/initialization.test.ts:118:38)
System.Management.Automation.RemoteException
2026-02-13 14:04:05 [[32minfo[39m]: Transaction failed: Crash GÂ∆ Zero, 75 credits (88.4% chance)
2026-02-13 14:04:05 [[32minfo[39m]: Alliance formed between agents agent-1 and agent-3 (Alliance ID: 22cf6377-9e34-4a67-a56d-383e4cf7b0cb)
2026-02-13 14:04:05 [[32minfo[39m]: Initializing 5 agents with initial balance 1000
2026-02-13 14:04:05 [[32minfo[39m]: Alliance formed between agents agent-1 and agent-4 (Alliance ID: b322b32e-2d3e-418f-9227-21e7296ca6ba)
2026-02-13 14:04:05 [[32minfo[39m]: Successfully initialized 5 agents
2026-02-13 14:04:05 [[32minfo[39m]: Transaction successful: Razor GÂ∆ Cipher, 50 credits (90.4% chance)
2026-02-13 14:04:05 [[32minfo[39m]: Transaction failed: Cipher GÂ∆ Zero, 75 credits (90.2% chance)
2026-02-13 14:04:05 [[32minfo[39m]: Transaction successful: Zero GÂ∆ Onyx, 100 credits (89.1% chance)
2026-02-13 14:04:05 [[32minfo[39m]: Alliance formed between agents agent-1 and agent-2 (Alliance ID: cb6473bd-f944-408a-9101-872a0b82bffa)
2026-02-13 14:04:05 [[32minfo[39m]: Initializing 5 agents with initial balance 1000
2026-02-13 14:04:05 [[32minfo[39m]: Alliance formed between agents agent-1 and agent-3 (Alliance ID: 80a3fd87-ea83-4201-aa0c-75b0b11c5433)
2026-02-13 14:04:05 [[32minfo[39m]: Successfully initialized 5 agents
2026-02-13 14:04:05 [[32minfo[39m]: Alliance formed between agents agent-1 and agent-4 (Alliance ID: b2595906-1a2e-4a14-9294-b40d30d5cf86)
2026-02-13 14:04:05 [[32minfo[39m]: Alliance 80a3fd87-ea83-4201-aa0c-75b0b11c5433 broken by agent agent-1
2026-02-13 14:04:05 [[32minfo[39m]: Transaction successful: Edge GÂ∆ Maze, 50 credits (90.7% chance)
2026-02-13 14:04:05 [[32minfo[39m]: Transaction successful: Maze GÂ∆ Neon, 75 credits (81.6% chance)
2026-02-13 14:04:05 [[32minfo[39m]: Transaction successful: Neon GÂ∆ Viper, 100 credits (70.2% chance)
2026-02-13 14:04:05 [[32minfo[39m]: Initializing 5 agents with initial balance 1000
2026-02-13 14:04:05 [[32minfo[39m]: Successfully initialized 5 agents
2026-02-13 14:04:05 [[32minfo[39m]: Transaction failed: Crash GÂ∆ Lynx, 10 credits (90.1% chance)
2026-02-13 14:04:05 [[32minfo[39m]: Transaction successful: Crash GÂ∆ Lynx, 10 credits (89.2% chance)
2026-02-13 14:04:05 [[32minfo[39m]: Transaction failed: Crash GÂ∆ Lynx, 10 credits (89.5% chance)
2026-02-13 14:04:05 [[32minfo[39m]: Transaction successful: Crash GÂ∆ Lynx, 10 credits (89.3% chance)
2026-02-13 14:04:05 [[32minfo[39m]: Transaction successful: Crash GÂ∆ Lynx, 10 credits (89.8% chance)
2026-02-13 14:04:05 [[32minfo[39m]: Initializing 5 agents with initial balance 1000
2026-02-13 14:04:05 [[32minfo[39m]: Successfully initialized 5 agents
(node:29124) ExperimentalWarning: VM Modules is an experimental feature and might change at any time
(Use `node --trace-warnings ...` to show where the warning was created)
PASS src/services/AllianceManager.test.ts (8.806 s)
  AllianceManager
    formAlliance
      GÍ‹ should create an alliance between two agents (40 ms)
      GÍ‹ should create unique alliance IDs for different alliances (2 ms)
      GÍ‹ should allow an agent to form multiple alliances (2 ms)
    breakAlliance
      GÍ‹ should mark an alliance as inactive (2 ms)
      GÍ‹ should handle breaking a non-existent alliance gracefully (5 ms)
      GÍ‹ should handle breaking an already inactive alliance gracefully (5 ms)
    areAllied
      GÍ‹ should return true when agents have an active alliance (2 ms)
      GÍ‹ should return false when agents have no alliance
      GÍ‹ should return false when alliance is broken (1 ms)
      GÍ‹ should return false for agents not in any alliance
    getAgentAlliances
      GÍ‹ should return all alliances for an agent
      GÍ‹ should return empty array for agent with no alliances
      GÍ‹ should return both active and inactive alliances (1 ms)
    getActiveAllianceCount
      GÍ‹ should return 0 when no alliances exist (14 ms)
      GÍ‹ should return count of active alliances (6 ms)
      GÍ‹ should not count inactive alliances (1 ms)
      GÍ‹ should return 0 when all alliances are broken (1 ms)
    Multiple simultaneous alliances
      GÍ‹ should support an agent being in multiple active alliances (5 ms)
      GÍ‹ should correctly track alliances after some are broken (4 ms)
System.Management.Automation.RemoteException
(node:38892) ExperimentalWarning: VM Modules is an experimental feature and might change at any time
(Use `node --trace-warnings ...` to show where the warning was created)
PASS src/services/EconomyEngine.test.ts (8.838 s)
  EconomyEngine
    validateTransaction
      GÍ‹ should validate a valid transaction (35 ms)
      GÍ‹ should reject transaction with insufficient funds (2 ms)
      GÍ‹ should reject transaction with zero amount (2 ms)
      GÍ‹ should reject transaction with negative amount (1 ms)
      GÍ‹ should reject transaction from agent to itself (2 ms)
      GÍ‹ should return multiple errors for multiple violations (1 ms)
    calculateSuccessProbability
      GÍ‹ should return probability between 0.1 and 0.95 (1 ms)
      GÍ‹ should increase probability with higher reputation (1 ms)
      GÍ‹ should apply action modifiers correctly (1 ms)
      GÍ‹ should clamp probability to minimum 0.1
      GÍ‹ should clamp probability to maximum 0.95
    processTransaction
      GÍ‹ should process a successful transaction and update wallets (13 ms)
      GÍ‹ should not update wallets on failed transaction (1 ms)
      GÍ‹ should update agent stats on successful transaction (1 ms)
      GÍ‹ should update agent stats on failed transaction (1 ms)
      GÍ‹ should update reputations on successful transaction (2 ms)
      GÍ‹ should update reputation on failed transaction (1 ms)
      GÍ‹ should clamp reputation to 0-100 range (4 ms)
      GÍ‹ should record transaction in log (2 ms)
      GÍ‹ should reject invalid transaction and record it (2 ms)
      GÍ‹ should handle betrayal action with severe reputation penalty (4 ms)
      GÍ‹ should handle build_reputation action with reputation gain (1 ms)
    credit conservation
      GÍ‹ should maintain total credits across successful transactions (3 ms)
      GÍ‹ should maintain total credits across failed transactions (2 ms)
      GÍ‹ should maintain total credits across mixed successful and failed transactions (2 ms)
    getRecentTransactions
      GÍ‹ should return recent transactions in reverse chronological order (2 ms)
      GÍ‹ should limit results to specified count (3 ms)
      GÍ‹ should return empty array when no transactions exist
System.Management.Automation.RemoteException
2026-02-13 14:04:06 [[32minfo[39m]: Initializing 15 agents with initial balance 1000
2026-02-13 14:04:06 [[32minfo[39m]: Successfully initialized 15 agents
2026-02-13 14:04:06 [[32minfo[39m]: Initializing 12 agents with initial balance 1000
2026-02-13 14:04:06 [[32minfo[39m]: Successfully initialized 12 agents
FAIL src/services/SimulationOrchestrator.test.ts
  G˘≈ Test suite failed to run
System.Management.Automation.RemoteException
    [96msrc/services/SimulationOrchestrator.test.ts[0m:[93m137[0m:[93m7[0m - [91merror[0m[90m TS2304: [0mCannot find name 'vi'.
System.Management.Automation.RemoteException
    [7m137[0m       vi.spyOn(decisionEngine, 'makeDecision').mockResolvedValue({
    [7m   [0m [91m      ~~[0m
    [96msrc/services/SimulationOrchestrator.test.ts[0m:[93m161[0m:[93m7[0m - [91merror[0m[90m TS2304: [0mCannot find name 'vi'.
System.Management.Automation.RemoteException
    [7m161[0m       vi.spyOn(decisionEngine, 'makeDecision').mockResolvedValue({
    [7m   [0m [91m      ~~[0m
    [96msrc/services/SimulationOrchestrator.test.ts[0m:[93m186[0m:[93m7[0m - [91merror[0m[90m TS2304: [0mCannot find name 'vi'.
System.Management.Automation.RemoteException
    [7m186[0m       vi.spyOn(decisionEngine, 'makeDecision').mockResolvedValue({
    [7m   [0m [91m      ~~[0m
    [96msrc/services/SimulationOrchestrator.test.ts[0m:[93m207[0m:[93m7[0m - [91merror[0m[90m TS2304: [0mCannot find name 'vi'.
System.Management.Automation.RemoteException
    [7m207[0m       vi.spyOn(decisionEngine, 'makeDecision').mockResolvedValue({
    [7m   [0m [91m      ~~[0m
    [96msrc/services/SimulationOrchestrator.test.ts[0m:[93m232[0m:[93m7[0m - [91merror[0m[90m TS2304: [0mCannot find name 'vi'.
System.Management.Automation.RemoteException
    [7m232[0m       vi.spyOn(decisionEngine, 'makeDecision').mockResolvedValue({
    [7m   [0m [91m      ~~[0m
    [96msrc/services/SimulationOrchestrator.test.ts[0m:[93m262[0m:[93m7[0m - [91merror[0m[90m TS2304: [0mCannot find name 'vi'.
System.Management.Automation.RemoteException
    [7m262[0m       vi.spyOn(decisionEngine, 'makeDecision').mockResolvedValue({
    [7m   [0m [91m      ~~[0m
    [96msrc/services/SimulationOrchestrator.test.ts[0m:[93m290[0m:[93m7[0m - [91merror[0m[90m TS2304: [0mCannot find name 'vi'.
System.Management.Automation.RemoteException
    [7m290[0m       vi.spyOn(decisionEngine, 'makeDecision').mockResolvedValue({
    [7m   [0m [91m      ~~[0m
    [96msrc/services/SimulationOrchestrator.test.ts[0m:[93m313[0m:[93m7[0m - [91merror[0m[90m TS2304: [0mCannot find name 'vi'.
System.Management.Automation.RemoteException
    [7m313[0m       vi.spyOn(decisionEngine, 'makeDecision').mockResolvedValue({
    [7m   [0m [91m      ~~[0m
    [96msrc/services/SimulationOrchestrator.test.ts[0m:[93m335[0m:[93m7[0m - [91merror[0m[90m TS2304: [0mCannot find name 'vi'.
System.Management.Automation.RemoteException
    [7m335[0m       vi.spyOn(decisionEngine, 'makeDecision').mockResolvedValue({
    [7m   [0m [91m      ~~[0m
    [96msrc/services/SimulationOrchestrator.test.ts[0m:[93m358[0m:[93m7[0m - [91merror[0m[90m TS2304: [0mCannot find name 'vi'.
System.Management.Automation.RemoteException
    [7m358[0m       vi.spyOn(decisionEngine, 'makeDecision').mockResolvedValue({
    [7m   [0m [91m      ~~[0m
    [96msrc/services/SimulationOrchestrator.test.ts[0m:[93m398[0m:[93m21[0m - [91merror[0m[90m TS2304: [0mCannot find name 'vi'.
System.Management.Automation.RemoteException
    [7m398[0m       const calls = vi.mocked(decisionEngine.makeDecision).mock.calls;
    [7m   [0m [91m                    ~~[0m
    [96msrc/services/SimulationOrchestrator.test.ts[0m:[93m414[0m:[93m21[0m - [91merror[0m[90m TS2304: [0mCannot find name 'vi'.
System.Management.Automation.RemoteException
    [7m414[0m       const calls = vi.mocked(decisionEngine.makeDecision).mock.calls;
    [7m   [0m [91m                    ~~[0m
    [96msrc/services/SimulationOrchestrator.test.ts[0m:[93m427[0m:[93m21[0m - [91merror[0m[90m TS2304: [0mCannot find name 'vi'.
System.Management.Automation.RemoteException
    [7m427[0m       const calls = vi.mocked(decisionEngine.makeDecision).mock.calls;
    [7m   [0m [91m                    ~~[0m
    [96msrc/services/SimulationOrchestrator.test.ts[0m:[93m441[0m:[93m7[0m - [91merror[0m[90m TS2304: [0mCannot find name 'vi'.
System.Management.Automation.RemoteException
    [7m441[0m       vi.spyOn(decisionEngine, 'makeDecision').mockImplementation(async () => {
    [7m   [0m [91m      ~~[0m
System.Management.Automation.RemoteException
2026-02-13 14:04:06 [[32minfo[39m]: Initializing 15 agents with initial balance 1000
2026-02-13 14:04:06 [[32minfo[39m]: Successfully initialized 15 agents
2026-02-13 14:04:06 [[32minfo[39m]: Initializing 12 agents with initial balance 1000
2026-02-13 14:04:06 [[32minfo[39m]: Successfully initialized 12 agents
2026-02-13 14:04:06 [[32minfo[39m]: Initializing 12 agents with initial balance 1000
2026-02-13 14:04:06 [[32minfo[39m]: Successfully initialized 12 agents
2026-02-13 14:04:06 [[32minfo[39m]: Initializing 5 agents with initial balance 1000
2026-02-13 14:04:06 [[32minfo[39m]: Successfully initialized 5 agents
2026-02-13 14:04:06 [[32minfo[39m]: Initializing 5 agents with initial balance 1000
2026-02-13 14:04:06 [[32minfo[39m]: Successfully initialized 5 agents
2026-02-13 14:04:06 [[32minfo[39m]: Initializing 5 agents with initial balance 1000
2026-02-13 14:04:06 [[32minfo[39m]: Successfully initialized 5 agents
2026-02-13 14:04:06 [[32minfo[39m]: Initializing 5 agents with initial balance 1000
2026-02-13 14:04:06 [[32minfo[39m]: Successfully initialized 5 agents
2026-02-13 14:04:06 [[32minfo[39m]: Initializing 10 agents with initial balance 1000
2026-02-13 14:04:06 [[32minfo[39m]: Successfully initialized 10 agents
2026-02-13 14:04:06 [[32minfo[39m]: Initializing 5 agents with initial balance 1000
2026-02-13 14:04:06 [[32minfo[39m]: Successfully initialized 5 agents
2026-02-13 14:04:06 [[32minfo[39m]: Initializing 5 agents with initial balance 1000
2026-02-13 14:04:06 [[32minfo[39m]: Successfully initialized 5 agents
2026-02-13 14:04:06 [[32minfo[39m]: Initializing 5 agents with initial balance 1000
2026-02-13 14:04:06 [[32minfo[39m]: Successfully initialized 5 agents
2026-02-13 14:04:06 [[32minfo[39m]: Initializing 5 agents with initial balance 1000
2026-02-13 14:04:06 [[32minfo[39m]: Successfully initialized 5 agents
2026-02-13 14:04:06 [[32minfo[39m]: Alliance formed between agents js\4 and G&[J _|gI~ (Alliance ID: 7f267c6a-6403-442b-ba33-526ff2697f2c)
2026-02-13 14:04:06 [[33mwarn[39m]: Attempted to update non-existent agent: non-existent-id
2026-02-13 14:04:06 [[32minfo[39m]: Initializing 5 agents with initial balance 1000
2026-02-13 14:04:06 [[32minfo[39m]: Successfully initialized 5 agents
2026-02-13 14:04:06 [[33mwarn[39m]: Attempted to update non-existent agent: 
2026-02-13 14:04:06 [[33mwarn[39m]: Attempted to update non-existent agent: any-id
2026-02-13 14:04:06 [[32minfo[39m]: Initializing 5 agents with initial balance 1000
2026-02-13 14:04:06 [[32minfo[39m]: Successfully initialized 5 agents
2026-02-13 14:04:06 [[32minfo[39m]: Initializing 5 agents with initial balance 1000
2026-02-13 14:04:06 [[32minfo[39m]: Successfully initialized 5 agents
2026-02-13 14:04:06 [[32minfo[39m]: Initializing 5 agents with initial balance 1000
2026-02-13 14:04:06 [[32minfo[39m]: Successfully initialized 5 agents
2026-02-13 14:04:06 [[32minfo[39m]: Initializing 5 agents with initial balance 1000
2026-02-13 14:04:06 [[32minfo[39m]: Successfully initialized 5 agents
2026-02-13 14:04:06 [[32minfo[39m]: Initializing 5 agents with initial balance 1000
2026-02-13 14:04:06 [[32minfo[39m]: Alliance formed between agents ref and 8+uME T/ (Alliance ID: 7d191976-7e95-498e-9324-68e6af5454bb)
2026-02-13 14:04:06 [[32minfo[39m]: Successfully initialized 5 agents
2026-02-13 14:04:06 [[33mwarn[39m]: Attempted to log action for non-existent agent: non-existent-id
2026-02-13 14:04:06 [[32minfo[39m]: Initializing 10 agents with initial balance 1000
2026-02-13 14:04:06 [[32minfo[39m]: Successfully initialized 10 agents
2026-02-13 14:04:06 [[32minfo[39m]: Alliance formed between agents %X&%{$ zF~%v and ~{ (Alliance ID: fd35bc63-4fc0-44ca-a8b1-f3deed12ffc6)
2026-02-13 14:04:06 [[32minfo[39m]: Initializing 10 agents with initial balance 1000
2026-02-13 14:04:06 [[32minfo[39m]: Successfully initialized 10 agents
2026-02-13 14:04:06 [[32minfo[39m]: Alliance formed between agents ,Qws^Hx and 1"xf~|$~!: (Alliance ID: d4221f9d-6150-40fb-babb-69788f70d3f6)
2026-02-13 14:04:06 [[32minfo[39m]: Initializing 10 agents with initial balance 1000
2026-02-13 14:04:06 [[32minfo[39m]: Successfully initialized 10 agents
2026-02-13 14:04:06 [[32minfo[39m]: Initializing 10 agents with initial balance 1000
2026-02-13 14:04:06 [[32minfo[39m]: Successfully initialized 10 agents
2026-02-13 14:04:06 [[32minfo[39m]: Alliance formed between agents F$4# and 9n#]Y+_f (Alliance ID: 17129ee7-0c10-4f00-a629-807e557b4c4f)
2026-02-13 14:04:06 [[32minfo[39m]: Initializing 10 agents with initial balance 1000
2026-02-13 14:04:06 [[32minfo[39m]: Successfully initialized 10 agents
FAIL src/services/Ledger.property.test.ts
  G˘≈ Test suite failed to run
System.Management.Automation.RemoteException
    [96msrc/services/Ledger.property.test.ts[0m:[93m48[0m:[93m15[0m - [91merror[0m[90m TS2353: [0mObject literal may only specify known properties, and 'action' does not exist in type 'Transaction'.
System.Management.Automation.RemoteException
    [7m48[0m               action: fc.sample(actionTypeArb, 1)[0] as any,
    [7m  [0m [91m              ~~~~~~[0m
    [96msrc/services/Ledger.property.test.ts[0m:[93m74[0m:[93m23[0m - [91merror[0m[90m TS2339: [0mProperty 'action' does not exist on type 'Transaction'.
System.Management.Automation.RemoteException
    [7m74[0m             expect(tx.action).toBeDefined();
    [7m  [0m [91m                      ~~~~~~[0m
    [96msrc/services/Ledger.property.test.ts[0m:[93m113[0m:[93m17[0m - [91merror[0m[90m TS2353: [0mObject literal may only specify known properties, and 'action' does not exist in type 'Transaction'.
System.Management.Automation.RemoteException
    [7m113[0m                 action: 'trade_resources',
    [7m   [0m [91m                ~~~~~~[0m
    [96msrc/services/Ledger.property.test.ts[0m:[93m167[0m:[93m15[0m - [91merror[0m[90m TS2353: [0mObject literal may only specify known properties, and 'action' does not exist in type 'Transaction'.
System.Management.Automation.RemoteException
    [7m167[0m               action: 'trade_resources',
    [7m   [0m [91m              ~~~~~~[0m
    [96msrc/services/Ledger.property.test.ts[0m:[93m196[0m:[93m15[0m - [91merror[0m[90m TS2353: [0mObject literal may only specify known properties, and 'action' does not exist in type 'Transaction'.
System.Management.Automation.RemoteException
    [7m196[0m               action: 'trade_resources',
    [7m   [0m [91m              ~~~~~~[0m
    [96msrc/services/Ledger.property.test.ts[0m:[93m255[0m:[93m15[0m - [91merror[0m[90m TS2353: [0mObject literal may only specify known properties, and 'action' does not exist in type 'Transaction'.
System.Management.Automation.RemoteException
    [7m255[0m               action: 'trade_resources',
    [7m   [0m [91m              ~~~~~~[0m
System.Management.Automation.RemoteException
2026-02-13 14:04:06 [[32minfo[39m]: Initializing 10 agents with initial balance 1000
2026-02-13 14:04:06 [[32minfo[39m]: Successfully initialized 10 agents
2026-02-13 14:04:06 [[32minfo[39m]: Alliance formed between agents VCzN]t9*)3 and lMZXz (Alliance ID: 0fbe9036-7e5c-4247-8681-5d3f371798eb)
2026-02-13 14:04:06 [[32minfo[39m]: Initializing 10 agents with initial balance 1000
2026-02-13 14:04:06 [[32minfo[39m]: Successfully initialized 10 agents
2026-02-13 14:04:06 [[32minfo[39m]: Alliance formed between agents call and lxGBI (Alliance ID: 368872e4-14fb-4ae9-a73c-356073efc7cd)
2026-02-13 14:04:06 [[32minfo[39m]: Initializing 10 agents with initial balance 1000
2026-02-13 14:04:06 [[32minfo[39m]: Successfully initialized 10 agents
2026-02-13 14:04:06 [[32minfo[39m]: Initializing 10 agents with initial balance 1000
2026-02-13 14:04:06 [[32minfo[39m]: Successfully initialized 10 agents
2026-02-13 14:04:06 [[32minfo[39m]: Alliance formed between agents 7( ? and *WWTK0n+wB" (Alliance ID: e7aea219-aac9-405a-ad16-b2c04cd595b3)
2026-02-13 14:04:06 [[32minfo[39m]: Initializing 10 agents with initial balance 1000
2026-02-13 14:04:06 [[32minfo[39m]: Successfully initialized 10 agents
2026-02-13 14:04:06 [[32minfo[39m]: Alliance formed between agents Lab,gOYg~ and i (Alliance ID: 1bd1da20-8f38-4c32-8730-ee2182c6a014)
2026-02-13 14:04:06 [[32minfo[39m]: Initializing 10 agents with initial balance 1000
2026-02-13 14:04:06 [[32minfo[39m]: Successfully initialized 10 agents
2026-02-13 14:04:06 [[32minfo[39m]: Initializing 10 agents with initial balance 1000
2026-02-13 14:04:06 [[32minfo[39m]: Alliance formed between agents j;H6AjeS( and ~i0Qit?I9)( (Alliance ID: 1b60daaf-d157-4ff1-a730-faf6d6aeb987)
2026-02-13 14:04:06 [[32minfo[39m]: Successfully initialized 10 agents
2026-02-13 14:04:06 [[32minfo[39m]: Initializing 10 agents with initial balance 1000
2026-02-13 14:04:06 [[32minfo[39m]: Successfully initialized 10 agents
2026-02-13 14:04:06 [[32minfo[39m]: Initializing 10 agents with initial balance 1000
2026-02-13 14:04:06 [[32minfo[39m]: Alliance formed between agents mrQ6XaS3eDV and C (Alliance ID: 7c56eefb-793e-497c-a301-8eed41344bb1)
2026-02-13 14:04:06 [[32minfo[39m]: Successfully initialized 10 agents
2026-02-13 14:04:06 [[32minfo[39m]: Alliance formed between agents BpF7jQ&. and D,5w (Alliance ID: 0c5bf761-188e-4059-bdd6-de1b8c036098)
2026-02-13 14:04:06 [[32minfo[39m]: Alliance formed between agents > and w24,qC|*| (Alliance ID: c7460495-f04f-4f54-b1f0-787e4c5f193f)
2026-02-13 14:04:06 [[32minfo[39m]: Initializing 16 agents with initial balance 12
2026-02-13 14:04:06 [[32minfo[39m]: Successfully initialized 16 agents
2026-02-13 14:04:06 [[32minfo[39m]: Alliance formed between agents =:fw/m};@ and "!Z# (Alliance ID: acfd63c3-afcd-4ccb-9214-aeea2984c9b4)
2026-02-13 14:04:06 [[32minfo[39m]: Alliance formed between agents ^#p and )VHYz(fW!fP (Alliance ID: 96e96b45-485b-4807-b2b8-9d88337caf62)
2026-02-13 14:04:06 [[32minfo[39m]: Alliance formed between agents Dv-z% and 5P (Alliance ID: ba94daff-f837-4ba7-b0cb-1813b849fbba)
2026-02-13 14:04:06 [[32minfo[39m]: Alliance formed between agents Xkw?4ct and 3/b$i~ (Alliance ID: 4d0ead76-919b-4634-9d94-94126bcb305e)
2026-02-13 14:04:06 [[32minfo[39m]: Alliance formed between agents zr+_I" and x (Alliance ID: 78a338fa-f78a-441a-ab4c-7e6b50020c5f)
2026-02-13 14:04:06 [[32minfo[39m]: Initializing 19 agents with initial balance 7
2026-02-13 14:04:06 [[32minfo[39m]: Successfully initialized 19 agents
2026-02-13 14:04:06 [[32minfo[39m]: Alliance formed between agents x>/% and &^Q':SY (Alliance ID: b010d45b-4b6e-4d1f-8aba-734260991bf1)
2026-02-13 14:04:06 [[32minfo[39m]: Alliance formed between agents !" and }pUuj']lXPJ; (Alliance ID: a359ddf5-b250-4eb6-809a-a5cdffc9971e)
2026-02-13 14:04:06 [[32minfo[39m]: Initializing 12 agents with initial balance 5194
2026-02-13 14:04:06 [[32minfo[39m]: Successfully initialized 12 agents
2026-02-13 14:04:06 [[32minfo[39m]: Alliance formed between agents acG>M and _3tRZ`S&ygJ (Alliance ID: 1d11f58c-899c-42e3-a111-45fad9129bf1)
2026-02-13 14:04:06 [[32minfo[39m]: Alliance formed between agents [LY6Ni"owqU and \X>}t? (Alliance ID: 2c381646-d258-48a0-b2a7-40b8b7d232c1)
2026-02-13 14:04:06 [[32minfo[39m]: Alliance formed between agents 5^wou*98lOh and 8.yrxj (Alliance ID: 083d7e2c-fb2d-4f12-872d-ce46985e6618)
2026-02-13 14:04:06 [[32minfo[39m]: Alliance formed between agents uy and SDkO}Y#> (Alliance ID: 7e64940b-fb8e-440c-8061-5098acf84d2d)
2026-02-13 14:04:06 [[32minfo[39m]: Alliance formed between agents /y4J%t.!2 and > (Alliance ID: 0a2034b4-abd8-4225-8edd-07c33915c224)
2026-02-13 14:04:06 [[32minfo[39m]: Alliance formed between agents ^N/7QTMr]g and / (Alliance ID: 0ad88a4e-e6eb-4de5-a664-e39839e548b8)
2026-02-13 14:04:06 [[32minfo[39m]: Alliance formed between agents ') and \| (Alliance ID: d28f36dd-7aa1-48b2-ab88-fe924d7c6bff)
2026-02-13 14:04:06 [[32minfo[39m]: Alliance formed between agents mc and @xa[7}$uQ^xv (Alliance ID: a1f4fe5a-0b60-4a84-9813-069c287ef579)
2026-02-13 14:04:06 [[32minfo[39m]: Alliance formed between agents pidBm and #z)Zo!"]Z{! (Alliance ID: b03e3c3b-a8bc-47fa-856c-02b8d1466a64)
2026-02-13 14:04:06 [[32minfo[39m]: Alliance formed between agents / and 'sHap!F}4\UI (Alliance ID: f879f3b4-77cc-4961-b457-6421388a42cb)
2026-02-13 14:04:06 [[32minfo[39m]: Alliance formed between agents a3eYdV'dg and `=ns+u9 (Alliance ID: 9cdd28f3-c33f-4dd9-aa04-12b85bd92c62)
2026-02-13 14:04:06 [[32minfo[39m]: Alliance formed between agents <$ZkkGH/ and KOi.&g (Alliance ID: 52b8b037-9bad-4c30-bb91-7f9818ecc99a)
2026-02-13 14:04:06 [[32minfo[39m]: Alliance formed between agents % and +s(pJwR (Alliance ID: 798275d0-ca28-4702-9ab6-2550bfb5d0e9)
2026-02-13 14:04:06 [[32minfo[39m]: Alliance formed between agents =@q` and [ (Alliance ID: e31e6e1b-339b-48fa-8272-54f9b87d7833)
2026-02-13 14:04:06 [[32minfo[39m]: Alliance formed between agents JMj(b and HwxnK (Alliance ID: 09d05b15-c94f-46a6-be26-cc743925be37)
2026-02-13 14:04:06 [[32minfo[39m]: Alliance formed between agents 8# and Ulengthnsp (Alliance ID: adda1e7e-0e6c-4047-a497-39ae36076f61)
2026-02-13 14:04:06 [[32minfo[39m]: Alliance formed between agents ( o1} and toLocaleStri (Alliance ID: 637ad11b-67a1-48f3-9963-3da1be39e702)
2026-02-13 14:04:06 [[32minfo[39m]: Alliance formed between agents sJ and d|}?z / (Alliance ID: e3e31048-62a9-426b-8cff-ffa1d9eda5b6)
2026-02-13 14:04:06 [[32minfo[39m]: Alliance formed between agents 239e! and L'PA (Alliance ID: 7d71276b-eb6a-446d-b139-a22650ef1db8)
2026-02-13 14:04:06 [[32minfo[39m]: Alliance formed between agents `O!2~& and V{^]O9oT+1(C (Alliance ID: 9f594169-89f9-4e2c-8e82-92e00f27ed84)
2026-02-13 14:04:06 [[32minfo[39m]: Alliance formed between agents a+Bh and valueOf{hasO (Alliance ID: 66589cfb-e017-4c15-b749-a99a6c86831a)
2026-02-13 14:04:06 [[32minfo[39m]: Initializing 12 agents with initial balance 4652
2026-02-13 14:04:06 [[32minfo[39m]: Alliance formed between agents (D"lCJ3ju and JdQ@a (Alliance ID: f13d1cd3-7a61-4927-b455-fbcbe6a6d473)
2026-02-13 14:04:06 [[32minfo[39m]: Successfully initialized 12 agents
2026-02-13 14:04:06 [[32minfo[39m]: Alliance formed between agents I and | (Alliance ID: 43fcd339-df25-4c75-b24d-fb7198caaf4a)
2026-02-13 14:04:06 [[32minfo[39m]: Alliance formed between agents _6,mxG$%' and / (Alliance ID: 3f71e7be-02bc-491f-a96c-46974d0e3f4d)
2026-02-13 14:04:06 [[32minfo[39m]: Alliance formed between agents (Vkj+-& and /i[*zRBUnWM (Alliance ID: bea394b1-7032-4114-8ef8-760546433702)
2026-02-13 14:04:06 [[32minfo[39m]: Alliance formed between agents !W and v7lSUmWVoMHT (Alliance ID: 1a7f194f-6847-4e56-aa4f-067eb1ee11f2)
2026-02-13 14:04:06 [[32minfo[39m]: Alliance formed between agents DC &sj \2 and Kx% (Alliance ID: 2233be61-f55d-467d-abc6-def0b48a7c1d)
2026-02-13 14:04:06 [[32minfo[39m]: Alliance formed between agents bpJQz5Yr> and 2K4!! (Alliance ID: 0479c294-9717-490a-90a9-0b9e25f97545)
2026-02-13 14:04:06 [[32minfo[39m]: Alliance formed between agents )N%uS3P2Y and ~@3 V]Sy (Alliance ID: df646382-7794-4aa1-879a-0cf9da3c5a46)
2026-02-13 14:04:06 [[32minfo[39m]: Alliance formed between agents name and h#^'to (Alliance ID: 10724381-488d-4f6e-9e4e-f47ef6f1ddec)
2026-02-13 14:04:06 [[32minfo[39m]: Alliance formed between agents 5ZvDIUJc and + (Alliance ID: e06103bd-3cc2-4750-9d03-a27f0e7c94a3)
2026-02-13 14:04:06 [[32minfo[39m]: Alliance formed between agents ! and '~]/gah:8 (Alliance ID: 3ac0368d-78a5-4856-8870-7a26aeab399d)
2026-02-13 14:04:06 [[32minfo[39m]: Alliance formed between agents fb&" and !3aO (Alliance ID: 68ff551a-093a-47f9-a1dd-3b1eddce088e)
2026-02-13 14:04:06 [[32minfo[39m]: Alliance formed between agents A"r2}$4J and G5 (Alliance ID: 332b8a71-7c47-402b-96d2-e48e8da71191)
2026-02-13 14:04:06 [[32minfo[39m]: Alliance formed between agents ,{]j{(w; and -X^r2Bu=-y#Z (Alliance ID: d062c644-eda9-40fc-a245-a25b911fdf0a)
2026-02-13 14:04:06 [[32minfo[39m]: Alliance formed between agents ? and p@#& /3 (Alliance ID: 0e28d81d-bacb-4ec4-a013-55eaac1f7dae)
2026-02-13 14:04:06 [[32minfo[39m]: Alliance formed between agents DHPYPy and toSt (Alliance ID: 07148208-ba93-4f78-81b3-feaa39a32347)
2026-02-13 14:04:06 [[32minfo[39m]: Alliance formed between agents ?Jwb;%+ and Q&"trefngt (Alliance ID: 9523fdbc-ad37-49d4-9f5b-8def66f14caa)
2026-02-13 14:04:06 [[32minfo[39m]: Alliance formed between agents xK'9`Czz and N{VzwZZ (Alliance ID: 806ae581-5a45-43a1-85d6-233b07f84c09)
2026-02-13 14:04:06 [[32minfo[39m]: Alliance formed between agents !p%D~*,Rl\ and y (Alliance ID: e4311044-a495-4473-9318-2d8ab61757e6)
2026-02-13 14:04:06 [[32minfo[39m]: Alliance formed between agents IWjZ6$\ and CSz (Alliance ID: ef89b28e-061f-4bb3-8fd8-80ce70ccf1a5)
2026-02-13 14:04:06 [[32minfo[39m]: Alliance formed between agents G;LLm{lqHw6 and $fU{ (Alliance ID: 15db16f5-9b36-4c81-87ad-2ed662d3147b)
2026-02-13 14:04:06 [[32minfo[39m]: Initializing 13 agents with initial balance 3
2026-02-13 14:04:06 [[32minfo[39m]: Successfully initialized 13 agents
2026-02-13 14:04:06 [[32minfo[39m]: Alliance formed between agents cObQ|ruSm and %=s__proto (Alliance ID: c125d8a2-2a04-4328-a11d-17fca8a01fe3)
2026-02-13 14:04:06 [[32minfo[39m]: Alliance formed between agents ^(~B77v$;E and ;fH/.CF (Alliance ID: 2eedb00a-462b-46ea-a06d-ef46d403f927)
2026-02-13 14:04:06 [[32minfo[39m]: Alliance formed between agents BM and g} (Alliance ID: 1305b107-a23a-4335-ae1d-9f18491a93bb)
2026-02-13 14:04:06 [[32minfo[39m]: Alliance formed between agents E-f=J2{Q and ZiNO_O=EP\ (Alliance ID: 98f33681-204f-4fd4-8f0b-2f9abdd5858c)
2026-02-13 14:04:06 [[32minfo[39m]: Alliance formed between agents zP"tQGmU76@ and .XmR (Alliance ID: b3120137-0ac6-482a-8624-8f75f2994722)
2026-02-13 14:04:06 [[32minfo[39m]: Alliance formed between agents T and I (Alliance ID: 3a6d185b-eb56-4eaa-88a4-eb3f390fbfcf)
2026-02-13 14:04:06 [[32minfo[39m]: Alliance formed between agents yQ#Gzx% and 0Nan (Alliance ID: 39a165d3-f945-4e07-aa11-7ad106feef12)
2026-02-13 14:04:06 [[32minfo[39m]: Alliance formed between agents in{ and ca;)E1{V (Alliance ID: 42922c7b-9e32-4772-95e1-f9e1b3517dd5)
2026-02-13 14:04:06 [[32minfo[39m]: Alliance formed between agents D(uXO2560l and "yxu8!4 (Alliance ID: b495d5c6-0f90-4cd6-900c-ae75a1ac87ae)
2026-02-13 14:04:06 [[32minfo[39m]: Alliance formed between agents R4T{t and constructor (Alliance ID: 319c3816-ae98-473c-a9a9-1391a5d1c1a5)
2026-02-13 14:04:06 [[32minfo[39m]: Alliance formed between agents | and -'bxBb (Alliance ID: a830b7d2-0cd1-4a6d-9ca7-9fbe39981d6a)
2026-02-13 14:04:06 [[32minfo[39m]: Alliance formed between agents }{ and ! (Alliance ID: f61bb932-3a6f-4170-98e5-4bb1dbf4af85)
2026-02-13 14:04:06 [[32minfo[39m]: Alliance formed between agents TrQ3Fb:)f and _ (Alliance ID: e6739b02-8266-45f8-9371-3689fde0dc0e)
2026-02-13 14:04:06 [[32minfo[39m]: Alliance formed between agents </ and o (Alliance ID: 9db62cba-113f-45fb-828a-ddb80da60650)
2026-02-13 14:04:06 [[32minfo[39m]: Alliance formed between agents lW and M"xx7W"^j? (Alliance ID: 391cbc4d-f7c0-4c6c-a66f-1f6e36d851f6)
2026-02-13 14:04:06 [[32minfo[39m]: Alliance formed between agents X,BE.3/<yS9 and nf)ii85/H, (Alliance ID: d493f199-7240-4e11-ae2c-976b170932ba)
2026-02-13 14:04:06 [[32minfo[39m]: Initializing 18 agents with initial balance 1492
2026-02-13 14:04:06 [[32minfo[39m]: Alliance formed between agents  #  and Ut%P7(t (Alliance ID: 29be0ab6-0cae-4e1e-8381-a9ad1ff47e1f)
2026-02-13 14:04:06 [[32minfo[39m]: Successfully initialized 18 agents
2026-02-13 14:04:06 [[32minfo[39m]: Alliance formed between agents l4| and ~ (Alliance ID: 67c98122-54a3-48ad-96b4-d82b7129c1c0)
2026-02-13 14:04:06 [[32minfo[39m]: Alliance formed between agents &KY&Y"mp#"{ and [3 (Alliance ID: 6b0fd89e-00e0-4875-9b1b-84a21ccc41c9)
2026-02-13 14:04:06 [[32minfo[39m]: Alliance formed between agents Z2{)~5-4ZDv and f(:g0%]hn( (Alliance ID: dc0b5d05-5a7d-457d-af96-ba3d7d47f277)
2026-02-13 14:04:06 [[32minfo[39m]: Alliance formed between agents 7Z!PAjtACME and u=$^;2|X;lE (Alliance ID: 87025980-520b-47c1-ab29-caae6a315f40)
2026-02-13 14:04:06 [[32minfo[39m]: Alliance formed between agents C5l@)d0u&L and dCu= (Alliance ID: 198bf13b-d3df-4ce6-90fb-6b5d4524d08f)
2026-02-13 14:04:06 [[32minfo[39m]: Alliance formed between agents H;i -j^a 6% and KIyi[# 4& (Alliance ID: 91eba604-0385-4bb3-8d5a-20f968d11890)
2026-02-13 14:04:06 [[32minfo[39m]: Alliance formed between agents Clhx}e%%&@5 and J()CF!sVc (Alliance ID: 6dbb0b9b-d4ec-4a61-8811-a06ad71812bf)
2026-02-13 14:04:06 [[32minfo[39m]: Alliance formed between agents  } and _:?{M (Alliance ID: 35e0470d-dd9a-43fc-97be-dae9cecd2148)
2026-02-13 14:04:06 [[32minfo[39m]: Alliance formed between agents 1A$Kx$o=e+; and co (Alliance ID: 5e25733d-6069-4cd2-a528-ad3f9720d25e)
2026-02-13 14:04:06 [[32minfo[39m]: Alliance formed between agents argum and m}V6Nk8|nQs (Alliance ID: 74b9af8f-db59-4e56-a996-21537b0d5401)
2026-02-13 14:04:06 [[32minfo[39m]: Alliance formed between agents le and kAd (Alliance ID: 8328ab79-f6b3-4c3d-961d-a221a4ca0c71)
2026-02-13 14:04:06 [[32minfo[39m]: Alliance formed between agents |6Vp and $c (Alliance ID: 6b0b673e-02f8-4408-9868-df7e531d8454)
2026-02-13 14:04:06 [[32minfo[39m]: Alliance formed between agents D and __proto__h (Alliance ID: 084ce1ee-01b0-4ac3-9290-6ed3dca7e4c6)
2026-02-13 14:04:06 [[32minfo[39m]: Alliance formed between agents <#D} )$.}~q# and tzs(o6m8NPZ (Alliance ID: c01b2b0e-9342-4f52-ba32-d394de610f2d)
2026-02-13 14:04:06 [[32minfo[39m]: Alliance formed between agents nU2n?H}u] and 3k (Alliance ID: eca15e3d-496e-4184-8a2c-92859edde0a3)
2026-02-13 14:04:06 [[32minfo[39m]: Alliance formed between agents `bPUGq{B[?a and 2 (Alliance ID: 06e18652-9735-498b-a964-128f48441605)
2026-02-13 14:04:06 [[32minfo[39m]: Alliance formed between agents Y~R  and Wh"~^`i (Alliance ID: ba1ecd8b-fd57-42f6-9126-c71adc49fa89)
2026-02-13 14:04:06 [[32minfo[39m]: Alliance formed between agents d and 52L{xthY8*9" (Alliance ID: 1654f855-9f93-44f2-8cbf-21daaeaeb9fa)
2026-02-13 14:04:06 [[32minfo[39m]: Alliance formed between agents 3s=F&}2w and y (Alliance ID: 8ea01ef5-fc61-4580-a592-cee6758341ce)
2026-02-13 14:04:06 [[32minfo[39m]: Alliance formed between agents call and ,c (Alliance ID: 36577811-6196-4c35-8c28-6c29414528ee)
2026-02-13 14:04:06 [[32minfo[39m]: Alliance formed between agents #0~= and DFD (Alliance ID: 3ecc78ee-8f62-422f-9aea-95784c4b9a11)
2026-02-13 14:04:06 [[32minfo[39m]: Alliance formed between agents ref and 5y (Alliance ID: 145f17cf-9d29-49a8-8917-0244fc1b245a)
2026-02-13 14:04:06 [[32minfo[39m]: Initializing 18 agents with initial balance 391
2026-02-13 14:04:06 [[32minfo[39m]: Successfully initialized 18 agents
2026-02-13 14:04:06 [[32minfo[39m]: Alliance 145f17cf-9d29-49a8-8917-0244fc1b245a broken by agent ref
2026-02-13 14:04:06 [[33mwarn[39m]: Attempted to break already inactive alliance: 145f17cf-9d29-49a8-8917-0244fc1b245a
2026-02-13 14:04:06 [[32minfo[39m]: Alliance formed between agents <cwr? and ( (Alliance ID: 55d78dad-29ab-430f-b573-ae118bef1160)
2026-02-13 14:04:06 [[32minfo[39m]: Alliance 55d78dad-29ab-430f-b573-ae118bef1160 broken by agent <cwr?
2026-02-13 14:04:06 [[32minfo[39m]: Initializing 5 agents with initial balance 9987
2026-02-13 14:04:06 [[33mwarn[39m]: Attempted to break already inactive alliance: 55d78dad-29ab-430f-b573-ae118bef1160
2026-02-13 14:04:06 [[32minfo[39m]: Successfully initialized 5 agents
2026-02-13 14:04:06 [[32minfo[39m]: Alliance formed between agents =HaE and ZTOc, (Alliance ID: e0fbc591-2f2a-4116-9f24-81574aa21d2d)
2026-02-13 14:04:06 [[32minfo[39m]: Alliance e0fbc591-2f2a-4116-9f24-81574aa21d2d broken by agent =HaE
2026-02-13 14:04:06 [[33mwarn[39m]: Attempted to break already inactive alliance: e0fbc591-2f2a-4116-9f24-81574aa21d2d
2026-02-13 14:04:06 [[32minfo[39m]: Alliance formed between agents Pd7l and @cal (Alliance ID: 700e5e04-4a53-4a26-bb63-eac16dc59c0c)
2026-02-13 14:04:06 [[32minfo[39m]: Alliance 700e5e04-4a53-4a26-bb63-eac16dc59c0c broken by agent Pd7l
2026-02-13 14:04:06 [[33mwarn[39m]: Attempted to break already inactive alliance: 700e5e04-4a53-4a26-bb63-eac16dc59c0c
2026-02-13 14:04:06 [[32minfo[39m]: Alliance formed between agents |rBZZ4Tu) and P%r$Y"7%^` (Alliance ID: 98b063bd-ed15-4a8a-9ee1-7f2255314633)
2026-02-13 14:04:06 [[32minfo[39m]: Alliance 98b063bd-ed15-4a8a-9ee1-7f2255314633 broken by agent |rBZZ4Tu)
2026-02-13 14:04:06 [[33mwarn[39m]: Attempted to break already inactive alliance: 98b063bd-ed15-4a8a-9ee1-7f2255314633
2026-02-13 14:04:06 [[32minfo[39m]: Alliance formed between agents ~" and arguments (Alliance ID: ba9c21d9-5eb3-4285-8519-2bdc87b05c75)
2026-02-13 14:04:06 [[32minfo[39m]: Initializing 18 agents with initial balance 7397
2026-02-13 14:04:06 [[32minfo[39m]: Alliance ba9c21d9-5eb3-4285-8519-2bdc87b05c75 broken by agent ~"
2026-02-13 14:04:06 [[32minfo[39m]: Successfully initialized 18 agents
2026-02-13 14:04:06 [[33mwarn[39m]: Attempted to break already inactive alliance: ba9c21d9-5eb3-4285-8519-2bdc87b05c75
2026-02-13 14:04:06 [[32minfo[39m]: Alliance formed between agents {QV<&t-b' and "?|/_`R[1 (Alliance ID: 543022ce-e347-4a44-b41a-fe8954913765)
2026-02-13 14:04:06 [[32minfo[39m]: Alliance 543022ce-e347-4a44-b41a-fe8954913765 broken by agent {QV<&t-b'
2026-02-13 14:04:06 [[33mwarn[39m]: Attempted to break already inactive alliance: 543022ce-e347-4a44-b41a-fe8954913765
2026-02-13 14:04:06 [[32minfo[39m]: Alliance formed between agents 3R D&vDQ5=1y and ^T (Alliance ID: 756109b7-323b-4129-ba5b-5bc6be2c7797)
2026-02-13 14:04:06 [[32minfo[39m]: Alliance 756109b7-323b-4129-ba5b-5bc6be2c7797 broken by agent 3R D&vDQ5=1y
2026-02-13 14:04:06 [[33mwarn[39m]: Attempted to break already inactive alliance: 756109b7-323b-4129-ba5b-5bc6be2c7797
2026-02-13 14:04:06 [[32minfo[39m]: Alliance formed between agents prototype and To+R~|5RO (Alliance ID: 1f9f4147-63cb-4264-8a9f-52605d71434d)
2026-02-13 14:04:06 [[32minfo[39m]: Alliance 1f9f4147-63cb-4264-8a9f-52605d71434d broken by agent prototype
2026-02-13 14:04:06 [[33mwarn[39m]: Attempted to break already inactive alliance: 1f9f4147-63cb-4264-8a9f-52605d71434d
2026-02-13 14:04:06 [[32minfo[39m]: Alliance formed between agents xR\ and F^l (Alliance ID: 23e2e9a4-8d76-4a4c-bcca-40327c8d5ebf)
2026-02-13 14:04:06 [[32minfo[39m]: Alliance 23e2e9a4-8d76-4a4c-bcca-40327c8d5ebf broken by agent xR\
2026-02-13 14:04:06 [[33mwarn[39m]: Attempted to break already inactive alliance: 23e2e9a4-8d76-4a4c-bcca-40327c8d5ebf
2026-02-13 14:04:06 [[32minfo[39m]: Alliance formed between agents jY2d#B and }0w` ([& 1 (Alliance ID: c715ef53-fec5-4e83-bc7a-cd92e0eaf231)
2026-02-13 14:04:06 [[32minfo[39m]: Alliance c715ef53-fec5-4e83-bc7a-cd92e0eaf231 broken by agent jY2d#B
2026-02-13 14:04:06 [[33mwarn[39m]: Attempted to break already inactive alliance: c715ef53-fec5-4e83-bc7a-cd92e0eaf231
2026-02-13 14:04:06 [[32minfo[39m]: Alliance formed between agents T3e and G7#!onamefp (Alliance ID: cc9b4dca-4815-43af-9e06-44f2be827d4f)
2026-02-13 14:04:06 [[32minfo[39m]: Alliance cc9b4dca-4815-43af-9e06-44f2be827d4f broken by agent T3e
2026-02-13 14:04:06 [[33mwarn[39m]: Attempted to break already inactive alliance: cc9b4dca-4815-43af-9e06-44f2be827d4f
2026-02-13 14:04:06 [[32minfo[39m]: Alliance formed between agents 9OvG- and Z (Alliance ID: 5351f789-5143-4870-8549-c8319cdab36b)
2026-02-13 14:04:06 [[32minfo[39m]: Alliance 5351f789-5143-4870-8549-c8319cdab36b broken by agent 9OvG-
2026-02-13 14:04:06 [[33mwarn[39m]: Attempted to break already inactive alliance: 5351f789-5143-4870-8549-c8319cdab36b
2026-02-13 14:04:06 [[32minfo[39m]: Alliance formed between agents pro and )WFI (Alliance ID: c295483f-d9c8-489f-96ad-53dacdedbbb0)
2026-02-13 14:04:06 [[32minfo[39m]: Alliance c295483f-d9c8-489f-96ad-53dacdedbbb0 broken by agent pro
2026-02-13 14:04:06 [[33mwarn[39m]: Attempted to break already inactive alliance: c295483f-d9c8-489f-96ad-53dacdedbbb0
2026-02-13 14:04:06 [[32minfo[39m]: Alliance formed between agents p and K{E7v (Alliance ID: 47315b5f-de46-40bc-a915-e31c686aadc1)
2026-02-13 14:04:06 [[32minfo[39m]: Alliance 47315b5f-de46-40bc-a915-e31c686aadc1 broken by agent p
2026-02-13 14:04:06 [[33mwarn[39m]: Attempted to break already inactive alliance: 47315b5f-de46-40bc-a915-e31c686aadc1
2026-02-13 14:04:06 [[32minfo[39m]: Alliance formed between agents !2Lo and #/xt$Cx (Alliance ID: f5798890-be5b-497e-b430-9e21df04134d)
2026-02-13 14:04:06 [[32minfo[39m]: Alliance f5798890-be5b-497e-b430-9e21df04134d broken by agent !2Lo
2026-02-13 14:04:06 [[33mwarn[39m]: Attempted to break already inactive alliance: f5798890-be5b-497e-b430-9e21df04134d
2026-02-13 14:04:06 [[32minfo[39m]: Alliance formed between agents YBB\!^ and g@Y (Alliance ID: b4e1ecb4-961f-4dc2-918c-bc43ba064895)
2026-02-13 14:04:06 [[32minfo[39m]: Alliance b4e1ecb4-961f-4dc2-918c-bc43ba064895 broken by agent YBB\!^
2026-02-13 14:04:06 [[33mwarn[39m]: Attempted to break already inactive alliance: b4e1ecb4-961f-4dc2-918c-bc43ba064895
2026-02-13 14:04:06 [[32minfo[39m]: Alliance formed between agents 2 and @n&lq (Alliance ID: 4390045e-ce8f-4470-baf0-aec7add2d589)
2026-02-13 14:04:06 [[32minfo[39m]: Alliance 4390045e-ce8f-4470-baf0-aec7add2d589 broken by agent 2
2026-02-13 14:04:06 [[33mwarn[39m]: Attempted to break already inactive alliance: 4390045e-ce8f-4470-baf0-aec7add2d589
2026-02-13 14:04:06 [[32minfo[39m]: Alliance formed between agents c and 6Z>f%[G|4. (Alliance ID: 3d9bf69d-248e-4138-92fe-685b655fdc74)
2026-02-13 14:04:06 [[32minfo[39m]: Alliance 3d9bf69d-248e-4138-92fe-685b655fdc74 broken by agent c
2026-02-13 14:04:06 [[33mwarn[39m]: Attempted to break already inactive alliance: 3d9bf69d-248e-4138-92fe-685b655fdc74
2026-02-13 14:04:06 [[32minfo[39m]: Alliance formed between agents __l and fP{/ (Alliance ID: 28061265-3e34-47f8-b847-c05690e1641c)
2026-02-13 14:04:06 [[32minfo[39m]: Alliance 28061265-3e34-47f8-b847-c05690e1641c broken by agent __l
2026-02-13 14:04:06 [[33mwarn[39m]: Attempted to break already inactive alliance: 28061265-3e34-47f8-b847-c05690e1641c
2026-02-13 14:04:06 [[32minfo[39m]: Alliance formed between agents r and /~#|;O$ (Alliance ID: a22d4ff8-b061-427d-925b-132d83bd9106)
2026-02-13 14:04:06 [[32minfo[39m]: Alliance a22d4ff8-b061-427d-925b-132d83bd9106 broken by agent r
2026-02-13 14:04:06 [[33mwarn[39m]: Attempted to break already inactive alliance: a22d4ff8-b061-427d-925b-132d83bd9106
2026-02-13 14:04:06 [[32minfo[39m]: Alliance formed between agents k$~Lc\y  and iJ|~N (Alliance ID: b44be607-b713-491a-8700-eef4abbfa5e9)
2026-02-13 14:04:06 [[32minfo[39m]: Alliance b44be607-b713-491a-8700-eef4abbfa5e9 broken by agent k$~Lc\y 
2026-02-13 14:04:06 [[33mwarn[39m]: Attempted to break already inactive alliance: b44be607-b713-491a-8700-eef4abbfa5e9
2026-02-13 14:04:06 [[32minfo[39m]: Alliance formed between agents Q and q@`QdZQ (Alliance ID: da8e1abc-6821-436f-92e5-f5d47d56c9db)
2026-02-13 14:04:06 [[32minfo[39m]: Alliance da8e1abc-6821-436f-92e5-f5d47d56c9db broken by agent Q
2026-02-13 14:04:06 [[33mwarn[39m]: Attempted to break already inactive alliance: da8e1abc-6821-436f-92e5-f5d47d56c9db
2026-02-13 14:04:06 [[32minfo[39m]: Alliance formed between agents lOt%"z<I$G& and D' (Alliance ID: b894a6ce-cf0c-48a5-8e18-d21acf004d3b)
2026-02-13 14:04:06 [[32minfo[39m]: Alliance b894a6ce-cf0c-48a5-8e18-d21acf004d3b broken by agent lOt%"z<I$G&
2026-02-13 14:04:06 [[33mwarn[39m]: Attempted to break already inactive alliance: b894a6ce-cf0c-48a5-8e18-d21acf004d3b
2026-02-13 14:04:06 [[32minfo[39m]: Alliance formed between agents C and T 5Od*[[B (Alliance ID: ec91c1fa-1069-46f2-875f-9c6c2a7582c8)
2026-02-13 14:04:06 [[32minfo[39m]: Alliance ec91c1fa-1069-46f2-875f-9c6c2a7582c8 broken by agent C
2026-02-13 14:04:06 [[33mwarn[39m]: Attempted to break already inactive alliance: ec91c1fa-1069-46f2-875f-9c6c2a7582c8
2026-02-13 14:04:06 [[32minfo[39m]: Alliance formed between agents 0`m and ~'%!WuwCB&?Q (Alliance ID: 5bb5b927-8ffb-4133-be62-dc22b1c8c099)
2026-02-13 14:04:06 [[32minfo[39m]: Alliance 5bb5b927-8ffb-4133-be62-dc22b1c8c099 broken by agent 0`m
2026-02-13 14:04:06 [[33mwarn[39m]: Attempted to break already inactive alliance: 5bb5b927-8ffb-4133-be62-dc22b1c8c099
2026-02-13 14:04:06 [[32minfo[39m]: Alliance formed between agents constructor and ej]9^_: (Alliance ID: e4f1c0d8-0f42-40d2-abae-3f1505c6d2a2)
2026-02-13 14:04:06 [[32minfo[39m]: Alliance e4f1c0d8-0f42-40d2-abae-3f1505c6d2a2 broken by agent constructor
2026-02-13 14:04:06 [[33mwarn[39m]: Attempted to break already inactive alliance: e4f1c0d8-0f42-40d2-abae-3f1505c6d2a2
2026-02-13 14:04:06 [[32minfo[39m]: Alliance formed between agents | and 4a9A=LKPV-V (Alliance ID: 63f91ac5-2b25-4e6a-b5e8-45daab1f2f18)
2026-02-13 14:04:06 [[32minfo[39m]: Alliance 63f91ac5-2b25-4e6a-b5e8-45daab1f2f18 broken by agent |
2026-02-13 14:04:06 [[33mwarn[39m]: Attempted to break already inactive alliance: 63f91ac5-2b25-4e6a-b5e8-45daab1f2f18
2026-02-13 14:04:06 [[32minfo[39m]: Alliance formed between agents 1#AR#p5A and Z: (Alliance ID: ab919130-8c39-456c-802c-e065e551f01e)
2026-02-13 14:04:06 [[32minfo[39m]: Alliance ab919130-8c39-456c-802c-e065e551f01e broken by agent 1#AR#p5A
2026-02-13 14:04:06 [[33mwarn[39m]: Attempted to break already inactive alliance: ab919130-8c39-456c-802c-e065e551f01e
2026-02-13 14:04:06 [[32minfo[39m]: Alliance formed between agents FEA(~ and 4; (Alliance ID: 4ee13e73-93e9-4fe7-a981-4566520320bd)
2026-02-13 14:04:06 [[32minfo[39m]: Alliance 4ee13e73-93e9-4fe7-a981-4566520320bd broken by agent FEA(~
2026-02-13 14:04:06 [[33mwarn[39m]: Attempted to break already inactive alliance: 4ee13e73-93e9-4fe7-a981-4566520320bd
2026-02-13 14:04:06 [[32minfo[39m]: Alliance formed between agents G{O@ and }5'?K (Alliance ID: 921de604-146e-40a8-98d0-39557102a976)
2026-02-13 14:04:06 [[32minfo[39m]: Alliance 921de604-146e-40a8-98d0-39557102a976 broken by agent G{O@
2026-02-13 14:04:06 [[33mwarn[39m]: Attempted to break already inactive alliance: 921de604-146e-40a8-98d0-39557102a976
2026-02-13 14:04:06 [[32minfo[39m]: Alliance formed between agents %~L!& and z (Alliance ID: 692bf569-4565-449c-a89e-c90bceac952e)
2026-02-13 14:04:06 [[32minfo[39m]: Alliance 692bf569-4565-449c-a89e-c90bceac952e broken by agent %~L!&
2026-02-13 14:04:06 [[33mwarn[39m]: Attempted to break already inactive alliance: 692bf569-4565-449c-a89e-c90bceac952e
2026-02-13 14:04:06 [[32minfo[39m]: Alliance formed between agents 9Ej^v@e and Gx>H.52 (Alliance ID: 97b65a33-cd1b-4378-95ef-346a78c309ee)
2026-02-13 14:04:06 [[32minfo[39m]: Alliance 97b65a33-cd1b-4378-95ef-346a78c309ee broken by agent 9Ej^v@e
2026-02-13 14:04:06 [[33mwarn[39m]: Attempted to break already inactive alliance: 97b65a33-cd1b-4378-95ef-346a78c309ee
2026-02-13 14:04:06 [[32minfo[39m]: Initializing 9 agents with initial balance 4814
2026-02-13 14:04:06 [[32minfo[39m]: Successfully initialized 9 agents
2026-02-13 14:04:06 [[32minfo[39m]: DecisionEngine initialized with provider: openai, model: gpt-4o-mini
2026-02-13 14:04:06 [[32minfo[39m]: DecisionEngine initialized with provider: openai, model: gpt-4o-mini
2026-02-13 14:04:06 [[32minfo[39m]: DecisionEngine initialized with provider: openai, model: gpt-4o-mini
2026-02-13 14:04:06 [[32minfo[39m]: DecisionEngine initialized with provider: openai, model: gpt-4o-mini
2026-02-13 14:04:06 [[32minfo[39m]: DecisionEngine initialized with provider: openai, model: gpt-4o-mini
2026-02-13 14:04:06 [[32minfo[39m]: DecisionEngine initialized with provider: openai, model: gpt-4o-mini
2026-02-13 14:04:06 [[32minfo[39m]: Initializing 6 agents with initial balance 7000
2026-02-13 14:04:06 [[32minfo[39m]: Successfully initialized 6 agents
2026-02-13 14:04:06 [[32minfo[39m]: DecisionEngine initialized with provider: openai, model: gpt-4o-mini
2026-02-13 14:04:06 [[32minfo[39m]: DecisionEngine initialized with provider: openai, model: gpt-4o-mini
2026-02-13 14:04:06 [[32minfo[39m]: DecisionEngine initialized with provider: openai, model: gpt-4o-mini
2026-02-13 14:04:06 [[32minfo[39m]: DecisionEngine initialized with provider: openai, model: gpt-4o-mini
2026-02-13 14:04:06 [[32minfo[39m]: Initializing 7 agents with initial balance 113
2026-02-13 14:04:06 [[32minfo[39m]: Successfully initialized 7 agents
2026-02-13 14:04:06 [[32minfo[39m]: Initializing 10 agents with initial balance 2888
2026-02-13 14:04:06 [[32minfo[39m]: Successfully initialized 10 agents
2026-02-13 14:04:06 [[31merror[39m]: Failed to parse LLM response: Missing required field: action
2026-02-13 14:04:06 [[32minfo[39m]: DecisionEngine initialized with provider: openai, model: gpt-4o-mini
2026-02-13 14:04:06 [[31merror[39m]: Failed to parse LLM response: No JSON object found in response
2026-02-13 14:04:06 [[32minfo[39m]: DecisionEngine initialized with provider: openai, model: gpt-4o-mini
2026-02-13 14:04:06 [[31merror[39m]: Failed to parse LLM response: Expected double-quoted property name in JSON at position 19 (line 1 column 20)
2026-02-13 14:04:06 [[32minfo[39m]: DecisionEngine initialized with provider: openai, model: gpt-4o-mini
2026-02-13 14:04:06 [[32minfo[39m]: DecisionEngine initialized with provider: openai, model: gpt-4o-mini
2026-02-13 14:04:06 [[33mwarn[39m]: Attempt 1/3 failed, retrying in 10ms:
(node:39444) ExperimentalWarning: VM Modules is an experimental feature and might change at any time
(Use `node --trace-warnings ...` to show where the warning was created)
2026-02-13 14:04:06 [[33mwarn[39m]: Attempt 2/3 failed, retrying in 20ms:
2026-02-13 14:04:06 [[32minfo[39m]: Initializing 1 agents with initial balance 9999
2026-02-13 14:04:06 [[32minfo[39m]: Successfully initialized 1 agents
2026-02-13 14:04:06 [[32minfo[39m]: DecisionEngine initialized with provider: openai, model: gpt-4o-mini
2026-02-13 14:04:06 [[33mwarn[39m]: Attempt 1/3 failed, retrying in 10ms:
2026-02-13 14:04:06 [[32minfo[39m]: Initializing 2 agents with initial balance 6
2026-02-13 14:04:06 [[32minfo[39m]: Successfully initialized 2 agents
2026-02-13 14:04:06 [[32minfo[39m]: Initializing 2 agents with initial balance 756
2026-02-13 14:04:06 [[32minfo[39m]: Successfully initialized 2 agents
2026-02-13 14:04:06 [[33mwarn[39m]: Attempt 2/3 failed, retrying in 20ms:
2026-02-13 14:04:06 [[32minfo[39m]: Initializing 20 agents with initial balance 2
2026-02-13 14:04:06 [[32minfo[39m]: Successfully initialized 20 agents
2026-02-13 14:04:06 [[32minfo[39m]: Initializing 4 agents with initial balance 1040
2026-02-13 14:04:06 [[32minfo[39m]: Successfully initialized 4 agents
2026-02-13 14:04:06 [[31merror[39m]: All 3 retry attempts failed
2026-02-13 14:04:06 [[32minfo[39m]: Initializing 19 agents with initial balance 4
2026-02-13 14:04:06 [[32minfo[39m]: Successfully initialized 19 agents
2026-02-13 14:04:06 [[32minfo[39m]: DecisionEngine initialized with provider: openai, model: gpt-4o-mini
2026-02-13 14:04:06 [[33mwarn[39m]: Attempt 1/3 failed, retrying in 50ms:
2026-02-13 14:04:06 [[32minfo[39m]: Initializing 13 agents with initial balance 6
2026-02-13 14:04:06 [[32minfo[39m]: Successfully initialized 13 agents
2026-02-13 14:04:06 [[32minfo[39m]: Initializing 16 agents with initial balance 0
2026-02-13 14:04:06 [[32minfo[39m]: Successfully initialized 16 agents
2026-02-13 14:04:06 [[32minfo[39m]: Initializing 20 agents with initial balance 3593
2026-02-13 14:04:06 [[32minfo[39m]: Successfully initialized 20 agents
2026-02-13 14:04:06 [[32minfo[39m]: Initializing 4 agents with initial balance 4685
2026-02-13 14:04:06 [[32minfo[39m]: Successfully initialized 4 agents
2026-02-13 14:04:06 [[32minfo[39m]: Initializing 17 agents with initial balance 1840
2026-02-13 14:04:06 [[32minfo[39m]: Successfully initialized 17 agents
2026-02-13 14:04:06 [[33mwarn[39m]: Attempt 2/3 failed, retrying in 100ms:
2026-02-13 14:04:06 [[32minfo[39m]: Initializing 13 agents with initial balance 816
2026-02-13 14:04:06 [[32minfo[39m]: Successfully initialized 13 agents
2026-02-13 14:04:06 [[32minfo[39m]: Initializing 8 agents with initial balance 9988
2026-02-13 14:04:06 [[32minfo[39m]: Successfully initialized 8 agents
2026-02-13 14:04:06 [[32minfo[39m]: Initializing 18 agents with initial balance 9
2026-02-13 14:04:06 [[32minfo[39m]: Successfully initialized 18 agents
2026-02-13 14:04:06 [[32minfo[39m]: Initializing 14 agents with initial balance 2245
2026-02-13 14:04:06 [[32minfo[39m]: Successfully initialized 14 agents
2026-02-13 14:04:06 [[32minfo[39m]: Initializing 1 agents with initial balance 9989
2026-02-13 14:04:06 [[32minfo[39m]: Successfully initialized 1 agents
2026-02-13 14:04:06 [[32minfo[39m]: DecisionEngine initialized with provider: openai, model: gpt-4o-mini
2026-02-13 14:04:06 [[32minfo[39m]: Initializing 4 agents with initial balance 3
2026-02-13 14:04:06 [[32minfo[39m]: Successfully initialized 4 agents
2026-02-13 14:04:06 [[32minfo[39m]: Using fallback decision for agent TestAgent
2026-02-13 14:04:06 [[32minfo[39m]: Initializing 19 agents with initial balance 5734
2026-02-13 14:04:06 [[32minfo[39m]: DecisionEngine initialized with provider: openai, model: gpt-4o-mini
2026-02-13 14:04:06 [[32minfo[39m]: Successfully initialized 19 agents
2026-02-13 14:04:06 [[32minfo[39m]: Using fallback decision for agent AnotherAgent
2026-02-13 14:04:06 [[32minfo[39m]: DecisionEngine initialized with provider: openai, model: gpt-4o-mini
2026-02-13 14:04:06 [[32minfo[39m]: DecisionEngine initialized with provider: openai, model: gpt-4o-mini
2026-02-13 14:04:06 [[32minfo[39m]: Initializing 20 agents with initial balance 3347
2026-02-13 14:04:06 [[32minfo[39m]: Successfully initialized 20 agents
2026-02-13 14:04:06 [[32minfo[39m]: Initializing 12 agents with initial balance 9993
2026-02-13 14:04:06 [[32minfo[39m]: Successfully initialized 12 agents
2026-02-13 14:04:06 [[32minfo[39m]: Initializing 18 agents with initial balance 341
2026-02-13 14:04:06 [[32minfo[39m]: Successfully initialized 18 agents
2026-02-13 14:04:06 [[32minfo[39m]: Initializing 11 agents with initial balance 9768
2026-02-13 14:04:06 [[32minfo[39m]: Successfully initialized 11 agents
2026-02-13 14:04:07 [[32minfo[39m]: Initializing 5 agents with initial balance 13
2026-02-13 14:04:07 [[32minfo[39m]: Successfully initialized 5 agents
2026-02-13 14:04:07 [[32minfo[39m]: Initializing 14 agents with initial balance 11
2026-02-13 14:04:07 [[32minfo[39m]: Successfully initialized 14 agents
2026-02-13 14:04:07 [[32minfo[39m]: Initializing 20 agents with initial balance 9
2026-02-13 14:04:07 [[32minfo[39m]: Successfully initialized 20 agents
2026-02-13 14:04:07 [[32minfo[39m]: Initializing 1 agents with initial balance 5603
2026-02-13 14:04:07 [[32minfo[39m]: Successfully initialized 1 agents
2026-02-13 14:04:07 [[32minfo[39m]: Initializing 2 agents with initial balance 6
2026-02-13 14:04:07 [[32minfo[39m]: Successfully initialized 2 agents
2026-02-13 14:04:07 [[32minfo[39m]: Initializing 7 agents with initial balance 1532
2026-02-13 14:04:07 [[32minfo[39m]: Initializing 4 agents with initial balance 6382
2026-02-13 14:04:07 [[32minfo[39m]: Successfully initialized 4 agents
2026-02-13 14:04:07 [[32minfo[39m]: Successfully initialized 7 agents
2026-02-13 14:04:07 [[32minfo[39m]: Transaction successful: Raven GÂ∆ Trace, 2 credits (90.1% chance)
2026-02-13 14:04:07 [[32minfo[39m]: Initializing 7 agents with initial balance 9991
2026-02-13 14:04:07 [[32minfo[39m]: Successfully initialized 7 agents
2026-02-13 14:04:07 [[32minfo[39m]: Initializing 4 agents with initial balance 111
2026-02-13 14:04:07 [[32minfo[39m]: Successfully initialized 4 agents
2026-02-13 14:04:07 [[33mwarn[39m]: Transaction validation failed: Insufficient funds
2026-02-13 14:04:07 [[32minfo[39m]: Initializing 3 agents with initial balance 3573
2026-02-13 14:04:07 [[32minfo[39m]: Successfully initialized 3 agents
2026-02-13 14:04:07 [[33mwarn[39m]: Transaction validation failed: Insufficient funds
2026-02-13 14:04:07 [[32minfo[39m]: Initializing 5 agents with initial balance 100
2026-02-13 14:04:07 [[32minfo[39m]: Successfully initialized 5 agents
2026-02-13 14:04:07 [[33mwarn[39m]: Transaction validation failed: Insufficient funds
2026-02-13 14:04:07 [[32minfo[39m]: Initializing 3 agents with initial balance 2487
2026-02-13 14:04:07 [[32minfo[39m]: Successfully initialized 3 agents
2026-02-13 14:04:07 [[33mwarn[39m]: Transaction validation failed: Insufficient funds
2026-02-13 14:04:07 [[32minfo[39m]: Initializing 5 agents with initial balance 4994
2026-02-13 14:04:07 [[32minfo[39m]: Successfully initialized 5 agents
2026-02-13 14:04:07 [[33mwarn[39m]: Transaction validation failed: Insufficient funds
(node:38140) ExperimentalWarning: VM Modules is an experimental feature and might change at any time
(Use `node --trace-warnings ...` to show where the warning was created)
2026-02-13 14:04:07 [[32minfo[39m]: Initializing 12 agents with initial balance 9989
2026-02-13 14:04:07 [[32minfo[39m]: Successfully initialized 12 agents
2026-02-13 14:04:07 [[32minfo[39m]: Initializing 4 agents with initial balance 4988
2026-02-13 14:04:07 [[32minfo[39m]: Successfully initialized 4 agents
2026-02-13 14:04:07 [[33mwarn[39m]: Transaction validation failed: Insufficient funds
PASS src/services/AllianceManager.property.test.ts (9.924 s)
  AllianceManager Property Tests
    GÍ‹ Property 13: Alliance Formation Creates Record (216 ms)
    GÍ‹ Property 14: Alliance Betrayal Removes Record (89 ms)
    GÍ‹ Property 15: Multiple Alliance Support (420 ms)
System.Management.Automation.RemoteException
2026-02-13 14:04:07 [[32minfo[39m]: Initializing 8 agents with initial balance 106
2026-02-13 14:04:07 [[32minfo[39m]: Successfully initialized 8 agents
2026-02-13 14:04:07 [[33mwarn[39m]: Transaction validation failed: Insufficient funds
2026-02-13 14:04:07 [[32minfo[39m]: Initializing 19 agents with initial balance 4988
2026-02-13 14:04:07 [[32minfo[39m]: Successfully initialized 19 agents
2026-02-13 14:04:07 [[32minfo[39m]: Transaction successful: Maze GÂ∆ Apex, 2731 credits (89.3% chance)
2026-02-13 14:04:07 [[32minfo[39m]: Transaction successful: Neon GÂ∆ Razor, 1392 credits (90.8% chance)
2026-02-13 14:04:07 [[32minfo[39m]: Transaction successful: Frost GÂ∆ Pulse, 250 credits (91.0% chance)
2026-02-13 14:04:07 [[32minfo[39m]: Initializing 3 agents with initial balance 111
2026-02-13 14:04:07 [[32minfo[39m]: Successfully initialized 3 agents
2026-02-13 14:04:07 [[33mwarn[39m]: Transaction validation failed: Insufficient funds
2026-02-13 14:04:06 [[32minfo[39m]: Alliance formed between agents =`7`/AdM) and %1k!`,Z (Alliance ID: a6a72a4a-6cb0-4278-9ef6-dd7755c638da)
2026-02-13 14:04:07 [[32minfo[39m]: Transaction failed: Razor GÂ∆ Quantum, 410 credits (90.4% chance)
2026-02-13 14:04:06 [[32minfo[39m]: Alliance a6a72a4a-6cb0-4278-9ef6-dd7755c638da broken by agent =`7`/AdM)
2026-02-13 14:04:06 [[33mwarn[39m]: Attempted to break already inactive alliance: a6a72a4a-6cb0-4278-9ef6-dd7755c638da
2026-02-13 14:04:06 [[32minfo[39m]: Alliance formed between agents )#4B[}oIVS\9 and p/u5 (Alliance ID: 51e49c81-8c36-4f33-8acb-6b97c211df2e)
2026-02-13 14:04:06 [[32minfo[39m]: Alliance 51e49c81-8c36-4f33-8acb-6b97c211df2e broken by agent )#4B[}oIVS\9
2026-02-13 14:04:06 [[33mwarn[39m]: Attempted to break already inactive alliance: 51e49c81-8c36-4f33-8acb-6b97c211df2e
2026-02-13 14:04:06 [[32minfo[39m]: Alliance formed between agents N\ and ID#g&)2 (Alliance ID: dbbe0243-c665-46ef-a1c8-b94d512882b8)
2026-02-13 14:04:07 [[32minfo[39m]: Transaction successful: Flux GÂ∆ Quantum, 985 credits (89.7% chance)
2026-02-13 14:04:06 [[32minfo[39m]: Alliance dbbe0243-c665-46ef-a1c8-b94d512882b8 broken by agent N\
2026-02-13 14:04:06 [[33mwarn[39m]: Attempted to break already inactive alliance: dbbe0243-c665-46ef-a1c8-b94d512882b8
2026-02-13 14:04:06 [[32minfo[39m]: Alliance formed between agents UO3{i and 6XC5CB 4w (Alliance ID: ff37ad9a-b286-4f0e-9dab-04e7641f2b45)
2026-02-13 14:04:07 [[32minfo[39m]: Transaction successful: Neon GÂ∆ Frost, 553 credits (92.1% chance)
2026-02-13 14:04:06 [[32minfo[39m]: Alliance ff37ad9a-b286-4f0e-9dab-04e7641f2b45 broken by agent UO3{i
2026-02-13 14:04:06 [[33mwarn[39m]: Attempted to break already inactive alliance: ff37ad9a-b286-4f0e-9dab-04e7641f2b45
2026-02-13 14:04:06 [[32minfo[39m]: Alliance formed between agents 1+Qq$!(Tw6`B and A(E<i)ul\c/ (Alliance ID: f969cb08-07e4-4270-a51d-fc70e4981494)
2026-02-13 14:04:06 [[32minfo[39m]: Alliance f969cb08-07e4-4270-a51d-fc70e4981494 broken by agent 1+Qq$!(Tw6`B
2026-02-13 14:04:06 [[33mwarn[39m]: Attempted to break already inactive alliance: f969cb08-07e4-4270-a51d-fc70e4981494
2026-02-13 14:04:07 [[32minfo[39m]: Initializing 6 agents with initial balance 3750
2026-02-13 14:04:06 [[32minfo[39m]: Alliance formed between agents LsJ#;tF[#j( and valueOf (Alliance ID: 73792100-dc31-4d3f-aae4-c257eb715cda)
2026-02-13 14:04:07 [[32minfo[39m]: Successfully initialized 6 agents
2026-02-13 14:04:07 [[32minfo[39m]: Alliance 73792100-dc31-4d3f-aae4-c257eb715cda broken by agent LsJ#;tF[#j(
2026-02-13 14:04:07 [[32minfo[39m]: Transaction successful: Byte GÂ∆ Lynx, 3311 credits (90.2% chance)
2026-02-13 14:04:07 [[32minfo[39m]: Initializing 6 agents with initial balance 508
2026-02-13 14:04:07 [[32minfo[39m]: Successfully initialized 6 agents
2026-02-13 14:04:07 [[32minfo[39m]: Transaction successful: Byte GÂ∆ Zero, 250 credits (88.8% chance)
2026-02-13 14:04:07 [[32minfo[39m]: Transaction successful: Hex GÂ∆ Pulse, 53 credits (91.6% chance)
2026-02-13 14:04:07 [[33mwarn[39m]: Attempted to break already inactive alliance: 73792100-dc31-4d3f-aae4-c257eb715cda
2026-02-13 14:04:07 [[32minfo[39m]: Alliance formed between agents md and r> (Alliance ID: aa28e170-cc2d-4d93-94ab-5bff16371667)
2026-02-13 14:04:07 [[32minfo[39m]: Alliance aa28e170-cc2d-4d93-94ab-5bff16371667 broken by agent md
2026-02-13 14:04:07 [[32minfo[39m]: Transaction failed: Apex GÂ∆ Byte, 187 credits (88.9% chance)
2026-02-13 14:04:07 [[33mwarn[39m]: Attempted to break already inactive alliance: aa28e170-cc2d-4d93-94ab-5bff16371667
2026-02-13 14:04:07 [[32minfo[39m]: Alliance formed between agents p?n&eP..~" and T (Alliance ID: fd16c0ac-90af-4b97-8e2a-9ebfc181b6d7)
2026-02-13 14:04:07 [[32minfo[39m]: Alliance fd16c0ac-90af-4b97-8e2a-9ebfc181b6d7 broken by agent p?n&eP..~"
2026-02-13 14:04:07 [[33mwarn[39m]: Attempted to break already inactive alliance: fd16c0ac-90af-4b97-8e2a-9ebfc181b6d7
2026-02-13 14:04:07 [[32minfo[39m]: Alliance formed between agents !K % and f (Alliance ID: 6059f154-11e0-4fed-9c37-e76c9e446309)
2026-02-13 14:04:07 [[32minfo[39m]: Transaction successful: Vex GÂ∆ Byte, 355 credits (89.4% chance)
2026-02-13 14:04:07 [[32minfo[39m]: Alliance 6059f154-11e0-4fed-9c37-e76c9e446309 broken by agent !K %
2026-02-13 14:04:07 [[33mwarn[39m]: Attempted to break already inactive alliance: 6059f154-11e0-4fed-9c37-e76c9e446309
2026-02-13 14:04:07 [[32minfo[39m]: Alliance formed between agents = and .:tK (Alliance ID: 8fbdb89e-5eb7-4d1f-a7d6-d402d4baefa8)
2026-02-13 14:04:07 [[32minfo[39m]: Alliance 8fbdb89e-5eb7-4d1f-a7d6-d402d4baefa8 broken by agent =
2026-02-13 14:04:07 [[32minfo[39m]: Transaction successful: Zero GÂ∆ Byte, 62 credits (89.9% chance)
2026-02-13 14:04:07 [[33mwarn[39m]: Attempted to break already inactive alliance: 8fbdb89e-5eb7-4d1f-a7d6-d402d4baefa8
2026-02-13 14:04:07 [[32minfo[39m]: Alliance formed between agents .&d!  and #val (Alliance ID: 20a12ce3-5eb1-4bd9-88e5-694c46e72ee6)
2026-02-13 14:04:07 [[32minfo[39m]: Initializing 2 agents with initial balance 231
2026-02-13 14:04:07 [[32minfo[39m]: Alliance 20a12ce3-5eb1-4bd9-88e5-694c46e72ee6 broken by agent .&d! 
2026-02-13 14:04:07 [[32minfo[39m]: Successfully initialized 2 agents
2026-02-13 14:04:07 [[33mwarn[39m]: Attempted to break already inactive alliance: 20a12ce3-5eb1-4bd9-88e5-694c46e72ee6
2026-02-13 14:04:07 [[33mwarn[39m]: Transaction validation failed: Insufficient funds
2026-02-13 14:04:07 [[32minfo[39m]: Alliance formed between agents !E  and 4fRglk3S2t (Alliance ID: 4c6c21da-8535-4b22-a489-ff696061fba0)
2026-02-13 14:04:07 [[32minfo[39m]: Alliance 4c6c21da-8535-4b22-a489-ff696061fba0 broken by agent !E 
2026-02-13 14:04:07 [[33mwarn[39m]: Attempted to break already inactive alliance: 4c6c21da-8535-4b22-a489-ff696061fba0
2026-02-13 14:04:07 [[32minfo[39m]: Transaction successful: Pulse GÂ∆ Hex, 218 credits (92.3% chance)
2026-02-13 14:04:07 [[32minfo[39m]: Alliance formed between agents }1g5>S- and Fyd9hp? (Alliance ID: 5061525f-cf6e-49c4-8b8a-87454d8b42ad)
2026-02-13 14:04:07 [[32minfo[39m]: Alliance 5061525f-cf6e-49c4-8b8a-87454d8b42ad broken by agent }1g5>S-
2026-02-13 14:04:07 [[33mwarn[39m]: Attempted to break already inactive alliance: 5061525f-cf6e-49c4-8b8a-87454d8b42ad
2026-02-13 14:04:07 [[32minfo[39m]: Alliance formed between agents Xin and &1yU) T["L.M (Alliance ID: 9b5dd999-c3b4-487d-97ac-a795d370bb1b)
2026-02-13 14:04:07 [[32minfo[39m]: Alliance 9b5dd999-c3b4-487d-97ac-a795d370bb1b broken by agent Xin
2026-02-13 14:04:07 [[33mwarn[39m]: Attempted to break already inactive alliance: 9b5dd999-c3b4-487d-97ac-a795d370bb1b
2026-02-13 14:04:07 [[32minfo[39m]: Transaction successful: Hex GÂ∆ Apex, 298 credits (89.9% chance)
2026-02-13 14:04:07 [[32minfo[39m]: Alliance formed between agents + and Zp?[& (Alliance ID: beb52bf6-16c5-4f89-8c95-c3ebba6b316e)
2026-02-13 14:04:07 [[32minfo[39m]: Alliance beb52bf6-16c5-4f89-8c95-c3ebba6b316e broken by agent +
2026-02-13 14:04:07 [[33mwarn[39m]: Attempted to break already inactive alliance: beb52bf6-16c5-4f89-8c95-c3ebba6b316e
2026-02-13 14:04:07 [[32minfo[39m]: Alliance formed between agents F1z%:"z$ %6 and m]l@RI&,@ (Alliance ID: 44b42e7e-b53b-4c76-ae41-421777b88bd3)
2026-02-13 14:04:07 [[32minfo[39m]: Alliance 44b42e7e-b53b-4c76-ae41-421777b88bd3 broken by agent F1z%:"z$ %6
2026-02-13 14:04:07 [[32minfo[39m]: Transaction successful: Byte GÂ∆ Apex, 280 credits (89.2% chance)
2026-02-13 14:04:07 [[33mwarn[39m]: Attempted to break already inactive alliance: 44b42e7e-b53b-4c76-ae41-421777b88bd3
2026-02-13 14:04:07 [[32minfo[39m]: Alliance formed between agents bi and 7z$vS (Alliance ID: 6bc79734-3c22-42dc-8317-a08580a823c1)
2026-02-13 14:04:07 [[32minfo[39m]: Alliance 6bc79734-3c22-42dc-8317-a08580a823c1 broken by agent bi
2026-02-13 14:04:07 [[33mwarn[39m]: Attempted to break already inactive alliance: 6bc79734-3c22-42dc-8317-a08580a823c1
2026-02-13 14:04:07 [[32minfo[39m]: Initializing 4 agents with initial balance 592
2026-02-13 14:04:07 [[32minfo[39m]: Successfully initialized 4 agents
2026-02-13 14:04:07 [[32minfo[39m]: Alliance formed between agents s2swc&s and BAu:J (Alliance ID: 7aeec64a-c39a-4fc1-8e6f-6b392bbd2414)
2026-02-13 14:04:07 [[32minfo[39m]: Alliance 7aeec64a-c39a-4fc1-8e6f-6b392bbd2414 broken by agent s2swc&s
2026-02-13 14:04:07 [[32minfo[39m]: Transaction successful: Maze GÂ∆ Viper, 7 credits (89.2% chance)
2026-02-13 14:04:07 [[33mwarn[39m]: Attempted to break already inactive alliance: 7aeec64a-c39a-4fc1-8e6f-6b392bbd2414
2026-02-13 14:04:07 [[32minfo[39m]: Alliance formed between agents U%l|P{#< and  X:wx{%?{$Z; (Alliance ID: 302942e2-ad20-4855-88df-cabbcc9bfeef)
2026-02-13 14:04:07 [[32minfo[39m]: Alliance 302942e2-ad20-4855-88df-cabbcc9bfeef broken by agent U%l|P{#<
2026-02-13 14:04:07 [[33mwarn[39m]: Attempted to break already inactive alliance: 302942e2-ad20-4855-88df-cabbcc9bfeef
2026-02-13 14:04:07 [[32minfo[39m]: Initializing 5 agents with initial balance 4999
2026-02-13 14:04:07 [[32minfo[39m]: Alliance formed between agents z1h1} &}\A$ and v:i#O{ZJY (Alliance ID: a0b21d74-2b97-4428-b8ec-67cac7096d7b)
2026-02-13 14:04:07 [[32minfo[39m]: Successfully initialized 5 agents
2026-02-13 14:04:07 [[32minfo[39m]: Alliance a0b21d74-2b97-4428-b8ec-67cac7096d7b broken by agent z1h1} &}\A$
2026-02-13 14:04:07 [[33mwarn[39m]: Attempted to break already inactive alliance: a0b21d74-2b97-4428-b8ec-67cac7096d7b
2026-02-13 14:04:07 [[32minfo[39m]: Transaction successful: Shadow GÂ∆ Lynx, 3998 credits (90.9% chance)
2026-02-13 14:04:07 [[32minfo[39m]: Alliance formed between agents /|Q. and bx5g/An]hW6& (Alliance ID: b07912b7-ad0b-41e3-86b3-db97ddfc95c8)
2026-02-13 14:04:07 [[32minfo[39m]: Alliance b07912b7-ad0b-41e3-86b3-db97ddfc95c8 broken by agent /|Q.
2026-02-13 14:04:07 [[33mwarn[39m]: Attempted to break already inactive alliance: b07912b7-ad0b-41e3-86b3-db97ddfc95c8
2026-02-13 14:04:07 [[32minfo[39m]: Transaction successful: Onyx GÂ∆ Shadow, 794 credits (91.3% chance)
2026-02-13 14:04:07 [[32minfo[39m]: Alliance formed between agents $^U and :Ta]!0# (Alliance ID: a11c2043-41b6-465b-9309-f9e95fce3850)
2026-02-13 14:04:07 [[32minfo[39m]: Alliance a11c2043-41b6-465b-9309-f9e95fce3850 broken by agent $^U
2026-02-13 14:04:07 [[32minfo[39m]: Transaction successful: Hex GÂ∆ Shadow, 3738 credits (90.8% chance)
2026-02-13 14:04:07 [[33mwarn[39m]: Attempted to break already inactive alliance: a11c2043-41b6-465b-9309-f9e95fce3850
2026-02-13 14:04:07 [[32minfo[39m]: Alliance formed between agents !fa~Y!$ and ?t~"9/V#e3* (Alliance ID: 9be815cf-8160-4876-a615-11cbf3a1c9f0)
2026-02-13 14:04:07 [[32minfo[39m]: Alliance 9be815cf-8160-4876-a615-11cbf3a1c9f0 broken by agent !fa~Y!$
2026-02-13 14:04:07 [[33mwarn[39m]: Attempted to break already inactive alliance: 9be815cf-8160-4876-a615-11cbf3a1c9f0
2026-02-13 14:04:07 [[32minfo[39m]: Alliance formed between agents ? [Zc and xfa (Alliance ID: 859b3ad6-b9c1-4f8b-8d24-51317f507d19)
2026-02-13 14:04:07 [[32minfo[39m]: Transaction successful: Lynx GÂ∆ Dagger, 4774 credits (90.9% chance)
2026-02-13 14:04:07 [[32minfo[39m]: Alliance 859b3ad6-b9c1-4f8b-8d24-51317f507d19 broken by agent ? [Zc
2026-02-13 14:04:07 [[33mwarn[39m]: Attempted to break already inactive alliance: 859b3ad6-b9c1-4f8b-8d24-51317f507d19
2026-02-13 14:04:07 [[32minfo[39m]: Alliance formed between agents ]H0Z and % (Alliance ID: e2a74a81-e95a-484f-9d68-a6ffb31203da)
2026-02-13 14:04:07 [[32minfo[39m]: Alliance e2a74a81-e95a-484f-9d68-a6ffb31203da broken by agent ]H0Z
2026-02-13 14:04:07 [[32minfo[39m]: Transaction successful: Dagger GÂ∆ Shadow, 2282 credits (91.1% chance)
2026-02-13 14:04:07 [[33mwarn[39m]: Attempted to break already inactive alliance: e2a74a81-e95a-484f-9d68-a6ffb31203da
2026-02-13 14:04:07 [[32minfo[39m]: Alliance formed between agents SOu,P$abbv and ly (Alliance ID: b8d51b5e-65b5-4b20-b7d7-0aa41a3ae72a)
2026-02-13 14:04:07 [[32minfo[39m]: Alliance b8d51b5e-65b5-4b20-b7d7-0aa41a3ae72a broken by agent SOu,P$abbv
2026-02-13 14:04:07 [[33mwarn[39m]: Attempted to break already inactive alliance: b8d51b5e-65b5-4b20-b7d7-0aa41a3ae72a
2026-02-13 14:04:07 [[32minfo[39m]: Initializing 8 agents with initial balance 3576
2026-02-13 14:04:07 [[32minfo[39m]: Alliance formed between agents M~n!zFG{ and X>'ju;/G._U. (Alliance ID: be72d49c-5997-4abb-96d6-2d0e48a1209d)
2026-02-13 14:04:07 [[32minfo[39m]: Successfully initialized 8 agents
2026-02-13 14:04:07 [[32minfo[39m]: Alliance be72d49c-5997-4abb-96d6-2d0e48a1209d broken by agent M~n!zFG{
2026-02-13 14:04:07 [[33mwarn[39m]: Transaction validation failed: Insufficient funds
2026-02-13 14:04:07 [[33mwarn[39m]: Attempted to break already inactive alliance: be72d49c-5997-4abb-96d6-2d0e48a1209d
2026-02-13 14:04:07 [[32minfo[39m]: Alliance formed between agents 9) and O&nG P|| )c (Alliance ID: 1798836c-a491-46bc-9e85-a0ad4a711ba5)
2026-02-13 14:04:07 [[32minfo[39m]: Alliance 1798836c-a491-46bc-9e85-a0ad4a711ba5 broken by agent 9)
2026-02-13 14:04:07 [[32minfo[39m]: Transaction successful: Hex GÂ∆ Shadow, 201 credits (91.5% chance)
2026-02-13 14:04:07 [[33mwarn[39m]: Attempted to break already inactive alliance: 1798836c-a491-46bc-9e85-a0ad4a711ba5
2026-02-13 14:04:07 [[32minfo[39m]: Alliance formed between agents T+Q?*Yk and 4|fL8qV^ (Alliance ID: 7283bb4a-ee57-49e3-a90e-9e35d4db526c)
2026-02-13 14:04:07 [[32minfo[39m]: Alliance 7283bb4a-ee57-49e3-a90e-9e35d4db526c broken by agent T+Q?*Yk
2026-02-13 14:04:07 [[33mwarn[39m]: Attempted to break already inactive alliance: 7283bb4a-ee57-49e3-a90e-9e35d4db526c
2026-02-13 14:04:07 [[32minfo[39m]: Alliance formed between agents oC and s|DF' (Alliance ID: 259873a6-14f0-4e25-85f5-27dbc7b0d615)
2026-02-13 14:04:07 [[32minfo[39m]: Alliance 259873a6-14f0-4e25-85f5-27dbc7b0d615 broken by agent oC
2026-02-13 14:04:07 [[33mwarn[39m]: Attempted to break already inactive alliance: 259873a6-14f0-4e25-85f5-27dbc7b0d615
2026-02-13 14:04:07 [[32minfo[39m]: Transaction failed: Onyx GÂ∆ Hex, 3164 credits (91.2% chance)
2026-02-13 14:04:07 [[32minfo[39m]: Alliance formed between agents zdj49S~I and 0]&[y`j@*N (Alliance ID: b907a422-c042-4533-9221-3fcf3f00c2ca)
2026-02-13 14:04:07 [[32minfo[39m]: Alliance b907a422-c042-4533-9221-3fcf3f00c2ca broken by agent zdj49S~I
2026-02-13 14:04:07 [[33mwarn[39m]: Attempted to break already inactive alliance: b907a422-c042-4533-9221-3fcf3f00c2ca
2026-02-13 14:04:07 [[32minfo[39m]: Transaction successful: Onyx GÂ∆ Shadow, 270 credits (91.9% chance)
2026-02-13 14:04:07 [[32minfo[39m]: Initializing 11 agents with initial balance 3500
2026-02-13 14:04:07 [[32minfo[39m]: Alliance formed between agents /\moK and U_4 qRGVIFD+ (Alliance ID: 7bdab6a3-4927-4820-be19-7d21d6a0398c)
2026-02-13 14:04:07 [[32minfo[39m]: Alliance 7bdab6a3-4927-4820-be19-7d21d6a0398c broken by agent /\moK
2026-02-13 14:04:07 [[33mwarn[39m]: Attempted to break already inactive alliance: 7bdab6a3-4927-4820-be19-7d21d6a0398c
2026-02-13 14:04:07 [[32minfo[39m]: Alliance formed between agents constru and "Bkh|>[|X{ (Alliance ID: 21606571-e819-4ab1-892b-b625abc07457)
2026-02-13 14:04:07 [[32minfo[39m]: Successfully initialized 11 agents
2026-02-13 14:04:07 [[32minfo[39m]: Initializing 5 agents with initial balance 4998
2026-02-13 14:04:07 [[32minfo[39m]: Successfully initialized 5 agents
2026-02-13 14:04:07 [[32minfo[39m]: Transaction successful: Pulse GÂ∆ Apex, 1879 credits (90.2% chance)
2026-02-13 14:04:07 [[32minfo[39m]: Initializing 2 agents with initial balance 501
2026-02-13 14:04:07 [[32minfo[39m]: Successfully initialized 2 agents
2026-02-13 14:04:07 [[32minfo[39m]: Transaction successful: Echo GÂ∆ Vex, 136 credits (89.8% chance)
2026-02-13 14:04:07 [[32minfo[39m]: Initializing 9 agents with initial balance 4906
2026-02-13 14:04:07 [[32minfo[39m]: Successfully initialized 9 agents
2026-02-13 14:04:07 [[33mwarn[39m]: Transaction validation failed: Insufficient funds
2026-02-13 14:04:07 [[32minfo[39m]: Initializing 13 agents with initial balance 501
2026-02-13 14:04:07 [[32minfo[39m]: Successfully initialized 13 agents
2026-02-13 14:04:07 [[32minfo[39m]: Transaction failed: Blade GÂ∆ Wraith, 154 credits (90.1% chance)
2026-02-13 14:04:07 [[32minfo[39m]: Transaction successful: Crash GÂ∆ Ghost, 210 credits (88.4% chance)
2026-02-13 14:04:07 [[32minfo[39m]: Alliance 21606571-e819-4ab1-892b-b625abc07457 broken by agent constru
2026-02-13 14:04:07 [[33mwarn[39m]: Attempted to break already inactive alliance: 21606571-e819-4ab1-892b-b625abc07457
2026-02-13 14:04:07 [[32minfo[39m]: Alliance formed between agents GKIx and dvA (Alliance ID: cb9a1343-2ee0-4104-8c2a-9f5ecebaba14)
2026-02-13 14:04:07 [[32minfo[39m]: Alliance cb9a1343-2ee0-4104-8c2a-9f5ecebaba14 broken by agent GKIx
2026-02-13 14:04:07 [[33mwarn[39m]: Attempted to break already inactive alliance: cb9a1343-2ee0-4104-8c2a-9f5ecebaba14
2026-02-13 14:04:07 [[32minfo[39m]: Alliance formed between agents S4+y and @~s_#%I (Alliance ID: 8f4cfb68-8c79-4f8f-9ba8-acbbeec38f09)
2026-02-13 14:04:07 [[32minfo[39m]: Alliance 8f4cfb68-8c79-4f8f-9ba8-acbbeec38f09 broken by agent S4+y
2026-02-13 14:04:07 [[33mwarn[39m]: Attempted to break already inactive alliance: 8f4cfb68-8c79-4f8f-9ba8-acbbeec38f09
2026-02-13 14:04:07 [[32minfo[39m]: Alliance formed between agents 0(l_I3m:6v] and un[gP(prZV (Alliance ID: 5dc177ab-20a2-438d-ba21-eb9eb4ed27cd)
2026-02-13 14:04:07 [[32minfo[39m]: Alliance 5dc177ab-20a2-438d-ba21-eb9eb4ed27cd broken by agent 0(l_I3m:6v]
2026-02-13 14:04:07 [[33mwarn[39m]: Attempted to break already inactive alliance: 5dc177ab-20a2-438d-ba21-eb9eb4ed27cd
2026-02-13 14:04:07 [[32minfo[39m]: Alliance formed between agents G) and __ (Alliance ID: 8f2063d8-448e-4d70-9d6e-4015dc6c2961)
2026-02-13 14:04:07 [[32minfo[39m]: Alliance 8f2063d8-448e-4d70-9d6e-4015dc6c2961 broken by agent G)
2026-02-13 14:04:07 [[33mwarn[39m]: Attempted to break already inactive alliance: 8f2063d8-448e-4d70-9d6e-4015dc6c2961
2026-02-13 14:04:07 [[32minfo[39m]: Alliance formed between agents SP4x!O and <@uyVq[t (Alliance ID: 4309205a-2bf2-48b4-bb29-67891d05a4f4)
2026-02-13 14:04:07 [[32minfo[39m]: Alliance 4309205a-2bf2-48b4-bb29-67891d05a4f4 broken by agent SP4x!O
2026-02-13 14:04:07 [[33mwarn[39m]: Attempted to break already inactive alliance: 4309205a-2bf2-48b4-bb29-67891d05a4f4
2026-02-13 14:04:07 [[32minfo[39m]: Alliance formed between agents g"|~+ and H~ (Alliance ID: 90e4ab41-0b3a-4ab4-9691-9371ef6defd8)
2026-02-13 14:04:07 [[32minfo[39m]: Alliance 90e4ab41-0b3a-4ab4-9691-9371ef6defd8 broken by agent g"|~+
2026-02-13 14:04:07 [[32minfo[39m]: Initializing 2 agents with initial balance 1000
2026-02-13 14:04:07 [[33mwarn[39m]: Attempted to break already inactive alliance: 90e4ab41-0b3a-4ab4-9691-9371ef6defd8
2026-02-13 14:04:07 [[32minfo[39m]: Alliance formed between agents `V) and @ (Alliance ID: bcafd8f5-a55e-4578-ba52-27f11840bc62)
2026-02-13 14:04:07 [[32minfo[39m]: Alliance bcafd8f5-a55e-4578-ba52-27f11840bc62 broken by agent `V)
2026-02-13 14:04:07 [[33mwarn[39m]: Attempted to break already inactive alliance: bcafd8f5-a55e-4578-ba52-27f11840bc62
2026-02-13 14:04:07 [[32minfo[39m]: Successfully initialized 2 agents
2026-02-13 14:04:07 [[32minfo[39m]: Alliance formed between agents }~o4yl8 and <\# (Alliance ID: b45f6001-f883-4081-9183-cca54f3f0099)
2026-02-13 14:04:07 [[32minfo[39m]: Alliance b45f6001-f883-4081-9183-cca54f3f0099 broken by agent }~o4yl8
2026-02-13 14:04:07 [[33mwarn[39m]: Attempted to break already inactive alliance: b45f6001-f883-4081-9183-cca54f3f0099
2026-02-13 14:04:07 [[32minfo[39m]: Alliance formed between agents WY and ?hxKb; (Alliance ID: 435270a9-5dfd-45f0-bf51-cb8ab6d9073d)
2026-02-13 14:04:07 [[32minfo[39m]: Alliance 435270a9-5dfd-45f0-bf51-cb8ab6d9073d broken by agent WY
2026-02-13 14:04:07 [[33mwarn[39m]: Attempted to break already inactive alliance: 435270a9-5dfd-45f0-bf51-cb8ab6d9073d
2026-02-13 14:04:07 [[32minfo[39m]: Alliance formed between agents $gb@5S%h\u? and w"eSqG (Alliance ID: e46cb982-5d81-4699-80de-792b247fcc67)
2026-02-13 14:04:07 [[32minfo[39m]: Alliance e46cb982-5d81-4699-80de-792b247fcc67 broken by agent $gb@5S%h\u?
2026-02-13 14:04:07 [[33mwarn[39m]: Attempted to break already inactive alliance: e46cb982-5d81-4699-80de-792b247fcc67
2026-02-13 14:04:07 [[32minfo[39m]: Alliance formed between agents L7;> and hNsxO|y# (Alliance ID: 2d04a1fd-fd80-47e7-9af9-b75b45456a8b)
2026-02-13 14:04:07 [[32minfo[39m]: Alliance 2d04a1fd-fd80-47e7-9af9-b75b45456a8b broken by agent L7;>
2026-02-13 14:04:07 [[33mwarn[39m]: Attempted to break already inactive alliance: 2d04a1fd-fd80-47e7-9af9-b75b45456a8b
2026-02-13 14:04:07 [[32minfo[39m]: Initializing 14 agents with initial balance 1000
2026-02-13 14:04:07 [[32minfo[39m]: Alliance formed between agents #$ ~dB F and 7q>u%3 (Alliance ID: a8b9c5e4-d1f0-4a7d-9dfc-8d45fa9d6be5)
2026-02-13 14:04:07 [[32minfo[39m]: Alliance a8b9c5e4-d1f0-4a7d-9dfc-8d45fa9d6be5 broken by agent #$ ~dB F
2026-02-13 14:04:07 [[33mwarn[39m]: Attempted to break already inactive alliance: a8b9c5e4-d1f0-4a7d-9dfc-8d45fa9d6be5
2026-02-13 14:04:07 [[32minfo[39m]: Successfully initialized 14 agents
2026-02-13 14:04:07 [[32minfo[39m]: Alliance formed between agents )Xw/(@{VU.}k and __define (Alliance ID: 35ba8b6c-b464-4bc0-bce4-928dbbdeac9e)
2026-02-13 14:04:07 [[32minfo[39m]: Alliance 35ba8b6c-b464-4bc0-bce4-928dbbdeac9e broken by agent )Xw/(@{VU.}k
2026-02-13 14:04:07 [[33mwarn[39m]: Attempted to break already inactive alliance: 35ba8b6c-b464-4bc0-bce4-928dbbdeac9e
2026-02-13 14:04:07 [[32minfo[39m]: Alliance formed between agents >w and 9y (Alliance ID: 9ce00ff1-204e-4f95-b7c1-48d124137b57)
2026-02-13 14:04:07 [[32minfo[39m]: Alliance 9ce00ff1-204e-4f95-b7c1-48d124137b57 broken by agent >w
2026-02-13 14:04:07 [[32minfo[39m]: Initializing 2 agents with initial balance 1000
2026-02-13 14:04:07 [[33mwarn[39m]: Attempted to break already inactive alliance: 9ce00ff1-204e-4f95-b7c1-48d124137b57
2026-02-13 14:04:07 [[32minfo[39m]: Alliance formed between agents gHnI/CT8 and ]Q/l  (Alliance ID: 1bb46240-2041-48ca-b3c8-88e29b0927ff)
2026-02-13 14:04:07 [[32minfo[39m]: Successfully initialized 2 agents
2026-02-13 14:04:07 [[32minfo[39m]: Alliance 1bb46240-2041-48ca-b3c8-88e29b0927ff broken by agent gHnI/CT8
2026-02-13 14:04:07 [[33mwarn[39m]: Attempted to break already inactive alliance: 1bb46240-2041-48ca-b3c8-88e29b0927ff
2026-02-13 14:04:07 [[32minfo[39m]: Alliance formed between agents rc]4D>|I`=X< and Bra*RT6ozB (Alliance ID: a2682320-77db-4c4b-8327-09f3f045dcf2)
2026-02-13 14:04:07 [[32minfo[39m]: Alliance a2682320-77db-4c4b-8327-09f3f045dcf2 broken by agent rc]4D>|I`=X<
2026-02-13 14:04:07 [[33mwarn[39m]: Attempted to break already inactive alliance: a2682320-77db-4c4b-8327-09f3f045dcf2
2026-02-13 14:04:07 [[32minfo[39m]: Initializing 6 agents with initial balance 1000
2026-02-13 14:04:07 [[32minfo[39m]: Alliance formed between agents D 9w_Sq#?ag and 5f (Alliance ID: 90f85afd-9729-4cf3-9a85-905973c27e79)
2026-02-13 14:04:07 [[32minfo[39m]: Alliance 90f85afd-9729-4cf3-9a85-905973c27e79 broken by agent D 9w_Sq#?ag
2026-02-13 14:04:07 [[32minfo[39m]: Successfully initialized 6 agents
2026-02-13 14:04:07 [[33mwarn[39m]: Attempted to break already inactive alliance: 90f85afd-9729-4cf3-9a85-905973c27e79
2026-02-13 14:04:07 [[32minfo[39m]: Alliance formed between agents eE[1 and .bindXa (Alliance ID: 2ff57c50-a45f-4a37-9d63-d39ea77fde92)
2026-02-13 14:04:07 [[32minfo[39m]: Alliance 2ff57c50-a45f-4a37-9d63-d39ea77fde92 broken by agent eE[1
2026-02-13 14:04:07 [[32minfo[39m]: Initializing 16 agents with initial balance 1000
2026-02-13 14:04:07 [[33mwarn[39m]: Attempted to break already inactive alliance: 2ff57c50-a45f-4a37-9d63-d39ea77fde92
2026-02-13 14:04:07 [[32minfo[39m]: Alliance formed between agents  yy7xy$M} and IB }c (Alliance ID: 1e44e090-7bee-41d5-a574-23ca4d06f628)
2026-02-13 14:04:07 [[32minfo[39m]: Alliance 1e44e090-7bee-41d5-a574-23ca4d06f628 broken by agent  yy7xy$M}
2026-02-13 14:04:07 [[32minfo[39m]: Successfully initialized 16 agents
2026-02-13 14:04:07 [[33mwarn[39m]: Attempted to break already inactive alliance: 1e44e090-7bee-41d5-a574-23ca4d06f628
2026-02-13 14:04:07 [[32minfo[39m]: Alliance formed between agents .|NJH$BRrJ and eCi5dQ (Alliance ID: bca71d43-f232-41b7-9a60-4f7a1af77b5d)
2026-02-13 14:04:07 [[32minfo[39m]: Alliance bca71d43-f232-41b7-9a60-4f7a1af77b5d broken by agent .|NJH$BRrJ
2026-02-13 14:04:07 [[32minfo[39m]: Initializing 6 agents with initial balance 1000
2026-02-13 14:04:07 [[33mwarn[39m]: Attempted to break already inactive alliance: bca71d43-f232-41b7-9a60-4f7a1af77b5d
2026-02-13 14:04:07 [[32minfo[39m]: Alliance formed between agents d~$ and k (Alliance ID: b77baffb-d064-4867-b4fc-952cb3a5a256)
2026-02-13 14:04:07 [[32minfo[39m]: Successfully initialized 6 agents
2026-02-13 14:04:07 [[32minfo[39m]: Alliance b77baffb-d064-4867-b4fc-952cb3a5a256 broken by agent d~$
2026-02-13 14:04:07 [[33mwarn[39m]: Attempted to break already inactive alliance: b77baffb-d064-4867-b4fc-952cb3a5a256
2026-02-13 14:04:07 [[32minfo[39m]: Alliance formed between agents lL"pmt2::29\ and Z (Alliance ID: d01908a0-034f-4e65-88f2-cb4e4a956829)
2026-02-13 14:04:07 [[32minfo[39m]: Alliance d01908a0-034f-4e65-88f2-cb4e4a956829 broken by agent lL"pmt2::29\
2026-02-13 14:04:07 [[33mwarn[39m]: Attempted to break already inactive alliance: d01908a0-034f-4e65-88f2-cb4e4a956829
2026-02-13 14:04:07 [[32minfo[39m]: Alliance formed between agents D!F~ and AXa2;{ (Alliance ID: 1e5bcf20-3169-45ed-a7c1-71d9300d3d1d)
2026-02-13 14:04:07 [[32minfo[39m]: Initializing 2 agents with initial balance 1000
2026-02-13 14:04:07 [[32minfo[39m]: Alliance 1e5bcf20-3169-45ed-a7c1-71d9300d3d1d broken by agent D!F~
2026-02-13 14:04:07 [[33mwarn[39m]: Attempted to break already inactive alliance: 1e5bcf20-3169-45ed-a7c1-71d9300d3d1d
2026-02-13 14:04:07 [[32minfo[39m]: Successfully initialized 2 agents
2026-02-13 14:04:07 [[32minfo[39m]: Alliance formed between agents call and \n _;&#A|a (Alliance ID: 7e8a5b26-7394-4d6e-a6da-6db73b1485bf)
2026-02-13 14:04:07 [[32minfo[39m]: Alliance 7e8a5b26-7394-4d6e-a6da-6db73b1485bf broken by agent call
2026-02-13 14:04:07 [[33mwarn[39m]: Attempted to break already inactive alliance: 7e8a5b26-7394-4d6e-a6da-6db73b1485bf
2026-02-13 14:04:07 [[32minfo[39m]: Alliance formed between agents ^L4 and C>'xuMr} (Alliance ID: a6c2c90a-9c99-49ee-a34f-639ba9cc8d1b)
2026-02-13 14:04:07 [[32minfo[39m]: Alliance a6c2c90a-9c99-49ee-a34f-639ba9cc8d1b broken by agent ^L4
2026-02-13 14:04:07 [[32minfo[39m]: Initializing 19 agents with initial balance 1000
2026-02-13 14:04:07 [[33mwarn[39m]: Attempted to break already inactive alliance: a6c2c90a-9c99-49ee-a34f-639ba9cc8d1b
2026-02-13 14:04:07 [[32minfo[39m]: Alliance formed between agents *NgGA(ZickeM and K>(g (Alliance ID: fc7f743e-f1a1-474b-87d8-54f316425d12)
2026-02-13 14:04:07 [[32minfo[39m]: Alliance fc7f743e-f1a1-474b-87d8-54f316425d12 broken by agent *NgGA(ZickeM
2026-02-13 14:04:07 [[33mwarn[39m]: Attempted to break already inactive alliance: fc7f743e-f1a1-474b-87d8-54f316425d12
2026-02-13 14:04:07 [[32minfo[39m]: Alliance formed between agents DI9TsBu2*c and {K*c (Alliance ID: 6640d7d3-8c45-4890-bb2a-0ad4d4cb88dd)
2026-02-13 14:04:07 [[32minfo[39m]: Successfully initialized 19 agents
2026-02-13 14:04:07 [[32minfo[39m]: Alliance 6640d7d3-8c45-4890-bb2a-0ad4d4cb88dd broken by agent DI9TsBu2*c
2026-02-13 14:04:07 [[33mwarn[39m]: Attempted to break already inactive alliance: 6640d7d3-8c45-4890-bb2a-0ad4d4cb88dd
2026-02-13 14:04:07 [[32minfo[39m]: Alliance formed between agents yP@e"gY and 5=Vj (Alliance ID: 82eddbe1-27ac-4f84-90dc-cda2eb958956)
2026-02-13 14:04:07 [[32minfo[39m]: Alliance 82eddbe1-27ac-4f84-90dc-cda2eb958956 broken by agent yP@e"gY
2026-02-13 14:04:07 [[33mwarn[39m]: Attempted to break already inactive alliance: 82eddbe1-27ac-4f84-90dc-cda2eb958956
2026-02-13 14:04:07 [[32minfo[39m]: Initializing 16 agents with initial balance 1000
2026-02-13 14:04:07 [[32minfo[39m]: Alliance formed between agents i")b and |)prot (Alliance ID: 48838ab8-0b3d-4f04-a695-3a728fa9ca3b)
2026-02-13 14:04:07 [[32minfo[39m]: Alliance 48838ab8-0b3d-4f04-a695-3a728fa9ca3b broken by agent i")b
2026-02-13 14:04:07 [[33mwarn[39m]: Attempted to break already inactive alliance: 48838ab8-0b3d-4f04-a695-3a728fa9ca3b
2026-02-13 14:04:07 [[32minfo[39m]: Alliance formed between agents ;l9 and qg (Alliance ID: 072148dc-3b39-464b-80e8-ded777a3aa60)
2026-02-13 14:04:07 [[32minfo[39m]: Alliance 072148dc-3b39-464b-80e8-ded777a3aa60 broken by agent ;l9
2026-02-13 14:04:07 [[33mwarn[39m]: Attempted to break already inactive alliance: 072148dc-3b39-464b-80e8-ded777a3aa60
2026-02-13 14:04:07 [[32minfo[39m]: Alliance formed between agents zmm and _ (Alliance ID: 5745f38d-78e5-4e52-b454-075de0c972ea)
2026-02-13 14:04:07 [[32minfo[39m]: Alliance 5745f38d-78e5-4e52-b454-075de0c972ea broken by agent zmm
2026-02-13 14:04:07 [[32minfo[39m]: Successfully initialized 16 agents
2026-02-13 14:04:07 [[33mwarn[39m]: Attempted to break already inactive alliance: 5745f38d-78e5-4e52-b454-075de0c972ea
2026-02-13 14:04:07 [[32minfo[39m]: Alliance formed between agents v~av and JbT<b (Alliance ID: b02b01fe-df53-4ed3-9f56-a367456591cb)
2026-02-13 14:04:07 [[32minfo[39m]: Initializing 7 agents with initial balance 1000
2026-02-13 14:04:07 [[32minfo[39m]: Successfully initialized 7 agents
2026-02-13 14:04:07 [[32minfo[39m]: Initializing 18 agents with initial balance 1000
2026-02-13 14:04:07 [[32minfo[39m]: Successfully initialized 18 agents
2026-02-13 14:04:07 [[32minfo[39m]: Initializing 9 agents with initial balance 1000
2026-02-13 14:04:07 [[32minfo[39m]: Successfully initialized 9 agents
2026-02-13 14:04:07 [[32minfo[39m]: Initializing 20 agents with initial balance 1000
2026-02-13 14:04:07 [[32minfo[39m]: Successfully initialized 20 agents
2026-02-13 14:04:07 [[32minfo[39m]: Alliance b02b01fe-df53-4ed3-9f56-a367456591cb broken by agent v~av
2026-02-13 14:04:07 [[33mwarn[39m]: Attempted to break already inactive alliance: b02b01fe-df53-4ed3-9f56-a367456591cb
2026-02-13 14:04:07 [[32minfo[39m]: Alliance formed between agents MhV and f8V{i'mOq (Alliance ID: 7d67c6d2-83bb-4fae-a788-a9a007491d06)
2026-02-13 14:04:07 [[32minfo[39m]: Alliance 7d67c6d2-83bb-4fae-a788-a9a007491d06 broken by agent MhV
2026-02-13 14:04:07 [[32minfo[39m]: Initializing 3 agents with initial balance 1000
2026-02-13 14:04:07 [[33mwarn[39m]: Attempted to break already inactive alliance: 7d67c6d2-83bb-4fae-a788-a9a007491d06
2026-02-13 14:04:07 [[32minfo[39m]: Alliance formed between agents . and n,{@] (Alliance ID: cdbcb89e-96c2-48d6-a107-f5b2dac454e4)
2026-02-13 14:04:07 [[32minfo[39m]: Alliance cdbcb89e-96c2-48d6-a107-f5b2dac454e4 broken by agent .
2026-02-13 14:04:07 [[32minfo[39m]: Successfully initialized 3 agents
2026-02-13 14:04:07 [[33mwarn[39m]: Attempted to break already inactive alliance: cdbcb89e-96c2-48d6-a107-f5b2dac454e4
2026-02-13 14:04:07 [[32minfo[39m]: Alliance formed between agents d2kyFK;3 and }}2 (Alliance ID: d1ca580a-abd3-4aef-b5e2-fa5879bd476d)
2026-02-13 14:04:07 [[32minfo[39m]: Alliance formed between agents d2kyFK;3 and %" (Alliance ID: fd5b8064-876a-4046-b214-fdd9f653a560)
2026-02-13 14:04:07 [[32minfo[39m]: Alliance formed between agents d2kyFK;3 and ;[\j1 (Alliance ID: b00c311a-d039-4108-8106-3bbe122febc0)
2026-02-13 14:04:07 [[32minfo[39m]: Initializing 2 agents with initial balance 1000
2026-02-13 14:04:07 [[32minfo[39m]: Alliance formed between agents d2kyFK;3 and 2K~eRPWW (Alliance ID: 83cea0fa-f15a-40c9-b1b8-4909436c8af1)
2026-02-13 14:04:07 [[32minfo[39m]: Successfully initialized 2 agents
2026-02-13 14:04:07 [[32minfo[39m]: Alliance d1ca580a-abd3-4aef-b5e2-fa5879bd476d broken by agent d2kyFK;3
2026-02-13 14:04:07 [[32minfo[39m]: Alliance formed between agents PIaDLmZHmk$: and dIMsV+> (Alliance ID: e2ed8d2f-518a-45fa-8634-22026ea8cea3)
2026-02-13 14:04:07 [[32minfo[39m]: Alliance formed between agents PIaDLmZHmk$: and AlT[y,rk (Alliance ID: 41a5a4b6-a0c0-4627-b58e-41655591935c)
2026-02-13 14:04:07 [[32minfo[39m]: Alliance formed between agents PIaDLmZHmk$: and C0 (Alliance ID: 3a09fdf0-69b8-4042-a62d-7732320bdfc9)
2026-02-13 14:04:07 [[32minfo[39m]: Alliance e2ed8d2f-518a-45fa-8634-22026ea8cea3 broken by agent PIaDLmZHmk$:
2026-02-13 14:04:07 [[32minfo[39m]: Initializing 3 agents with initial balance 1000
2026-02-13 14:04:07 [[32minfo[39m]: Alliance formed between agents [4vQ6x and V"Fx@b$/y!3d (Alliance ID: 28f7812b-5e0f-489b-a477-d0c23a15e2e9)
2026-02-13 14:04:07 [[32minfo[39m]: Successfully initialized 3 agents
2026-02-13 14:04:07 [[32minfo[39m]: Alliance formed between agents [4vQ6x and b  (Alliance ID: d8caf96e-6e60-4f67-b5b4-c9dba2e8ad30)
2026-02-13 14:04:07 [[32minfo[39m]: Alliance formed between agents [4vQ6x and J.)GOU;K< (Alliance ID: e6e45898-dc4e-408a-b5c8-8fbc021aff18)
2026-02-13 14:04:07 [[32minfo[39m]: Alliance 28f7812b-5e0f-489b-a477-d0c23a15e2e9 broken by agent [4vQ6x
2026-02-13 14:04:07 [[32minfo[39m]: Alliance formed between agents wIZk and L"gItGl (Alliance ID: bfc99502-c4db-44ba-b8c3-46c3cff82b83)
2026-02-13 14:04:07 [[32minfo[39m]: Alliance formed between agents wIZk and q(v.fp#jcJ (Alliance ID: e05a92e7-a441-48a7-9656-e6e9a0933ca3)
2026-02-13 14:04:07 [[32minfo[39m]: Initializing 3 agents with initial balance 1000
2026-02-13 14:04:07 [[32minfo[39m]: Alliance formed between agents wIZk and rW2p (Alliance ID: 12dc7fd2-3450-4405-92d3-307a74aed5ad)
2026-02-13 14:04:07 [[32minfo[39m]: Alliance formed between agents wIZk and 0lNV@lX8 (Alliance ID: b8f3a36b-a9d5-4f20-b785-aece8f0dddac)
2026-02-13 14:04:07 [[32minfo[39m]: Alliance formed between agents wIZk and O& (Alliance ID: 1a3cf3ec-0397-4c6e-87d3-2e17723198ad)
2026-02-13 14:04:07 [[32minfo[39m]: Successfully initialized 3 agents
2026-02-13 14:04:07 [[32minfo[39m]: Alliance formed between agents wIZk and jytq[ (Alliance ID: c0007666-65d9-40e5-8945-245a50dadccd)
2026-02-13 14:04:07 [[32minfo[39m]: Alliance formed between agents wIZk and tn-xt!R; (Alliance ID: a845991d-5814-4560-84f2-1c3ab0b93a17)
2026-02-13 14:04:07 [[32minfo[39m]: Alliance formed between agents wIZk and ; (Alliance ID: e618cc09-4765-4b76-a22f-8715383b9bf2)
2026-02-13 14:04:07 [[32minfo[39m]: Initializing 14 agents with initial balance 1000
2026-02-13 14:04:07 [[32minfo[39m]: Alliance bfc99502-c4db-44ba-b8c3-46c3cff82b83 broken by agent wIZk
2026-02-13 14:04:07 [[32minfo[39m]: Successfully initialized 14 agents
2026-02-13 14:04:07 [[32minfo[39m]: Alliance formed between agents Ry$ and ke (Alliance ID: 91bd2e54-3059-454e-8b70-bf0ec442400d)
2026-02-13 14:04:07 [[32minfo[39m]: Alliance formed between agents Ry$ and ~{]! (Alliance ID: b5f8b8f5-e25e-4e8a-946f-918745c55819)
2026-02-13 14:04:07 [[32minfo[39m]: Alliance 91bd2e54-3059-454e-8b70-bf0ec442400d broken by agent Ry$
2026-02-13 14:04:07 [[32minfo[39m]: Alliance formed between agents G< and ~<% (Alliance ID: a1602747-01de-4cdc-92f0-051c25465188)
2026-02-13 14:04:07 [[32minfo[39m]: Initializing 6 agents with initial balance 1000
2026-02-13 14:04:07 [[32minfo[39m]: Alliance formed between agents G< and @Xx'KR (Alliance ID: 2d4bb481-6ef3-4b62-b623-9072cd561d22)
2026-02-13 14:04:07 [[32minfo[39m]: Alliance formed between agents G< and tV!yl@A (Alliance ID: 4c975a38-21d7-46ab-a2ba-0e97297c9490)
2026-02-13 14:04:07 [[32minfo[39m]: Successfully initialized 6 agents
2026-02-13 14:04:07 [[32minfo[39m]: Alliance a1602747-01de-4cdc-92f0-051c25465188 broken by agent G<
2026-02-13 14:04:07 [[32minfo[39m]: Alliance formed between agents ` and [v-qoRgh (Alliance ID: 62642f6d-1fa1-4b8d-ba6e-df0b638f885a)
2026-02-13 14:04:07 [[32minfo[39m]: Alliance formed between agents ` and "nXZ (Alliance ID: fbc697fb-6494-400b-906d-1ccb5b01e31c)
2026-02-13 14:04:07 [[32minfo[39m]: Alliance 62642f6d-1fa1-4b8d-ba6e-df0b638f885a broken by agent `
2026-02-13 14:04:07 [[32minfo[39m]: Alliance formed between agents 9/@ and epE%2& (Alliance ID: 7f78ece6-885e-4fcb-b040-7bf83296eb96)
2026-02-13 14:04:07 [[32minfo[39m]: Initializing 3 agents with initial balance 1000
2026-02-13 14:04:07 [[32minfo[39m]: Alliance formed between agents 9/@ and P:7sdHU2: (Alliance ID: d2d0411a-7140-4080-84da-0da1066b8e26)
2026-02-13 14:04:07 [[32minfo[39m]: Alliance formed between agents 9/@ and &MT!!>z@*hxc (Alliance ID: 5e6bc46d-f5c9-43e3-b432-fd18b1452443)
2026-02-13 14:04:07 [[32minfo[39m]: Successfully initialized 3 agents
2026-02-13 14:04:07 [[32minfo[39m]: Alliance formed between agents 9/@ and Gc)`)$Aknu (Alliance ID: fc42908a-da60-433c-a512-37b17775290a)
2026-02-13 14:04:07 [[32minfo[39m]: Alliance formed between agents 9/@ and c (Alliance ID: 4ccda4e4-520a-4090-b2e8-f8c97ab27439)
2026-02-13 14:04:07 [[32minfo[39m]: Alliance 7f78ece6-885e-4fcb-b040-7bf83296eb96 broken by agent 9/@
2026-02-13 14:04:07 [[32minfo[39m]: Alliance formed between agents name and mIgQDpDv (Alliance ID: d8d4d93f-061a-4994-9af2-bf09572388c6)
2026-02-13 14:04:07 [[32minfo[39m]: Alliance formed between agents name and B_9 (Alliance ID: a068f73f-9f14-47ee-9f88-5065ea7eca06)
2026-02-13 14:04:07 [[32minfo[39m]: Alliance formed between agents name and h5r\DZ (Alliance ID: af85db2b-ddd5-4e79-88ff-836947402047)
2026-02-13 14:04:07 [[32minfo[39m]: Alliance formed between agents name and @ (Alliance ID: cccffbf0-be6f-4447-818c-68a7542c9d82)
2026-02-13 14:04:07 [[32minfo[39m]: Alliance d8d4d93f-061a-4994-9af2-bf09572388c6 broken by agent name
2026-02-13 14:04:07 [[32minfo[39m]: Initializing 16 agents with initial balance 1000
2026-02-13 14:04:07 [[32minfo[39m]: Alliance formed between agents oqS and ?Z@ (Alliance ID: dad4be85-a3c9-4745-8d9d-9ff036251186)
2026-02-13 14:04:07 [[32minfo[39m]: Successfully initialized 16 agents
2026-02-13 14:04:07 [[32minfo[39m]: Alliance formed between agents oqS and e (Alliance ID: c4cadb31-7a1d-4242-af2c-b1a0834d58cf)
2026-02-13 14:04:07 [[32minfo[39m]: Alliance formed between agents oqS and zpOUy"P (Alliance ID: 54ecd79f-d06e-4241-8005-e1426a80daf4)
2026-02-13 14:04:07 [[32minfo[39m]: Alliance formed between agents oqS and d (Alliance ID: 5de51375-2ada-4848-96e7-3f358e910d46)
2026-02-13 14:04:07 [[32minfo[39m]: Alliance formed between agents oqS and E!u (Alliance ID: 972654ba-bef0-4715-8813-ff715e22ffdd)
2026-02-13 14:04:07 [[32minfo[39m]: Alliance formed between agents oqS and >xO1 (Alliance ID: 6a6298cd-af1f-4010-ad2f-779409cf0d77)
2026-02-13 14:04:07 [[32minfo[39m]: Initializing 3 agents with initial balance 1000
2026-02-13 14:04:07 [[32minfo[39m]: Alliance dad4be85-a3c9-4745-8d9d-9ff036251186 broken by agent oqS
2026-02-13 14:04:07 [[32minfo[39m]: Alliance formed between agents 2 and V#%E5iN\Sa (Alliance ID: 0ebd6b15-d1f9-45e0-b3ca-6e23dfd247bc)
2026-02-13 14:04:07 [[32minfo[39m]: Alliance formed between agents 2 and h9U#&)=>r (Alliance ID: cf7da336-27b1-4612-aa62-20d045e37f00)
2026-02-13 14:04:07 [[32minfo[39m]: Successfully initialized 3 agents
2026-02-13 14:04:07 [[32minfo[39m]: Alliance formed between agents 2 and 4 (Alliance ID: dcecdd22-8346-4c07-bd60-c2847aabc1f2)
2026-02-13 14:04:07 [[32minfo[39m]: Alliance formed between agents 2 and u:$L (Alliance ID: 97e9c198-40c0-4807-8b50-7c19c270fa1a)
2026-02-13 14:04:07 [[32minfo[39m]: Alliance formed between agents 2 and m, (Alliance ID: 3ac86c80-6615-4608-828f-f89984d4f644)
2026-02-13 14:04:07 [[32minfo[39m]: Alliance formed between agents 2 and i:>~lG (Alliance ID: 5deec9d5-e088-4cca-a4c6-7d809627ac85)
2026-02-13 14:04:07 [[32minfo[39m]: Initializing 19 agents with initial balance 1000
2026-02-13 14:04:07 [[32minfo[39m]: Alliance formed between agents 2 and JwxvE-Gf (Alliance ID: ccb412af-678c-4579-ae9f-c25952dd924e)
2026-02-13 14:04:07 [[32minfo[39m]: Alliance formed between agents 2 and Fl3I (Alliance ID: ee08449f-0a31-42ce-80f3-1aa53fa216c2)
2026-02-13 14:04:07 [[32minfo[39m]: Alliance 0ebd6b15-d1f9-45e0-b3ca-6e23dfd247bc broken by agent 2
2026-02-13 14:04:07 [[32minfo[39m]: Alliance formed between agents & and agKG[gl (Alliance ID: 0e343b01-fa27-4e41-bd57-1dc2efdfe511)
2026-02-13 14:04:07 [[32minfo[39m]: Alliance formed between agents & and .al7wf! (Alliance ID: 00bc1bb6-bc0c-4c72-858a-f361d6c3c888)
2026-02-13 14:04:07 [[32minfo[39m]: Successfully initialized 19 agents
2026-02-13 14:04:07 [[32minfo[39m]: Alliance formed between agents & and #Dr< (Alliance ID: 56fc29bd-3849-434c-ba90-7687bd7241a7)
2026-02-13 14:04:07 [[32minfo[39m]: Alliance 0e343b01-fa27-4e41-bd57-1dc2efdfe511 broken by agent &
2026-02-13 14:04:07 [[32minfo[39m]: Alliance formed between agents .2/hlQ'; and eJ>3 (Alliance ID: e63392d1-0a0e-4e20-b3fd-25824671d5b8)
2026-02-13 14:04:07 [[32minfo[39m]: Alliance formed between agents .2/hlQ'; and dE@|?v@W (Alliance ID: 80f6feeb-488b-4afe-bea8-b6425cba56f6)
2026-02-13 14:04:07 [[32minfo[39m]: Alliance formed between agents .2/hlQ'; and XE<&vKjK^ (Alliance ID: a65873ec-d03a-4c5c-b8ba-619c6ca29df2)
2026-02-13 14:04:07 [[32minfo[39m]: Alliance formed between agents .2/hlQ'; and =spKV% (Alliance ID: 2ebaa352-a0fb-49c4-b567-baec95d91dec)
2026-02-13 14:04:07 [[32minfo[39m]: Alliance formed between agents .2/hlQ'; and xVJWM+b$R/n6 (Alliance ID: 5f9a7f68-17aa-4572-b810-6adc40929cdb)
2026-02-13 14:04:07 [[32minfo[39m]: Initializing 13 agents with initial balance 1000
2026-02-13 14:04:07 [[32minfo[39m]: Alliance e63392d1-0a0e-4e20-b3fd-25824671d5b8 broken by agent .2/hlQ';
2026-02-13 14:04:07 [[32minfo[39m]: Alliance formed between agents ,v and ZN (Alliance ID: 48feec67-39a7-4c8b-8365-aea43dd751c2)
2026-02-13 14:04:07 [[32minfo[39m]: Successfully initialized 13 agents
2026-02-13 14:04:07 [[32minfo[39m]: Alliance formed between agents ,v and QW0Zz3p' (Alliance ID: ff604c8e-7694-4dfc-9ddc-97a2b759662f)
2026-02-13 14:04:07 [[32minfo[39m]: Alliance formed between agents ,v and - (Alliance ID: deabeb18-23e5-4fb1-aad7-ae4b91088e24)
2026-02-13 14:04:07 [[32minfo[39m]: Alliance formed between agents ,v and 3Z($| (Alliance ID: c88d5d55-6828-4ced-8640-2baad5d4a13a)
2026-02-13 14:04:07 [[32minfo[39m]: Alliance formed between agents ,v and (QM>OGC (Alliance ID: 6cd7e545-9be5-4357-9937-9b1396c7428f)
2026-02-13 14:04:07 [[32minfo[39m]: Initializing 15 agents with initial balance 1000
2026-02-13 14:04:07 [[32minfo[39m]: Alliance formed between agents ,v and U{qHl (Alliance ID: 2d663c3e-08ac-4801-9df5-acdaa6f55c76)
2026-02-13 14:04:07 [[32minfo[39m]: Alliance formed between agents ,v and u; (Alliance ID: f009982c-c256-4b83-b166-57163b78270d)
2026-02-13 14:04:07 [[32minfo[39m]: Alliance 48feec67-39a7-4c8b-8365-aea43dd751c2 broken by agent ,v
2026-02-13 14:04:07 [[32minfo[39m]: Alliance formed between agents m and A3{ 'niaUt (Alliance ID: 6fc4e895-4377-4f6e-9a13-2712ae6aa5ec)
2026-02-13 14:04:07 [[32minfo[39m]: Successfully initialized 15 agents
2026-02-13 14:04:07 [[32minfo[39m]: Alliance formed between agents m and 3>X (Alliance ID: 48fb44db-79ef-4ea1-a0c4-6afa2d4bef1e)
2026-02-13 14:04:07 [[32minfo[39m]: Alliance formed between agents m and pn"suS (Alliance ID: cf902bce-a01e-4c08-ba2b-eef11e1d62a9)
2026-02-13 14:04:07 [[32minfo[39m]: Alliance formed between agents m and [Ar"+p_!n (Alliance ID: 612b179a-690a-446e-a19b-8621d0b02e55)
2026-02-13 14:04:07 [[32minfo[39m]: Alliance formed between agents m and ^=!?QKu69S (Alliance ID: 095aaaae-4770-47d1-bf7c-1290b628f7ae)
2026-02-13 14:04:07 [[32minfo[39m]: Alliance 6fc4e895-4377-4f6e-9a13-2712ae6aa5ec broken by agent m
2026-02-13 14:04:07 [[32minfo[39m]: Alliance formed between agents sUD8n&BL and ^sb!]~*MnzR (Alliance ID: c7864673-ee8d-49d9-9ca0-1e224c3f2caf)
2026-02-13 14:04:07 [[32minfo[39m]: Alliance formed between agents sUD8n&BL and aPCRH1 (Alliance ID: dfd309d6-57bc-449a-bea7-f652d426f8ef)
2026-02-13 14:04:07 [[32minfo[39m]: Initializing 17 agents with initial balance 1000
2026-02-13 14:04:07 [[32minfo[39m]: Initializing 13 agents with initial balance 2617
2026-02-13 14:04:07 [[32minfo[39m]: Successfully initialized 17 agents
2026-02-13 14:04:07 [[32minfo[39m]: Successfully initialized 13 agents
2026-02-13 14:04:07 [[32minfo[39m]: Initializing 4 agents with initial balance 1000
2026-02-13 14:04:07 [[32minfo[39m]: Successfully initialized 4 agents
2026-02-13 14:04:07 [[32minfo[39m]: Initializing 5 agents with initial balance 1000
2026-02-13 14:04:07 [[32minfo[39m]: Successfully initialized 5 agents
2026-02-13 14:04:07 [[32minfo[39m]: Initializing 8 agents with initial balance 1000
2026-02-13 14:04:07 [[32minfo[39m]: Alliance c7864673-ee8d-49d9-9ca0-1e224c3f2caf broken by agent sUD8n&BL
2026-02-13 14:04:07 [[32minfo[39m]: Alliance formed between agents :PG and (6G,wFg\& (Alliance ID: 9a20813d-457f-49fd-bf08-6efa8f78406e)
2026-02-13 14:04:07 [[32minfo[39m]: Successfully initialized 8 agents
2026-02-13 14:04:07 [[32minfo[39m]: Alliance formed between agents :PG and ~-hN,0 (Alliance ID: 75c8cfe6-9fb5-4b4e-84c9-a10b141bfd0d)
2026-02-13 14:04:07 [[32minfo[39m]: Alliance formed between agents :PG and (9t="C$$uam (Alliance ID: 519accec-02ff-457a-b93b-a308a0028fbe)
2026-02-13 14:04:07 [[32minfo[39m]: Alliance formed between agents :PG and i'\U,6T.OID (Alliance ID: 6c77a2cf-ca7c-4eb7-b040-0853a8f35a1d)
2026-02-13 14:04:07 [[32minfo[39m]: Alliance 9a20813d-457f-49fd-bf08-6efa8f78406e broken by agent :PG
2026-02-13 14:04:07 [[32minfo[39m]: Initializing 4 agents with initial balance 1000
2026-02-13 14:04:07 [[32minfo[39m]: Alliance formed between agents [,*jj,# and g< (Alliance ID: 1f08483c-237c-4786-a2a2-96e77868fac1)
2026-02-13 14:04:07 [[32minfo[39m]: Successfully initialized 4 agents
2026-02-13 14:04:07 [[32minfo[39m]: Alliance formed between agents [,*jj,# and 41\3 (Alliance ID: 291c2d6f-6cef-43ee-b869-303fcfb76b32)
2026-02-13 14:04:07 [[32minfo[39m]: Alliance formed between agents [,*jj,# and Er(Zc5>PH (Alliance ID: 830ab18b-4751-4480-80bb-5298e87536aa)
2026-02-13 14:04:07 [[32minfo[39m]: Alliance formed between agents [,*jj,# and aVqU[ (Alliance ID: 7e8c8a95-6d0e-4da6-b0b0-4dc4417c8d16)
2026-02-13 14:04:07 [[32minfo[39m]: Initializing 3 agents with initial balance 1000
2026-02-13 14:04:07 [[32minfo[39m]: Alliance formed between agents [,*jj,# and Y*l6 (Alliance ID: 32467ab1-02e9-4271-a0e3-67571278a432)
2026-02-13 14:04:07 [[32minfo[39m]: Successfully initialized 3 agents
2026-02-13 14:04:07 [[32minfo[39m]: Alliance formed between agents [,*jj,# and 6do (Alliance ID: f8b0c568-e348-441d-a2e4-7b8ce9249faf)
2026-02-13 14:04:07 [[32minfo[39m]: Alliance 1f08483c-237c-4786-a2a2-96e77868fac1 broken by agent [,*jj,#
2026-02-13 14:04:07 [[32minfo[39m]: Alliance formed between agents p and lzy~! (Alliance ID: 1ee057d4-cdf1-45e7-a2d8-2220caa7a01c)
2026-02-13 14:04:07 [[32minfo[39m]: Alliance formed between agents p and xT*#Py1`$} (Alliance ID: 507a7825-3dab-4ed6-948e-a097ac53e6bd)
2026-02-13 14:04:07 [[32minfo[39m]: Alliance formed between agents p and wx !PQAJ6I> (Alliance ID: 2e1c85ea-aac7-4ea7-92f3-6349b109ff23)
2026-02-13 14:04:07 [[32minfo[39m]: Alliance formed between agents p and 0z&D (Alliance ID: bf1a1e2c-9946-4338-8a4e-e14019f9bd8e)
2026-02-13 14:04:07 [[32minfo[39m]: Initializing 4 agents with initial balance 1000
2026-02-13 14:04:07 [[32minfo[39m]: Alliance formed between agents p and x\>D (Alliance ID: a0dcb698-a4e8-45e6-9e07-926b31b562b1)
2026-02-13 14:04:07 [[32minfo[39m]: Successfully initialized 4 agents
2026-02-13 14:04:07 [[32minfo[39m]: Alliance 1ee057d4-cdf1-45e7-a2d8-2220caa7a01c broken by agent p
2026-02-13 14:04:07 [[32minfo[39m]: Alliance formed between agents U{?h]r. and ! (Alliance ID: 7e7c1bec-000b-481e-8e33-3f8e5b046039)
2026-02-13 14:04:07 [[32minfo[39m]: Alliance formed between agents U{?h]r. and bbq4~.U= (Alliance ID: c6ddaa9d-ef06-4f4f-89d6-18777ba2b2a6)
2026-02-13 14:04:07 [[32minfo[39m]: Alliance formed between agents U{?h]r. and wp+^pQR (Alliance ID: 9d36a2d3-502b-4446-8a85-1d51b36ce3f3)
2026-02-13 14:04:07 [[32minfo[39m]: Alliance formed between agents U{?h]r. and 3M,Hu]Tn (Alliance ID: 39f12259-4e91-4368-8f5f-07e5a2b076cf)
2026-02-13 14:04:07 [[32minfo[39m]: Alliance 7e7c1bec-000b-481e-8e33-3f8e5b046039 broken by agent U{?h]r.
2026-02-13 14:04:07 [[32minfo[39m]: Alliance formed between agents 5Ll"r"roG and -gb (Alliance ID: a3fe3e77-0e4b-4a84-81ab-0e1a2184d48e)
2026-02-13 14:04:07 [[32minfo[39m]: Alliance formed between agents 5Ll"r"roG and rpm40.`*\ (Alliance ID: cab05107-7769-4aa0-b7be-ebd5c10a1bfe)
2026-02-13 14:04:07 [[32minfo[39m]: Alliance a3fe3e77-0e4b-4a84-81ab-0e1a2184d48e broken by agent 5Ll"r"roG
2026-02-13 14:04:07 [[32minfo[39m]: Alliance formed between agents nhAR and &e]+$2_:< Xo (Alliance ID: 11c5bba1-a14f-4401-ac05-2c24c4d57998)
2026-02-13 14:04:07 [[32minfo[39m]: Alliance formed between agents nhAR and h578|Ti( (Alliance ID: bf68685a-25d2-4ed9-930e-c0deb16cd09c)
2026-02-13 14:04:07 [[32minfo[39m]: Alliance formed between agents nhAR and &&7Q+,V (Alliance ID: 4868bc14-a0dd-4edb-8080-87add89b6a18)
2026-02-13 14:04:07 [[32minfo[39m]: Alliance formed between agents nhAR and tlyz j}nn (Alliance ID: ea529ca4-9b99-45dc-a683-01f6b7f99a9f)
2026-02-13 14:04:07 [[32minfo[39m]: Alliance 11c5bba1-a14f-4401-ac05-2c24c4d57998 broken by agent nhAR
2026-02-13 14:04:07 [[32minfo[39m]: Alliance formed between agents %_ and to (Alliance ID: d909eaa6-92e0-4e98-9c4f-4b739f509512)
2026-02-13 14:04:07 [[32minfo[39m]: Alliance formed between agents %_ and )(ALb (Alliance ID: 88edd2af-faf1-4df3-ac63-38eccd423878)
2026-02-13 14:04:07 [[32minfo[39m]: Alliance formed between agents %_ and 75 (Alliance ID: f587145f-3c8a-4909-bbf8-56589f7b4dc9)
2026-02-13 14:04:07 [[32minfo[39m]: Initializing 2 agents with initial balance 1000
2026-02-13 14:04:07 [[32minfo[39m]: Alliance formed between agents %_ and sIuHJ&*UOw (Alliance ID: 45bf5112-6b69-47ab-934b-bff925cf2556)
2026-02-13 14:04:07 [[32minfo[39m]: Alliance formed between agents %_ and z}#| (Alliance ID: b767a922-ee7b-4d5e-8485-d1e28585e989)
2026-02-13 14:04:07 [[32minfo[39m]: Alliance formed between agents %_ and )=R}#I# (Alliance ID: c2413604-3d79-4c44-9e5a-370a6eac23ac)
2026-02-13 14:04:07 [[32minfo[39m]: Successfully initialized 2 agents
2026-02-13 14:04:07 [[32minfo[39m]: Alliance d909eaa6-92e0-4e98-9c4f-4b739f509512 broken by agent %_
2026-02-13 14:04:07 [[32minfo[39m]: Alliance formed between agents %"G^ma and TJ7MPH$* (Alliance ID: 2053239b-16b4-4731-b5d2-a8f270648c0d)
2026-02-13 14:04:07 [[32minfo[39m]: Alliance formed between agents %"G^ma and &yvk (Alliance ID: b00803bf-1827-4516-a3bd-cb36ad51335e)
2026-02-13 14:04:07 [[32minfo[39m]: Alliance formed between agents %"G^ma and jYWDF=`96p5 (Alliance ID: bdf66f64-445a-4020-89c9-277ff8273026)
2026-02-13 14:04:07 [[32minfo[39m]: Initializing 20 agents with initial balance 1000
2026-02-13 14:04:07 [[32minfo[39m]: Alliance formed between agents %"G^ma and m7ve+><~(Rk (Alliance ID: 1d1530e6-4bd8-45dd-80c8-a31bd988623d)
2026-02-13 14:04:07 [[32minfo[39m]: Alliance formed between agents %"G^ma and "r!GA8( (Alliance ID: e37a8f03-c85e-46c4-829f-ede717feb146)
2026-02-13 14:04:07 [[32minfo[39m]: Successfully initialized 20 agents
2026-02-13 14:04:07 [[32minfo[39m]: Alliance formed between agents %"G^ma and @uU (Alliance ID: 6edb53c6-df10-451f-96ce-d3a44d1363bc)
2026-02-13 14:04:07 [[32minfo[39m]: Alliance formed between agents %"G^ma and }d$-t$HMr (Alliance ID: 0cf5e1dd-126c-415b-81d7-0e8c929182d0)
2026-02-13 14:04:07 [[32minfo[39m]: Alliance formed between agents %"G^ma and 2i)e".,#Y (Alliance ID: d1ef7d1b-1248-4eab-89f3-20e196029cbe)
2026-02-13 14:04:07 [[32minfo[39m]: Alliance formed between agents %"G^ma and |b%3 (Alliance ID: 31c7d7fd-4956-46c2-a30d-decb6657d0de)
2026-02-13 14:04:07 [[32minfo[39m]: Alliance 2053239b-16b4-4731-b5d2-a8f270648c0d broken by agent %"G^ma
2026-02-13 14:04:07 [[32minfo[39m]: Initializing 18 agents with initial balance 1000
2026-02-13 14:04:07 [[32minfo[39m]: Alliance formed between agents hPKy% and iK:P:o'"3U (Alliance ID: 4fc301de-36ab-45e3-a6d4-3703cfe2a42b)
2026-02-13 14:04:07 [[32minfo[39m]: Alliance formed between agents hPKy% and 7\TttS0@Ta& (Alliance ID: e5c9c134-3755-476c-8bf7-61a84b4e484b)
2026-02-13 14:04:07 [[32minfo[39m]: Successfully initialized 18 agents
2026-02-13 14:04:07 [[32minfo[39m]: Alliance formed between agents hPKy% and g =t!a:!}: (Alliance ID: 64725862-1b6c-4245-b50b-d205aff71068)
2026-02-13 14:04:07 [[32minfo[39m]: Alliance formed between agents hPKy% and b0|?;AlF (Alliance ID: 869badf2-b981-48c2-b8c6-0cbc097180fd)
2026-02-13 14:04:07 [[32minfo[39m]: Alliance formed between agents hPKy% and Fk (Alliance ID: 048867d7-1c98-4009-baa8-d0facac20a23)
2026-02-13 14:04:07 [[32minfo[39m]: Alliance formed between agents hPKy% and %a7C (Alliance ID: ebb6cfe3-f0b7-4084-b124-81493f54541f)
2026-02-13 14:04:07 [[32minfo[39m]: Alliance formed between agents hPKy% and 9t (Alliance ID: 4bdfedcd-27b8-4706-91e2-4a3656c5aefb)
2026-02-13 14:04:07 [[32minfo[39m]: Alliance formed between agents hPKy% and !kK5n[ (Alliance ID: 5fe086bf-44ab-4065-9840-7dcbd02c6451)
2026-02-13 14:04:07 [[32minfo[39m]: Alliance 4fc301de-36ab-45e3-a6d4-3703cfe2a42b broken by agent hPKy%
2026-02-13 14:04:07 [[32minfo[39m]: Alliance formed between agents e[r=slr and  De__proto__ (Alliance ID: 52980c4c-f268-4401-8178-493ca470e409)
2026-02-13 14:04:07 [[32minfo[39m]: Alliance formed between agents e[r=slr and pd (Alliance ID: f5b48861-361a-46c3-9db5-654e11b0f4b4)
2026-02-13 14:04:07 [[32minfo[39m]: Alliance formed between agents e[r=slr and XqaG^ (Alliance ID: 4ed8b31d-37ad-4d23-9b94-dad56750744b)
2026-02-13 14:04:07 [[32minfo[39m]: Alliance 52980c4c-f268-4401-8178-493ca470e409 broken by agent e[r=slr
2026-02-13 14:04:07 [[32minfo[39m]: Alliance formed between agents v*1Y and 53oh*T>8 (Alliance ID: 4ab50802-acc1-481f-9a63-ca56fb712db2)
2026-02-13 14:04:07 [[32minfo[39m]: Alliance formed between agents v*1Y and $14'yAqS)y^r (Alliance ID: f5e51c33-b4eb-4ccf-807b-ba3d762bc3d0)
2026-02-13 14:04:07 [[32minfo[39m]: Initializing 2 agents with initial balance 1000
2026-02-13 14:04:07 [[32minfo[39m]: Alliance formed between agents v*1Y and \.91D#=u (Alliance ID: 1b45f909-e0f4-45d3-be00-e9d2bae107f9)
2026-02-13 14:04:07 [[32minfo[39m]: Alliance formed between agents v*1Y and ~`v%/%l (Alliance ID: ed246a25-bcbd-400e-a211-28b95065d18e)
2026-02-13 14:04:07 [[32minfo[39m]: Alliance formed between agents v*1Y and nxr (Alliance ID: 54b6ffdf-1657-4daf-80d6-442c40dd3f0a)
2026-02-13 14:04:07 [[32minfo[39m]: Successfully initialized 2 agents
2026-02-13 14:04:07 [[32minfo[39m]: Alliance formed between agents v*1Y and ]\Uu^CNf]r,h (Alliance ID: 10f002a9-e700-43ca-b889-1f24ad0ad582)
2026-02-13 14:04:07 [[32minfo[39m]: Alliance formed between agents v*1Y and \+4JD (Alliance ID: f965c7d8-cda6-46ac-8920-ea55cc411a87)
2026-02-13 14:04:07 [[32minfo[39m]: Alliance formed between agents v*1Y and 6q (Alliance ID: 61306fcc-b312-4768-ad83-565e027d2dee)
2026-02-13 14:04:07 [[32minfo[39m]: Alliance 4ab50802-acc1-481f-9a63-ca56fb712db2 broken by agent v*1Y
2026-02-13 14:04:07 [[32minfo[39m]: Alliance formed between agents DzGlH Z_b\2 and .?()c(%@jV~ (Alliance ID: 5bd62225-756c-4fe5-b6ff-c6bcade5b7cf)
2026-02-13 14:04:07 [[32minfo[39m]: Alliance formed between agents DzGlH Z_b\2 and ^< (Alliance ID: 50a49889-320f-4746-9484-cababbe05a5d)
2026-02-13 14:04:07 [[32minfo[39m]: Initializing 16 agents with initial balance 1000
2026-02-13 14:04:07 [[32minfo[39m]: Alliance formed between agents DzGlH Z_b\2 and JyH50mOe1C (Alliance ID: f5fe2444-1adf-41fd-b223-4db391a8ab2f)
2026-02-13 14:04:07 [[32minfo[39m]: Alliance formed between agents DzGlH Z_b\2 and *U[peY (Alliance ID: 4f32516e-e209-4272-b0ba-50a9b2003ddf)
2026-02-13 14:04:07 [[32minfo[39m]: Alliance formed between agents DzGlH Z_b\2 and DX-y) (Alliance ID: 3f4352d8-f970-4f7c-9db1-c2e2e4d2cd5f)
2026-02-13 14:04:07 [[32minfo[39m]: Successfully initialized 16 agents
2026-02-13 14:04:07 [[32minfo[39m]: Alliance formed between agents DzGlH Z_b\2 and Vk (Alliance ID: b07eca9e-9088-4172-b593-7a907dd91a3d)
2026-02-13 14:04:07 [[32minfo[39m]: Alliance formed between agents DzGlH Z_b\2 and nz4a (Alliance ID: 7730a17a-f40e-4330-87be-c971431a4adf)
2026-02-13 14:04:07 [[32minfo[39m]: Alliance formed between agents DzGlH Z_b\2 and k7 (Alliance ID: 86744171-fede-4ea2-b9ce-ece96d8a3fdc)
2026-02-13 14:04:07 [[32minfo[39m]: Alliance formed between agents DzGlH Z_b\2 and lxFG|'2DB2 (Alliance ID: 652aad7e-b2e7-4fd2-996a-4e90b4d06138)
2026-02-13 14:04:07 [[32minfo[39m]: Alliance 5bd62225-756c-4fe5-b6ff-c6bcade5b7cf broken by agent DzGlH Z_b\2
2026-02-13 14:04:07 [[32minfo[39m]: Initializing 4 agents with initial balance 1000
2026-02-13 14:04:07 [[32minfo[39m]: Successfully initialized 4 agents
2026-02-13 14:04:07 [[32minfo[39m]: Alliance formed between agents P8 kgsif'0Q" and K (Alliance ID: 7577ccbc-b8ba-463c-bf6e-21d0a20af970)
2026-02-13 14:04:07 [[32minfo[39m]: Alliance formed between agents P8 kgsif'0Q" and $]5N (Alliance ID: 9cd87212-ce87-42fb-aef2-7f197dc64c69)
2026-02-13 14:04:07 [[32minfo[39m]: Alliance 7577ccbc-b8ba-463c-bf6e-21d0a20af970 broken by agent P8 kgsif'0Q"
2026-02-13 14:04:07 [[32minfo[39m]: Alliance formed between agents ?j3w[G9c\i. and ")nr9YTvT_ (Alliance ID: 097bf8cb-c36a-4437-a6ef-783993c10ae2)
2026-02-13 14:04:07 [[32minfo[39m]: Alliance formed between agents ?j3w[G9c\i. and /8g*\ci^DL (Alliance ID: 3a821f63-cd2b-422e-93f6-29d6ea69f0bd)
2026-02-13 14:04:07 [[32minfo[39m]: Alliance formed between agents ?j3w[G9c\i. and H<ccX8{s (Alliance ID: 8322ca1b-703e-44f7-a991-094d741e98ac)
2026-02-13 14:04:07 [[32minfo[39m]: Alliance formed between agents ?j3w[G9c\i. and 2N&_t (Alliance ID: 600a178e-ed9a-42fe-9626-b89e2c93f69f)
2026-02-13 14:04:07 [[32minfo[39m]: Alliance formed between agents ?j3w[G9c\i. and Wq]4:[/F-J* (Alliance ID: 0501f803-f0de-424c-88e9-7945f62d9bc5)
2026-02-13 14:04:07 [[32minfo[39m]: Alliance formed between agents ?j3w[G9c\i. and prototype (Alliance ID: 72a05b3d-fbf3-466c-bc09-c9453ca191c3)
2026-02-13 14:04:07 [[32minfo[39m]: Alliance formed between agents ?j3w[G9c\i. and pM&!#!mJ (Alliance ID: 0c99f629-b5eb-49dd-bdbb-71bc8ad6921c)
2026-02-13 14:04:07 [[32minfo[39m]: Initializing 19 agents with initial balance 1000
2026-02-13 14:04:07 [[32minfo[39m]: Successfully initialized 19 agents
2026-02-13 14:04:07 [[32minfo[39m]: Initializing 5 agents with initial balance 1000
2026-02-13 14:04:07 [[32minfo[39m]: Successfully initialized 5 agents
2026-02-13 14:04:07 [[32minfo[39m]: Initializing 18 agents with initial balance 1000
2026-02-13 14:04:07 [[32minfo[39m]: Successfully initialized 18 agents
2026-02-13 14:04:07 [[32minfo[39m]: Initializing 10 agents with initial balance 1000
2026-02-13 14:04:07 [[32minfo[39m]: Successfully initialized 10 agents
2026-02-13 14:04:07 [[32minfo[39m]: Initializing 12 agents with initial balance 1000
2026-02-13 14:04:07 [[32minfo[39m]: Successfully initialized 12 agents
2026-02-13 14:04:07 [[32minfo[39m]: Initializing 7 agents with initial balance 1000
2026-02-13 14:04:07 [[32minfo[39m]: Successfully initialized 7 agents
2026-02-13 14:04:07 [[32minfo[39m]: Alliance formed between agents ?j3w[G9c\i. and 1> (Alliance ID: 2010dd99-4cf4-4227-ba6b-398fa684c571)
2026-02-13 14:04:07 [[32minfo[39m]: Alliance 097bf8cb-c36a-4437-a6ef-783993c10ae2 broken by agent ?j3w[G9c\i.
2026-02-13 14:04:07 [[32minfo[39m]: Alliance formed between agents =Mx)T&-Z9'H" and Tq_4W_OdF*r (Alliance ID: 7d706897-fad2-4da2-be8d-9848a211c33d)
2026-02-13 14:04:07 [[32minfo[39m]: Alliance formed between agents =Mx)T&-Z9'H" and 'L@(-_ (Alliance ID: 75a49a44-6496-463a-a40f-f84b5d27a8fc)
2026-02-13 14:04:07 [[32minfo[39m]: Alliance formed between agents =Mx)T&-Z9'H" and c'+2y0 (Alliance ID: 6eb1aac9-1a25-4def-a5ee-5ab5687577f2)
2026-02-13 14:04:07 [[32minfo[39m]: Alliance formed between agents =Mx)T&-Z9'H" and _ (Alliance ID: 65b59467-5a88-4b56-a77c-870857ed60bc)
2026-02-13 14:04:07 [[32minfo[39m]: Initializing 8 agents with initial balance 1000
2026-02-13 14:04:07 [[32minfo[39m]: Alliance formed between agents =Mx)T&-Z9'H" and ;:= (Alliance ID: 67916dd6-ed4c-4386-b93f-d991ce479403)
2026-02-13 14:04:07 [[32minfo[39m]: Alliance formed between agents =Mx)T&-Z9'H" and QBk?/]PNG^\ (Alliance ID: 46c6cf4f-5ea2-4a83-81db-f5c638e7348c)
2026-02-13 14:04:07 [[32minfo[39m]: Alliance formed between agents =Mx)T&-Z9'H" and 3B,c"c]pD (Alliance ID: 17efa3ce-d29c-4f1a-b002-7eb9b4898456)
2026-02-13 14:04:07 [[32minfo[39m]: Alliance 7d706897-fad2-4da2-be8d-9848a211c33d broken by agent =Mx)T&-Z9'H"
2026-02-13 14:04:07 [[32minfo[39m]: Alliance formed between agents e and uwu"JV (Alliance ID: 77fa214b-0898-4338-9ed5-f46ad7dfd8ff)
2026-02-13 14:04:07 [[32minfo[39m]: Successfully initialized 8 agents
2026-02-13 14:04:07 [[32minfo[39m]: Alliance formed between agents e and A:,eD (Alliance ID: cbbad43a-3609-4db3-a05b-51d97b2877d2)
2026-02-13 14:04:07 [[32minfo[39m]: Alliance formed between agents e and _qnV (Alliance ID: f2943261-038b-4786-8102-acc6daba8796)
2026-02-13 14:04:07 [[32minfo[39m]: Alliance formed between agents e and bEm (Alliance ID: 38396c1b-94c2-4152-bee1-df6bd15358fb)
2026-02-13 14:04:07 [[32minfo[39m]: Alliance formed between agents e and `j $|7<e (Alliance ID: 6b970404-0b76-41b0-94ee-b966e9c5b79c)
2026-02-13 14:04:07 [[32minfo[39m]: Alliance formed between agents e and o4V bg%E[1x (Alliance ID: a7ac56d7-bc7a-4a83-89b1-2de375696d79)
2026-02-13 14:04:07 [[32minfo[39m]: Alliance 77fa214b-0898-4338-9ed5-f46ad7dfd8ff broken by agent e
2026-02-13 14:04:07 [[32minfo[39m]: Alliance formed between agents 5B ".7)u_t9j and M>Vdnq (Alliance ID: c0845032-e584-4563-8999-a9a3c9fbe7c0)
2026-02-13 14:04:07 [[32minfo[39m]: Alliance formed between agents 5B ".7)u_t9j and n|THH(w (Alliance ID: ac21d3ee-b0dc-43b4-b3e3-62d3fdc18880)
2026-02-13 14:04:07 [[32minfo[39m]: Alliance formed between agents 5B ".7)u_t9j and #.A{\}do(,E (Alliance ID: d7b54e16-546a-47d6-959d-4663c42481cf)
2026-02-13 14:04:07 [[32minfo[39m]: Alliance formed between agents 5B ".7)u_t9j and ,i]:' (Alliance ID: 88668f7b-00c4-47a9-90ee-c33c4104b8fa)
2026-02-13 14:04:07 [[32minfo[39m]: Initializing 10 agents with initial balance 1000
2026-02-13 14:04:07 [[32minfo[39m]: Alliance formed between agents 5B ".7)u_t9j and 3 (Alliance ID: 76bb71b3-7941-4857-a087-540e252e0dc1)
2026-02-13 14:04:07 [[32minfo[39m]: Successfully initialized 10 agents
2026-02-13 14:04:07 [[32minfo[39m]: Alliance formed between agents 5B ".7)u_t9j and '|P/r,"a (Alliance ID: cc402dc2-098b-4389-b84f-521790a2ca6b)
2026-02-13 14:04:07 [[32minfo[39m]: Alliance c0845032-e584-4563-8999-a9a3c9fbe7c0 broken by agent 5B ".7)u_t9j
2026-02-13 14:04:07 [[32minfo[39m]: Alliance formed between agents B\bdYV8 and urq#UJ (Alliance ID: ea79dc10-eeab-4d0b-b7d1-1506e6e97d1e)
2026-02-13 14:04:07 [[32minfo[39m]: Alliance formed between agents B\bdYV8 and rb#Ew;hh"RMz (Alliance ID: b9cbe4c8-5bb3-4376-b0d8-8add545ee0fd)
2026-02-13 14:04:07 [[32minfo[39m]: Alliance ea79dc10-eeab-4d0b-b7d1-1506e6e97d1e broken by agent B\bdYV8
2026-02-13 14:04:07 [[32minfo[39m]: Alliance formed between agents Sz.^i2m]y and s\3MOj4`Mq (Alliance ID: 549b1680-b704-455f-84ae-8a54b4a0ab0b)
2026-02-13 14:04:07 [[32minfo[39m]: Alliance formed between agents Sz.^i2m]y and ' (Alliance ID: 4e109031-d868-4dbd-b649-623bc13f314c)
2026-02-13 14:04:07 [[32minfo[39m]: Alliance formed between agents Sz.^i2m]y and jh!* (Alliance ID: 43ad4a8c-2990-49a1-a5d7-6693817a1dc6)
2026-02-13 14:04:07 [[32minfo[39m]: Initializing 6 agents with initial balance 1000
2026-02-13 14:04:07 [[32minfo[39m]: Alliance formed between agents Sz.^i2m]y and -lo8{?:J9#& (Alliance ID: c4e53e3c-7de1-4c4c-9e52-5024ecbf88e8)
2026-02-13 14:04:07 [[32minfo[39m]: Successfully initialized 6 agents
2026-02-13 14:04:07 [[32minfo[39m]: Alliance formed between agents Sz.^i2m]y and 0{iVJNG; (Alliance ID: 7555eb2f-902b-4f35-a903-a6ce7d86441b)
2026-02-13 14:04:07 [[32minfo[39m]: Alliance formed between agents Sz.^i2m]y and C (Alliance ID: 61ec33d7-03d7-487a-941b-61e57b4ae9ed)
2026-02-13 14:04:07 [[32minfo[39m]: Alliance formed between agents Sz.^i2m]y and Esyj3MHu (Alliance ID: e3a18081-1f48-4c43-bfaa-d339218c11d4)
2026-02-13 14:04:07 [[32minfo[39m]: Initializing 17 agents with initial balance 1000
2026-02-13 14:04:07 [[32minfo[39m]: Alliance formed between agents Sz.^i2m]y and (OL/Qy(*| (Alliance ID: 9268fd6d-ff93-4fc6-a88d-79a7729e03f2)
2026-02-13 14:04:07 [[32minfo[39m]: Successfully initialized 17 agents
2026-02-13 14:04:07 [[32minfo[39m]: Alliance formed between agents Sz.^i2m]y and !Qzes<28!h (Alliance ID: 2e3e192c-153f-479e-b931-21b6819465bb)
2026-02-13 14:04:07 [[32minfo[39m]: Alliance 549b1680-b704-455f-84ae-8a54b4a0ab0b broken by agent Sz.^i2m]y
2026-02-13 14:04:07 [[32minfo[39m]: Alliance formed between agents wJiv'5OV 6Y and @N[%z$x!S9&} (Alliance ID: bf588dc3-05a7-479c-a450-eca4c2c415e8)
2026-02-13 14:04:07 [[32minfo[39m]: Alliance formed between agents wJiv'5OV 6Y and t%pr (Alliance ID: a0a3af18-79ed-4242-80aa-7bdb46a37f8a)
2026-02-13 14:04:07 [[32minfo[39m]: Alliance formed between agents wJiv'5OV 6Y and (hyC#h9DJ (Alliance ID: e614f1db-a23a-4b14-9ea8-084daa3db35a)
2026-02-13 14:04:07 [[32minfo[39m]: Initializing 19 agents with initial balance 1000
2026-02-13 14:04:07 [[32minfo[39m]: Alliance formed between agents wJiv'5OV 6Y and |`z{/k!5 (Alliance ID: e1bb7239-aaa2-47ab-a3e2-e6958f1efa21)
2026-02-13 14:04:07 [[32minfo[39m]: Alliance formed between agents wJiv'5OV 6Y and 47AH]Z@ (Alliance ID: a258dc36-920a-43c7-bcb6-dc19a763357f)
2026-02-13 14:04:07 [[32minfo[39m]: Alliance formed between agents wJiv'5OV 6Y and 4 (Alliance ID: a472d4dd-ae20-40cf-83d6-20a586f597ff)
2026-02-13 14:04:07 [[32minfo[39m]: Successfully initialized 19 agents
2026-02-13 14:04:07 [[32minfo[39m]: Alliance bf588dc3-05a7-479c-a450-eca4c2c415e8 broken by agent wJiv'5OV 6Y
2026-02-13 14:04:07 [[32minfo[39m]: Alliance formed between agents  ~/LdGi|a!^ and OoV (Alliance ID: d30bd889-cd12-48f5-ae71-7248b67a068d)
2026-02-13 14:04:07 [[32minfo[39m]: Alliance formed between agents  ~/LdGi|a!^ and %/ (Alliance ID: 21412cb4-342b-4e13-b3f2-c8cb5f826c43)
2026-02-13 14:04:07 [[32minfo[39m]: Alliance formed between agents  ~/LdGi|a!^ and (a (Alliance ID: cb721240-85f9-4125-b063-ba127e84c313)
2026-02-13 14:04:07 [[32minfo[39m]: Alliance formed between agents  ~/LdGi|a!^ and 6b972U5".x (Alliance ID: 9f2efb90-90c6-4108-984a-ab9da791c237)
2026-02-13 14:04:07 [[32minfo[39m]: Initializing 7 agents with initial balance 1000
2026-02-13 14:04:07 [[32minfo[39m]: Alliance formed between agents  ~/LdGi|a!^ and ]r|~[QS (Alliance ID: 6d440b33-98c9-4751-8b47-0613bd99caad)
2026-02-13 14:04:07 [[32minfo[39m]: Alliance formed between agents  ~/LdGi|a!^ and >_71;Cw[/1 (Alliance ID: ddfba9e3-bd37-4247-91eb-c1d9dd3929bc)
2026-02-13 14:04:07 [[32minfo[39m]: Alliance formed between agents  ~/LdGi|a!^ and JBBC (Alliance ID: bba08176-8aad-45d5-884f-856f9279329c)
2026-02-13 14:04:07 [[32minfo[39m]: Successfully initialized 7 agents
2026-02-13 14:04:07 [[32minfo[39m]: Alliance formed between agents  ~/LdGi|a!^ and 6:oH6W (Alliance ID: 515f38e6-6f13-408f-9fca-881883d43818)
2026-02-13 14:04:07 [[32minfo[39m]: Alliance formed between agents  ~/LdGi|a!^ and $=<]4$mO7/ (Alliance ID: c5b86123-37d3-4719-b3c5-7e03e8114625)
2026-02-13 14:04:07 [[32minfo[39m]: Alliance d30bd889-cd12-48f5-ae71-7248b67a068d broken by agent  ~/LdGi|a!^
2026-02-13 14:04:07 [[32minfo[39m]: Alliance formed between agents ~{^6 and N (eH (Alliance ID: cc6394c7-0c36-465e-b0e5-ab07fed48849)
2026-02-13 14:04:07 [[32minfo[39m]: Alliance formed between agents ~{^6 and J--.Qzz|n=oc (Alliance ID: fdbeeced-56b1-4ae6-b1c2-1e9958abdf35)
2026-02-13 14:04:07 [[32minfo[39m]: Alliance cc6394c7-0c36-465e-b0e5-ab07fed48849 broken by agent ~{^6
2026-02-13 14:04:07 [[32minfo[39m]: Initializing 4 agents with initial balance 1000
2026-02-13 14:04:07 [[32minfo[39m]: Alliance formed between agents ie`SLAJr3 and V%KdFm} (Alliance ID: 225669cc-c687-4a37-8d21-186a93ef47cd)
2026-02-13 14:04:07 [[32minfo[39m]: Alliance formed between agents ie`SLAJr3 and F(}- (Alliance ID: de65b9c0-769e-4ba0-9903-3ec22d11d5b1)
2026-02-13 14:04:07 [[32minfo[39m]: Alliance formed between agents ie`SLAJr3 and E (Alliance ID: c0900445-7007-4f30-8509-70f12d90f228)
2026-02-13 14:04:07 [[32minfo[39m]: Successfully initialized 4 agents
2026-02-13 14:04:07 [[32minfo[39m]: Alliance formed between agents ie`SLAJr3 and oH^tVa]'RF (Alliance ID: 48b9d4f4-b526-458d-b25b-20131c3776e7)
2026-02-13 14:04:07 [[32minfo[39m]: Alliance formed between agents ie`SLAJr3 and ZYb%/J\oTnf* (Alliance ID: 4bc6750d-7234-43ae-bfff-7ba656741748)
2026-02-13 14:04:07 [[32minfo[39m]: Alliance formed between agents ie`SLAJr3 and \WQfp?#nyN (Alliance ID: 374f8cee-82f2-4456-a2c7-a65ec38d5db8)
2026-02-13 14:04:07 [[32minfo[39m]: Initializing 19 agents with initial balance 1000
2026-02-13 14:04:07 [[32minfo[39m]: Alliance formed between agents ie`SLAJr3 and 0tj&~zIW^^1 (Alliance ID: 214dcee7-90d3-445a-99f9-92b811b5b92f)
2026-02-13 14:04:07 [[32minfo[39m]: Alliance 225669cc-c687-4a37-8d21-186a93ef47cd broken by agent ie`SLAJr3
2026-02-13 14:04:07 [[32minfo[39m]: Successfully initialized 19 agents
2026-02-13 14:04:07 [[32minfo[39m]: Alliance formed between agents EZ and -itCM$IGg (Alliance ID: 00bd39b7-6b8b-4e6a-b19b-79c805aa578b)
2026-02-13 14:04:07 [[32minfo[39m]: Alliance formed between agents EZ and dv (Alliance ID: a19a05df-eab2-4d1d-97d2-6f764c001468)
2026-02-13 14:04:07 [[32minfo[39m]: Alliance formed between agents EZ and S\\3 (Alliance ID: 9a341fdc-9361-40ec-b2fe-fec539b572a4)
2026-02-13 14:04:07 [[32minfo[39m]: Alliance 00bd39b7-6b8b-4e6a-b19b-79c805aa578b broken by agent EZ
2026-02-13 14:04:07 [[32minfo[39m]: Alliance formed between agents &{4o-! and !ap7Z (Alliance ID: 256971ee-f8f7-4b3c-8524-b29524bf77b2)
2026-02-13 14:04:07 [[32minfo[39m]: Initializing 10 agents with initial balance 1000
2026-02-13 14:04:07 [[32minfo[39m]: Alliance formed between agents &{4o-! and } @Xj2 (Alliance ID: 38d9aa73-0fce-4621-8e4f-1eb474389183)
2026-02-13 14:04:07 [[32minfo[39m]: Alliance formed between agents &{4o-! and ZUr"bzM0Nj (Alliance ID: a0fc78dc-40c2-4e8d-83a1-391007066140)
2026-02-13 14:04:07 [[32minfo[39m]: Alliance 256971ee-f8f7-4b3c-8524-b29524bf77b2 broken by agent &{4o-!
2026-02-13 14:04:07 [[32minfo[39m]: Alliance formed between agents FKa[</f${ and 6|;P (Alliance ID: 92cc442d-0494-439d-82ca-186b249a8336)
2026-02-13 14:04:07 [[32minfo[39m]: Successfully initialized 10 agents
2026-02-13 14:04:07 [[32minfo[39m]: Alliance formed between agents FKa[</f${ and ;SZAIS2 (Alliance ID: bc69e6a0-f9e2-4973-a6df-5f8d6e88ae36)
2026-02-13 14:04:07 [[32minfo[39m]: Alliance formed between agents FKa[</f${ and .|H[\.] (Alliance ID: 0679005f-d8a8-4e11-b989-10208d0fea91)
2026-02-13 14:04:07 [[32minfo[39m]: Alliance formed between agents FKa[</f${ and 6o!;&vjB/A/6 (Alliance ID: e6067b5a-4d5f-41c7-b5fc-9e1d680c3034)
2026-02-13 14:04:07 [[32minfo[39m]: Alliance 92cc442d-0494-439d-82ca-186b249a8336 broken by agent FKa[</f${
2026-02-13 14:04:07 [[32minfo[39m]: Alliance formed between agents O and K (Alliance ID: 5b12889b-e144-4192-9718-5f4467e9112d)
2026-02-13 14:04:07 [[32minfo[39m]: Alliance formed between agents O and B~)% (Alliance ID: 0da3123a-7b58-4628-8c8b-79a117404640)
2026-02-13 14:04:07 [[32minfo[39m]: Alliance formed between agents O and K!JXCz''Ns (Alliance ID: 4cf150c0-0ea7-4c3c-861f-a88194793cf0)
2026-02-13 14:04:07 [[32minfo[39m]: Alliance formed between agents O and A9(m (Alliance ID: f21d46fa-0b29-4ae3-adee-6a5224855222)
2026-02-13 14:04:07 [[32minfo[39m]: Alliance 5b12889b-e144-4192-9718-5f4467e9112d broken by agent O
2026-02-13 14:04:07 [[32minfo[39m]: Initializing 9 agents with initial balance 1000
2026-02-13 14:04:07 [[32minfo[39m]: Alliance formed between agents Qug@]h= and N`]&~E;3>NS7 (Alliance ID: 1f90609f-3db4-4cd3-b0cd-fe5c2eab5603)
2026-02-13 14:04:07 [[32minfo[39m]: Alliance formed between agents Qug@]h= and 3-Ecoc}6 (Alliance ID: fc848fa3-b94b-4d79-8f6e-5296133dd088)
2026-02-13 14:04:07 [[32minfo[39m]: Successfully initialized 9 agents
2026-02-13 14:04:07 [[32minfo[39m]: Alliance formed between agents Qug@]h= and i6eP (Alliance ID: f7c57bbb-c11c-410f-a67d-af46bc1550f9)
2026-02-13 14:04:07 [[32minfo[39m]: Alliance formed between agents Qug@]h= and g>It".)F (Alliance ID: 1b79ec72-28e0-41a4-beff-4a4ec3869c69)
2026-02-13 14:04:07 [[32minfo[39m]: Alliance formed between agents Qug@]h= and "M|W< (Alliance ID: 4b792f2f-a167-4609-8a73-1413ac96d135)
2026-02-13 14:04:07 [[32minfo[39m]: Alliance formed between agents Qug@]h= and P(rr (Alliance ID: 4bc54b12-4227-4553-a3e6-b59ca7ff15e0)
2026-02-13 14:04:07 [[32minfo[39m]: Initializing 14 agents with initial balance 1000
2026-02-13 14:04:07 [[32minfo[39m]: Successfully initialized 14 agents
2026-02-13 14:04:07 [[32minfo[39m]: Initializing 2 agents with initial balance 3371
2026-02-13 14:04:07 [[32minfo[39m]: Initializing 20 agents with initial balance 1000
2026-02-13 14:04:07 [[32minfo[39m]: Successfully initialized 2 agents
2026-02-13 14:04:07 [[32minfo[39m]: Successfully initialized 20 agents
2026-02-13 14:04:07 [[32minfo[39m]: Initializing 19 agents with initial balance 1000
2026-02-13 14:04:07 [[32minfo[39m]: Successfully initialized 19 agents
2026-02-13 14:04:07 [[32minfo[39m]: Initializing 17 agents with initial balance 1000
2026-02-13 14:04:07 [[32minfo[39m]: Alliance formed between agents Qug@]h= and 1VHH!>Pn($ (Alliance ID: 9d870fce-4e13-4f89-a97d-51fb9e7225c6)
2026-02-13 14:04:07 [[32minfo[39m]: Successfully initialized 17 agents
2026-02-13 14:04:07 [[32minfo[39m]: Alliance 1f90609f-3db4-4cd3-b0cd-fe5c2eab5603 broken by agent Qug@]h=
2026-02-13 14:04:07 [[32minfo[39m]: Alliance formed between agents @}hFzEo and Le[ (Alliance ID: 560dd2d1-2fdc-417d-aa53-595d8c1b8876)
2026-02-13 14:04:07 [[32minfo[39m]: Alliance formed between agents @}hFzEo and &C<F8}DHHo (Alliance ID: 6235dbce-5b80-47ee-a98b-8434589c7581)
2026-02-13 14:04:07 [[32minfo[39m]: Alliance formed between agents @}hFzEo and IN>uv1N620j (Alliance ID: 6cf4de22-1551-443b-92e7-a5abfd7a6da7)
2026-02-13 14:04:07 [[32minfo[39m]: Alliance 560dd2d1-2fdc-417d-aa53-595d8c1b8876 broken by agent @}hFzEo
2026-02-13 14:04:07 [[32minfo[39m]: Initializing 18 agents with initial balance 1000
2026-02-13 14:04:07 [[32minfo[39m]: Alliance formed between agents vls3%L1Sv and 60 (Alliance ID: e02fe064-accf-40cb-978b-7012cd3749d8)
2026-02-13 14:04:07 [[32minfo[39m]: Alliance formed between agents vls3%L1Sv and q^* (Alliance ID: c6126a1e-922b-4e84-a40b-847966b51588)
2026-02-13 14:04:07 [[32minfo[39m]: Alliance formed between agents vls3%L1Sv and | (Alliance ID: 509bae48-de5a-488e-9720-3807e929db98)
2026-02-13 14:04:07 [[32minfo[39m]: Alliance formed between agents vls3%L1Sv and :J,K (Alliance ID: 58b936b8-8675-4f25-8ca7-cf65be09365c)
2026-02-13 14:04:07 [[32minfo[39m]: Successfully initialized 18 agents
2026-02-13 14:04:07 [[32minfo[39m]: Alliance formed between agents vls3%L1Sv and H (Alliance ID: a57184e5-3747-4988-8e59-3a89c209a0cd)
2026-02-13 14:04:07 [[32minfo[39m]: Alliance formed between agents vls3%L1Sv and 8d (Alliance ID: 79423a6f-75c4-4425-9c8e-fd3fe1ad049b)
2026-02-13 14:04:07 [[32minfo[39m]: Alliance formed between agents vls3%L1Sv and a@i(I`F_ (Alliance ID: a6d88d08-accd-46d7-872e-0c8c4aad9f1d)
2026-02-13 14:04:07 [[32minfo[39m]: Alliance formed between agents vls3%L1Sv and ~ (Alliance ID: 66431002-edb7-4011-9bef-182aa4ca798e)
2026-02-13 14:04:07 [[32minfo[39m]: Initializing 6 agents with initial balance 1000
2026-02-13 14:04:07 [[32minfo[39m]: Alliance formed between agents vls3%L1Sv and eo%]b_y# (Alliance ID: 5568894d-bce7-4d55-8dcf-ee2c375bd829)
2026-02-13 14:04:07 [[32minfo[39m]: Successfully initialized 6 agents
2026-02-13 14:04:07 [[32minfo[39m]: Alliance e02fe064-accf-40cb-978b-7012cd3749d8 broken by agent vls3%L1Sv
2026-02-13 14:04:07 [[32minfo[39m]: Alliance formed between agents D&=|o and WRd (Alliance ID: 85e05cc6-69ed-4793-9774-3cb5f93c5d55)
2026-02-13 14:04:07 [[32minfo[39m]: Alliance formed between agents D&=|o and K(#]E'  (Alliance ID: a3c08bd6-b262-43ae-b63f-fdcd902c7eee)
2026-02-13 14:04:07 [[32minfo[39m]: Alliance formed between agents D&=|o and T8 (Alliance ID: 787b8bf3-6e8c-435a-b183-8072d4b835e8)
2026-02-13 14:04:07 [[32minfo[39m]: Alliance 85e05cc6-69ed-4793-9774-3cb5f93c5d55 broken by agent D&=|o
2026-02-13 14:04:07 [[32minfo[39m]: Alliance formed between agents rLdVLLms and %Jc (Alliance ID: aeaefe9d-ddcd-4f4a-9f7d-ee41b1ccde94)
2026-02-13 14:04:07 [[32minfo[39m]: Alliance formed between agents rLdVLLms and &]>*$!YeKWi| (Alliance ID: fbf003ea-f061-44af-8a35-5f2cc342c05f)
2026-02-13 14:04:07 [[32minfo[39m]: Alliance formed between agents rLdVLLms and 4t~I~>5J" (Alliance ID: 54fd1327-31e7-4c6c-9383-5f74bc34cb0f)
2026-02-13 14:04:07 [[32minfo[39m]: Alliance aeaefe9d-ddcd-4f4a-9f7d-ee41b1ccde94 broken by agent rLdVLLms
2026-02-13 14:04:07 [[32minfo[39m]: Initializing 14 agents with initial balance 1000
2026-02-13 14:04:07 [[32minfo[39m]: Alliance formed between agents JU and E!bP (Alliance ID: 968118e8-99be-41c2-93ba-17d145c80f14)
2026-02-13 14:04:07 [[32minfo[39m]: Alliance formed between agents JU and CcI (Alliance ID: 4e1ae771-ab34-498e-8d15-04f80db88793)
2026-02-13 14:04:07 [[32minfo[39m]: Alliance 968118e8-99be-41c2-93ba-17d145c80f14 broken by agent JU
2026-02-13 14:04:07 [[32minfo[39m]: Alliance formed between agents hoU__dJb=w} and J4KKV#`LR (Alliance ID: 49fec646-2c7c-4f68-89c4-9de160adbf73)
2026-02-13 14:04:07 [[32minfo[39m]: Alliance formed between agents hoU__dJb=w} and CY'f[-X|9^A (Alliance ID: f2b9ef2a-8285-4064-8694-1947ed730a0a)
2026-02-13 14:04:07 [[32minfo[39m]: Alliance formed between agents hoU__dJb=w} and D*S (Alliance ID: 269f7b79-3560-4fc5-b647-52f75e5cae3e)
2026-02-13 14:04:07 [[32minfo[39m]: Successfully initialized 14 agents
2026-02-13 14:04:07 [[32minfo[39m]: Alliance 49fec646-2c7c-4f68-89c4-9de160adbf73 broken by agent hoU__dJb=w}
2026-02-13 14:04:07 [[32minfo[39m]: Alliance formed between agents cOW and @?F5/Fm%0fV (Alliance ID: e4f64d5b-2cd1-478f-889e-2edb8df4d2bf)
2026-02-13 14:04:07 [[32minfo[39m]: Alliance formed between agents cOW and P.oY\t"S (Alliance ID: bcfc9d49-0a05-4344-854b-9ed0f1b59bb5)
2026-02-13 14:04:07 [[32minfo[39m]: Alliance e4f64d5b-2cd1-478f-889e-2edb8df4d2bf broken by agent cOW
2026-02-13 14:04:07 [[32minfo[39m]: Alliance formed between agents ID+PZ and y=9Xe (Alliance ID: 76ec05c0-9580-4a66-9e40-1151070000bc)
2026-02-13 14:04:07 [[32minfo[39m]: Alliance formed between agents ID+PZ and P (Alliance ID: d65326e7-7d30-410d-9ad9-aa41f17257bf)
2026-02-13 14:04:07 [[32minfo[39m]: Alliance formed between agents ID+PZ and Vb@ (Alliance ID: bc9f4dc1-16b2-4087-a980-dd8821608d69)
2026-02-13 14:04:07 [[32minfo[39m]: Alliance 76ec05c0-9580-4a66-9e40-1151070000bc broken by agent ID+PZ
2026-02-13 14:04:07 [[32minfo[39m]: Alliance formed between agents _CrO and eA6,1cX]  (Alliance ID: e796c1be-5c8b-4bcc-9ae5-a7e6ffea9286)
2026-02-13 14:04:07 [[32minfo[39m]: Alliance formed between agents _CrO and M/k$a (Alliance ID: 6af39261-722c-425f-a03b-084ebc30153f)
2026-02-13 14:04:07 [[32minfo[39m]: Alliance formed between agents _CrO and k_) (Alliance ID: 731550a4-8bb4-4f27-89bb-2d02c9eb8ffe)
2026-02-13 14:04:07 [[32minfo[39m]: Alliance formed between agents _CrO and -dqFGH!4, (Alliance ID: 0091bd06-2f15-4c28-82bc-a10a5e181f86)
2026-02-13 14:04:07 [[32minfo[39m]: Alliance formed between agents _CrO and }jk,iEGJn0 (Alliance ID: 5715213e-f9a7-4ea8-a61c-e53947a36035)
2026-02-13 14:04:07 [[32minfo[39m]: Initializing 17 agents with initial balance 1000
2026-02-13 14:04:07 [[32minfo[39m]: Alliance formed between agents _CrO and )H;S/_^=| (Alliance ID: b8a737c7-449d-45d7-87b3-c62384c3488e)
2026-02-13 14:04:07 [[32minfo[39m]: Alliance formed between agents _CrO and lN@1f.YJ (Alliance ID: b04cf13b-acbb-446c-8de7-3c3efc9a5fa7)
2026-02-13 14:04:07 [[32minfo[39m]: Alliance formed between agents _CrO and L#"n]#8 (Alliance ID: e7586fcf-28e2-473a-aed7-1857a396b27f)
2026-02-13 14:04:07 [[32minfo[39m]: Alliance formed between agents _CrO and BW``H]N2"Z^ (Alliance ID: e5e793b7-f38e-435b-8923-6b05772477aa)
2026-02-13 14:04:07 [[32minfo[39m]: Alliance e796c1be-5c8b-4bcc-9ae5-a7e6ffea9286 broken by agent _CrO
2026-02-13 14:04:07 [[32minfo[39m]: Alliance formed between agents +CJ{>oemt1E and 6lv( (Alliance ID: 9975120d-3a2a-4691-be7c-10e5821a6826)
2026-02-13 14:04:07 [[32minfo[39m]: Alliance formed between agents +CJ{>oemt1E and S70@" (Alliance ID: b5802247-75db-4904-b4c4-ebdb9bcc122c)
2026-02-13 14:04:07 [[32minfo[39m]: Alliance formed between agents +CJ{>oemt1E and ST#Fa`'DEzpR (Alliance ID: 0ed3002c-19fd-46a3-b963-221dfb6c7468)
2026-02-13 14:04:07 [[32minfo[39m]: Successfully initialized 17 agents
2026-02-13 14:04:07 [[32minfo[39m]: Alliance formed between agents +CJ{>oemt1E and >ceE, (Alliance ID: 142a6316-facf-480f-8aa2-7372e4431ce7)
2026-02-13 14:04:07 [[32minfo[39m]: Alliance formed between agents +CJ{>oemt1E and \z0"vs (Alliance ID: 5ad94d79-df17-4571-b44c-445cfb7af03c)
2026-02-13 14:04:07 [[32minfo[39m]: Alliance formed between agents +CJ{>oemt1E and [>K5"F @ (Alliance ID: 0950449a-0b79-4748-9c1f-a7590f661de4)
2026-02-13 14:04:07 [[32minfo[39m]: Alliance formed between agents +CJ{>oemt1E and ,DtdXkYm.IB (Alliance ID: 27bcaa94-46ca-47a6-abcb-5818d9d074b8)
2026-02-13 14:04:07 [[32minfo[39m]: Alliance 9975120d-3a2a-4691-be7c-10e5821a6826 broken by agent +CJ{>oemt1E
2026-02-13 14:04:07 [[32minfo[39m]: Alliance formed between agents <JP  and ZSnQjO4dlcI (Alliance ID: b69b999c-70e2-4551-bd76-6fa9384eb3b9)
2026-02-13 14:04:07 [[32minfo[39m]: Alliance formed between agents <JP  and s0Oz;W&& (Alliance ID: c4f85d60-7700-4962-88bf-7c0d14865379)
2026-02-13 14:04:07 [[32minfo[39m]: Alliance formed between agents <JP  and " (Alliance ID: a27c3ff3-bd49-4fc0-99d4-fc521b03a3fb)
2026-02-13 14:04:07 [[32minfo[39m]: Alliance formed between agents <JP  and c (Alliance ID: 52e2fa37-b80b-4494-b302-45bb8a3a0d50)
2026-02-13 14:04:07 [[32minfo[39m]: Alliance formed between agents <JP  and }XIq (Alliance ID: 8c325426-ca8a-4baf-af83-1c2be6a42e4a)
2026-02-13 14:04:07 [[32minfo[39m]: Alliance formed between agents <JP  and /y* (Alliance ID: fb863b20-77bc-466a-ba97-24d9f1ace317)
2026-02-13 14:04:07 [[32minfo[39m]: Alliance formed between agents <JP  and IjJl yQ0cEe (Alliance ID: a882d15c-90cc-4742-89d0-ae0f5becc55b)
2026-02-13 14:04:07 [[32minfo[39m]: Alliance formed between agents <JP  and s"#!H1! (Alliance ID: 7a6d4fa3-e653-4499-accb-eb3874d3244f)
2026-02-13 14:04:07 [[32minfo[39m]: Initializing 6 agents with initial balance 1000
2026-02-13 14:04:07 [[32minfo[39m]: Alliance formed between agents <JP  and QS]b (Alliance ID: 0f5931ba-ec0c-4391-b2a5-a19397115e7f)
2026-02-13 14:04:07 [[32minfo[39m]: Alliance b69b999c-70e2-4551-bd76-6fa9384eb3b9 broken by agent <JP 
2026-02-13 14:04:07 [[32minfo[39m]: Alliance formed between agents   and &&2:\/&<s (Alliance ID: 5405da08-d322-4875-89f1-9ca4d9125fcf)
2026-02-13 14:04:07 [[32minfo[39m]: Alliance formed between agents   and lxm (Alliance ID: fe30ce62-8bcc-4f52-a3ae-82f8906fbda2)
2026-02-13 14:04:07 [[32minfo[39m]: Alliance formed between agents   and ;j^=daP?uuT( (Alliance ID: eb793323-2584-45cb-9201-d2a12235acf0)
2026-02-13 14:04:07 [[32minfo[39m]: Successfully initialized 6 agents
2026-02-13 14:04:07 [[32minfo[39m]: Alliance formed between agents   and Zo>f: (Alliance ID: f5d95aaf-e894-402e-8531-a4ee97059b0a)
2026-02-13 14:04:07 [[32minfo[39m]: Alliance formed between agents   and iG (Alliance ID: 70457c9a-549d-4a8e-adfe-a56e82243afe)
2026-02-13 14:04:07 [[32minfo[39m]: Alliance formed between agents   and VB;R7Sf (Alliance ID: 4b04a84f-bf23-4961-a208-1f882079527a)
2026-02-13 14:04:07 [[32minfo[39m]: Alliance formed between agents   and \bi7AYa (Alliance ID: f068dd19-ed60-49fe-bf1a-488de912d48d)
2026-02-13 14:04:07 [[32minfo[39m]: Alliance formed between agents   and -Au (Alliance ID: 0fb9ebff-94cc-4172-8343-92bc5aa55a69)
2026-02-13 14:04:07 [[32minfo[39m]: Alliance 5405da08-d322-4875-89f1-9ca4d9125fcf broken by agent  
2026-02-13 14:04:07 [[32minfo[39m]: Alliance formed between agents sz]r;k and sV (Alliance ID: df17132c-3f1a-4b75-b476-fd67a7c3a0d3)
2026-02-13 14:04:07 [[32minfo[39m]: Alliance formed between agents sz]r;k and 09g Q8K (Alliance ID: 3a2e1bfd-9cf8-405f-a393-ff7e64154034)
2026-02-13 14:04:07 [[32minfo[39m]: Alliance formed between agents sz]r;k and 1Ip8*V&WQI, (Alliance ID: b88604b4-6ef7-4320-99ea-97d60b334364)
2026-02-13 14:04:07 [[32minfo[39m]: Alliance formed between agents sz]r;k and /Ggt (Alliance ID: 1b4c7623-ef77-49c7-b853-c40a180209bb)
2026-02-13 14:04:07 [[32minfo[39m]: Alliance formed between agents sz]r;k and ;Y (Alliance ID: 3b69275d-3c7a-4044-a305-bf75cdd3ff58)
2026-02-13 14:04:07 [[32minfo[39m]: Alliance df17132c-3f1a-4b75-b476-fd67a7c3a0d3 broken by agent sz]r;k
2026-02-13 14:04:07 [[32minfo[39m]: Initializing 7 agents with initial balance 1000
2026-02-13 14:04:07 [[32minfo[39m]: Alliance formed between agents D6={/9<. and ?K"_4S 8@6d (Alliance ID: 277a4f87-61a0-45ae-a7c2-2e7e1e238bd9)
2026-02-13 14:04:07 [[32minfo[39m]: Alliance formed between agents D6={/9<. and ;?]ZDynMi (Alliance ID: 69496726-4e33-4e01-8331-5dea4381e83b)
2026-02-13 14:04:07 [[32minfo[39m]: Alliance formed between agents D6={/9<. and PU (Alliance ID: bdd8c9f9-56ff-40fd-a15a-4055cc978dd8)
2026-02-13 14:04:07 [[32minfo[39m]: Alliance formed between agents D6={/9<. and Q4Ii (Alliance ID: c08d62d6-bf92-4402-b25c-f9e6ede367e3)
2026-02-13 14:04:07 [[32minfo[39m]: Alliance formed between agents D6={/9<. and ]R'ju*gogLn0 (Alliance ID: 06f37360-ade3-4779-8336-b90364381680)
2026-02-13 14:04:07 [[32minfo[39m]: Alliance formed between agents D6={/9<. and F{@u%vvnY. (Alliance ID: cd2f66bf-9963-40f9-95f1-fa0fbb57d722)
2026-02-13 14:04:07 [[32minfo[39m]: Alliance formed between agents D6={/9<. and $2E (Alliance ID: d74f9346-38e6-4538-84e3-a4658d020119)
2026-02-13 14:04:07 [[32minfo[39m]: Successfully initialized 7 agents
2026-02-13 14:04:07 [[32minfo[39m]: Alliance 277a4f87-61a0-45ae-a7c2-2e7e1e238bd9 broken by agent D6={/9<.
2026-02-13 14:04:07 [[32minfo[39m]: Alliance formed between agents r+REM and _ (Alliance ID: b57cd81a-c762-4317-b987-d11f6a65c191)
2026-02-13 14:04:07 [[32minfo[39m]: Alliance formed between agents r+REM and B!W]H7YV, (Alliance ID: 60199bd1-061d-49e8-84d0-14a81d31a2ec)
2026-02-13 14:04:07 [[32minfo[39m]: Initializing 3 agents with initial balance 1000
2026-02-13 14:04:07 [[32minfo[39m]: Successfully initialized 3 agents
2026-02-13 14:04:07 [[32minfo[39m]: Initializing 18 agents with initial balance 1000
2026-02-13 14:04:07 [[32minfo[39m]: Successfully initialized 18 agents
2026-02-13 14:04:07 [[32minfo[39m]: Initializing 16 agents with initial balance 1000
2026-02-13 14:04:07 [[32minfo[39m]: Successfully initialized 16 agents
2026-02-13 14:04:07 [[32minfo[39m]: Initializing 7 agents with initial balance 1000
2026-02-13 14:04:07 [[32minfo[39m]: Successfully initialized 7 agents
2026-02-13 14:04:07 [[32minfo[39m]: Alliance formed between agents r+REM and FR]Ojn (Alliance ID: f9032a6b-6675-4573-be57-be25db3dd4f5)
2026-02-13 14:04:07 [[32minfo[39m]: Initializing 4 agents with initial balance 1000
2026-02-13 14:04:07 [[32minfo[39m]: Alliance formed between agents r+REM and $>q (Alliance ID: 8d7f473d-0af9-44d2-a5b2-bef9d9862e83)
2026-02-13 14:04:07 [[32minfo[39m]: Successfully initialized 4 agents
2026-02-13 14:04:07 [[32minfo[39m]: Alliance formed between agents r+REM and ZCV'8vm<- (Alliance ID: 4354c004-adc4-4a13-af93-e9066e31d969)
2026-02-13 14:04:07 [[32minfo[39m]: Alliance b57cd81a-c762-4317-b987-d11f6a65c191 broken by agent r+REM
2026-02-13 14:04:07 [[32minfo[39m]: Alliance formed between agents =T and ~cf^BjZpC` (Alliance ID: 1784f98a-1f9a-4b47-a863-94079541fd2f)
2026-02-13 14:04:07 [[32minfo[39m]: Initializing 6 agents with initial balance 1000
2026-02-13 14:04:07 [[32minfo[39m]: Alliance formed between agents =T and % (Alliance ID: ebb0e9a6-4354-4333-abce-8aef3caca7fa)
2026-02-13 14:04:07 [[32minfo[39m]: Alliance formed between agents =T and (!*7y dEP\V (Alliance ID: 8386645d-cf0c-43da-b645-5d566ddf5808)
2026-02-13 14:04:07 [[32minfo[39m]: Successfully initialized 6 agents
2026-02-13 14:04:07 [[32minfo[39m]: Alliance formed between agents =T and g (Alliance ID: 9082c38c-ad35-4264-b10e-ca59c1c64262)
2026-02-13 14:04:07 [[32minfo[39m]: Alliance formed between agents =T and 9kkl (Alliance ID: a149914c-f90d-4027-b903-1524f7732a0b)
2026-02-13 14:04:07 [[32minfo[39m]: Alliance 1784f98a-1f9a-4b47-a863-94079541fd2f broken by agent =T
2026-02-13 14:04:07 [[32minfo[39m]: Alliance formed between agents Mnu and pSBbes; (Alliance ID: 65bc0282-1bbe-423f-82ad-c3be5a6daeb1)
2026-02-13 14:04:07 [[32minfo[39m]: Alliance formed between agents Mnu and r,UY~ (Alliance ID: 59a49061-452e-403d-8e54-fefcbb0aa078)
2026-02-13 14:04:07 [[32minfo[39m]: Alliance formed between agents Mnu and =u#cv]Z!vvp* (Alliance ID: 14a6945d-2f2a-481f-ba1e-ceaa50f94b70)
2026-02-13 14:04:07 [[32minfo[39m]: Initializing 10 agents with initial balance 1000
2026-02-13 14:04:07 [[32minfo[39m]: Successfully initialized 10 agents
2026-02-13 14:04:07 [[32minfo[39m]: Alliance formed between agents Mnu and &hsEtAK (Alliance ID: 5eb8f33d-08d8-4476-bba0-df5c598628a6)
2026-02-13 14:04:07 [[32minfo[39m]: Alliance formed between agents Mnu and !()x (Alliance ID: 4f059926-60fe-4718-92ae-17db824e59c5)
2026-02-13 14:04:07 [[32minfo[39m]: Alliance 65bc0282-1bbe-423f-82ad-c3be5a6daeb1 broken by agent Mnu
2026-02-13 14:04:07 [[32minfo[39m]: Initializing 14 agents with initial balance 4
2026-02-13 14:04:07 [[32minfo[39m]: Alliance formed between agents 9hpTt- and 3}- 47E (Alliance ID: 2919f2fa-4aec-4863-92f1-39bb1246c0e1)
2026-02-13 14:04:07 [[32minfo[39m]: Initializing 16 agents with initial balance 1000
2026-02-13 14:04:07 [[32minfo[39m]: Successfully initialized 14 agents
2026-02-13 14:04:07 [[32minfo[39m]: Alliance formed between agents 9hpTt- and pr (Alliance ID: 4495337b-9995-4d13-a92c-ad80994fb8e4)
2026-02-13 14:04:07 [[32minfo[39m]: Successfully initialized 16 agents
2026-02-13 14:04:07 [[32minfo[39m]: Alliance formed between agents 9hpTt- and valueOf|ef@ (Alliance ID: e72d4d84-87cd-41d4-b899-dcf42f1bee66)
2026-02-13 14:04:07 [[32minfo[39m]: Alliance formed between agents 9hpTt- and ziK!Fw#U440} (Alliance ID: 3386abc2-0470-4593-93b5-d8b5bdd3cdb7)
2026-02-13 14:04:07 [[32minfo[39m]: Alliance 2919f2fa-4aec-4863-92f1-39bb1246c0e1 broken by agent 9hpTt-
2026-02-13 14:04:07 [[32minfo[39m]: Alliance formed between agents d~oIJ`Y3 and [z& (Alliance ID: 9562d29a-b877-4946-9ebd-c792383647f2)
2026-02-13 14:04:07 [[32minfo[39m]: Alliance formed between agents d~oIJ`Y3 and Mdbz=k (Alliance ID: cd669204-0181-4d32-a4ef-8bea138771e7)
2026-02-13 14:04:07 [[32minfo[39m]: Alliance formed between agents d~oIJ`Y3 and ~~B (Alliance ID: 14565149-8a6c-4b38-869f-cf9be65f0c1a)
2026-02-13 14:04:07 [[32minfo[39m]: Alliance formed between agents d~oIJ`Y3 and vm@|zH\ZoHH} (Alliance ID: 0e03e83a-8188-4e59-be84-77058e266524)
2026-02-13 14:04:07 [[32minfo[39m]: Initializing 2 agents with initial balance 1000
2026-02-13 14:04:07 [[32minfo[39m]: Alliance formed between agents d~oIJ`Y3 and T;$=9W{Rm:I (Alliance ID: fb5c2a39-9ed8-4512-99dc-4eb248bb2c58)
2026-02-13 14:04:07 [[32minfo[39m]: Alliance 9562d29a-b877-4946-9ebd-c792383647f2 broken by agent d~oIJ`Y3
2026-02-13 14:04:07 [[32minfo[39m]: Successfully initialized 2 agents
2026-02-13 14:04:07 [[32minfo[39m]: Alliance formed between agents @R[Gt;$OB and v}h (Alliance ID: 4a289149-ffe4-43ff-9c44-747187f35436)
2026-02-13 14:04:07 [[32minfo[39m]: Alliance formed between agents @R[Gt;$OB and ~@vT}& (Alliance ID: 6bf63ea9-7dea-499b-bc55-d87fb88c9e23)
2026-02-13 14:04:07 [[32minfo[39m]: Alliance formed between agents @R[Gt;$OB and "4o&:P (Alliance ID: 5bfa3012-f024-4448-a669-aa0734d61179)
2026-02-13 14:04:07 [[32minfo[39m]: Alliance formed between agents @R[Gt;$OB and j'Y (Alliance ID: bb5c232d-d989-4ae6-a444-ba8d16ddbe42)
2026-02-13 14:04:07 [[32minfo[39m]: Alliance 4a289149-ffe4-43ff-9c44-747187f35436 broken by agent @R[Gt;$OB
2026-02-13 14:04:07 [[32minfo[39m]: Alliance formed between agents x and apply (Alliance ID: 037b069f-071e-42c7-b52a-917b92e157bc)
2026-02-13 14:04:07 [[32minfo[39m]: Initializing 8 agents with initial balance 1000
2026-02-13 14:04:07 [[32minfo[39m]: Alliance formed between agents x and 0gt (Alliance ID: 108c7a17-033c-4bab-bd49-7de0e5e5ef32)
2026-02-13 14:04:07 [[32minfo[39m]: Alliance formed between agents x and 3gjUfid0.n (Alliance ID: ae33a07b-ef97-4bd0-868a-104d020ae338)
2026-02-13 14:04:07 [[32minfo[39m]: Alliance formed between agents x and   (Alliance ID: f4bc8f50-8f93-4422-82e7-bd144107b69f)
2026-02-13 14:04:07 [[32minfo[39m]: Successfully initialized 8 agents
2026-02-13 14:04:07 [[32minfo[39m]: Alliance formed between agents x and c>,f=< (Alliance ID: 1b3b90c6-bfe5-457b-84d4-d97505451a52)
2026-02-13 14:04:07 [[32minfo[39m]: Alliance formed between agents x and ]O (Alliance ID: f9f0fa4f-27b8-4c9a-baa2-5bbf893aba35)
2026-02-13 14:04:07 [[32minfo[39m]: Alliance formed between agents x and /k (Alliance ID: 995e8379-d362-4a79-afe2-28697001952d)
2026-02-13 14:04:07 [[32minfo[39m]: Alliance 037b069f-071e-42c7-b52a-917b92e157bc broken by agent x
2026-02-13 14:04:07 [[32minfo[39m]: Alliance formed between agents :=5;@"_+:VM8 and (89v!F (Alliance ID: 9f08d578-cf02-49c5-a0ae-4c9b5dc68d03)
2026-02-13 14:04:07 [[32minfo[39m]: Alliance formed between agents :=5;@"_+:VM8 and 3PL; (Alliance ID: deb3d6a3-695e-4a47-afa0-4255e5979de2)
2026-02-13 14:04:07 [[32minfo[39m]: Initializing 5 agents with initial balance 1000
2026-02-13 14:04:07 [[32minfo[39m]: Alliance formed between agents :=5;@"_+:VM8 and callef.__lo (Alliance ID: 91b9ad4b-8b10-4d83-9d99-ab2c7434a7bc)
2026-02-13 14:04:07 [[32minfo[39m]: Alliance formed between agents :=5;@"_+:VM8 and x'qps+&u~&Q (Alliance ID: 7a6b801b-cbc8-47cc-bd84-cdaef74a4eae)
2026-02-13 14:04:07 [[32minfo[39m]: Alliance formed between agents :=5;@"_+:VM8 and _BMkL<r[VwIT (Alliance ID: e42fbee7-20f8-40cd-9e2f-dda45b097efb)
2026-02-13 14:04:07 [[32minfo[39m]: Alliance formed between agents :=5;@"_+:VM8 and *0>"N`Ll (Alliance ID: 818d12d1-0561-4883-a9f3-9c11f4db5cb4)
2026-02-13 14:04:07 [[32minfo[39m]: Successfully initialized 5 agents
2026-02-13 14:04:07 [[32minfo[39m]: Alliance 9f08d578-cf02-49c5-a0ae-4c9b5dc68d03 broken by agent :=5;@"_+:VM8
2026-02-13 14:04:07 [[32minfo[39m]: Alliance formed between agents ~^Q and 3VLO.a]Pb' (Alliance ID: b0a779ee-5a02-47fe-9861-cb4ec38e8f8e)
2026-02-13 14:04:07 [[32minfo[39m]: Alliance formed between agents ~^Q and  H2Q (Alliance ID: 1982d723-2b3a-4d29-8fa9-2d03889d0914)
2026-02-13 14:04:07 [[32minfo[39m]: Alliance formed between agents ~^Q and +O9$ZB (Alliance ID: 53c73b4c-a0aa-4df3-be3b-dfcf713e8c17)
2026-02-13 14:04:07 [[32minfo[39m]: Alliance b0a779ee-5a02-47fe-9861-cb4ec38e8f8e broken by agent ~^Q
2026-02-13 14:04:07 [[32minfo[39m]: Alliance formed between agents .=0 and 3uwN86\p&), (Alliance ID: 393b68fc-bf93-4a41-a74e-c642a081ee29)
2026-02-13 14:04:07 [[32minfo[39m]: Initializing 17 agents with initial balance 1000
2026-02-13 14:04:07 [[32minfo[39m]: Alliance formed between agents .=0 and 'rIy!gt (Alliance ID: d8ac6d36-bdc6-44ed-9519-5f4106015cce)
2026-02-13 14:04:07 [[32minfo[39m]: Alliance formed between agents .=0 and w (Alliance ID: dfa43f3a-6e64-460b-94fb-d579b73c8ed5)
2026-02-13 14:04:07 [[32minfo[39m]: Alliance formed between agents .=0 and P (Alliance ID: cd3f9789-8466-410e-b3ea-29326f701b66)
2026-02-13 14:04:07 [[32minfo[39m]: Successfully initialized 17 agents
2026-02-13 14:04:07 [[32minfo[39m]: Alliance 393b68fc-bf93-4a41-a74e-c642a081ee29 broken by agent .=0
2026-02-13 14:04:07 [[32minfo[39m]: Alliance formed between agents _=qNf2o"1XJX and dw[:iL{]i (Alliance ID: 4e505d1e-1083-4da1-8194-a25737005819)
2026-02-13 14:04:07 [[32minfo[39m]: Alliance formed between agents _=qNf2o"1XJX and ` (Alliance ID: 4d05e40d-84a2-4352-8029-ac07fe121721)
2026-02-13 14:04:07 [[32minfo[39m]: Alliance formed between agents _=qNf2o"1XJX and eftMbW- (Alliance ID: fb9e399e-cb34-4946-8f41-740e15049300)
2026-02-13 14:04:07 [[32minfo[39m]: Alliance formed between agents _=qNf2o"1XJX and 7@=PUfJuix (Alliance ID: 7716d657-33f9-4fd1-b087-57a2c2e2486e)
2026-02-13 14:04:07 [[32minfo[39m]: Alliance 4e505d1e-1083-4da1-8194-a25737005819 broken by agent _=qNf2o"1XJX
2026-02-13 14:04:07 [[32minfo[39m]: Alliance formed between agents 8ZrkAU8*|v and 6F38 (Alliance ID: e0767674-3425-487d-88a6-6fe4adf14056)
2026-02-13 14:04:07 [[32minfo[39m]: Initializing 8 agents with initial balance 1000
2026-02-13 14:04:07 [[32minfo[39m]: Alliance formed between agents 8ZrkAU8*|v and e\ (Alliance ID: 60874f6e-2447-40c3-bd45-b1efc7b81071)
2026-02-13 14:04:07 [[32minfo[39m]: Alliance formed between agents 8ZrkAU8*|v and Z6YN_{*X#y1, (Alliance ID: f732dddb-a852-49c7-a13e-7a91a5078764)
2026-02-13 14:04:07 [[32minfo[39m]: Successfully initialized 8 agents
2026-02-13 14:04:07 [[32minfo[39m]: Alliance formed between agents 8ZrkAU8*|v and + (Alliance ID: a8620530-5544-433f-8885-74b76722c066)
2026-02-13 14:04:07 [[32minfo[39m]: Alliance formed between agents 8ZrkAU8*|v and ,+<f (Alliance ID: 3fc5c3dd-ebc6-4165-a48b-ddd07082c3ff)
2026-02-13 14:04:07 [[32minfo[39m]: Alliance formed between agents 8ZrkAU8*|v and P5C (Alliance ID: 805e5b5f-5985-44b9-a7ed-9e4b1e0d0265)
2026-02-13 14:04:07 [[32minfo[39m]: Alliance formed between agents 8ZrkAU8*|v and *X}w$ (Alliance ID: 6a284bd0-6850-44c3-86aa-e7ae17c96973)
2026-02-13 14:04:07 [[32minfo[39m]: Alliance formed between agents 8ZrkAU8*|v and ,yb,/)(97 (Alliance ID: 87c43bfb-13c5-43c9-8f67-dae4ae967feb)
2026-02-13 14:04:07 [[32minfo[39m]: Initializing 20 agents with initial balance 1000
2026-02-13 14:04:07 [[32minfo[39m]: Alliance formed between agents 8ZrkAU8*|v and |4-86\Ywx (Alliance ID: 5921eba0-b783-4d70-9466-8c53d3d2c68a)
2026-02-13 14:04:07 [[32minfo[39m]: Alliance e0767674-3425-487d-88a6-6fe4adf14056 broken by agent 8ZrkAU8*|v
2026-02-13 14:04:07 [[32minfo[39m]: Successfully initialized 20 agents
2026-02-13 14:04:07 [[32minfo[39m]: Alliance formed between agents OR and M$Ff1 (Alliance ID: f682c49c-b03e-4f6f-83df-a09d54bc02fd)
2026-02-13 14:04:07 [[32minfo[39m]: Alliance formed between agents OR and iT9~sU'CwOR (Alliance ID: 0407647b-250b-4394-83a8-17e9ba51640d)
2026-02-13 14:04:07 [[32minfo[39m]: Alliance formed between agents OR and pII7tjxk|sv (Alliance ID: 4a93a42b-683e-4745-bc9f-d37741102d83)
2026-02-13 14:04:07 [[32minfo[39m]: Alliance formed between agents OR and Hh1{ (Alliance ID: 8fe7729f-9cbe-4988-89a8-93b051068404)
2026-02-13 14:04:07 [[32minfo[39m]: Initializing 3 agents with initial balance 1000
2026-02-13 14:04:07 [[32minfo[39m]: Alliance formed between agents OR and )bdu6 h`[8 (Alliance ID: 741a24be-7181-4fbb-8a2c-642e9eb02c20)
2026-02-13 14:04:07 [[32minfo[39m]: Alliance f682c49c-b03e-4f6f-83df-a09d54bc02fd broken by agent OR
2026-02-13 14:04:07 [[32minfo[39m]: Alliance formed between agents o]RiO!0O78Z< and cFJ9 (Alliance ID: 364b6f41-0e65-4446-89c7-424096b43b61)
2026-02-13 14:04:07 [[32minfo[39m]: Successfully initialized 3 agents
2026-02-13 14:04:07 [[32minfo[39m]: Alliance formed between agents o]RiO!0O78Z< and ZHa<.v5CC* (Alliance ID: 61e3e6cc-0876-46e3-adbc-79e9908e9091)
2026-02-13 14:04:07 [[32minfo[39m]: Alliance formed between agents o]RiO!0O78Z< and @;k9X 9vW$u (Alliance ID: fd45ade0-65f3-47e6-948d-a319f3f6cc08)
2026-02-13 14:04:07 [[32minfo[39m]: Alliance formed between agents o]RiO!0O78Z< and ]eTv*RgU_tjL (Alliance ID: 3dc4dc9b-e9ec-4808-88d3-aea9cd1593fb)
2026-02-13 14:04:07 [[32minfo[39m]: Alliance formed between agents o]RiO!0O78Z< and 'm9='wb (Alliance ID: 161562af-d07b-4502-8b55-4c2e697ae349)
2026-02-13 14:04:07 [[32minfo[39m]: Alliance formed between agents o]RiO!0O78Z< and GYVvU<\s (Alliance ID: 9aceaa6c-70ce-4e9d-9b64-956140166035)
2026-02-13 14:04:07 [[32minfo[39m]: Alliance formed between agents o]RiO!0O78Z< and QpbZ:i (Alliance ID: a23c1e85-0be4-49fc-b99c-51fc7939001f)
2026-02-13 14:04:07 [[32minfo[39m]: Alliance 364b6f41-0e65-4446-89c7-424096b43b61 broken by agent o]RiO!0O78Z<
2026-02-13 14:04:07 [[32minfo[39m]: Alliance formed between agents  /4\ and nRCM*uH (Alliance ID: 54afe370-14c2-4c90-b5d2-10b25f2509b2)
2026-02-13 14:04:07 [[32minfo[39m]: Alliance formed between agents  /4\ and )d (Alliance ID: 4b328749-413e-407a-840b-09fd1b5aa7e5)
2026-02-13 14:04:07 [[32minfo[39m]: Alliance formed between agents  /4\ and RuP.y[s=PRz (Alliance ID: fd0bfcb1-b17c-44fd-aba4-85a16ff8bca8)
2026-02-13 14:04:07 [[32minfo[39m]: Alliance formed between agents  /4\ and 5TU4C80aOnC3 (Alliance ID: 482fbb8b-d355-49fc-aeab-efe5d72acf73)
2026-02-13 14:04:07 [[32minfo[39m]: Alliance formed between agents  /4\ and IP LoU&4Hc?? (Alliance ID: 831f5336-ac10-4f9e-90a7-b41ee8b088d1)
2026-02-13 14:04:07 [[32minfo[39m]: Initializing 5 agents with initial balance 1000
2026-02-13 14:04:07 [[32minfo[39m]: Successfully initialized 5 agents
2026-02-13 14:04:07 [[32minfo[39m]: Initializing 8 agents with initial balance 1000
2026-02-13 14:04:07 [[32minfo[39m]: Successfully initialized 8 agents
2026-02-13 14:04:07 [[32minfo[39m]: Initializing 10 agents with initial balance 1000
2026-02-13 14:04:07 [[32minfo[39m]: Successfully initialized 10 agents
2026-02-13 14:04:07 [[32minfo[39m]: Initializing 6 agents with initial balance 1000
2026-02-13 14:04:07 [[32minfo[39m]: Successfully initialized 6 agents
2026-02-13 14:04:07 [[32minfo[39m]: Alliance formed between agents  /4\ and Fs(g2U:0r_: (Alliance ID: 669696b8-e840-4552-9689-b8cf21c516f0)
2026-02-13 14:04:07 [[32minfo[39m]: Alliance formed between agents  /4\ and _o7c1le0*&i (Alliance ID: b6630e1c-c797-4a82-929e-d0e4d25fbee6)
2026-02-13 14:04:07 [[32minfo[39m]: Alliance formed between agents  /4\ and \, (Alliance ID: 76a04507-9ea5-44dc-b437-670422454061)
2026-02-13 14:04:07 [[32minfo[39m]: Alliance formed between agents  /4\ and 72 :Ws>I (Alliance ID: 1d9a1283-0b7c-44ff-b670-c8fd8a1f55f6)
2026-02-13 14:04:07 [[32minfo[39m]: Alliance 54afe370-14c2-4c90-b5d2-10b25f2509b2 broken by agent  /4\
2026-02-13 14:04:07 [[32minfo[39m]: Alliance formed between agents ?vHR e;.puC and { (!P~_y&$16 (Alliance ID: 9db413b3-d927-44d6-84f1-155c3953edbe)
2026-02-13 14:04:07 [[32minfo[39m]: Alliance formed between agents ?vHR e;.puC and z (Alliance ID: 9956e990-4b0a-48ec-8f12-4e3e6e83554d)
2026-02-13 14:04:07 [[32minfo[39m]: Alliance formed between agents ?vHR e;.puC and qB,Lr (Alliance ID: 44bdd0bf-37e3-42cd-9648-92a8a95adade)
2026-02-13 14:04:07 [[32minfo[39m]: Alliance formed between agents ?vHR e;.puC and is (Alliance ID: 458e316f-4d60-4d10-862a-6d5231c76a95)
2026-02-13 14:04:07 [[32minfo[39m]: Alliance formed between agents ?vHR e;.puC and #z&jUMkA%msz (Alliance ID: 974d9620-36fd-4f61-ae28-09ee6adc31a6)
2026-02-13 14:04:07 [[32minfo[39m]: Initializing 5 agents with initial balance 1000
2026-02-13 14:04:07 [[32minfo[39m]: Alliance formed between agents ?vHR e;.puC and z&$;}uK p a (Alliance ID: 20d30deb-33b5-474a-aa03-04cfec65d2aa)
2026-02-13 14:04:07 [[32minfo[39m]: Successfully initialized 5 agents
2026-02-13 14:04:07 [[32minfo[39m]: Alliance 9db413b3-d927-44d6-84f1-155c3953edbe broken by agent ?vHR e;.puC
2026-02-13 14:04:07 [[32minfo[39m]: Alliance formed between agents [>&/a and +"3 (Alliance ID: 2fb267bb-2a91-4af4-9d08-35101467c5b3)
2026-02-13 14:04:07 [[32minfo[39m]: Alliance formed between agents [>&/a and +v'hP=!Pa>G\ (Alliance ID: f7787ce3-c44f-47b9-95d0-0a2c5c6ce7a6)
2026-02-13 14:04:07 [[32minfo[39m]: Alliance formed between agents [>&/a and 48@4UA\ (Alliance ID: c46c5223-7a1a-459e-95bc-d00fa421ec93)
2026-02-13 14:04:07 [[32minfo[39m]: Alliance formed between agents [>&/a and #K6T (Alliance ID: 540d7725-9e96-4ff3-9962-1bc798712477)
2026-02-13 14:04:07 [[32minfo[39m]: Initializing 6 agents with initial balance 1000
2026-02-13 14:04:07 [[32minfo[39m]: Alliance formed between agents [>&/a and xku>Khj_@{ (Alliance ID: a7173336-a2f4-42f8-b8fa-ccdc06700df4)
2026-02-13 14:04:07 [[32minfo[39m]: Alliance formed between agents [>&/a and F (Alliance ID: 72b5e638-b91b-4b16-a0ad-f49d8fc62d54)
2026-02-13 14:04:07 [[32minfo[39m]: Successfully initialized 6 agents
2026-02-13 14:04:07 [[32minfo[39m]: Alliance formed between agents [>&/a and m8v10)3=f: (Alliance ID: 1d620c34-f0aa-4c3b-9a74-5acef1718b76)
2026-02-13 14:04:07 [[32minfo[39m]: Alliance formed between agents [>&/a and 3{O#Q1bdhWFB (Alliance ID: 6e85beda-309f-427f-879a-51f7946c3e30)
2026-02-13 14:04:07 [[32minfo[39m]: Alliance 2fb267bb-2a91-4af4-9d08-35101467c5b3 broken by agent [>&/a
2026-02-13 14:04:07 [[32minfo[39m]: Alliance formed between agents [!qv.H{'Ff@f and a050%A (Alliance ID: a48c8178-06a1-4674-9158-c6967c2a9681)
2026-02-13 14:04:07 [[32minfo[39m]: Initializing 17 agents with initial balance 3832
2026-02-13 14:04:07 [[32minfo[39m]: Alliance formed between agents [!qv.H{'Ff@f and Fv&MD (Alliance ID: 610372b6-31df-42b1-865c-9a3eebeca40d)
2026-02-13 14:04:07 [[32minfo[39m]: Alliance formed between agents [!qv.H{'Ff@f and =l  (Alliance ID: a8c048ef-ea23-4433-b5b9-26aa55242ffb)
2026-02-13 14:04:07 [[32minfo[39m]: Alliance formed between agents [!qv.H{'Ff@f and IgW (Alliance ID: 18d84175-b1e0-4f81-aa0a-e38064202854)
2026-02-13 14:04:07 [[32minfo[39m]: Initializing 16 agents with initial balance 1000
2026-02-13 14:04:07 [[32minfo[39m]: Successfully initialized 17 agents
2026-02-13 14:04:07 [[32minfo[39m]: Alliance a48c8178-06a1-4674-9158-c6967c2a9681 broken by agent [!qv.H{'Ff@f
2026-02-13 14:04:07 [[32minfo[39m]: Alliance formed between agents /FV'7m and 3 (Alliance ID: 87cf94df-ddca-46a8-af3b-47e099dbdd91)
2026-02-13 14:04:07 [[32minfo[39m]: Alliance formed between agents /FV'7m and .[&c)~mmWA# (Alliance ID: b5256fb8-a4ea-4630-b24c-cc8bb4f2677a)
2026-02-13 14:04:07 [[32minfo[39m]: Successfully initialized 16 agents
2026-02-13 14:04:07 [[32minfo[39m]: Alliance formed between agents /FV'7m and v=E%UwsLvs1 (Alliance ID: a872149d-b55d-4cfd-928e-ab2d0c91c97a)
2026-02-13 14:04:07 [[32minfo[39m]: Alliance formed between agents /FV'7m and |0 (Alliance ID: 7ebbf31d-1e13-4321-9744-72dc1324d6f8)
2026-02-13 14:04:07 [[32minfo[39m]: Alliance formed between agents /FV'7m and [s\gv#8]aM]] (Alliance ID: 5ddd8381-590f-4d82-9eae-0c4a9154ff1e)
2026-02-13 14:04:07 [[32minfo[39m]: Alliance 87cf94df-ddca-46a8-af3b-47e099dbdd91 broken by agent /FV'7m
2026-02-13 14:04:07 [[32minfo[39m]: Alliance formed between agents ][Lk@&SnD8 and Skpz24G}X&5 (Alliance ID: 802cd172-c845-40e1-af5d-d48ce9345987)
2026-02-13 14:04:07 [[32minfo[39m]: Alliance formed between agents ][Lk@&SnD8 and s&mSih7LCm}/ (Alliance ID: 65f305fc-daf4-4446-8c29-f095fff01d89)
2026-02-13 14:04:07 [[32minfo[39m]: Alliance formed between agents ][Lk@&SnD8 and 5,CTN-TgG< (Alliance ID: 1525ae5b-2709-4535-85d7-dfcd551ff9a6)
2026-02-13 14:04:07 [[32minfo[39m]: Alliance formed between agents ][Lk@&SnD8 and pRa9J (Alliance ID: ff09bcbd-808d-422c-86bc-b3865ef1970b)
2026-02-13 14:04:07 [[32minfo[39m]: Alliance formed between agents ][Lk@&SnD8 and Hqeyp5 (Alliance ID: abaa285c-1116-4073-8d26-198938218251)
2026-02-13 14:04:07 [[32minfo[39m]: Alliance formed between agents ][Lk@&SnD8 and mR?*RymWJ@ (Alliance ID: 1e478b31-a6df-464f-af69-2451f14e4256)
2026-02-13 14:04:07 [[32minfo[39m]: Alliance 802cd172-c845-40e1-af5d-d48ce9345987 broken by agent ][Lk@&SnD8
2026-02-13 14:04:07 [[32minfo[39m]: Alliance formed between agents N and [%Mn l1 (Alliance ID: 59964dbe-4d09-4df3-9755-6cddb6d26cbf)
2026-02-13 14:04:07 [[32minfo[39m]: Alliance formed between agents N and Ldc"ty$}X" (Alliance ID: 60ae9e0d-333c-48c4-b050-186ee0a965aa)
2026-02-13 14:04:07 [[32minfo[39m]: Alliance formed between agents N and ~W3Ey%&$' (Alliance ID: 98bcc7c7-6dd0-4324-933f-898bd33cac5b)
2026-02-13 14:04:07 [[32minfo[39m]: Alliance formed between agents N and Dlengtdsa##F (Alliance ID: e2ad9ac4-5dbd-410b-bddb-09d00c496714)
2026-02-13 14:04:07 [[32minfo[39m]: Alliance 59964dbe-4d09-4df3-9755-6cddb6d26cbf broken by agent N
2026-02-13 14:04:07 [[32minfo[39m]: Alliance formed between agents Y8! and #d,gQM{Z'FXs (Alliance ID: ecd9d593-0ccc-4b6b-b80a-f58c313cacc0)
2026-02-13 14:04:07 [[32minfo[39m]: Alliance formed between agents Y8! and 8nUw\5o7"Z" (Alliance ID: 34406e2a-2beb-4d55-bb60-df90cbc61b08)
2026-02-13 14:04:07 [[32minfo[39m]: Initializing 18 agents with initial balance 1000
2026-02-13 14:04:07 [[32minfo[39m]: Alliance formed between agents Y8! and Ns` (Alliance ID: 44782c7d-3b31-42aa-bb56-234534fa922a)
2026-02-13 14:04:07 [[32minfo[39m]: Alliance formed between agents Y8! and `_J! (Alliance ID: 77aca12b-e2f4-4f28-b9d2-4f39f8b45c37)
2026-02-13 14:04:07 [[32minfo[39m]: Alliance formed between agents Y8! and b~ (Alliance ID: a5374e48-c8a2-429f-9669-41a425532a8b)
2026-02-13 14:04:07 [[32minfo[39m]: Alliance formed between agents Y8! and i6.Zp3ZU1 (Alliance ID: a907882d-bb26-43ee-b9d0-9e8440b9dfd3)
2026-02-13 14:04:07 [[32minfo[39m]: Successfully initialized 18 agents
2026-02-13 14:04:07 [[32minfo[39m]: Alliance ecd9d593-0ccc-4b6b-b80a-f58c313cacc0 broken by agent Y8!
2026-02-13 14:04:07 [[32minfo[39m]: Alliance formed between agents a<{+" and 8calllengthB (Alliance ID: 06784f6b-a3ba-4f1e-8c68-5e06c87dd557)
2026-02-13 14:04:07 [[32minfo[39m]: Initializing 2 agents with initial balance 1000
2026-02-13 14:04:07 [[32minfo[39m]: Alliance formed between agents a<{+" and P$7 (Alliance ID: 4dc3bb24-a9e6-4da6-a96a-7abba2860228)
2026-02-13 14:04:07 [[32minfo[39m]: Successfully initialized 2 agents
2026-02-13 14:04:07 [[32minfo[39m]: Alliance 06784f6b-a3ba-4f1e-8c68-5e06c87dd557 broken by agent a<{+"
2026-02-13 14:04:07 [[32minfo[39m]: Alliance formed between agents P$h and kyZ5G (Alliance ID: 0e5e2a15-ad18-44d9-86dd-271c0fc7c161)
2026-02-13 14:04:07 [[32minfo[39m]: Alliance formed between agents P$h and !sUs[ (Alliance ID: c4cc234e-9acf-435a-8093-da5f0a7ed1e5)
2026-02-13 14:04:07 [[32minfo[39m]: Alliance formed between agents P$h and t}!:v%f (Alliance ID: 020c88d0-0bba-49d6-aea8-29b4b474db69)
2026-02-13 14:04:07 [[32minfo[39m]: Initializing 5 agents with initial balance 1000
2026-02-13 14:04:07 [[32minfo[39m]: Alliance formed between agents P$h and 6TdW5aHG (Alliance ID: aacddce9-cab8-4638-8155-0ec63d47757a)
2026-02-13 14:04:07 [[32minfo[39m]: Alliance formed between agents P$h and rPDXA+hN6 (Alliance ID: e8f806aa-bad5-4085-bd14-b32424c26080)
2026-02-13 14:04:07 [[32minfo[39m]: Successfully initialized 5 agents
2026-02-13 14:04:07 [[32minfo[39m]: Alliance formed between agents P$h and =16UagwA[:: (Alliance ID: e1bcb314-ff9c-464b-981c-231ad333ad03)
2026-02-13 14:04:07 [[32minfo[39m]: Alliance formed between agents P$h and %j5XMVn!M[(o (Alliance ID: 8565f720-8fe0-4119-b168-95d88a33030a)
2026-02-13 14:04:07 [[32minfo[39m]: Alliance formed between agents P$h and l8#Xd\w#a{ (Alliance ID: 06db1fd1-4076-476e-a7fa-b36d4a0fd79b)
2026-02-13 14:04:07 [[32minfo[39m]: Initializing 16 agents with initial balance 1000
2026-02-13 14:04:07 [[32minfo[39m]: Alliance formed between agents P$h and mvoB8@5KIZ (Alliance ID: 77a6bafe-50db-4653-a7f5-840579f19c12)
2026-02-13 14:04:07 [[32minfo[39m]: Alliance 0e5e2a15-ad18-44d9-86dd-271c0fc7c161 broken by agent P$h
2026-02-13 14:04:07 [[32minfo[39m]: Alliance formed between agents As and <o4 (Alliance ID: 629b22b5-1c6e-48f1-9908-7a8f24b28f61)
2026-02-13 14:04:07 [[32minfo[39m]: Alliance formed between agents As and *<"8 (Alliance ID: 715b7b8b-58a3-4540-9e54-69e3b4c682f8)
2026-02-13 14:04:07 [[32minfo[39m]: Alliance 629b22b5-1c6e-48f1-9908-7a8f24b28f61 broken by agent As
2026-02-13 14:04:07 [[32minfo[39m]: Alliance formed between agents g|D9\m@ and ZrZ*V#*MF (Alliance ID: 82e33804-76fb-4d08-8dcd-2631ffd561e6)
2026-02-13 14:04:07 [[32minfo[39m]: Alliance formed between agents g|D9\m@ and \?nQ\ (Alliance ID: 6efdb45f-1a4b-4b69-bda9-4a4ad303d357)
2026-02-13 14:04:07 [[32minfo[39m]: Alliance formed between agents g|D9\m@ and I5Q3#y^V (Alliance ID: 00a0c711-802f-44de-80e2-66f900368b24)
2026-02-13 14:04:07 [[32minfo[39m]: Alliance formed between agents g|D9\m@ and 7&+-Z\Gt4^u\ (Alliance ID: 4649a6b9-b5fb-4358-83e7-988911954091)
2026-02-13 14:04:07 [[32minfo[39m]: Alliance formed between agents g|D9\m@ and yU~ (Alliance ID: 9633bfe7-3743-43be-9f23-6d042dd1470d)
2026-02-13 14:04:07 [[32minfo[39m]: Alliance formed between agents g|D9\m@ and NJU'c5qwB~I\ (Alliance ID: 6b0ff038-04ff-476b-806f-06a569e712f8)
2026-02-13 14:04:07 [[32minfo[39m]: Alliance 82e33804-76fb-4d08-8dcd-2631ffd561e6 broken by agent g|D9\m@
2026-02-13 14:04:07 [[32minfo[39m]: Alliance formed between agents D $qv@Bp%@! and |c&$ (Alliance ID: 87565f41-db99-42ab-b65d-b88c63974007)
2026-02-13 14:04:07 [[32minfo[39m]: Alliance formed between agents D $qv@Bp%@! and e (Alliance ID: 9f3e326e-c284-45c8-8068-329f99d82b07)
2026-02-13 14:04:07 [[32minfo[39m]: Alliance formed between agents D $qv@Bp%@! and AIQt (Alliance ID: 74b924e8-a792-4505-917d-1525a8798cbd)
2026-02-13 14:04:07 [[32minfo[39m]: Alliance formed between agents D $qv@Bp%@! and |> (Alliance ID: 6a38d4a4-4d69-41c6-a8fb-1f2a5fa4e255)
2026-02-13 14:04:07 [[32minfo[39m]: Alliance formed between agents D $qv@Bp%@! and U|zq (Alliance ID: cecdb09b-7eab-4e48-baa4-ef48274116f8)
2026-02-13 14:04:07 [[32minfo[39m]: Alliance formed between agents D $qv@Bp%@! and v;$nSs"1HS. (Alliance ID: 51c9e355-3565-46b2-b25d-66d8bba8f231)
2026-02-13 14:04:07 [[32minfo[39m]: Alliance formed between agents D $qv@Bp%@! and D5*k (Alliance ID: c872045e-302e-4d1c-be6a-99db5fcf99fb)
2026-02-13 14:04:07 [[32minfo[39m]: Alliance formed between agents D $qv@Bp%@! and -H\,F#@1ye:X (Alliance ID: bf48ca86-563f-4b74-869c-1f5ed4d95495)
2026-02-13 14:04:07 [[32minfo[39m]: Alliance formed between agents D $qv@Bp%@! and ,p* (Alliance ID: e80e36ae-1a87-4d07-919d-e14c2f012c2f)
2026-02-13 14:04:07 [[32minfo[39m]: Alliance 87565f41-db99-42ab-b65d-b88c63974007 broken by agent D $qv@Bp%@!
2026-02-13 14:04:07 [[32minfo[39m]: Alliance formed between agents Y<<*Ed and J-( (Alliance ID: 8d4ba357-d60d-4927-b437-dde4f54d666c)
2026-02-13 14:04:07 [[32minfo[39m]: Alliance formed between agents Y<<*Ed and -u~ik)g\dk (Alliance ID: c9307212-f7d7-4c87-9229-973876563e7e)
2026-02-13 14:04:07 [[32minfo[39m]: Alliance formed between agents Y<<*Ed and >uX! (Alliance ID: 69ef1fb9-706b-4c1a-8840-2032107b2c3a)
2026-02-13 14:04:07 [[32minfo[39m]: Alliance formed between agents Y<<*Ed and aX (Alliance ID: cfb58aa1-8557-406e-91d6-68606287d70c)
2026-02-13 14:04:07 [[32minfo[39m]: Alliance formed between agents Y<<*Ed and /G:=yFcT^3M. (Alliance ID: e824f0a9-22cd-4925-afde-094846b630a0)
2026-02-13 14:04:07 [[32minfo[39m]: Alliance formed between agents Y<<*Ed and }`'ki)p(!= (Alliance ID: df74d47d-bdc2-425f-a0ff-d5eee355cad6)
2026-02-13 14:04:07 [[32minfo[39m]: Alliance formed between agents Y<<*Ed and L}(1#Pl8f (Alliance ID: 16b79443-bfdc-4a39-85c6-cbfef51aff0a)
2026-02-13 14:04:07 [[32minfo[39m]: Alliance 8d4ba357-d60d-4927-b437-dde4f54d666c broken by agent Y<<*Ed
2026-02-13 14:04:07 [[32minfo[39m]: Alliance formed between agents !:Aqu6P9u{ and >6^Ubr$ (Alliance ID: 5ace6eb3-113e-4534-861f-3f3e73b42ee7)
2026-02-13 14:04:07 [[32minfo[39m]: Alliance formed between agents !:Aqu6P9u{ and kO (Alliance ID: 3769c159-8c19-4a64-8ba2-896712c020e0)
2026-02-13 14:04:07 [[32minfo[39m]: Alliance formed between agents !:Aqu6P9u{ and '{,{%L (Alliance ID: f56c8a00-8959-4859-8ff5-4dc3971349eb)
2026-02-13 14:04:07 [[32minfo[39m]: Alliance formed between agents !:Aqu6P9u{ and ;f'RX.;2F<jx (Alliance ID: 1d796801-b2a4-4bb7-8ba5-cf8e23e63f77)
2026-02-13 14:04:07 [[32minfo[39m]: Alliance formed between agents !:Aqu6P9u{ and vVpYZZ[SD4hV (Alliance ID: 06e786d5-39ce-4db4-a759-1088b39ffaa2)
2026-02-13 14:04:07 [[32minfo[39m]: Alliance formed between agents !:Aqu6P9u{ and +Kc'M~ (Alliance ID: 7fb633b6-4be3-41f7-bed6-8b373863f15f)
2026-02-13 14:04:07 [[32minfo[39m]: Alliance formed between agents !:Aqu6P9u{ and t{-\_IN0gv-s (Alliance ID: 47485844-80fa-4d63-8f90-5c4a3a24771e)
2026-02-13 14:04:07 [[32minfo[39m]: Alliance formed between agents !:Aqu6P9u{ and 4r],-}r (Alliance ID: 1bf61fa0-9dbc-448d-aa78-b9e9aaab07df)
2026-02-13 14:04:07 [[32minfo[39m]: Alliance 5ace6eb3-113e-4534-861f-3f3e73b42ee7 broken by agent !:Aqu6P9u{
2026-02-13 14:04:07 [[32minfo[39m]: Alliance formed between agents 18ug| and a (Alliance ID: 17cc2823-0cf3-4020-a233-4d819633daa0)
2026-02-13 14:04:07 [[32minfo[39m]: Alliance formed between agents 18ug| and cnD}<Pw (Alliance ID: 8a6737d8-85ec-4172-a462-e8c9edd2f116)
2026-02-13 14:04:07 [[32minfo[39m]: Alliance formed between agents 18ug| and constructor (Alliance ID: 249670e6-8f66-47e4-a7e3-a19b5198305a)
2026-02-13 14:04:07 [[32minfo[39m]: Alliance 17cc2823-0cf3-4020-a233-4d819633daa0 broken by agent 18ug|
2026-02-13 14:04:07 [[32minfo[39m]: Alliance formed between agents |$]G{q and a?C (Alliance ID: 17e07466-422c-4fb4-909f-6a5e8c7925e4)
2026-02-13 14:04:07 [[32minfo[39m]: Alliance formed between agents |$]G{q and y&nk+.wD>H3 (Alliance ID: 79861e04-f811-4a2a-ac9c-fbd66ad3a9d8)
2026-02-13 14:04:07 [[32minfo[39m]: Alliance formed between agents |$]G{q and b)]k]M> (Alliance ID: 26f3b3ab-e205-40a1-a57a-f8831e219683)
2026-02-13 14:04:07 [[32minfo[39m]: Alliance formed between agents |$]G{q and km2f/ZiH (Alliance ID: d1e0b531-3d84-4e37-a8ab-e406c80d4e0c)
2026-02-13 14:04:07 [[32minfo[39m]: Alliance formed between agents |$]G{q and /R~ (Alliance ID: e8e00157-e9ff-4928-8935-e9b651fedb15)
2026-02-13 14:04:07 [[32minfo[39m]: Alliance formed between agents |$]G{q and M;-;C (Alliance ID: 42d8276f-fe87-40fa-8177-4199e1e7742c)
2026-02-13 14:04:07 [[32minfo[39m]: Alliance 17e07466-422c-4fb4-909f-6a5e8c7925e4 broken by agent |$]G{q
2026-02-13 14:04:07 [[32minfo[39m]: Alliance formed between agents 6+%5\p and xaw:N_C (Alliance ID: 308450e5-5d22-4cfc-81f4-b793b0355855)
2026-02-13 14:04:07 [[32minfo[39m]: Alliance formed between agents 6+%5\p and G>'I6+u,g (Alliance ID: 0f73c523-e48a-434a-960d-aaf94211684d)
2026-02-13 14:04:07 [[32minfo[39m]: Alliance formed between agents 6+%5\p and fK}g+|?e8e k (Alliance ID: 0ff9cc48-5daa-49d5-bbeb-3216fb580957)
2026-02-13 14:04:07 [[32minfo[39m]: Alliance formed between agents 6+%5\p and  8I{_dr?!$ (Alliance ID: 7f4ca8b9-f645-426b-92b9-4bcea3fe8807)
2026-02-13 14:04:07 [[32minfo[39m]: Alliance formed between agents 6+%5\p and r."?HgDT=\b (Alliance ID: bcd22c26-b345-4873-bc32-34447ed54ed7)
2026-02-13 14:04:07 [[32minfo[39m]: Alliance formed between agents 6+%5\p and ~IA (Alliance ID: b86f7cad-09d8-45aa-95b7-d7ab33907fef)
2026-02-13 14:04:07 [[32minfo[39m]: Alliance formed between agents 6+%5\p and 'X$26fH (Alliance ID: 51f2d3d3-8a69-4d18-976f-4f67aeeb4d95)
2026-02-13 14:04:07 [[32minfo[39m]: Alliance formed between agents 6+%5\p and 6MfD05'P0tZ2 (Alliance ID: 836790c8-367a-44a1-b0a4-0e5625b18f09)
2026-02-13 14:04:07 [[32minfo[39m]: Alliance 308450e5-5d22-4cfc-81f4-b793b0355855 broken by agent 6+%5\p
2026-02-13 14:04:07 [[32minfo[39m]: Alliance formed between agents dI6&eD`b and X- rn~&9W.~ (Alliance ID: 19585058-2fdc-4a22-9b4f-0d129a71d77c)
2026-02-13 14:04:07 [[32minfo[39m]: Alliance formed between agents dI6&eD`b and dP.*m (Alliance ID: 13973e43-cf2b-4da1-b1e4-cdbe5a94d521)
2026-02-13 14:04:07 [[32minfo[39m]: Alliance 19585058-2fdc-4a22-9b4f-0d129a71d77c broken by agent dI6&eD`b
2026-02-13 14:04:07 [[32minfo[39m]: Initializing 3 agents with initial balance 824
2026-02-13 14:04:07 [[32minfo[39m]: Alliance formed between agents #R and pp (Alliance ID: 446522cb-13da-45be-be87-cdca6f438265)
2026-02-13 14:04:07 [[32minfo[39m]: Successfully initialized 3 agents
2026-02-13 14:04:07 [[32minfo[39m]: Alliance formed between agents #R and 8hdGPTs*lT& (Alliance ID: af356d0a-ade9-4fc8-b508-ce7a817bc530)
2026-02-13 14:04:07 [[32minfo[39m]: Alliance formed between agents #R and x]sDj~Bl (Alliance ID: 98012d7a-6f5e-4fe2-974c-0f39024027ed)
2026-02-13 14:04:07 [[32minfo[39m]: Alliance formed between agents #R and  4^nX8 (Alliance ID: 202e881b-d7e8-4920-9c8c-867fe90ba028)
2026-02-13 14:04:07 [[32minfo[39m]: Alliance formed between agents #R and )E (Alliance ID: 6a70e9de-9d49-4cae-a4aa-407c61d040e4)
2026-02-13 14:04:07 [[32minfo[39m]: Alliance formed between agents #R and oF (Alliance ID: 1f43708c-dcb9-4a9c-8d7b-505fb2b154f5)
2026-02-13 14:04:07 [[32minfo[39m]: Alliance formed between agents #R and [ (Alliance ID: 2b93030d-72d0-4a22-8316-ffe2155d024b)
2026-02-13 14:04:07 [[32minfo[39m]: Alliance formed between agents #R and ~qN3{/SpRx (Alliance ID: d1f63bc6-ce26-474a-8879-8132163582dc)
2026-02-13 14:04:07 [[32minfo[39m]: Alliance 446522cb-13da-45be-be87-cdca6f438265 broken by agent #R
2026-02-13 14:04:07 [[32minfo[39m]: Alliance formed between agents = and j687DhT (Alliance ID: 483cc934-7b6d-4cd6-b774-3784aeab5fa8)
2026-02-13 14:04:07 [[32minfo[39m]: Alliance formed between agents = and eBRA< (Alliance ID: 4cdfd8f0-7f8c-42b6-b0b9-196a9c582f62)
2026-02-13 14:04:07 [[32minfo[39m]: Alliance formed between agents = and &@`LBY?-68nj (Alliance ID: c70e514f-0771-423c-b079-e50d6d4acd33)
2026-02-13 14:04:07 [[32minfo[39m]: Alliance formed between agents = and GO0& (Alliance ID: ff48aea7-b619-4b97-abc2-2bb867ed2cf7)
2026-02-13 14:04:07 [[32minfo[39m]: Alliance formed between agents = and l8Ltk|:=4 (Alliance ID: 10736ef3-3452-4311-b7d5-bdb13e4531af)
2026-02-13 14:04:07 [[32minfo[39m]: Alliance formed between agents = and jH`!1 (Alliance ID: 0cb208e2-e7c3-47a8-a4ee-3f9d6d1acaf4)
2026-02-13 14:04:07 [[32minfo[39m]: Alliance formed between agents = and 1Xi;Yu^Su{ (Alliance ID: e488b7ed-7240-44ee-8c42-30d7242d4f18)
2026-02-13 14:04:07 [[32minfo[39m]: Alliance 483cc934-7b6d-4cd6-b774-3784aeab5fa8 broken by agent =
2026-02-13 14:04:07 [[32minfo[39m]: Alliance formed between agents L and Hk%7\<FU)G0 (Alliance ID: c368ece9-e6cc-405e-946e-c4881d1fcc03)
2026-02-13 14:04:07 [[32minfo[39m]: Alliance formed between agents L and WN3G:+}Yi (Alliance ID: ab1e2686-47bd-4ae2-a37d-f95eeb1a0bd8)
2026-02-13 14:04:07 [[32minfo[39m]: Alliance formed between agents L and Cs (Alliance ID: 94bbe721-68eb-449e-9f78-287f50fdb951)
2026-02-13 14:04:07 [[32minfo[39m]: Alliance formed between agents L and M, (Alliance ID: 6e73aebf-2cd3-45ef-a375-9e5acd9bfc38)
2026-02-13 14:04:07 [[32minfo[39m]: Alliance formed between agents L and +#H<o (Alliance ID: ee2774d6-3aa9-419c-a2ea-08bbd629c0c6)
2026-02-13 14:04:07 [[32minfo[39m]: Alliance c368ece9-e6cc-405e-946e-c4881d1fcc03 broken by agent L
2026-02-13 14:04:07 [[32minfo[39m]: Alliance formed between agents xzp\17%q 2x` and )`K6{qj (Alliance ID: 703ae6b4-5cbe-4f32-be4d-96461784afd3)
2026-02-13 14:04:07 [[32minfo[39m]: Alliance formed between agents xzp\17%q 2x` and C (Alliance ID: 0acf7abe-40c5-4b60-a3d1-71f182e0ef19)
2026-02-13 14:04:07 [[32minfo[39m]: Alliance formed between agents xzp\17%q 2x` and }toStringzp (Alliance ID: 4c9175ca-3ec7-486d-af4e-82a766dbfcc8)
2026-02-13 14:04:07 [[32minfo[39m]: Alliance 703ae6b4-5cbe-4f32-be4d-96461784afd3 broken by agent xzp\17%q 2x`
2026-02-13 14:04:07 [[32minfo[39m]: Alliance formed between agents HZ)k5Vl and zgO_X0b<V (Alliance ID: ca043785-f8b6-47cf-8932-f616f02a0e1e)
2026-02-13 14:04:07 [[32minfo[39m]: Alliance formed between agents HZ)k5Vl and Kzf;+ (Alliance ID: 83888688-cef6-4703-adab-76587bf07545)
2026-02-13 14:04:07 [[32minfo[39m]: Alliance formed between agents HZ)k5Vl and /_y` (Alliance ID: c421e2e5-ffe6-4270-b7e9-c0300cf6c4cd)
2026-02-13 14:04:07 [[32minfo[39m]: Alliance formed between agents HZ)k5Vl and QHri[ (Alliance ID: 28b6132a-ebca-434b-ac67-70f19c39f918)
2026-02-13 14:04:07 [[32minfo[39m]: Alliance formed between agents HZ)k5Vl and jY"h8wJX6( (Alliance ID: a888ba87-3ed8-4b9e-8b39-99a046eb2f62)
2026-02-13 14:04:07 [[32minfo[39m]: Alliance formed between agents HZ)k5Vl and RLZQNu[{ (Alliance ID: a632fa0f-0ee6-47eb-9bd0-0d2be7a3d214)
2026-02-13 14:04:07 [[32minfo[39m]: Alliance formed between agents HZ)k5Vl and >_m-j8kH (Alliance ID: bf2ca191-20a8-4327-b502-de64cb5f2b17)
2026-02-13 14:04:07 [[32minfo[39m]: Alliance formed between agents HZ)k5Vl and IvQlV\ (Alliance ID: 06970907-44a0-45dc-b8c9-53c0122f240e)
2026-02-13 14:04:07 [[32minfo[39m]: Alliance formed between agents HZ)k5Vl and o2Y)"<Or (Alliance ID: 68c9540e-8c33-4bc5-be4d-e7240f52f5a0)
2026-02-13 14:04:07 [[32minfo[39m]: Alliance ca043785-f8b6-47cf-8932-f616f02a0e1e broken by agent HZ)k5Vl
2026-02-13 14:04:07 [[32minfo[39m]: Alliance formed between agents JWf and $^MI?" (Alliance ID: 4c230487-622d-41d6-bc45-7d090b953514)
2026-02-13 14:04:07 [[32minfo[39m]: Alliance formed between agents JWf and K/] (Alliance ID: 9113f655-b3bd-422f-a9dd-824ced2994a2)
2026-02-13 14:04:07 [[32minfo[39m]: Alliance formed between agents JWf and 7~vO[ (Alliance ID: c564c412-28d6-405e-835d-75357c9fd75c)
2026-02-13 14:04:07 [[32minfo[39m]: Alliance formed between agents JWf and 04'A[^yT (Alliance ID: 95ef7294-40bc-493b-9370-82b7671038f5)
2026-02-13 14:04:07 [[32minfo[39m]: Alliance formed between agents JWf and >b"VxP+wLeZ^ (Alliance ID: 4df1a313-e86e-47d8-8424-6042572682f1)
2026-02-13 14:04:07 [[32minfo[39m]: Alliance formed between agents JWf and &zE9"-} (Alliance ID: 4b39acaa-b0ad-4fe4-b0ed-9ea4b8eeb0fd)
2026-02-13 14:04:07 [[32minfo[39m]: Alliance formed between agents JWf and D"W (Alliance ID: a064c2e2-3d63-4f31-b749-c9a30abbc360)
2026-02-13 14:04:07 [[32minfo[39m]: Alliance formed between agents JWf and ?*,%0r- (Alliance ID: 1f9af581-cec5-4935-a728-fc1bda58ca68)
2026-02-13 14:04:07 [[32minfo[39m]: Alliance formed between agents JWf and "ZEeG (Alliance ID: e5c9b20c-b4f1-4c28-b2fa-71ede0f8973c)
2026-02-13 14:04:07 [[32minfo[39m]: Alliance 4c230487-622d-41d6-bc45-7d090b953514 broken by agent JWf
2026-02-13 14:04:07 [[32minfo[39m]: Alliance formed between agents i/_9v  and @jY<eoO (Alliance ID: dbffaf4b-cd73-4069-b05c-cfcfba76b17e)
2026-02-13 14:04:07 [[32minfo[39m]: Alliance formed between agents i/_9v  and S<?$7u5 (Alliance ID: 9fb34b76-e9c5-44d9-a2b4-ca1025c546cd)
2026-02-13 14:04:07 [[32minfo[39m]: Alliance formed between agents i/_9v  and constructor (Alliance ID: 155763b0-7a52-4cec-b86b-23a4d3ed42cd)
2026-02-13 14:04:07 [[32minfo[39m]: Alliance formed between agents i/_9v  and e=/i\pF0z8 (Alliance ID: e39dd969-7478-49cb-98cd-d12bc179e31c)
2026-02-13 14:04:07 [[32minfo[39m]: Alliance formed between agents i/_9v  and ,%?HQ% (Alliance ID: e5b3074c-d8cd-455d-80e9-845fbe303e29)
2026-02-13 14:04:07 [[32minfo[39m]: Alliance formed between agents i/_9v  and 7SEBeK5,1x (Alliance ID: 4c776449-0ab2-4905-9dc7-10d36a57bca0)
2026-02-13 14:04:07 [[32minfo[39m]: Alliance dbffaf4b-cd73-4069-b05c-cfcfba76b17e broken by agent i/_9v 
2026-02-13 14:04:07 [[32minfo[39m]: Alliance formed between agents o~;#n= and AztSY\t7Zt= (Alliance ID: aa174a03-91c9-4c44-897f-a2bef762d3c5)
2026-02-13 14:04:07 [[32minfo[39m]: Alliance formed between agents o~;#n= and Jfv,)DFNvX (Alliance ID: 22853386-0b03-4af5-b9b2-c7dfb414ac99)
2026-02-13 14:04:07 [[32minfo[39m]: Alliance formed between agents o~;#n= and "72 (Alliance ID: fbdbb770-9ddd-4e1f-b87c-594886056a4a)
2026-02-13 14:04:07 [[32minfo[39m]: Alliance formed between agents o~;#n= and key (Alliance ID: bb884100-9718-42a7-8a28-97ddce50feca)
2026-02-13 14:04:07 [[32minfo[39m]: Alliance formed between agents o~;#n= and !%}j5 (Alliance ID: fb3ebb43-e7e0-4c40-9ef9-f91b20181a4a)
2026-02-13 14:04:07 [[32minfo[39m]: Alliance formed between agents o~;#n= and f3#M+3Kq[~ (Alliance ID: b1672700-7aeb-4b24-a697-e3f6dc5d1959)
2026-02-13 14:04:07 [[32minfo[39m]: Alliance formed between agents o~;#n= and {qyhY^zBuMC (Alliance ID: 99e009bf-afe0-4e48-abbe-b2ed4e2cec08)
2026-02-13 14:04:07 [[32minfo[39m]: Alliance aa174a03-91c9-4c44-897f-a2bef762d3c5 broken by agent o~;#n=
2026-02-13 14:04:07 [[32minfo[39m]: Alliance formed between agents |=O N<u9 and $,ETa.VU"L8i (Alliance ID: eec21e60-fbe3-475b-b95f-e2f8271bafb6)
2026-02-13 14:04:07 [[32minfo[39m]: Alliance formed between agents |=O N<u9 and =& (Alliance ID: d56b224e-9f5c-434f-9f06-4009cb9a9219)
2026-02-13 14:04:07 [[32minfo[39m]: Alliance formed between agents |=O N<u9 and ];M (Alliance ID: ff022de8-f902-4886-844f-d2f0e10654b5)
2026-02-13 14:04:07 [[32minfo[39m]: Alliance formed between agents |=O N<u9 and   (Alliance ID: 22fbd9d5-72eb-4063-8507-b608c15c2775)
2026-02-13 14:04:07 [[32minfo[39m]: Alliance formed between agents |=O N<u9 and @oX (Alliance ID: 463ef908-6820-41b0-be3b-a545b8e77eb0)
2026-02-13 14:04:07 [[32minfo[39m]: Alliance formed between agents |=O N<u9 and MrkR}4`vCs (Alliance ID: 8e812f1d-5705-40d7-897f-85280479d758)
2026-02-13 14:04:07 [[32minfo[39m]: Alliance eec21e60-fbe3-475b-b95f-e2f8271bafb6 broken by agent |=O N<u9
2026-02-13 14:04:07 [[32minfo[39m]: Initializing 1 agents with initial balance 7
2026-02-13 14:04:07 [[32minfo[39m]: Successfully initialized 1 agents
2026-02-13 14:04:07 [[32minfo[39m]: Initializing 2 agents with initial balance 9630
2026-02-13 14:04:07 [[32minfo[39m]: Successfully initialized 2 agents
2026-02-13 14:04:07 [[32minfo[39m]: Initializing 14 agents with initial balance 1013
2026-02-13 14:04:07 [[32minfo[39m]: Initializing 10 agents with initial balance 4176
2026-02-13 14:04:07 [[32minfo[39m]: Successfully initialized 10 agents
2026-02-13 14:04:07 [[32minfo[39m]: Successfully initialized 14 agents
2026-02-13 14:04:07 [[32minfo[39m]: Initializing 10 agents with initial balance 108
2026-02-13 14:04:07 [[32minfo[39m]: Successfully initialized 10 agents
2026-02-13 14:04:07 [[32minfo[39m]: Initializing 13 agents with initial balance 4988
2026-02-13 14:04:07 [[32minfo[39m]: Successfully initialized 13 agents
2026-02-13 14:04:07 [[32minfo[39m]: Initializing 17 agents with initial balance 2894
2026-02-13 14:04:07 [[32minfo[39m]: Successfully initialized 17 agents
2026-02-13 14:04:07 [[32minfo[39m]: Initializing 12 agents with initial balance 4025
2026-02-13 14:04:07 [[32minfo[39m]: Successfully initialized 12 agents
2026-02-13 14:04:07 [[32minfo[39m]: Initializing 14 agents with initial balance 839
2026-02-13 14:04:07 [[32minfo[39m]: Successfully initialized 14 agents
2026-02-13 14:04:07 [[32minfo[39m]: Initializing 14 agents with initial balance 2803
2026-02-13 14:04:07 [[32minfo[39m]: Successfully initialized 14 agents
2026-02-13 14:04:07 [[32minfo[39m]: Initializing 13 agents with initial balance 1286
2026-02-13 14:04:07 [[32minfo[39m]: Successfully initialized 13 agents
2026-02-13 14:04:07 [[32minfo[39m]: Initializing 12 agents with initial balance 1706
2026-02-13 14:04:07 [[32minfo[39m]: Successfully initialized 12 agents
2026-02-13 14:04:07 [[32minfo[39m]: Initializing 14 agents with initial balance 1320
2026-02-13 14:04:07 [[32minfo[39m]: Successfully initialized 14 agents
2026-02-13 14:04:07 [[32minfo[39m]: Initializing 20 agents with initial balance 4328
2026-02-13 14:04:07 [[32minfo[39m]: Successfully initialized 20 agents
2026-02-13 14:04:07 [[32minfo[39m]: Initializing 20 agents with initial balance 4341
2026-02-13 14:04:07 [[32minfo[39m]: Successfully initialized 20 agents
2026-02-13 14:04:07 [[32minfo[39m]: Initializing 17 agents with initial balance 4993
2026-02-13 14:04:07 [[32minfo[39m]: Successfully initialized 17 agents
2026-02-13 14:04:07 [[32minfo[39m]: Initializing 17 agents with initial balance 6998
2026-02-13 14:04:07 [[32minfo[39m]: Successfully initialized 17 agents
2026-02-13 14:04:07 [[32minfo[39m]: Initializing 15 agents with initial balance 955
2026-02-13 14:04:07 [[32minfo[39m]: Successfully initialized 15 agents
2026-02-13 14:04:07 [[32minfo[39m]: Initializing 20 agents with initial balance 1446
2026-02-13 14:04:07 [[32minfo[39m]: Successfully initialized 20 agents
2026-02-13 14:04:07 [[32minfo[39m]: Initializing 15 agents with initial balance 1686
2026-02-13 14:04:07 [[32minfo[39m]: Successfully initialized 15 agents
2026-02-13 14:04:07 [[32minfo[39m]: Initializing 14 agents with initial balance 505
2026-02-13 14:04:07 [[32minfo[39m]: Successfully initialized 14 agents
2026-02-13 14:04:07 [[32minfo[39m]: Initializing 13 agents with initial balance 4613
2026-02-13 14:04:07 [[32minfo[39m]: Successfully initialized 13 agents
2026-02-13 14:04:07 [[32minfo[39m]: Initializing 18 agents with initial balance 511
2026-02-13 14:04:07 [[32minfo[39m]: Successfully initialized 18 agents
2026-02-13 14:04:07 [[32minfo[39m]: Initializing 13 agents with initial balance 3912
2026-02-13 14:04:07 [[32minfo[39m]: Successfully initialized 13 agents
2026-02-13 14:04:07 [[32minfo[39m]: Initializing 18 agents with initial balance 4994
2026-02-13 14:04:07 [[32minfo[39m]: Successfully initialized 18 agents
2026-02-13 14:04:07 [[32minfo[39m]: Initializing 12 agents with initial balance 4156
2026-02-13 14:04:07 [[32minfo[39m]: Successfully initialized 12 agents
2026-02-13 14:04:07 [[32minfo[39m]: Initializing 18 agents with initial balance 508
2026-02-13 14:04:07 [[32minfo[39m]: Successfully initialized 18 agents
2026-02-13 14:04:07 [[32minfo[39m]: Initializing 17 agents with initial balance 3963
2026-02-13 14:04:07 [[32minfo[39m]: Successfully initialized 17 agents
2026-02-13 14:04:07 [[32minfo[39m]: Initializing 20 agents with initial balance 1648
2026-02-13 14:04:07 [[32minfo[39m]: Successfully initialized 20 agents
2026-02-13 14:04:07 [[32minfo[39m]: Initializing 8 agents with initial balance 8
2026-02-13 14:04:07 [[32minfo[39m]: Successfully initialized 8 agents
2026-02-13 14:04:07 [[32minfo[39m]: Initializing 14 agents with initial balance 503
2026-02-13 14:04:07 [[32minfo[39m]: Successfully initialized 14 agents
2026-02-13 14:04:07 [[32minfo[39m]: Initializing 14 agents with initial balance 2982
2026-02-13 14:04:07 [[32minfo[39m]: Successfully initialized 14 agents
2026-02-13 14:04:07 [[32minfo[39m]: Initializing 17 agents with initial balance 2836
2026-02-13 14:04:07 [[32minfo[39m]: Successfully initialized 17 agents
2026-02-13 14:04:07 [[32minfo[39m]: Initializing 20 agents with initial balance 2236
2026-02-13 14:04:07 [[32minfo[39m]: Successfully initialized 20 agents
2026-02-13 14:04:07 [[32minfo[39m]: Initializing 17 agents with initial balance 2221
2026-02-13 14:04:07 [[32minfo[39m]: Successfully initialized 17 agents
2026-02-13 14:04:07 [[32minfo[39m]: Initializing 12 agents with initial balance 4988
2026-02-13 14:04:07 [[32minfo[39m]: Successfully initialized 12 agents
2026-02-13 14:04:07 [[32minfo[39m]: Initializing 18 agents with initial balance 872
2026-02-13 14:04:07 [[32minfo[39m]: Successfully initialized 18 agents
2026-02-13 14:04:07 [[32minfo[39m]: Initializing 16 agents with initial balance 4447
2026-02-13 14:04:07 [[32minfo[39m]: Successfully initialized 16 agents
2026-02-13 14:04:07 [[32minfo[39m]: Initializing 17 agents with initial balance 3785
2026-02-13 14:04:07 [[32minfo[39m]: Successfully initialized 17 agents
2026-02-13 14:04:07 [[32minfo[39m]: Initializing 17 agents with initial balance 4355
2026-02-13 14:04:07 [[32minfo[39m]: Successfully initialized 17 agents
2026-02-13 14:04:07 [[32minfo[39m]: Initializing 16 agents with initial balance 2111
2026-02-13 14:04:07 [[32minfo[39m]: Successfully initialized 16 agents
2026-02-13 14:04:07 [[32minfo[39m]: Initializing 20 agents with initial balance 3492
2026-02-13 14:04:07 [[32minfo[39m]: Successfully initialized 20 agents
2026-02-13 14:04:07 [[32minfo[39m]: Initializing 16 agents with initial balance 1780
2026-02-13 14:04:07 [[32minfo[39m]: Successfully initialized 16 agents
2026-02-13 14:04:07 [[32minfo[39m]: Initializing 19 agents with initial balance 1092
2026-02-13 14:04:07 [[32minfo[39m]: Successfully initialized 19 agents
2026-02-13 14:04:07 [[32minfo[39m]: Initializing 20 agents with initial balance 755
2026-02-13 14:04:07 [[32minfo[39m]: Successfully initialized 20 agents
2026-02-13 14:04:07 [[32minfo[39m]: Initializing 13 agents with initial balance 1789
2026-02-13 14:04:07 [[32minfo[39m]: Successfully initialized 13 agents
2026-02-13 14:04:07 [[32minfo[39m]: Initializing 15 agents with initial balance 2126
2026-02-13 14:04:07 [[32minfo[39m]: Initializing 18 agents with initial balance 4039
2026-02-13 14:04:07 [[32minfo[39m]: Successfully initialized 15 agents
2026-02-13 14:04:07 [[32minfo[39m]: Successfully initialized 18 agents
2026-02-13 14:04:07 [[32minfo[39m]: Initializing 20 agents with initial balance 4994
2026-02-13 14:04:07 [[32minfo[39m]: Successfully initialized 20 agents
2026-02-13 14:04:07 [[32minfo[39m]: Initializing 12 agents with initial balance 986
2026-02-13 14:04:07 [[32minfo[39m]: Successfully initialized 12 agents
2026-02-13 14:04:07 [[32minfo[39m]: Initializing 17 agents with initial balance 4965
2026-02-13 14:04:07 [[32minfo[39m]: Successfully initialized 17 agents
2026-02-13 14:04:07 [[32minfo[39m]: Initializing 15 agents with initial balance 3077
2026-02-13 14:04:07 [[32minfo[39m]: Successfully initialized 15 agents
2026-02-13 14:04:07 [[32minfo[39m]: Initializing 19 agents with initial balance 507
2026-02-13 14:04:07 [[32minfo[39m]: Successfully initialized 19 agents
2026-02-13 14:04:07 [[32minfo[39m]: Initializing 14 agents with initial balance 9997
2026-02-13 14:04:07 [[32minfo[39m]: Successfully initialized 14 agents
2026-02-13 14:04:07 [[32minfo[39m]: Initializing 14 agents with initial balance 4997
2026-02-13 14:04:07 [[32minfo[39m]: Successfully initialized 14 agents
2026-02-13 14:04:07 [[32minfo[39m]: Initializing 8 agents with initial balance 5943
2026-02-13 14:04:07 [[32minfo[39m]: Initializing 19 agents with initial balance 5000
2026-02-13 14:04:07 [[32minfo[39m]: Successfully initialized 19 agents
2026-02-13 14:04:07 [[32minfo[39m]: Successfully initialized 8 agents
2026-02-13 14:04:07 [[32minfo[39m]: Initializing 14 agents with initial balance 858
2026-02-13 14:04:07 [[32minfo[39m]: Successfully initialized 14 agents
2026-02-13 14:04:07 [[32minfo[39m]: Initializing 6 agents with initial balance 5201
2026-02-13 14:04:07 [[32minfo[39m]: Successfully initialized 6 agents
2026-02-13 14:04:07 [[32minfo[39m]: Initializing 16 agents with initial balance 505
2026-02-13 14:04:07 [[32minfo[39m]: Successfully initialized 16 agents
2026-02-13 14:04:07 [[32minfo[39m]: Initializing 13 agents with initial balance 3018
2026-02-13 14:04:07 [[32minfo[39m]: Successfully initialized 13 agents
2026-02-13 14:04:07 [[32minfo[39m]: Initializing 20 agents with initial balance 2810
2026-02-13 14:04:07 [[32minfo[39m]: Successfully initialized 20 agents
2026-02-13 14:04:07 [[32minfo[39m]: Initializing 18 agents with initial balance 1941
2026-02-13 14:04:07 [[32minfo[39m]: Successfully initialized 18 agents
2026-02-13 14:04:07 [[32minfo[39m]: Initializing 18 agents with initial balance 4995
2026-02-13 14:04:07 [[32minfo[39m]: Successfully initialized 18 agents
2026-02-13 14:04:07 [[32minfo[39m]: Initializing 17 agents with initial balance 1934
2026-02-13 14:04:07 [[32minfo[39m]: Successfully initialized 17 agents
2026-02-13 14:04:07 [[32minfo[39m]: Initializing 14 agents with initial balance 9992
2026-02-13 14:04:07 [[32minfo[39m]: Successfully initialized 14 agents
2026-02-13 14:04:07 [[32minfo[39m]: Initializing 18 agents with initial balance 1611
2026-02-13 14:04:07 [[32minfo[39m]: Successfully initialized 18 agents
2026-02-13 14:04:07 [[32minfo[39m]: Initializing 12 agents with initial balance 2646
2026-02-13 14:04:07 [[32minfo[39m]: Successfully initialized 12 agents
2026-02-13 14:04:07 [[32minfo[39m]: Initializing 14 agents with initial balance 502
2026-02-13 14:04:07 [[32minfo[39m]: Successfully initialized 14 agents
2026-02-13 14:04:07 [[32minfo[39m]: Initializing 15 agents with initial balance 4797
2026-02-13 14:04:07 [[32minfo[39m]: Successfully initialized 15 agents
2026-02-13 14:04:07 [[32minfo[39m]: Initializing 19 agents with initial balance 512
2026-02-13 14:04:07 [[32minfo[39m]: Successfully initialized 19 agents
2026-02-13 14:04:07 [[32minfo[39m]: Initializing 12 agents with initial balance 4991
2026-02-13 14:04:07 [[32minfo[39m]: Successfully initialized 12 agents
2026-02-13 14:04:07 [[32minfo[39m]: Initializing 12 agents with initial balance 2054
2026-02-13 14:04:07 [[32minfo[39m]: Successfully initialized 12 agents
2026-02-13 14:04:07 [[32minfo[39m]: Initializing 17 agents with initial balance 500
2026-02-13 14:04:07 [[32minfo[39m]: Successfully initialized 17 agents
2026-02-13 14:04:07 [[32minfo[39m]: Initializing 15 agents with initial balance 4348
2026-02-13 14:04:07 [[32minfo[39m]: Successfully initialized 15 agents
2026-02-13 14:04:07 [[32minfo[39m]: Initializing 15 agents with initial balance 1395
2026-02-13 14:04:07 [[32minfo[39m]: Successfully initialized 15 agents
2026-02-13 14:04:07 [[32minfo[39m]: Initializing 14 agents with initial balance 3132
2026-02-13 14:04:07 [[32minfo[39m]: Successfully initialized 14 agents
2026-02-13 14:04:07 [[32minfo[39m]: Initializing 14 agents with initial balance 3170
2026-02-13 14:04:07 [[32minfo[39m]: Successfully initialized 14 agents
2026-02-13 14:04:07 [[32minfo[39m]: Initializing 15 agents with initial balance 4169
2026-02-13 14:04:07 [[32minfo[39m]: Successfully initialized 15 agents
2026-02-13 14:04:07 [[32minfo[39m]: Initializing 15 agents with initial balance 3122
2026-02-13 14:04:07 [[32minfo[39m]: Successfully initialized 15 agents
2026-02-13 14:04:07 [[32minfo[39m]: Initializing 16 agents with initial balance 11
2026-02-13 14:04:07 [[32minfo[39m]: Successfully initialized 16 agents
2026-02-13 14:04:07 [[32minfo[39m]: Initializing 20 agents with initial balance 506
2026-02-13 14:04:07 [[32minfo[39m]: Successfully initialized 20 agents
2026-02-13 14:04:07 [[32minfo[39m]: Initializing 14 agents with initial balance 501
2026-02-13 14:04:07 [[32minfo[39m]: Successfully initialized 14 agents
2026-02-13 14:04:07 [[32minfo[39m]: Initializing 1 agents with initial balance 13
2026-02-13 14:04:07 [[32minfo[39m]: Successfully initialized 1 agents
2026-02-13 14:04:07 [[32minfo[39m]: Initializing 14 agents with initial balance 623
2026-02-13 14:04:07 [[32minfo[39m]: Successfully initialized 14 agents
2026-02-13 14:04:07 [[32minfo[39m]: Initializing 15 agents with initial balance 4511
2026-02-13 14:04:07 [[32minfo[39m]: Successfully initialized 15 agents
2026-02-13 14:04:07 [[32minfo[39m]: Initializing 20 agents with initial balance 3567
2026-02-13 14:04:07 [[32minfo[39m]: Successfully initialized 20 agents
2026-02-13 14:04:07 [[32minfo[39m]: Initializing 13 agents with initial balance 3889
2026-02-13 14:04:07 [[32minfo[39m]: Successfully initialized 13 agents
2026-02-13 14:04:07 [[32minfo[39m]: Initializing 12 agents with initial balance 673
2026-02-13 14:04:07 [[32minfo[39m]: Successfully initialized 12 agents
2026-02-13 14:04:07 [[32minfo[39m]: Initializing 15 agents with initial balance 2357
2026-02-13 14:04:07 [[32minfo[39m]: Successfully initialized 15 agents
2026-02-13 14:04:07 [[32minfo[39m]: Initializing 19 agents with initial balance 509
2026-02-13 14:04:07 [[32minfo[39m]: Successfully initialized 19 agents
2026-02-13 14:04:07 [[32minfo[39m]: Initializing 15 agents with initial balance 4997
2026-02-13 14:04:07 [[32minfo[39m]: Successfully initialized 15 agents
2026-02-13 14:04:07 [[32minfo[39m]: Initializing 12 agents with initial balance 504
2026-02-13 14:04:07 [[32minfo[39m]: Successfully initialized 12 agents
2026-02-13 14:04:07 [[32minfo[39m]: Initializing 14 agents with initial balance 2729
2026-02-13 14:04:07 [[32minfo[39m]: Successfully initialized 14 agents
2026-02-13 14:04:07 [[32minfo[39m]: Initializing 17 agents with initial balance 7013
2026-02-13 14:04:07 [[32minfo[39m]: Successfully initialized 17 agents
2026-02-13 14:04:07 [[32minfo[39m]: Initializing 15 agents with initial balance 1730
2026-02-13 14:04:07 [[32minfo[39m]: Successfully initialized 15 agents
2026-02-13 14:04:07 [[32minfo[39m]: Initializing 17 agents with initial balance 504
2026-02-13 14:04:07 [[32minfo[39m]: Successfully initialized 17 agents
2026-02-13 14:04:07 [[32minfo[39m]: Initializing 14 agents with initial balance 4572
2026-02-13 14:04:07 [[32minfo[39m]: Successfully initialized 14 agents
2026-02-13 14:04:07 [[32minfo[39m]: Initializing 19 agents with initial balance 2589
2026-02-13 14:04:07 [[32minfo[39m]: Successfully initialized 19 agents
2026-02-13 14:04:07 [[32minfo[39m]: Initializing 16 agents with initial balance 2701
2026-02-13 14:04:07 [[32minfo[39m]: Successfully initialized 16 agents
2026-02-13 14:04:07 [[32minfo[39m]: Initializing 20 agents with initial balance 507
2026-02-13 14:04:07 [[32minfo[39m]: Successfully initialized 20 agents
2026-02-13 14:04:07 [[32minfo[39m]: Initializing 19 agents with initial balance 1628
2026-02-13 14:04:07 [[32minfo[39m]: Successfully initialized 19 agents
2026-02-13 14:04:07 [[32minfo[39m]: Initializing 11 agents with initial balance 5184
2026-02-13 14:04:07 [[32minfo[39m]: Successfully initialized 11 agents
2026-02-13 14:04:07 [[32minfo[39m]: Initializing 20 agents with initial balance 3983
2026-02-13 14:04:07 [[32minfo[39m]: Successfully initialized 20 agents
2026-02-13 14:04:07 [[32minfo[39m]: Initializing 14 agents with initial balance 3
2026-02-13 14:04:07 [[32minfo[39m]: Successfully initialized 14 agents
2026-02-13 14:04:07 [[32minfo[39m]: Initializing 17 agents with initial balance 504
2026-02-13 14:04:07 [[32minfo[39m]: Successfully initialized 17 agents
2026-02-13 14:04:07 [[32minfo[39m]: Initializing 17 agents with initial balance 2638
2026-02-13 14:04:07 [[32minfo[39m]: Successfully initialized 17 agents
2026-02-13 14:04:07 [[32minfo[39m]: Initializing 14 agents with initial balance 5000
2026-02-13 14:04:07 [[32minfo[39m]: Successfully initialized 14 agents
2026-02-13 14:04:07 [[32minfo[39m]: Initializing 17 agents with initial balance 2582
2026-02-13 14:04:07 [[32minfo[39m]: Initializing 2 agents with initial balance 9999
2026-02-13 14:04:07 [[32minfo[39m]: Successfully initialized 17 agents
2026-02-13 14:04:07 [[32minfo[39m]: Successfully initialized 2 agents
2026-02-13 14:04:07 [[32minfo[39m]: Initializing 14 agents with initial balance 1098
2026-02-13 14:04:07 [[32minfo[39m]: Successfully initialized 14 agents
2026-02-13 14:04:07 [[32minfo[39m]: Initializing 17 agents with initial balance 1034
2026-02-13 14:04:07 [[32minfo[39m]: Successfully initialized 17 agents
2026-02-13 14:04:07 [[32minfo[39m]: Initializing 1 agents with initial balance 9
2026-02-13 14:04:07 [[32minfo[39m]: Successfully initialized 1 agents
2026-02-13 14:04:07 [[32minfo[39m]: Initializing 20 agents with initial balance 501
2026-02-13 14:04:07 [[32minfo[39m]: Successfully initialized 20 agents
2026-02-13 14:04:07 [[32minfo[39m]: Initializing 15 agents with initial balance 3279
2026-02-13 14:04:07 [[32minfo[39m]: Successfully initialized 15 agents
2026-02-13 14:04:07 [[32minfo[39m]: Initializing 12 agents with initial balance 3851
2026-02-13 14:04:07 [[32minfo[39m]: Successfully initialized 12 agents
2026-02-13 14:04:07 [[32minfo[39m]: Initializing 12 agents with initial balance 4226
2026-02-13 14:04:07 [[32minfo[39m]: Successfully initialized 12 agents
2026-02-13 14:04:07 [[32minfo[39m]: Initializing 18 agents with initial balance 4671
2026-02-13 14:04:07 [[32minfo[39m]: Successfully initialized 18 agents
2026-02-13 14:04:07 [[32minfo[39m]: Initializing 14 agents with initial balance 4997
2026-02-13 14:04:07 [[32minfo[39m]: Successfully initialized 14 agents
2026-02-13 14:04:07 [[32minfo[39m]: Initializing 15 agents with initial balance 1490
2026-02-13 14:04:07 [[32minfo[39m]: Successfully initialized 15 agents
(node:45588) ExperimentalWarning: VM Modules is an experimental feature and might change at any time
(Use `node --trace-warnings ...` to show where the warning was created)
PASS src/initialization.property.test.ts (10.268 s)
  System Initialization Property Tests
    GÍ‹ Property 22: Credit Supply Conservation at Initialization (209 ms)
System.Management.Automation.RemoteException
2026-02-13 14:04:07 [[32minfo[39m]: Initializing 7 agents with initial balance 5929
2026-02-13 14:04:07 [[32minfo[39m]: Successfully initialized 7 agents
2026-02-13 14:04:07 [[32minfo[39m]: Initializing 17 agents with initial balance 13
2026-02-13 14:04:07 [[32minfo[39m]: Successfully initialized 17 agents
2026-02-13 14:04:07 [[32minfo[39m]: Initializing 12 agents with initial balance 9988
2026-02-13 14:04:07 [[32minfo[39m]: Successfully initialized 12 agents
2026-02-13 14:04:07 [[32minfo[39m]: Initializing 3 agents with initial balance 12
2026-02-13 14:04:07 [[32minfo[39m]: Successfully initialized 3 agents
2026-02-13 14:04:07 [[33mwarn[39m]: Attempt 1/3 failed, retrying in 1000ms:
2026-02-13 14:04:07 [[32minfo[39m]: Initializing 14 agents with initial balance 699
2026-02-13 14:04:07 [[32minfo[39m]: Successfully initialized 14 agents
(node:9956) ExperimentalWarning: VM Modules is an experimental feature and might change at any time
(Use `node --trace-warnings ...` to show where the warning was created)
FAIL src/services/EconomyEngine.property.test.ts (10.732 s)
  GÍ‹ Property 8: Failed Transaction Rollback (41 ms)
  GÍ‹ Property 10: Reputation Bounds Invariant (85 ms)
  GÍ‹ Property 11: Reputation Change Bounds (15 ms)
  GÍ‹ Property 12: Reputation Influences Probability (12 ms)
  EconomyEngine Property Tests
    GÍ‹ Property 4: Transaction Validation (37 ms)
    GÍ‹ Property 5: Credit Conservation (14 ms)
    GÍ‹ Property 6: Transaction Probability Bounds (112 ms)
    +˘ Property 7: Probabilistic Transaction Fairness (146 ms)
System.Management.Automation.RemoteException
  G˘≈ EconomyEngine Property Tests G«¶ Property 7: Probabilistic Transaction Fairness
System.Management.Automation.RemoteException
    Property failed after 22 tests
    { seed: -941743731, path: "21", endOnFailure: true }
    Counterexample: [97,42,"risky_deal"]
    Shrunk 0 time(s)
    Got error: expect(received).toBeGreaterThanOrEqual(expected)
System.Management.Automation.RemoteException
    Expected: >= 0.43899999999999995
    Received:    0.43
System.Management.Automation.RemoteException
    [0m [90m 324 |[39m
     [90m 325 |[39m           [90m// The observed rate should converge toward the expected probability[39m
    [31m[1m>[22m[39m[90m 326 |[39m           expect(observedSuccessRate)[33m.[39mtoBeGreaterThanOrEqual(lowerBound)[33m;[39m
     [90m     |[39m                                       [31m[1m^[22m[39m
     [90m 327 |[39m           expect(observedSuccessRate)[33m.[39mtoBeLessThanOrEqual(upperBound)[33m;[39m
     [90m 328 |[39m         }
     [90m 329 |[39m       )[33m,[39m[0m
System.Management.Automation.RemoteException
      at src/services/EconomyEngine.property.test.ts:326:39
      at AsyncProperty.run (node_modules/fast-check/lib/esm/check/property/AsyncProperty.generic.js:46:28)
      at asyncRunIt (node_modules/fast-check/lib/esm/check/runner/Runner.js:33:21)
      at Object.<anonymous> (src/services/EconomyEngine.property.test.ts:258:5)
      Hint: Enable verbose mode in order to have the list of all failing values encountered during the run
      at buildError (node_modules/fast-check/lib/esm/check/runner/utils/RunDetailsFormatter.js:126:15)
      at asyncThrowIfFailed (node_modules/fast-check/lib/esm/check/runner/utils/RunDetailsFormatter.js:143:11)
System.Management.Automation.RemoteException
2026-02-13 14:04:07 [[32minfo[39m]: Initializing 20 agents with initial balance 2739
2026-02-13 14:04:07 [[32minfo[39m]: Successfully initialized 20 agents
2026-02-13 14:04:07 [[32minfo[39m]: Successfully initialized 16 agents
2026-02-13 14:04:07 [[32minfo[39m]: Initializing 20 agents with initial balance 1000
2026-02-13 14:04:07 [[32minfo[39m]: Successfully initialized 20 agents
2026-02-13 14:04:07 [[32minfo[39m]: Initializing 3 agents with initial balance 1000
2026-02-13 14:04:07 [[32minfo[39m]: Successfully initialized 3 agents
2026-02-13 14:04:07 [[32minfo[39m]: Initializing 4 agents with initial balance 1000
2026-02-13 14:04:07 [[32minfo[39m]: Successfully initialized 4 agents
2026-02-13 14:04:07 [[32minfo[39m]: Initializing 8 agents with initial balance 1000
2026-02-13 14:04:07 [[32minfo[39m]: Successfully initialized 8 agents
2026-02-13 14:04:07 [[32minfo[39m]: Initializing 10 agents with initial balance 1000
2026-02-13 14:04:07 [[32minfo[39m]: Successfully initialized 10 agents
2026-02-13 14:04:07 [[32minfo[39m]: Initializing 4 agents with initial balance 1000
2026-02-13 14:04:07 [[32minfo[39m]: Successfully initialized 4 agents
2026-02-13 14:04:07 [[32minfo[39m]: Initializing 16 agents with initial balance 1000
2026-02-13 14:04:07 [[32minfo[39m]: Successfully initialized 16 agents
2026-02-13 14:04:07 [[32minfo[39m]: Initializing 2 agents with initial balance 1000
2026-02-13 14:04:07 [[32minfo[39m]: Successfully initialized 2 agents
2026-02-13 14:04:07 [[32minfo[39m]: Initializing 18 agents with initial balance 1000
2026-02-13 14:04:07 [[32minfo[39m]: Successfully initialized 18 agents
2026-02-13 14:04:07 [[32minfo[39m]: Initializing 6 agents with initial balance 1000
2026-02-13 14:04:07 [[32minfo[39m]: Successfully initialized 6 agents
2026-02-13 14:04:07 [[32minfo[39m]: Initializing 2 agents with initial balance 3928
2026-02-13 14:04:07 [[32minfo[39m]: Successfully initialized 2 agents
2026-02-13 14:04:07 [[33mwarn[39m]: Transaction validation failed: Insufficient funds
2026-02-13 14:04:07 [[32minfo[39m]: Initializing 18 agents with initial balance 4232
2026-02-13 14:04:07 [[32minfo[39m]: Successfully initialized 18 agents
2026-02-13 14:04:07 [[32minfo[39m]: Transaction successful: Zero GÂ∆ Jinx, 3004 credits (89.5% chance)
2026-02-13 14:04:07 [[32minfo[39m]: Transaction failed: Zero GÂ∆ Wraith, 112 credits (88.6% chance)
2026-02-13 14:04:07 [[32minfo[39m]: Transaction successful: Dagger GÂ∆ Byte, 223 credits (89.9% chance)
2026-02-13 14:04:07 [[32minfo[39m]: Transaction successful: Echo GÂ∆ Spike, 1750 credits (90.4% chance)
2026-02-13 14:04:07 [[32minfo[39m]: Initializing 6 agents with initial balance 4161
2026-02-13 14:04:07 [[32minfo[39m]: Successfully initialized 6 agents
2026-02-13 14:04:07 [[33mwarn[39m]: Transaction validation failed: Insufficient funds
2026-02-13 14:04:07 [[32minfo[39m]: Transaction successful: Zero GÂ∆ Razor, 607 credits (90.2% chance)
2026-02-13 14:04:07 [[32minfo[39m]: Transaction successful: Crash GÂ∆ Dagger, 1376 credits (90.1% chance)
2026-02-13 14:04:07 [[32minfo[39m]: Transaction successful: Wraith GÂ∆ Byte, 569 credits (88.3% chance)
2026-02-13 14:04:07 [[32minfo[39m]: Transaction successful: Neon GÂ∆ Kode, 294 credits (90.0% chance)
2026-02-13 14:04:07 [[32minfo[39m]: Transaction successful: Vex GÂ∆ Lynx, 2268 credits (90.0% chance)
2026-02-13 14:04:07 [[32minfo[39m]: Transaction failed: Zero GÂ∆ Wraith, 171 credits (88.6% chance)
2026-02-13 14:04:07 [[32minfo[39m]: Initializing 5 agents with initial balance 112
2026-02-13 14:04:07 [[32minfo[39m]: Successfully initialized 5 agents
2026-02-13 14:04:07 [[33mwarn[39m]: Transaction validation failed: Insufficient funds
2026-02-13 14:04:07 [[32minfo[39m]: Initializing 15 agents with initial balance 4996
2026-02-13 14:04:07 [[32minfo[39m]: Successfully initialized 15 agents
2026-02-13 14:04:07 [[32minfo[39m]: Transaction successful: Byte GÂ∆ Echo, 1906 credits (89.7% chance)
2026-02-13 14:04:07 [[32minfo[39m]: Transaction successful: Blade GÂ∆ Razor, 3067 credits (88.9% chance)
2026-02-13 14:04:07 [[32minfo[39m]: Initializing 5 agents with initial balance 1022
2026-02-13 14:04:07 [[32minfo[39m]: Successfully initialized 5 agents
2026-02-13 14:04:07 [[33mwarn[39m]: Transaction validation failed: Insufficient funds
2026-02-13 14:04:07 [[32minfo[39m]: Transaction failed: Neon GÂ∆ Viper, 1381 credits (90.1% chance)
2026-02-13 14:04:07 [[32minfo[39m]: Transaction successful: Echo GÂ∆ Kode, 2693 credits (91.5% chance)
2026-02-13 14:04:07 [[32minfo[39m]: Transaction successful: Razor GÂ∆ Raven, 2881 credits (89.1% chance)
2026-02-13 14:04:07 [[32minfo[39m]: Transaction successful: Raven GÂ∆ Viper, 2216 credits (89.2% chance)
2026-02-13 14:04:07 [[32minfo[39m]: Transaction successful: Lynx GÂ∆ Nova, 1672 credits (90.6% chance)
2026-02-13 14:04:07 [[32minfo[39m]: Transaction successful: Raven GÂ∆ Neon, 1967 credits (89.8% chance)
2026-02-13 14:04:07 [[32minfo[39m]: Transaction successful: Viper GÂ∆ Lynx, 1441 credits (90.3% chance)
2026-02-13 14:04:07 [[32minfo[39m]: Initializing 2 agents with initial balance 101
2026-02-13 14:04:07 [[32minfo[39m]: Successfully initialized 2 agents
2026-02-13 14:04:07 [[33mwarn[39m]: Transaction validation failed: Insufficient funds
2026-02-13 14:04:07 [[32minfo[39m]: Transaction failed: Raven GÂ∆ Neon, 457 credits (90.5% chance)
2026-02-13 14:04:07 [[32minfo[39m]: Initializing 3 agents with initial balance 2950
2026-02-13 14:04:07 [[32minfo[39m]: Successfully initialized 3 agents
2026-02-13 14:04:07 [[32minfo[39m]: Transaction successful: Flux GÂ∆ Jinx, 2885 credits (91.4% chance)
2026-02-13 14:04:07 [[32minfo[39m]: Initializing 5 agents with initial balance 3485
2026-02-13 14:04:07 [[32minfo[39m]: Successfully initialized 5 agents
2026-02-13 14:04:07 [[32minfo[39m]: Transaction successful: Apex GÂ∆ Onyx, 1173 credits (89.5% chance)
2026-02-13 14:04:07 [[32minfo[39m]: Transaction successful: Dagger GÂ∆ Apex, 361 credits (89.5% chance)
2026-02-13 14:04:07 [[32minfo[39m]: Transaction successful: Maze GÂ∆ Shadow, 1331 credits (89.7% chance)
2026-02-13 14:04:07 [[32minfo[39m]: Transaction successful: Apex GÂ∆ Shadow, 152 credits (91.3% chance)
2026-02-13 14:04:07 [[32minfo[39m]: Transaction successful: Maze GÂ∆ Apex, 137 credits (91.0% chance)
2026-02-13 14:04:07 [[32minfo[39m]: Transaction successful: Dagger GÂ∆ Shadow, 718 credits (90.2% chance)
2026-02-13 14:04:07 [[32minfo[39m]: Transaction successful: Shadow GÂ∆ Onyx, 184 credits (91.1% chance)
2026-02-13 14:04:07 [[32minfo[39m]: Initializing 10 agents with initial balance 109
2026-02-13 14:04:07 [[32minfo[39m]: Successfully initialized 10 agents
2026-02-13 14:04:07 [[33mwarn[39m]: Transaction validation failed: Insufficient funds
2026-02-13 14:04:07 [[32minfo[39m]: Transaction successful: Dagger GÂ∆ Apex, 1498 credits (91.3% chance)
2026-02-13 14:04:07 [[32minfo[39m]: Initializing 3 agents with initial balance 2883
2026-02-13 14:04:07 [[32minfo[39m]: Successfully initialized 3 agents
2026-02-13 14:04:07 [[33mwarn[39m]: Transaction validation failed: Insufficient funds
2026-02-13 14:04:07 [[32minfo[39m]: Initializing 3 agents with initial balance 4121
2026-02-13 14:04:07 [[32minfo[39m]: Successfully initialized 3 agents
2026-02-13 14:04:07 [[32minfo[39m]: Transaction successful: Blade GÂ∆ Trace, 4 credits (89.1% chance)
2026-02-13 14:04:07 [[32minfo[39m]: Transaction successful: Blade GÂ∆ Trace, 1795 credits (89.4% chance)
2026-02-13 14:04:07 [[32minfo[39m]: Transaction successful: Trace GÂ∆ Nova, 4260 credits (90.5% chance)
2026-02-13 14:04:07 [[32minfo[39m]: Initializing 2 agents with initial balance 1000000
2026-02-13 14:04:07 [[32minfo[39m]: Successfully initialized 2 agents
2026-02-13 14:04:07 [[32minfo[39m]: Transaction failed: Edge GÂ∆ Kode, 100 credits (63.7% chance)
2026-02-13 14:04:07 [[32minfo[39m]: Transaction successful: Edge GÂ∆ Kode, 100 credits (63.7% chance)
2026-02-13 14:04:07 [[32minfo[39m]: Initializing 2 agents with initial balance 2491
2026-02-13 14:04:07 [[32minfo[39m]: Successfully initialized 2 agents
2026-02-13 14:04:07 [[32minfo[39m]: Transaction successful: Byte GÂ∆ Wraith, 3 credits (88.5% chance)
2026-02-13 14:04:07 [[32minfo[39m]: Transaction failed: Edge GÂ∆ Kode, 100 credits (63.7% chance)
2026-02-13 14:04:07 [[32minfo[39m]: Transaction failed: Edge GÂ∆ Kode, 100 credits (63.7% chance)
2026-02-13 14:04:07 [[32minfo[39m]: Initializing 3 agents with initial balance 1211
2026-02-13 14:04:07 [[32minfo[39m]: Initializing 4 agents with initial balance 5137
2026-02-13 14:04:07 [[32minfo[39m]: Successfully initialized 3 agents
2026-02-13 14:04:07 [[32minfo[39m]: Transaction successful: Byte GÂ∆ Razor, 89 credits (90.1% chance)
2026-02-13 14:04:07 [[32minfo[39m]: Successfully initialized 4 agents
2026-02-13 14:04:07 [[32minfo[39m]: Transaction successful: Edge GÂ∆ Kode, 100 credits (63.7% chance)
2026-02-13 14:04:07 [[32minfo[39m]: Transaction successful: Razor GÂ∆ Byte, 392 credits (91.0% chance)
2026-02-13 14:04:07 [[32minfo[39m]: Transaction successful: Edge GÂ∆ Kode, 100 credits (63.7% chance)
2026-02-13 14:04:07 [[32minfo[39m]: Transaction failed: Edge GÂ∆ Kode, 100 credits (63.7% chance)
2026-02-13 14:04:07 [[32minfo[39m]: Transaction successful: Edge GÂ∆ Kode, 100 credits (63.7% chance)
2026-02-13 14:04:07 [[32minfo[39m]: Transaction successful: Edge GÂ∆ Kode, 100 credits (63.7% chance)
2026-02-13 14:04:07 [[32minfo[39m]: Initializing 3 agents with initial balance 5000
2026-02-13 14:04:07 [[32minfo[39m]: Successfully initialized 3 agents
2026-02-13 14:04:07 [[32minfo[39m]: Transaction successful: Shadow GÂ∆ Nova, 12 credits (88.5% chance)
2026-02-13 14:04:07 [[32minfo[39m]: Transaction failed: Edge GÂ∆ Kode, 100 credits (63.7% chance)
2026-02-13 14:04:07 [[32minfo[39m]: Transaction successful: Edge GÂ∆ Kode, 100 credits (63.7% chance)
2026-02-13 14:04:07 [[32minfo[39m]: Transaction failed: Edge GÂ∆ Kode, 100 credits (63.7% chance)
2026-02-13 14:04:07 [[32minfo[39m]: Initializing 17 agents with initial balance 1459
2026-02-13 14:04:07 [[32minfo[39m]: Successfully initialized 17 agents
2026-02-13 14:04:07 [[32minfo[39m]: Transaction successful: Edge GÂ∆ Maze, 650 credits (89.7% chance)
2026-02-13 14:04:07 [[32minfo[39m]: Transaction failed: Edge GÂ∆ Kode, 100 credits (63.7% chance)
2026-02-13 14:04:07 [[32minfo[39m]: Transaction successful: Ghost GÂ∆ Byte, 449 credits (90.9% chance)
2026-02-13 14:04:07 [[32minfo[39m]: Initializing 5 agents with initial balance 1654
2026-02-13 14:04:07 [[32minfo[39m]: Successfully initialized 5 agents
2026-02-13 14:04:07 [[32minfo[39m]: Initializing 17 agents with initial balance 1903
2026-02-13 14:04:07 [[32minfo[39m]: Successfully initialized 17 agents
2026-02-13 14:04:07 [[32minfo[39m]: Transaction successful: Edge GÂ∆ Kode, 100 credits (63.7% chance)
2026-02-13 14:04:07 [[32minfo[39m]: Transaction successful: Wraith GÂ∆ Hex, 400 credits (88.9% chance)
2026-02-13 14:04:07 [[32minfo[39m]: Transaction successful: Edge GÂ∆ Kode, 100 credits (63.7% chance)
2026-02-13 14:04:07 [[32minfo[39m]: Transaction successful: Flux GÂ∆ Zero, 737 credits (90.8% chance)
2026-02-13 14:04:07 [[32minfo[39m]: Transaction failed: Edge GÂ∆ Kode, 100 credits (63.7% chance)
2026-02-13 14:04:07 [[32minfo[39m]: Initializing 7 agents with initial balance 1079
2026-02-13 14:04:07 [[32minfo[39m]: Initializing 4 agents with initial balance 2841
2026-02-13 14:04:07 [[32minfo[39m]: Successfully initialized 7 agents
2026-02-13 14:04:07 [[33mwarn[39m]: Transaction validation failed: Insufficient funds
2026-02-13 14:04:07 [[32minfo[39m]: Successfully initialized 4 agents
2026-02-13 14:04:07 [[32minfo[39m]: Transaction successful: Edge GÂ∆ Raven, 315 credits (91.4% chance)
2026-02-13 14:04:07 [[32minfo[39m]: Transaction successful: Edge GÂ∆ Kode, 100 credits (63.7% chance)
2026-02-13 14:04:07 [[32minfo[39m]: Transaction successful: Ghost GÂ∆ Wraith, 329 credits (90.3% chance)
2026-02-13 14:04:07 [[32minfo[39m]: Transaction successful: Edge GÂ∆ Kode, 100 credits (63.7% chance)
2026-02-13 14:04:07 [[32minfo[39m]: Transaction failed: Viper GÂ∆ Vex, 722 credits (90.3% chance)
2026-02-13 14:04:07 [[32minfo[39m]: Transaction failed: Edge GÂ∆ Kode, 100 credits (63.7% chance)
2026-02-13 14:04:07 [[32minfo[39m]: Transaction successful: Edge GÂ∆ Kode, 100 credits (63.7% chance)
2026-02-13 14:04:07 [[32minfo[39m]: Transaction failed: Edge GÂ∆ Kode, 100 credits (63.7% chance)
2026-02-13 14:04:07 [[32minfo[39m]: Transaction successful: Edge GÂ∆ Kode, 100 credits (63.7% chance)
2026-02-13 14:04:07 [[32minfo[39m]: Transaction successful: Edge GÂ∆ Kode, 100 credits (63.7% chance)
2026-02-13 14:04:07 [[32minfo[39m]: Initializing 4 agents with initial balance 103
2026-02-13 14:04:07 [[32minfo[39m]: Successfully initialized 4 agents
2026-02-13 14:04:07 [[33mwarn[39m]: Transaction validation failed: Insufficient funds
2026-02-13 14:04:07 [[32minfo[39m]: Transaction failed: Edge GÂ∆ Kode, 100 credits (63.7% chance)
2026-02-13 14:04:07 [[32minfo[39m]: Transaction successful: Edge GÂ∆ Kode, 100 credits (63.7% chance)
2026-02-13 14:04:07 [[32minfo[39m]: Initializing 16 agents with initial balance 2098
2026-02-13 14:04:07 [[32minfo[39m]: Successfully initialized 16 agents
2026-02-13 14:04:07 [[32minfo[39m]: Transaction failed: Raven GÂ∆ Vex, 231 credits (90.1% chance)
2026-02-13 14:04:07 [[32minfo[39m]: Transaction successful: Edge GÂ∆ Kode, 100 credits (63.7% chance)
2026-02-13 14:04:07 [[32minfo[39m]: Transaction failed: Edge GÂ∆ Kode, 100 credits (63.7% chance)
2026-02-13 14:04:07 [[32minfo[39m]: Transaction successful: Edge GÂ∆ Kode, 100 credits (63.7% chance)
2026-02-13 14:04:07 [[32minfo[39m]: Transaction successful: Edge GÂ∆ Kode, 100 credits (63.7% chance)
2026-02-13 14:04:07 [[32minfo[39m]: Transaction failed: Edge GÂ∆ Kode, 100 credits (63.7% chance)
2026-02-13 14:04:07 [[32minfo[39m]: Initializing 3 agents with initial balance 106
2026-02-13 14:04:07 [[32minfo[39m]: Successfully initialized 3 agents
2026-02-13 14:04:07 [[33mwarn[39m]: Transaction validation failed: Insufficient funds
2026-02-13 14:04:07 [[32minfo[39m]: Transaction successful: Edge GÂ∆ Kode, 100 credits (63.7% chance)
2026-02-13 14:04:07 [[32minfo[39m]: Transaction failed: Edge GÂ∆ Kode, 100 credits (63.7% chance)
2026-02-13 14:04:07 [[32minfo[39m]: Initializing 12 agents with initial balance 3208
2026-02-13 14:04:07 [[32minfo[39m]: Successfully initialized 12 agents
2026-02-13 14:04:07 [[32minfo[39m]: Transaction successful: Raven GÂ∆ Maze, 1511 credits (90.5% chance)
2026-02-13 14:04:07 [[32minfo[39m]: Transaction failed: Edge GÂ∆ Kode, 100 credits (63.7% chance)
2026-02-13 14:04:07 [[32minfo[39m]: Transaction successful: Neon GÂ∆ Blade, 2411 credits (90.6% chance)
2026-02-13 14:04:07 [[32minfo[39m]: Transaction successful: Edge GÂ∆ Kode, 100 credits (63.7% chance)
2026-02-13 14:04:07 [[32minfo[39m]: Transaction successful: Maze GÂ∆ Onyx, 1786 credits (90.2% chance)
2026-02-13 14:04:07 [[32minfo[39m]: Transaction successful: Edge GÂ∆ Kode, 100 credits (63.7% chance)
2026-02-13 14:04:07 [[32minfo[39m]: Transaction failed: Edge GÂ∆ Kode, 100 credits (63.7% chance)
2026-02-13 14:04:07 [[32minfo[39m]: Transaction successful: Edge GÂ∆ Kode, 100 credits (63.7% chance)
2026-02-13 14:04:07 [[32minfo[39m]: Initializing 7 agents with initial balance 4994
2026-02-13 14:04:07 [[32minfo[39m]: Successfully initialized 7 agents
2026-02-13 14:04:07 [[33mwarn[39m]: Transaction validation failed: Insufficient funds
2026-02-13 14:04:07 [[32minfo[39m]: Transaction successful: Edge GÂ∆ Kode, 100 credits (63.7% chance)
2026-02-13 14:04:07 [[32minfo[39m]: Transaction failed: Edge GÂ∆ Kode, 100 credits (63.7% chance)
2026-02-13 14:04:07 [[32minfo[39m]: Transaction successful: Edge GÂ∆ Kode, 100 credits (63.7% chance)
2026-02-13 14:04:07 [[32minfo[39m]: Transaction successful: Edge GÂ∆ Kode, 100 credits (63.7% chance)
2026-02-13 14:04:07 [[32minfo[39m]: Initializing 2 agents with initial balance 4257
2026-02-13 14:04:07 [[32minfo[39m]: Successfully initialized 2 agents
2026-02-13 14:04:07 [[32minfo[39m]: Transaction successful: Pulse GÂ∆ Ghost, 3201 credits (88.7% chance)
2026-02-13 14:04:07 [[32minfo[39m]: Transaction successful: Edge GÂ∆ Kode, 100 credits (63.7% chance)
2026-02-13 14:04:07 [[32minfo[39m]: Transaction successful: Ghost GÂ∆ Pulse, 776 credits (89.2% chance)
2026-02-13 14:04:07 [[32minfo[39m]: Transaction failed: Edge GÂ∆ Kode, 100 credits (63.7% chance)
2026-02-13 14:04:07 [[32minfo[39m]: Transaction successful: Ghost GÂ∆ Pulse, 4494 credits (90.1% chance)
2026-02-13 14:04:07 [[32minfo[39m]: Transaction successful: Edge GÂ∆ Kode, 100 credits (63.7% chance)
2026-02-13 14:04:07 [[32minfo[39m]: Initializing 6 agents with initial balance 4996
2026-02-13 14:04:07 [[32minfo[39m]: Successfully initialized 6 agents
2026-02-13 14:04:07 [[32minfo[39m]: Transaction successful: Quantum GÂ∆ Neon, 10 credits (89.3% chance)
2026-02-13 14:04:07 [[32minfo[39m]: Transaction successful: Pulse GÂ∆ Ghost, 1140 credits (90.7% chance)
2026-02-13 14:04:07 [[32minfo[39m]: Transaction successful: Edge GÂ∆ Kode, 100 credits (63.7% chance)
2026-02-13 14:04:07 [[32minfo[39m]: Transaction successful: Ghost GÂ∆ Pulse, 1369 credits (91.1% chance)
2026-02-13 14:04:07 [[32minfo[39m]: Transaction successful: Edge GÂ∆ Kode, 100 credits (63.7% chance)
2026-02-13 14:04:07 [[32minfo[39m]: Transaction successful: Ghost GÂ∆ Pulse, 1260 credits (91.9% chance)
2026-02-13 14:04:07 [[32minfo[39m]: Transaction successful: Edge GÂ∆ Kode, 100 credits (63.7% chance)
2026-02-13 14:04:07 [[32minfo[39m]: Transaction successful: Ghost GÂ∆ Pulse, 471 credits (92.6% chance)
2026-02-13 14:04:07 [[32minfo[39m]: Transaction successful: Edge GÂ∆ Kode, 100 credits (63.7% chance)
2026-02-13 14:04:07 [[32minfo[39m]: Transaction successful: Ghost GÂ∆ Pulse, 100 credits (93.3% chance)
2026-02-13 14:04:07 [[32minfo[39m]: Transaction successful: Edge GÂ∆ Kode, 100 credits (63.7% chance)
2026-02-13 14:04:07 [[32minfo[39m]: Transaction successful: Ghost GÂ∆ Pulse, 42 credits (93.9% chance)
2026-02-13 14:04:07 [[32minfo[39m]: Transaction successful: Edge GÂ∆ Kode, 100 credits (63.7% chance)
2026-02-13 14:04:07 [[32minfo[39m]: Transaction successful: Ghost GÂ∆ Pulse, 8 credits (94.4% chance)
2026-02-13 14:04:07 [[32minfo[39m]: Transaction successful: Edge GÂ∆ Kode, 100 credits (63.7% chance)
2026-02-13 14:04:07 [[32minfo[39m]: Initializing 2 agents with initial balance 4992
2026-02-13 14:04:07 [[32minfo[39m]: Successfully initialized 2 agents
2026-02-13 14:04:07 [[32minfo[39m]: Transaction successful: Crash GÂ∆ Byte, 8 credits (90.6% chance)
2026-02-13 14:04:07 [[32minfo[39m]: Transaction successful: Edge GÂ∆ Kode, 100 credits (63.7% chance)
2026-02-13 14:04:07 [[32minfo[39m]: Transaction successful: Edge GÂ∆ Kode, 100 credits (63.7% chance)
2026-02-13 14:04:07 [[32minfo[39m]: Transaction successful: Edge GÂ∆ Kode, 100 credits (63.7% chance)
2026-02-13 14:04:07 [[32minfo[39m]: Transaction successful: Edge GÂ∆ Kode, 100 credits (63.7% chance)
2026-02-13 14:04:07 [[32minfo[39m]: Transaction successful: Edge GÂ∆ Kode, 100 credits (63.7% chance)
2026-02-13 14:04:07 [[32minfo[39m]: Transaction successful: Edge GÂ∆ Kode, 100 credits (63.7% chance)
2026-02-13 14:04:07 [[32minfo[39m]: Initializing 3 agents with initial balance 504
2026-02-13 14:04:07 [[32minfo[39m]: Successfully initialized 3 agents
2026-02-13 14:04:07 [[32minfo[39m]: Transaction successful: Vex GÂ∆ Jinx, 361 credits (89.8% chance)
2026-02-13 14:04:07 [[32minfo[39m]: Transaction failed: Edge GÂ∆ Kode, 100 credits (63.7% chance)
2026-02-13 14:04:07 [[32minfo[39m]: Initializing 6 agents with initial balance 4016
2026-02-13 14:04:07 [[32minfo[39m]: Successfully initialized 6 agents
2026-02-13 14:04:07 [[33mwarn[39m]: Transaction validation failed: Insufficient funds
2026-02-13 14:04:07 [[32minfo[39m]: Transaction successful: Byte GÂ∆ Vex, 293 credits (89.7% chance)
2026-02-13 14:04:07 [[32minfo[39m]: Transaction successful: Edge GÂ∆ Kode, 100 credits (63.7% chance)
2026-02-13 14:04:07 [[32minfo[39m]: Transaction successful: Vex GÂ∆ Byte, 56 credits (90.4% chance)
2026-02-13 14:04:07 [[32minfo[39m]: Transaction failed: Edge GÂ∆ Kode, 100 credits (63.7% chance)
2026-02-13 14:04:07 [[32minfo[39m]: Transaction successful: Byte GÂ∆ Jinx, 39 credits (91.8% chance)
2026-02-13 14:04:07 [[32minfo[39m]: Transaction successful: Edge GÂ∆ Kode, 100 credits (63.7% chance)
2026-02-13 14:04:07 [[32minfo[39m]: Transaction successful: Vex GÂ∆ Jinx, 116 credits (91.6% chance)
2026-02-13 14:04:07 [[32minfo[39m]: Transaction failed: Edge GÂ∆ Kode, 100 credits (63.7% chance)
2026-02-13 14:04:07 [[32minfo[39m]: Transaction successful: Jinx GÂ∆ Byte, 36 credits (92.6% chance)
2026-02-13 14:04:07 [[32minfo[39m]: Transaction failed: Edge GÂ∆ Kode, 100 credits (63.7% chance)
2026-02-13 14:04:07 [[32minfo[39m]: Transaction successful: Vex GÂ∆ Jinx, 64 credits (92.1% chance)
2026-02-13 14:04:07 [[32minfo[39m]: Transaction successful: Edge GÂ∆ Kode, 100 credits (63.7% chance)
2026-02-13 14:04:07 [[32minfo[39m]: Transaction successful: Jinx GÂ∆ Byte, 334 credits (93.1% chance)
2026-02-13 14:04:07 [[32minfo[39m]: Transaction successful: Edge GÂ∆ Kode, 100 credits (63.7% chance)
2026-02-13 14:04:07 [[32minfo[39m]: Initializing 8 agents with initial balance 108
2026-02-13 14:04:07 [[32minfo[39m]: Successfully initialized 8 agents
2026-02-13 14:04:07 [[33mwarn[39m]: Transaction validation failed: Insufficient funds
2026-02-13 14:04:07 [[32minfo[39m]: Transaction successful: Jinx GÂ∆ Vex, 350 credits (93.0% chance)
2026-02-13 14:04:07 [[32minfo[39m]: Transaction failed: Edge GÂ∆ Kode, 100 credits (63.7% chance)
2026-02-13 14:04:07 [[32minfo[39m]: Initializing 16 agents with initial balance 5284
2026-02-13 14:04:07 [[32minfo[39m]: Successfully initialized 16 agents
2026-02-13 14:04:07 [[32minfo[39m]: Transaction successful: Edge GÂ∆ Kode, 100 credits (63.7% chance)
2026-02-13 14:04:07 [[32minfo[39m]: Transaction failed: Edge GÂ∆ Kode, 100 credits (63.7% chance)
2026-02-13 14:04:07 [[32minfo[39m]: Transaction failed: Edge GÂ∆ Kode, 100 credits (63.7% chance)
2026-02-13 14:04:07 [[32minfo[39m]: Transaction failed: Edge GÂ∆ Kode, 100 credits (63.7% chance)
2026-02-13 14:04:07 [[32minfo[39m]: Transaction failed: Edge GÂ∆ Kode, 100 credits (63.7% chance)
2026-02-13 14:04:07 [[32minfo[39m]: Transaction successful: Edge GÂ∆ Kode, 100 credits (63.7% chance)
2026-02-13 14:04:07 [[32minfo[39m]: Initializing 3 agents with initial balance 3056
2026-02-13 14:04:07 [[32minfo[39m]: Successfully initialized 3 agents
2026-02-13 14:04:07 [[33mwarn[39m]: Transaction validation failed: Insufficient funds
2026-02-13 14:04:07 [[32minfo[39m]: Initializing 5 agents with initial balance 4959
2026-02-13 14:04:07 [[32minfo[39m]: Successfully initialized 5 agents
2026-02-13 14:04:07 [[32minfo[39m]: Transaction successful: Shadow GÂ∆ Crash, 2975 credits (89.3% chance)
2026-02-13 14:04:07 [[32minfo[39m]: Transaction successful: Edge GÂ∆ Kode, 100 credits (63.7% chance)
2026-02-13 14:04:07 [[32minfo[39m]: Transaction successful: Ghost GÂ∆ Crash, 1752 credits (89.6% chance)
2026-02-13 14:04:07 [[32minfo[39m]: Transaction successful: Edge GÂ∆ Kode, 100 credits (63.7% chance)
2026-02-13 14:04:07 [[32minfo[39m]: Transaction successful: Lynx GÂ∆ Crash, 3506 credits (89.8% chance)
2026-02-13 14:04:07 [[32minfo[39m]: Transaction failed: Edge GÂ∆ Kode, 100 credits (63.7% chance)
2026-02-13 14:04:07 [[32minfo[39m]: Transaction successful: Lynx GÂ∆ Wraith, 400 credits (89.1% chance)
2026-02-13 14:04:07 [[32minfo[39m]: Initializing 18 agents with initial balance 2810
2026-02-13 14:04:07 [[32minfo[39m]: Transaction successful: Edge GÂ∆ Kode, 100 credits (63.7% chance)
2026-02-13 14:04:07 [[32minfo[39m]: Successfully initialized 18 agents
2026-02-13 14:04:07 [[32minfo[39m]: Transaction successful: Crash GÂ∆ Shadow, 2730 credits (90.6% chance)
2026-02-13 14:04:07 [[32minfo[39m]: Transaction failed: Edge GÂ∆ Kode, 100 credits (63.7% chance)
2026-02-13 14:04:07 [[32minfo[39m]: Transaction successful: Crash GÂ∆ Wraith, 805 credits (89.8% chance)
2026-02-13 14:04:07 [[32minfo[39m]: Transaction successful: Edge GÂ∆ Kode, 100 credits (63.7% chance)
2026-02-13 14:04:07 [[32minfo[39m]: Transaction successful: Shadow GÂ∆ Wraith, 2094 credits (90.0% chance)
2026-02-13 14:04:07 [[32minfo[39m]: Transaction successful: Edge GÂ∆ Kode, 100 credits (63.7% chance)
2026-02-13 14:04:07 [[32minfo[39m]: Initializing 10 agents with initial balance 112
2026-02-13 14:04:07 [[32minfo[39m]: Successfully initialized 10 agents
2026-02-13 14:04:07 [[32minfo[39m]: Transaction successful: Shadow GÂ∆ Dagger, 7 credits (90.4% chance)
2026-02-13 14:04:07 [[32minfo[39m]: Transaction failed: Crash GÂ∆ Wraith, 634 credits (90.7% chance)
2026-02-13 14:04:07 [[32minfo[39m]: Transaction failed: Edge GÂ∆ Kode, 100 credits (63.7% chance)
2026-02-13 14:04:07 [[32minfo[39m]: Transaction successful: Shadow GÂ∆ Wraith, 476 credits (90.6% chance)
2026-02-13 14:04:07 [[32minfo[39m]: Transaction failed: Edge GÂ∆ Kode, 100 credits (63.7% chance)
2026-02-13 14:04:07 [[32minfo[39m]: Transaction failed: Edge GÂ∆ Kode, 100 credits (63.7% chance)
2026-02-13 14:04:07 [[32minfo[39m]: Transaction successful: Edge GÂ∆ Kode, 100 credits (63.7% chance)
2026-02-13 14:04:07 [[32minfo[39m]: Initializing 10 agents with initial balance 10000
2026-02-13 14:04:07 [[32minfo[39m]: Transaction successful: Edge GÂ∆ Kode, 100 credits (63.7% chance)
2026-02-13 14:04:07 [[32minfo[39m]: Successfully initialized 10 agents
2026-02-13 14:04:07 [[32minfo[39m]: Transaction successful: Edge GÂ∆ Kode, 100 credits (63.7% chance)
2026-02-13 14:04:07 [[32minfo[39m]: Transaction failed: Edge GÂ∆ Kode, 100 credits (63.7% chance)
2026-02-13 14:04:07 [[32minfo[39m]: Initializing 3 agents with initial balance 104
2026-02-13 14:04:07 [[32minfo[39m]: Successfully initialized 3 agents
2026-02-13 14:04:07 [[33mwarn[39m]: Transaction validation failed: Insufficient funds
2026-02-13 14:04:07 [[32minfo[39m]: Transaction failed: Edge GÂ∆ Kode, 100 credits (63.7% chance)
2026-02-13 14:04:07 [[32minfo[39m]: Initializing 16 agents with initial balance 2099
2026-02-13 14:04:07 [[32minfo[39m]: Successfully initialized 16 agents
2026-02-13 14:04:07 [[32minfo[39m]: Transaction successful: Crash GÂ∆ Maze, 807 credits (91.0% chance)
2026-02-13 14:04:07 [[32minfo[39m]: Transaction failed: Edge GÂ∆ Kode, 100 credits (63.7% chance)
2026-02-13 14:04:07 [[32minfo[39m]: Transaction successful: Lynx GÂ∆ Zero, 1542 credits (90.4% chance)
2026-02-13 14:04:07 [[32minfo[39m]: Transaction successful: Edge GÂ∆ Kode, 100 credits (63.7% chance)
2026-02-13 14:04:07 [[32minfo[39m]: Transaction successful: Trace GÂ∆ Nova, 726 credits (90.3% chance)
2026-02-13 14:04:07 [[32minfo[39m]: Transaction successful: Edge GÂ∆ Kode, 100 credits (63.7% chance)
2026-02-13 14:04:07 [[32minfo[39m]: Transaction successful: Lynx GÂ∆ Crash, 109 credits (92.3% chance)
2026-02-13 14:04:07 [[32minfo[39m]: Transaction successful: Edge GÂ∆ Kode, 100 credits (63.7% chance)
2026-02-13 14:04:07 [[32minfo[39m]: Transaction successful: Edge GÂ∆ Kode, 100 credits (63.7% chance)
2026-02-13 14:04:07 [[32minfo[39m]: Transaction failed: Edge GÂ∆ Kode, 100 credits (63.7% chance)
2026-02-13 14:04:07 [[32minfo[39m]: Initializing 9 agents with initial balance 111
2026-02-13 14:04:07 [[32minfo[39m]: Successfully initialized 9 agents
2026-02-13 14:04:07 [[32minfo[39m]: Transaction successful: Onyx GÂ∆ Kode, 13 credits (91.9% chance)
2026-02-13 14:04:07 [[32minfo[39m]: Transaction successful: Edge GÂ∆ Kode, 100 credits (63.7% chance)
2026-02-13 14:04:07 [[32minfo[39m]: Transaction successful: Edge GÂ∆ Kode, 100 credits (63.7% chance)
2026-02-13 14:04:07 [[32minfo[39m]: Transaction successful: Edge GÂ∆ Kode, 100 credits (63.7% chance)
2026-02-13 14:04:07 [[32minfo[39m]: Transaction successful: Edge GÂ∆ Kode, 100 credits (63.7% chance)
2026-02-13 14:04:07 [[32minfo[39m]: Initializing 19 agents with initial balance 507
2026-02-13 14:04:07 [[32minfo[39m]: Successfully initialized 19 agents
2026-02-13 14:04:07 [[32minfo[39m]: Transaction successful: Vex GÂ∆ Hex, 382 credits (88.2% chance)
2026-02-13 14:04:07 [[32minfo[39m]: Transaction successful: Edge GÂ∆ Kode, 100 credits (63.7% chance)
2026-02-13 14:04:07 [[32minfo[39m]: Transaction successful: Spike GÂ∆ Lynx, 311 credits (89.4% chance)
2026-02-13 14:04:07 [[32minfo[39m]: Transaction failed: Edge GÂ∆ Kode, 100 credits (63.7% chance)
2026-02-13 14:04:07 [[32minfo[39m]: Transaction successful: Raven GÂ∆ Spike, 131 credits (91.2% chance)
2026-02-13 14:04:07 [[32minfo[39m]: Transaction successful: Edge GÂ∆ Kode, 100 credits (63.7% chance)
2026-02-13 14:04:07 [[32minfo[39m]: Initializing 3 agents with initial balance 4993
2026-02-13 14:04:07 [[32minfo[39m]: Initializing 11 agents with initial balance 9994
2026-02-13 14:04:07 [[32minfo[39m]: Successfully initialized 11 agents
2026-02-13 14:04:07 [[32minfo[39m]: Successfully initialized 3 agents
2026-02-13 14:04:07 [[33mwarn[39m]: Transaction validation failed: Insufficient funds
2026-02-13 14:04:07 [[32minfo[39m]: Transaction successful: Crash GÂ∆ Viper, 210 credits (90.0% chance)
2026-02-13 14:04:07 [[32minfo[39m]: Transaction successful: Crash GÂ∆ Byte, 25 credits (91.2% chance)
2026-02-13 14:04:07 [[32minfo[39m]: Transaction successful: Maze GÂ∆ Echo, 19 credits (90.6% chance)
2026-02-13 14:04:07 [[32minfo[39m]: Transaction successful: Crash GÂ∆ Apex, 171 credits (90.4% chance)
2026-02-13 14:04:07 [[32minfo[39m]: Transaction failed: Zero GÂ∆ Pulse, 75 credits (89.9% chance)
2026-02-13 14:04:07 [[32minfo[39m]: Transaction successful: Echo GÂ∆ Vex, 361 credits (90.7% chance)
2026-02-13 14:04:07 [[32minfo[39m]: Transaction successful: Echo GÂ∆ Shadow, 140 credits (90.9% chance)
2026-02-13 14:04:07 [[32minfo[39m]: Initializing 2 agents with initial balance 1000000
2026-02-13 14:04:07 [[32minfo[39m]: Successfully initialized 2 agents
2026-02-13 14:04:07 [[32minfo[39m]: Transaction successful: Trace GÂ∆ Raven, 100 credits (70.8% chance)
2026-02-13 14:04:07 [[32minfo[39m]: Initializing 10 agents with initial balance 106
2026-02-13 14:04:07 [[32minfo[39m]: Successfully initialized 10 agents
2026-02-13 14:04:07 [[33mwarn[39m]: Transaction validation failed: Insufficient funds
2026-02-13 14:04:07 [[32minfo[39m]: Transaction failed: Trace GÂ∆ Raven, 100 credits (70.8% chance)
2026-02-13 14:04:07 [[32minfo[39m]: Transaction successful: Trace GÂ∆ Raven, 100 credits (70.8% chance)
2026-02-13 14:04:07 [[32minfo[39m]: Transaction failed: Trace GÂ∆ Raven, 100 credits (70.8% chance)
2026-02-13 14:04:07 [[32minfo[39m]: Transaction successful: Trace GÂ∆ Raven, 100 credits (70.8% chance)
2026-02-13 14:04:07 [[32minfo[39m]: Transaction successful: Trace GÂ∆ Raven, 100 credits (70.8% chance)
2026-02-13 14:04:07 [[32minfo[39m]: Transaction failed: Trace GÂ∆ Raven, 100 credits (70.8% chance)
2026-02-13 14:04:07 [[32minfo[39m]: Initializing 19 agents with initial balance 4798
2026-02-13 14:04:07 [[32minfo[39m]: Successfully initialized 19 agents
2026-02-13 14:04:07 [[32minfo[39m]: Transaction successful: Pulse GÂ∆ Kode, 3179 credits (89.4% chance)
2026-02-13 14:04:07 [[32minfo[39m]: Transaction successful: Trace GÂ∆ Raven, 100 credits (70.8% chance)
2026-02-13 14:04:07 [[32minfo[39m]: Initializing 4 agents with initial balance 103
2026-02-13 14:04:07 [[32minfo[39m]: Successfully initialized 4 agents
2026-02-13 14:04:07 [[33mwarn[39m]: Transaction validation failed: Insufficient funds
2026-02-13 14:04:07 [[32minfo[39m]: Transaction successful: Kode GÂ∆ Wraith, 6201 credits (91.1% chance)
2026-02-13 14:04:07 [[32minfo[39m]: Transaction failed: Trace GÂ∆ Raven, 100 credits (70.8% chance)
2026-02-13 14:04:07 [[32minfo[39m]: Transaction successful: Flux GÂ∆ Raven, 1839 credits (90.3% chance)
2026-02-13 14:04:07 [[32minfo[39m]: Transaction successful: Trace GÂ∆ Raven, 100 credits (70.8% chance)
2026-02-13 14:04:07 [[32minfo[39m]: Transaction successful: Flux GÂ∆ Blade, 984 credits (88.8% chance)
2026-02-13 14:04:07 [[32minfo[39m]: Transaction successful: Trace GÂ∆ Raven, 100 credits (70.8% chance)
2026-02-13 14:04:07 [[32minfo[39m]: Transaction successful: Vex GÂ∆ Kode, 2643 credits (89.5% chance)
2026-02-13 14:04:07 [[32minfo[39m]: Transaction successful: Trace GÂ∆ Raven, 100 credits (70.8% chance)
2026-02-13 14:04:07 [[32minfo[39m]: Transaction successful: Razor GÂ∆ Ghost, 1665 credits (90.8% chance)
2026-02-13 14:04:07 [[32minfo[39m]: Transaction successful: Trace GÂ∆ Raven, 100 credits (70.8% chance)
2026-02-13 14:04:07 [[32minfo[39m]: Transaction successful: Apex GÂ∆ Cipher, 1498 credits (90.9% chance)
2026-02-13 14:04:07 [[32minfo[39m]: Transaction successful: Trace GÂ∆ Raven, 100 credits (70.8% chance)
2026-02-13 14:04:07 [[32minfo[39m]: Transaction successful: Trace GÂ∆ Raven, 100 credits (70.8% chance)
2026-02-13 14:04:07 [[32minfo[39m]: Initializing 7 agents with initial balance 1385
2026-02-13 14:04:07 [[32minfo[39m]: Successfully initialized 7 agents
2026-02-13 14:04:07 [[33mwarn[39m]: Transaction validation failed: Insufficient funds
2026-02-13 14:04:07 [[32minfo[39m]: Transaction successful: Trace GÂ∆ Raven, 100 credits (70.8% chance)
2026-02-13 14:04:07 [[32minfo[39m]: Transaction successful: Trace GÂ∆ Raven, 100 credits (70.8% chance)
2026-02-13 14:04:07 [[32minfo[39m]: Transaction failed: Trace GÂ∆ Raven, 100 credits (70.8% chance)
2026-02-13 14:04:07 [[32minfo[39m]: Transaction failed: Trace GÂ∆ Raven, 100 credits (70.8% chance)
2026-02-13 14:04:07 [[32minfo[39m]: Transaction successful: Trace GÂ∆ Raven, 100 credits (70.8% chance)
2026-02-13 14:04:07 [[32minfo[39m]: Initializing 4 agents with initial balance 2746
2026-02-13 14:04:07 [[32minfo[39m]: Successfully initialized 4 agents
2026-02-13 14:04:07 [[32minfo[39m]: Transaction successful: Crash GÂ∆ Neon, 175 credits (90.1% chance)
2026-02-13 14:04:07 [[32minfo[39m]: Transaction failed: Trace GÂ∆ Raven, 100 credits (70.8% chance)
2026-02-13 14:04:07 [[32minfo[39m]: Transaction successful: Ghost GÂ∆ Echo, 318 credits (90.7% chance)
2026-02-13 14:04:07 [[32minfo[39m]: Transaction successful: Trace GÂ∆ Raven, 100 credits (70.8% chance)
2026-02-13 14:04:07 [[32minfo[39m]: Initializing 8 agents with initial balance 3363
2026-02-13 14:04:07 [[32minfo[39m]: Successfully initialized 8 agents
2026-02-13 14:04:07 [[33mwarn[39m]: Transaction validation failed: Insufficient funds
2026-02-13 14:04:07 [[32minfo[39m]: Transaction successful: Trace GÂ∆ Raven, 100 credits (70.8% chance)
2026-02-13 14:04:07 [[32minfo[39m]: Transaction successful: Trace GÂ∆ Raven, 100 credits (70.8% chance)
2026-02-13 14:04:07 [[32minfo[39m]: Transaction successful: Trace GÂ∆ Raven, 100 credits (70.8% chance)
2026-02-13 14:04:07 [[32minfo[39m]: Transaction successful: Trace GÂ∆ Raven, 100 credits (70.8% chance)
2026-02-13 14:04:07 [[32minfo[39m]: Transaction successful: Trace GÂ∆ Raven, 100 credits (70.8% chance)
2026-02-13 14:04:07 [[32minfo[39m]: Transaction successful: Trace GÂ∆ Raven, 100 credits (70.8% chance)
2026-02-13 14:04:07 [[32minfo[39m]: Initializing 4 agents with initial balance 2041
2026-02-13 14:04:07 [[32minfo[39m]: Successfully initialized 4 agents
2026-02-13 14:04:07 [[32minfo[39m]: Transaction successful: Apex GÂ∆ Raven, 1505 credits (89.8% chance)
2026-02-13 14:04:07 [[32minfo[39m]: Transaction successful: Trace GÂ∆ Raven, 100 credits (70.8% chance)
2026-02-13 14:04:07 [[32minfo[39m]: Initializing 7 agents with initial balance 1668
2026-02-13 14:04:07 [[32minfo[39m]: Successfully initialized 7 agents
2026-02-13 14:04:07 [[32minfo[39m]: Transaction successful: Frost GÂ∆ Trace, 7 credits (90.0% chance)
2026-02-13 14:04:07 [[32minfo[39m]: Transaction successful: Trace GÂ∆ Raven, 100 credits (70.8% chance)
2026-02-13 14:04:07 [[32minfo[39m]: Transaction successful: Trace GÂ∆ Raven, 100 credits (70.8% chance)
2026-02-13 14:04:07 [[32minfo[39m]: Transaction successful: Trace GÂ∆ Raven, 100 credits (70.8% chance)
2026-02-13 14:04:07 [[32minfo[39m]: Transaction successful: Trace GÂ∆ Raven, 100 credits (70.8% chance)
2026-02-13 14:04:07 [[32minfo[39m]: Transaction successful: Trace GÂ∆ Raven, 100 credits (70.8% chance)
2026-02-13 14:04:07 [[32minfo[39m]: Transaction successful: Trace GÂ∆ Raven, 100 credits (70.8% chance)
2026-02-13 14:04:07 [[32minfo[39m]: Initializing 3 agents with initial balance 3325
2026-02-13 14:04:07 [[32minfo[39m]: Successfully initialized 3 agents
2026-02-13 14:04:07 [[32minfo[39m]: Transaction successful: Apex GÂ∆ Lynx, 2392 credits (90.5% chance)
2026-02-13 14:04:07 [[32minfo[39m]: Transaction successful: Trace GÂ∆ Raven, 100 credits (70.8% chance)
2026-02-13 14:04:07 [[32minfo[39m]: Initializing 9 agents with initial balance 740
2026-02-13 14:04:07 [[32minfo[39m]: Successfully initialized 9 agents
2026-02-13 14:04:07 [[33mwarn[39m]: Transaction validation failed: Insufficient funds
2026-02-13 14:04:07 [[32minfo[39m]: Transaction successful: Blade GÂ∆ Lynx, 1805 credits (92.0% chance)
2026-02-13 14:04:07 [[32minfo[39m]: Transaction successful: Trace GÂ∆ Raven, 100 credits (70.8% chance)
2026-02-13 14:04:07 [[32minfo[39m]: Transaction successful: Apex GÂ∆ Lynx, 69 credits (91.4% chance)
2026-02-13 14:04:07 [[32minfo[39m]: Transaction successful: Trace GÂ∆ Raven, 100 credits (70.8% chance)
2026-02-13 14:04:07 [[32minfo[39m]: Transaction successful: Apex GÂ∆ Blade, 57 credits (90.7% chance)
2026-02-13 14:04:07 [[32minfo[39m]: Transaction successful: Trace GÂ∆ Raven, 100 credits (70.8% chance)
2026-02-13 14:04:07 [[32minfo[39m]: Transaction failed: Apex GÂ∆ Lynx, 25 credits (92.5% chance)
2026-02-13 14:04:07 [[32minfo[39m]: Transaction successful: Trace GÂ∆ Raven, 100 credits (70.8% chance)
2026-02-13 14:04:07 [[32minfo[39m]: Transaction failed: Lynx GÂ∆ Blade, 4877 credits (93.1% chance)
2026-02-13 14:04:07 [[32minfo[39m]: Transaction successful: Trace GÂ∆ Raven, 100 credits (70.8% chance)
2026-02-13 14:04:07 [[32minfo[39m]: Transaction successful: Lynx GÂ∆ Apex, 3247 credits (91.0% chance)
2026-02-13 14:04:07 [[32minfo[39m]: Transaction successful: Trace GÂ∆ Raven, 100 credits (70.8% chance)
2026-02-13 14:04:07 [[32minfo[39m]: Transaction successful: Lynx GÂ∆ Apex, 726 credits (91.5% chance)
2026-02-13 14:04:07 [[32minfo[39m]: Transaction failed: Trace GÂ∆ Raven, 100 credits (70.8% chance)
2026-02-13 14:04:07 [[32minfo[39m]: Initializing 4 agents with initial balance 2102
2026-02-13 14:04:07 [[32minfo[39m]: Successfully initialized 4 agents
2026-02-13 14:04:07 [[33mwarn[39m]: Transaction validation failed: Insufficient funds
2026-02-13 14:04:07 [[32minfo[39m]: Transaction successful: Apex GÂ∆ Blade, 2686 credits (91.1% chance)
2026-02-13 14:04:07 [[32minfo[39m]: Transaction failed: Trace GÂ∆ Raven, 100 credits (70.8% chance)
2026-02-13 14:04:07 [[32minfo[39m]: Transaction successful: Blade GÂ∆ Lynx, 1849 credits (93.4% chance)
2026-02-13 14:04:07 [[32minfo[39m]: Transaction successful: Trace GÂ∆ Raven, 100 credits (70.8% chance)
2026-02-13 14:04:07 [[32minfo[39m]: Transaction failed: Trace GÂ∆ Raven, 100 credits (70.8% chance)
2026-02-13 14:04:07 [[32minfo[39m]: Transaction successful: Trace GÂ∆ Raven, 100 credits (70.8% chance)
2026-02-13 14:04:07 [[32minfo[39m]: Transaction successful: Trace GÂ∆ Raven, 100 credits (70.8% chance)
2026-02-13 14:04:07 [[32minfo[39m]: Transaction successful: Trace GÂ∆ Raven, 100 credits (70.8% chance)
2026-02-13 14:04:07 [[32minfo[39m]: Transaction failed: Trace GÂ∆ Raven, 100 credits (70.8% chance)
2026-02-13 14:04:07 [[32minfo[39m]: Initializing 10 agents with initial balance 4761
2026-02-13 14:04:07 [[32minfo[39m]: Successfully initialized 10 agents
2026-02-13 14:04:07 [[32minfo[39m]: Transaction successful: Cipher GÂ∆ Edge, 4157 credits (90.6% chance)
2026-02-13 14:04:07 [[32minfo[39m]: Transaction successful: Trace GÂ∆ Raven, 100 credits (70.8% chance)
2026-02-13 14:04:07 [[32minfo[39m]: Initializing 9 agents with initial balance 1126
2026-02-13 14:04:07 [[32minfo[39m]: Successfully initialized 9 agents
2026-02-13 14:04:07 [[32minfo[39m]: Transaction successful: Edge GÂ∆ Jinx, 62 credits (89.3% chance)
2026-02-13 14:04:07 [[32minfo[39m]: Transaction successful: Trace GÂ∆ Raven, 100 credits (70.8% chance)
2026-02-13 14:04:07 [[32minfo[39m]: Transaction successful: Trace GÂ∆ Raven, 100 credits (70.8% chance)
2026-02-13 14:04:07 [[32minfo[39m]: Transaction successful: Trace GÂ∆ Raven, 100 credits (70.8% chance)
2026-02-13 14:04:07 [[32minfo[39m]: Transaction failed: Trace GÂ∆ Raven, 100 credits (70.8% chance)
2026-02-13 14:04:07 [[32minfo[39m]: Transaction successful: Trace GÂ∆ Raven, 100 credits (70.8% chance)
2026-02-13 14:04:07 [[32minfo[39m]: Transaction successful: Trace GÂ∆ Raven, 100 credits (70.8% chance)
2026-02-13 14:04:07 [[32minfo[39m]: Initializing 10 agents with initial balance 102
2026-02-13 14:04:07 [[32minfo[39m]: Successfully initialized 10 agents
2026-02-13 14:04:07 [[33mwarn[39m]: Transaction validation failed: Insufficient funds
2026-02-13 14:04:07 [[32minfo[39m]: Transaction successful: Trace GÂ∆ Raven, 100 credits (70.8% chance)
2026-02-13 14:04:07 [[32minfo[39m]: Initializing 9 agents with initial balance 501
2026-02-13 14:04:07 [[32minfo[39m]: Successfully initialized 9 agents
2026-02-13 14:04:07 [[32minfo[39m]: Transaction successful: Flux GÂ∆ Ghost, 200 credits (90.7% chance)
2026-02-13 14:04:07 [[32minfo[39m]: Transaction successful: Trace GÂ∆ Raven, 100 credits (70.8% chance)
2026-02-13 14:04:07 [[32minfo[39m]: Transaction successful: Edge GÂ∆ Echo, 139 credits (91.1% chance)
2026-02-13 14:04:07 [[32minfo[39m]: Transaction successful: Trace GÂ∆ Raven, 100 credits (70.8% chance)
2026-02-13 14:04:07 [[32minfo[39m]: Transaction successful: Flux GÂ∆ Cipher, 81 credits (91.4% chance)
2026-02-13 14:04:07 [[32minfo[39m]: Transaction successful: Trace GÂ∆ Raven, 100 credits (70.8% chance)
2026-02-13 14:04:07 [[32minfo[39m]: Transaction successful: Flux GÂ∆ Crash, 97 credits (91.5% chance)
2026-02-13 14:04:07 [[32minfo[39m]: Transaction successful: Trace GÂ∆ Raven, 100 credits (70.8% chance)
2026-02-13 14:04:07 [[32minfo[39m]: Transaction successful: Trace GÂ∆ Raven, 100 credits (70.8% chance)
2026-02-13 14:04:07 [[32minfo[39m]: Transaction successful: Trace GÂ∆ Raven, 100 credits (70.8% chance)
2026-02-13 14:04:07 [[32minfo[39m]: Initializing 8 agents with initial balance 5000
2026-02-13 14:04:07 [[32minfo[39m]: Successfully initialized 8 agents
2026-02-13 14:04:07 [[32minfo[39m]: Transaction successful: Neon GÂ∆ Flux, 1685 credits (91.6% chance)
2026-02-13 14:04:07 [[32minfo[39m]: Transaction successful: Trace GÂ∆ Raven, 100 credits (70.8% chance)
2026-02-13 14:04:07 [[32minfo[39m]: Transaction successful: Trace GÂ∆ Raven, 100 credits (70.8% chance)
2026-02-13 14:04:07 [[32minfo[39m]: Transaction successful: Trace GÂ∆ Raven, 100 credits (70.8% chance)
2026-02-13 14:04:07 [[32minfo[39m]: Transaction successful: Trace GÂ∆ Raven, 100 credits (70.8% chance)
2026-02-13 14:04:07 [[32minfo[39m]: Initializing 4 agents with initial balance 4664
2026-02-13 14:04:07 [[32minfo[39m]: Successfully initialized 4 agents
2026-02-13 14:04:07 [[32minfo[39m]: Transaction successful: Trace GÂ∆ Apex, 974 credits (88.7% chance)
2026-02-13 14:04:07 [[32minfo[39m]: Transaction successful: Trace GÂ∆ Raven, 100 credits (70.8% chance)
2026-02-13 14:04:07 [[32minfo[39m]: Transaction successful: Apex GÂ∆ Trace, 1675 credits (89.0% chance)
2026-02-13 14:04:07 [[32minfo[39m]: Transaction successful: Trace GÂ∆ Raven, 100 credits (70.8% chance)
2026-02-13 14:04:07 [[32minfo[39m]: Transaction successful: Quantum GÂ∆ Trace, 608 credits (89.1% chance)
2026-02-13 14:04:07 [[32minfo[39m]: Transaction successful: Trace GÂ∆ Raven, 100 credits (70.8% chance)
2026-02-13 14:04:07 [[32minfo[39m]: Initializing 7 agents with initial balance 2984
2026-02-13 14:04:07 [[32minfo[39m]: Successfully initialized 7 agents
2026-02-13 14:04:07 [[33mwarn[39m]: Transaction validation failed: Insufficient funds
2026-02-13 14:04:07 [[32minfo[39m]: Transaction successful: Echo GÂ∆ Trace, 1256 credits (90.6% chance)
2026-02-13 14:04:07 [[32minfo[39m]: Transaction successful: Trace GÂ∆ Raven, 100 credits (70.8% chance)
2026-02-13 14:04:07 [[32minfo[39m]: Transaction successful: Apex GÂ∆ Echo, 1321 credits (89.5% chance)
2026-02-13 14:04:07 [[32minfo[39m]: Transaction failed: Trace GÂ∆ Raven, 100 credits (70.8% chance)
2026-02-13 14:04:07 [[32minfo[39m]: Transaction successful: Trace GÂ∆ Apex, 1222 credits (90.2% chance)
2026-02-13 14:04:07 [[32minfo[39m]: Transaction failed: Trace GÂ∆ Raven, 100 credits (70.8% chance)
2026-02-13 14:04:07 [[32minfo[39m]: Transaction successful: Quantum GÂ∆ Apex, 272 credits (89.0% chance)
2026-02-13 14:04:07 [[32minfo[39m]: Transaction failed: Trace GÂ∆ Raven, 100 credits (70.8% chance)
2026-02-13 14:04:07 [[32minfo[39m]: Transaction successful: Quantum GÂ∆ Trace, 418 credits (90.8% chance)
2026-02-13 14:04:07 [[32minfo[39m]: Transaction successful: Trace GÂ∆ Raven, 100 credits (70.8% chance)
2026-02-13 14:04:07 [[32minfo[39m]: Transaction failed: Trace GÂ∆ Raven, 100 credits (70.8% chance)
2026-02-13 14:04:07 [[32minfo[39m]: Transaction successful: Trace GÂ∆ Raven, 100 credits (70.8% chance)
2026-02-13 14:04:07 [[32minfo[39m]: Initializing 5 agents with initial balance 1248
2026-02-13 14:04:07 [[32minfo[39m]: Successfully initialized 5 agents
2026-02-13 14:04:07 [[33mwarn[39m]: Transaction validation failed: Insufficient funds
2026-02-13 14:04:07 [[32minfo[39m]: Transaction failed: Trace GÂ∆ Raven, 100 credits (70.8% chance)
2026-02-13 14:04:07 [[32minfo[39m]: Transaction successful: Trace GÂ∆ Raven, 100 credits (70.8% chance)
2026-02-13 14:04:07 [[32minfo[39m]: Transaction successful: Trace GÂ∆ Raven, 100 credits (70.8% chance)
2026-02-13 14:04:07 [[32minfo[39m]: Transaction successful: Trace GÂ∆ Raven, 100 credits (70.8% chance)
2026-02-13 14:04:07 [[32minfo[39m]: Initializing 14 agents with initial balance 4977
2026-02-13 14:04:07 [[32minfo[39m]: Successfully initialized 14 agents
2026-02-13 14:04:07 [[32minfo[39m]: Transaction successful: Viper GÂ∆ Cipher, 968 credits (89.8% chance)
2026-02-13 14:04:07 [[32minfo[39m]: Transaction failed: Trace GÂ∆ Raven, 100 credits (70.8% chance)
2026-02-13 14:04:07 [[32minfo[39m]: Transaction failed: Maze GÂ∆ Flux, 2836 credits (90.2% chance)
2026-02-13 14:04:07 [[32minfo[39m]: Transaction successful: Trace GÂ∆ Raven, 100 credits (70.8% chance)
2026-02-13 14:04:07 [[32minfo[39m]: Transaction successful: Cipher GÂ∆ Blade, 3006 credits (90.5% chance)
2026-02-13 14:04:07 [[32minfo[39m]: Transaction successful: Trace GÂ∆ Raven, 100 credits (70.8% chance)
2026-02-13 14:04:07 [[32minfo[39m]: Initializing 6 agents with initial balance 4148
2026-02-13 14:04:07 [[32minfo[39m]: Successfully initialized 6 agents
2026-02-13 14:04:07 [[33mwarn[39m]: Transaction validation failed: Insufficient funds
2026-02-13 14:04:07 [[32minfo[39m]: Transaction successful: Lynx GÂ∆ Pulse, 2810 credits (90.6% chance)
2026-02-13 14:04:07 [[32minfo[39m]: Transaction successful: Trace GÂ∆ Raven, 100 credits (70.8% chance)
2026-02-13 14:04:07 [[32minfo[39m]: Transaction successful: Wraith GÂ∆ Lynx, 1335 credits (90.6% chance)
2026-02-13 14:04:07 [[32minfo[39m]: Transaction successful: Trace GÂ∆ Raven, 100 credits (70.8% chance)
2026-02-13 14:04:07 [[32minfo[39m]: Transaction successful: Nova GÂ∆ Dagger, 2556 credits (88.3% chance)
2026-02-13 14:04:07 [[32minfo[39m]: Transaction successful: Trace GÂ∆ Raven, 100 credits (70.8% chance)
2026-02-13 14:04:07 [[32minfo[39m]: Transaction successful: Trace GÂ∆ Raven, 100 credits (70.8% chance)
2026-02-13 14:04:07 [[32minfo[39m]: Transaction successful: Trace GÂ∆ Raven, 100 credits (70.8% chance)
2026-02-13 14:04:07 [[32minfo[39m]: Transaction successful: Trace GÂ∆ Raven, 100 credits (70.8% chance)
2026-02-13 14:04:07 [[32minfo[39m]: Transaction successful: Trace GÂ∆ Raven, 100 credits (70.8% chance)
2026-02-13 14:04:07 [[32minfo[39m]: Initializing 2 agents with initial balance 108
2026-02-13 14:04:07 [[32minfo[39m]: Successfully initialized 2 agents
2026-02-13 14:04:07 [[32minfo[39m]: Transaction successful: Cipher GÂ∆ Zero, 14 credits (88.4% chance)
2026-02-13 14:04:07 [[32minfo[39m]: Transaction failed: Trace GÂ∆ Raven, 100 credits (70.8% chance)
2026-02-13 14:04:07 [[32minfo[39m]: Transaction failed: Trace GÂ∆ Raven, 100 credits (70.8% chance)
2026-02-13 14:04:07 [[32minfo[39m]: Initializing 17 agents with initial balance 4236
2026-02-13 14:04:07 [[32minfo[39m]: Successfully initialized 17 agents
2026-02-13 14:04:07 [[32minfo[39m]: Transaction successful: Hex GÂ∆ Onyx, 571 credits (91.4% chance)
2026-02-13 14:04:07 [[32minfo[39m]: Transaction successful: Trace GÂ∆ Raven, 100 credits (70.8% chance)
2026-02-13 14:04:07 [[32minfo[39m]: Transaction successful: Shadow GÂ∆ Frost, 2499 credits (90.5% chance)
2026-02-13 14:04:07 [[32minfo[39m]: Transaction successful: Trace GÂ∆ Raven, 100 credits (70.8% chance)
2026-02-13 14:04:07 [[32minfo[39m]: Transaction failed: Zero GÂ∆ Flux, 1266 credits (90.4% chance)
2026-02-13 14:04:07 [[32minfo[39m]: Transaction successful: Trace GÂ∆ Raven, 100 credits (70.8% chance)
2026-02-13 14:04:07 [[32minfo[39m]: Transaction failed: Shadow GÂ∆ Quantum, 182 credits (89.3% chance)
2026-02-13 14:04:07 [[32minfo[39m]: Transaction failed: Trace GÂ∆ Raven, 100 credits (70.8% chance)
2026-02-13 14:04:07 [[32minfo[39m]: Transaction failed: Trace GÂ∆ Raven, 100 credits (70.8% chance)
2026-02-13 14:04:07 [[32minfo[39m]: Initializing 9 agents with initial balance 4994
2026-02-13 14:04:07 [[32minfo[39m]: Successfully initialized 9 agents
2026-02-13 14:04:07 [[33mwarn[39m]: Transaction validation failed: Insufficient funds
2026-02-13 14:04:07 [[32minfo[39m]: Transaction successful: Trace GÂ∆ Raven, 100 credits (70.8% chance)
2026-02-13 14:04:07 [[32minfo[39m]: Initializing 12 agents with initial balance 503
2026-02-13 14:04:07 [[32minfo[39m]: Successfully initialized 12 agents
2026-02-13 14:04:07 [[32minfo[39m]: Transaction successful: Razor GÂ∆ Lynx, 136 credits (89.9% chance)
2026-02-13 14:04:07 [[32minfo[39m]: Transaction failed: Quantum GÂ∆ Wraith, 275 credits (89.8% chance)
2026-02-13 14:04:07 [[32minfo[39m]: Initializing 5 agents with initial balance 3555
2026-02-13 14:04:07 [[32minfo[39m]: Successfully initialized 5 agents
2026-02-13 14:04:07 [[33mwarn[39m]: Transaction validation failed: Insufficient funds
2026-02-13 14:04:07 [[32minfo[39m]: Transaction successful: Trace GÂ∆ Vex, 382 credits (89.2% chance)
2026-02-13 14:04:07 [[32minfo[39m]: Initializing 2 agents with initial balance 1000000
2026-02-13 14:04:07 [[32minfo[39m]: Successfully initialized 2 agents
2026-02-13 14:04:07 [[32minfo[39m]: Transaction successful: Dagger GÂ∆ Nova, 100 credits (85.3% chance)
2026-02-13 14:04:07 [[32minfo[39m]: Transaction successful: Dagger GÂ∆ Nova, 100 credits (85.3% chance)
2026-02-13 14:04:07 [[32minfo[39m]: Transaction successful: Dagger GÂ∆ Nova, 100 credits (85.3% chance)
2026-02-13 14:04:07 [[32minfo[39m]: Transaction successful: Dagger GÂ∆ Nova, 100 credits (85.3% chance)
2026-02-13 14:04:07 [[32minfo[39m]: Transaction successful: Dagger GÂ∆ Nova, 100 credits (85.3% chance)
2026-02-13 14:04:07 [[32minfo[39m]: Transaction successful: Dagger GÂ∆ Nova, 100 credits (85.3% chance)
2026-02-13 14:04:07 [[32minfo[39m]: Transaction successful: Dagger GÂ∆ Nova, 100 credits (85.3% chance)
2026-02-13 14:04:07 [[32minfo[39m]: Initializing 10 agents with initial balance 3865
2026-02-13 14:04:07 [[32minfo[39m]: Successfully initialized 10 agents
2026-02-13 14:04:07 [[33mwarn[39m]: Transaction validation failed: Insufficient funds
2026-02-13 14:04:07 [[32minfo[39m]: Initializing 7 agents with initial balance 1987
2026-02-13 14:04:07 [[32minfo[39m]: Successfully initialized 7 agents
2026-02-13 14:04:07 [[32minfo[39m]: Transaction successful: Byte GÂ∆ Kode, 805 credits (90.0% chance)
2026-02-13 14:04:07 [[32minfo[39m]: Transaction successful: Dagger GÂ∆ Nova, 100 credits (85.3% chance)
2026-02-13 14:04:07 [[32minfo[39m]: Transaction successful: Cipher GÂ∆ Neon, 1022 credits (88.7% chance)
2026-02-13 14:04:07 [[32minfo[39m]: Transaction successful: Dagger GÂ∆ Nova, 100 credits (85.3% chance)
2026-02-13 14:04:07 [[32minfo[39m]: Transaction failed: Lynx GÂ∆ Kode, 568 credits (90.8% chance)
2026-02-13 14:04:07 [[32minfo[39m]: Transaction successful: Dagger GÂ∆ Nova, 100 credits (85.3% chance)
2026-02-13 14:04:07 [[32minfo[39m]: Transaction successful: Lynx GÂ∆ Kode, 92 credits (90.1% chance)
2026-02-13 14:04:07 [[32minfo[39m]: Transaction successful: Dagger GÂ∆ Nova, 100 credits (85.3% chance)
2026-02-13 14:04:07 [[32minfo[39m]: Transaction successful: Hex GÂ∆ Kode, 320 credits (90.6% chance)
2026-02-13 14:04:07 [[32minfo[39m]: Initializing 2 agents with initial balance 1515
2026-02-13 14:04:07 [[32minfo[39m]: Transaction successful: Dagger GÂ∆ Nova, 100 credits (85.3% chance)
2026-02-13 14:04:07 [[32minfo[39m]: Successfully initialized 2 agents
2026-02-13 14:04:07 [[32minfo[39m]: Transaction successful: Edge GÂ∆ Hex, 205 credits (89.9% chance)
2026-02-13 14:04:07 [[32minfo[39m]: Transaction successful: Dagger GÂ∆ Nova, 100 credits (85.3% chance)
2026-02-13 14:04:07 [[32minfo[39m]: Transaction successful: Lynx GÂ∆ Neon, 757 credits (89.4% chance)
2026-02-13 14:04:07 [[32minfo[39m]: Transaction successful: Dagger GÂ∆ Nova, 100 credits (85.3% chance)
2026-02-13 14:04:07 [[32minfo[39m]: Initializing 3 agents with initial balance 960
2026-02-13 14:04:07 [[32minfo[39m]: Successfully initialized 3 agents
2026-02-13 14:04:07 [[33mwarn[39m]: Transaction validation failed: Insufficient funds
2026-02-13 14:04:07 [[32minfo[39m]: Transaction successful: Hex GÂ∆ Lynx, 128 credits (91.0% chance)
2026-02-13 14:04:07 [[32minfo[39m]: Transaction successful: Dagger GÂ∆ Nova, 100 credits (85.3% chance)
2026-02-13 14:04:07 [[32minfo[39m]: Transaction successful: Dagger GÂ∆ Nova, 100 credits (85.3% chance)
2026-02-13 14:04:07 [[32minfo[39m]: Transaction successful: Dagger GÂ∆ Nova, 100 credits (85.3% chance)
2026-02-13 14:04:07 [[32minfo[39m]: Transaction successful: Dagger GÂ∆ Nova, 100 credits (85.3% chance)
2026-02-13 14:04:07 [[32minfo[39m]: Transaction successful: Dagger GÂ∆ Nova, 100 credits (85.3% chance)
2026-02-13 14:04:07 [[32minfo[39m]: Transaction failed: Dagger GÂ∆ Nova, 100 credits (85.3% chance)
2026-02-13 14:04:07 [[32minfo[39m]: Transaction successful: Dagger GÂ∆ Nova, 100 credits (85.3% chance)
2026-02-13 14:04:07 [[32minfo[39m]: Initializing 3 agents with initial balance 2726
2026-02-13 14:04:07 [[32minfo[39m]: Successfully initialized 3 agents
2026-02-13 14:04:07 [[32minfo[39m]: Transaction successful: Frost GÂ∆ Zero, 13 credits (89.5% chance)
2026-02-13 14:04:07 [[32minfo[39m]: Initializing 20 agents with initial balance 1455
2026-02-13 14:04:07 [[32minfo[39m]: Successfully initialized 20 agents
2026-02-13 14:04:07 [[32minfo[39m]: Transaction successful: Edge GÂ∆ Flux, 79 credits (88.9% chance)
2026-02-13 14:04:07 [[32minfo[39m]: Transaction successful: Dagger GÂ∆ Nova, 100 credits (85.3% chance)
2026-02-13 14:04:07 [[32minfo[39m]: Transaction successful: Lynx GÂ∆ Jinx, 501 credits (88.8% chance)
2026-02-13 14:04:07 [[32minfo[39m]: Transaction failed: Dagger GÂ∆ Nova, 100 credits (85.3% chance)
2026-02-13 14:04:07 [[32minfo[39m]: Transaction successful: Trace GÂ∆ Echo, 968 credits (90.8% chance)
2026-02-13 14:04:07 [[32minfo[39m]: Transaction failed: Dagger GÂ∆ Nova, 100 credits (85.3% chance)
2026-02-13 14:04:07 [[32minfo[39m]: Transaction successful: Lynx GÂ∆ Kode, 16 credits (89.8% chance)
2026-02-13 14:04:07 [[32minfo[39m]: Transaction successful: Dagger GÂ∆ Nova, 100 credits (85.3% chance)
2026-02-13 14:04:07 [[32minfo[39m]: Transaction successful: Cipher GÂ∆ Onyx, 302 credits (88.9% chance)
2026-02-13 14:04:07 [[32minfo[39m]: Transaction successful: Dagger GÂ∆ Nova, 100 credits (85.3% chance)
2026-02-13 14:04:07 [[32minfo[39m]: Transaction successful: Dagger GÂ∆ Nova, 100 credits (85.3% chance)
2026-02-13 14:04:07 [[32minfo[39m]: Transaction successful: Dagger GÂ∆ Nova, 100 credits (85.3% chance)
2026-02-13 14:04:07 [[32minfo[39m]: Initializing 4 agents with initial balance 106
2026-02-13 14:04:07 [[32minfo[39m]: Successfully initialized 4 agents
2026-02-13 14:04:07 [[33mwarn[39m]: Transaction validation failed: Insufficient funds
2026-02-13 14:04:07 [[32minfo[39m]: Transaction successful: Dagger GÂ∆ Nova, 100 credits (85.3% chance)
2026-02-13 14:04:07 [[32minfo[39m]: Transaction successful: Dagger GÂ∆ Nova, 100 credits (85.3% chance)
2026-02-13 14:04:07 [[32minfo[39m]: Transaction successful: Dagger GÂ∆ Nova, 100 credits (85.3% chance)
2026-02-13 14:04:07 [[32minfo[39m]: Transaction failed: Dagger GÂ∆ Nova, 100 credits (85.3% chance)
2026-02-13 14:04:07 [[32minfo[39m]: Initializing 6 agents with initial balance 4809
2026-02-13 14:04:07 [[32minfo[39m]: Successfully initialized 6 agents
2026-02-13 14:04:07 [[32minfo[39m]: Transaction successful: Shadow GÂ∆ Viper, 356 credits (89.6% chance)
2026-02-13 14:04:07 [[32minfo[39m]: Transaction successful: Dagger GÂ∆ Nova, 100 credits (85.3% chance)
2026-02-13 14:04:07 [[32minfo[39m]: Transaction successful: Viper GÂ∆ Blade, 3404 credits (88.7% chance)
2026-02-13 14:04:07 [[32minfo[39m]: Transaction successful: Dagger GÂ∆ Nova, 100 credits (85.3% chance)
2026-02-13 14:04:07 [[32minfo[39m]: Transaction successful: Vex GÂ∆ Viper, 3377 credits (90.2% chance)
2026-02-13 14:04:07 [[32minfo[39m]: Transaction successful: Dagger GÂ∆ Nova, 100 credits (85.3% chance)
2026-02-13 14:04:07 [[32minfo[39m]: Initializing 2 agents with initial balance 4617
2026-02-13 14:04:07 [[32minfo[39m]: Successfully initialized 2 agents
2026-02-13 14:04:07 [[32minfo[39m]: Transaction successful: Dagger GÂ∆ Hex, 13 credits (91.7% chance)
2026-02-13 14:04:07 [[32minfo[39m]: Transaction successful: Razor GÂ∆ Blade, 1529 credits (88.7% chance)
2026-02-13 14:04:07 [[32minfo[39m]: Transaction failed: Dagger GÂ∆ Nova, 100 credits (85.3% chance)
2026-02-13 14:04:07 [[32minfo[39m]: Transaction successful: Viper GÂ∆ Quantum, 167 credits (90.4% chance)
2026-02-13 14:04:07 [[32minfo[39m]: Transaction successful: Dagger GÂ∆ Nova, 100 credits (85.3% chance)
2026-02-13 14:04:07 [[32minfo[39m]: Transaction successful: Viper GÂ∆ Razor, 3085 credits (90.6% chance)
2026-02-13 14:04:07 [[32minfo[39m]: Transaction successful: Dagger GÂ∆ Nova, 100 credits (85.3% chance)
2026-02-13 14:04:07 [[32minfo[39m]: Transaction successful: Dagger GÂ∆ Nova, 100 credits (85.3% chance)
2026-02-13 14:04:07 [[32minfo[39m]: Transaction successful: Dagger GÂ∆ Nova, 100 credits (85.3% chance)
2026-02-13 14:04:07 [[32minfo[39m]: Transaction successful: Dagger GÂ∆ Nova, 100 credits (85.3% chance)
2026-02-13 14:04:07 [[32minfo[39m]: Transaction failed: Dagger GÂ∆ Nova, 100 credits (85.3% chance)
2026-02-13 14:04:07 [[32minfo[39m]: Initializing 4 agents with initial balance 101
2026-02-13 14:04:07 [[32minfo[39m]: Successfully initialized 4 agents
2026-02-13 14:04:07 [[33mwarn[39m]: Transaction validation failed: Insufficient funds
2026-02-13 14:04:07 [[32minfo[39m]: Transaction successful: Dagger GÂ∆ Nova, 100 credits (85.3% chance)
2026-02-13 14:04:07 [[32minfo[39m]: Transaction successful: Dagger GÂ∆ Nova, 100 credits (85.3% chance)
2026-02-13 14:04:07 [[32minfo[39m]: Initializing 9 agents with initial balance 2809
2026-02-13 14:04:07 [[32minfo[39m]: Successfully initialized 9 agents
2026-02-13 14:04:07 [[32minfo[39m]: Transaction successful: Byte GÂ∆ Quantum, 133 credits (90.1% chance)
2026-02-13 14:04:07 [[32minfo[39m]: Transaction successful: Dagger GÂ∆ Nova, 100 credits (85.3% chance)
2026-02-13 14:04:07 [[32minfo[39m]: Transaction failed: Dagger GÂ∆ Nova, 100 credits (85.3% chance)
2026-02-13 14:04:07 [[32minfo[39m]: Transaction successful: Dagger GÂ∆ Nova, 100 credits (85.3% chance)
2026-02-13 14:04:07 [[32minfo[39m]: Transaction successful: Dagger GÂ∆ Nova, 100 credits (85.3% chance)
2026-02-13 14:04:07 [[32minfo[39m]: Transaction successful: Dagger GÂ∆ Nova, 100 credits (85.3% chance)
2026-02-13 14:04:07 [[32minfo[39m]: Initializing 3 agents with initial balance 209
2026-02-13 14:04:07 [[32minfo[39m]: Successfully initialized 3 agents
2026-02-13 14:04:07 [[32minfo[39m]: Transaction successful: Quantum GÂ∆ Edge, 9 credits (91.0% chance)
2026-02-13 14:04:07 [[32minfo[39m]: Transaction successful: Dagger GÂ∆ Nova, 100 credits (85.3% chance)
2026-02-13 14:04:07 [[32minfo[39m]: Transaction successful: Dagger GÂ∆ Nova, 100 credits (85.3% chance)
2026-02-13 14:04:07 [[32minfo[39m]: Initializing 5 agents with initial balance 4283
2026-02-13 14:04:07 [[32minfo[39m]: Successfully initialized 5 agents
2026-02-13 14:04:07 [[32minfo[39m]: Transaction successful: Viper GÂ∆ Maze, 1741 credits (90.1% chance)
2026-02-13 14:04:07 [[32minfo[39m]: Transaction successful: Dagger GÂ∆ Nova, 100 credits (85.3% chance)
2026-02-13 14:04:07 [[32minfo[39m]: Transaction successful: Byte GÂ∆ Wraith, 814 credits (89.4% chance)
2026-02-13 14:04:07 [[32minfo[39m]: Transaction successful: Dagger GÂ∆ Nova, 100 credits (85.3% chance)
2026-02-13 14:04:07 [[32minfo[39m]: Transaction successful: Wraith GÂ∆ Byte, 3045 credits (90.0% chance)
2026-02-13 14:04:07 [[32minfo[39m]: Transaction successful: Dagger GÂ∆ Nova, 100 credits (85.3% chance)
2026-02-13 14:04:07 [[32minfo[39m]: Transaction successful: Byte GÂ∆ Viper, 3488 credits (91.0% chance)
2026-02-13 14:04:07 [[32minfo[39m]: Transaction successful: Dagger GÂ∆ Nova, 100 credits (85.3% chance)
2026-02-13 14:04:07 [[32minfo[39m]: Transaction successful: Wraith GÂ∆ Viper, 777 credits (90.8% chance)
2026-02-13 14:04:07 [[32minfo[39m]: Transaction failed: Dagger GÂ∆ Nova, 100 credits (85.3% chance)
2026-02-13 14:04:07 [[32minfo[39m]: Initializing 10 agents with initial balance 112
2026-02-13 14:04:07 [[32minfo[39m]: Successfully initialized 10 agents
2026-02-13 14:04:07 [[33mwarn[39m]: Transaction validation failed: Insufficient funds
2026-02-13 14:04:07 [[32minfo[39m]: Transaction successful: Viper GÂ∆ Wraith, 3642 credits (91.3% chance)
2026-02-13 14:04:07 [[32minfo[39m]: Transaction successful: Dagger GÂ∆ Nova, 100 credits (85.3% chance)
2026-02-13 14:04:07 [[32minfo[39m]: Transaction successful: Byte GÂ∆ Crash, 1415 credits (90.5% chance)
2026-02-13 14:04:07 [[32minfo[39m]: Transaction successful: Dagger GÂ∆ Nova, 100 credits (85.3% chance)
2026-02-13 14:04:07 [[32minfo[39m]: Transaction successful: Crash GÂ∆ Maze, 115 credits (90.3% chance)
2026-02-13 14:04:07 [[32minfo[39m]: Transaction failed: Dagger GÂ∆ Nova, 100 credits (85.3% chance)
2026-02-13 14:04:07 [[32minfo[39m]: Transaction successful: Maze GÂ∆ Wraith, 3312 credits (91.5% chance)
2026-02-13 14:04:07 [[32minfo[39m]: Transaction successful: Dagger GÂ∆ Nova, 100 credits (85.3% chance)
2026-02-13 14:04:07 [[32minfo[39m]: Transaction successful: Maze GÂ∆ Crash, 929 credits (91.4% chance)
2026-02-13 14:04:07 [[32minfo[39m]: Transaction successful: Dagger GÂ∆ Nova, 100 credits (85.3% chance)
2026-02-13 14:04:07 [[32minfo[39m]: Transaction successful: Dagger GÂ∆ Nova, 100 credits (85.3% chance)
2026-02-13 14:04:07 [[32minfo[39m]: Transaction successful: Dagger GÂ∆ Nova, 100 credits (85.3% chance)
2026-02-13 14:04:07 [[32minfo[39m]: Initializing 5 agents with initial balance 1241
2026-02-13 14:04:07 [[32minfo[39m]: Successfully initialized 5 agents
2026-02-13 14:04:07 [[32minfo[39m]: Initializing 10 agents with initial balance 8513
2026-02-13 14:04:07 [[32minfo[39m]: Transaction successful: Raven GÂ∆ Nova, 6 credits (91.6% chance)
2026-02-13 14:04:07 [[32minfo[39m]: Successfully initialized 10 agents
2026-02-13 14:04:07 [[32minfo[39m]: Transaction successful: Dagger GÂ∆ Nova, 100 credits (85.3% chance)
2026-02-13 14:04:07 [[32minfo[39m]: Transaction successful: Dagger GÂ∆ Nova, 100 credits (85.3% chance)
2026-02-13 14:04:07 [[32minfo[39m]: Transaction successful: Dagger GÂ∆ Nova, 100 credits (85.3% chance)
2026-02-13 14:04:07 [[32minfo[39m]: Transaction successful: Dagger GÂ∆ Nova, 100 credits (85.3% chance)
2026-02-13 14:04:07 [[32minfo[39m]: Initializing 6 agents with initial balance 2390
2026-02-13 14:04:07 [[32minfo[39m]: Successfully initialized 6 agents
2026-02-13 14:04:07 [[32minfo[39m]: Transaction successful: Neon GÂ∆ Byte, 1485 credits (89.1% chance)
2026-02-13 14:04:07 [[32minfo[39m]: Transaction successful: Dagger GÂ∆ Nova, 100 credits (85.3% chance)
2026-02-13 14:04:07 [[32minfo[39m]: Transaction successful: Echo GÂ∆ Flux, 939 credits (89.9% chance)
2026-02-13 14:04:07 [[32minfo[39m]: Transaction successful: Dagger GÂ∆ Nova, 100 credits (85.3% chance)
2026-02-13 14:04:07 [[32minfo[39m]: Transaction successful: Dagger GÂ∆ Nova, 100 credits (85.3% chance)
2026-02-13 14:04:07 [[32minfo[39m]: Initializing 4 agents with initial balance 3933
2026-02-13 14:04:07 [[32minfo[39m]: Successfully initialized 4 agents
2026-02-13 14:04:07 [[32minfo[39m]: Transaction successful: Wraith GÂ∆ Edge, 3635 credits (90.5% chance)
2026-02-13 14:04:07 [[32minfo[39m]: Transaction successful: Dagger GÂ∆ Nova, 100 credits (85.3% chance)
2026-02-13 14:04:07 [[32minfo[39m]: Transaction successful: Dagger GÂ∆ Nova, 100 credits (85.3% chance)
2026-02-13 14:04:07 [[32minfo[39m]: Transaction successful: Dagger GÂ∆ Nova, 100 credits (85.3% chance)
2026-02-13 14:04:07 [[32minfo[39m]: Transaction successful: Dagger GÂ∆ Nova, 100 credits (85.3% chance)
2026-02-13 14:04:07 [[32minfo[39m]: Transaction successful: Dagger GÂ∆ Nova, 100 credits (85.3% chance)
2026-02-13 14:04:07 [[32minfo[39m]: Initializing 4 agents with initial balance 4392
2026-02-13 14:04:07 [[32minfo[39m]: Successfully initialized 4 agents
2026-02-13 14:04:07 [[32minfo[39m]: Transaction successful: Viper GÂ∆ Trace, 198 credits (91.8% chance)
2026-02-13 14:04:07 [[32minfo[39m]: Transaction successful: Dagger GÂ∆ Nova, 100 credits (85.3% chance)
2026-02-13 14:04:07 [[32minfo[39m]: Transaction successful: Edge GÂ∆ Trace, 3378 credits (92.0% chance)
2026-02-13 14:04:07 [[32minfo[39m]: Transaction successful: Dagger GÂ∆ Nova, 100 credits (85.3% chance)
2026-02-13 14:04:07 [[32minfo[39m]: Initializing 4 agents with initial balance 983
2026-02-13 14:04:07 [[32minfo[39m]: Successfully initialized 4 agents
2026-02-13 14:04:07 [[32minfo[39m]: Transaction successful: Onyx GÂ∆ Frost, 12 credits (90.1% chance)
2026-02-13 14:04:07 [[32minfo[39m]: Transaction successful: Vex GÂ∆ Trace, 1460 credits (92.6% chance)
2026-02-13 14:04:07 [[32minfo[39m]: Transaction successful: Dagger GÂ∆ Nova, 100 credits (85.3% chance)
2026-02-13 14:04:07 [[32minfo[39m]: Transaction successful: Trace GÂ∆ Viper, 5342 credits (93.1% chance)
2026-02-13 14:04:07 [[32minfo[39m]: Transaction successful: Dagger GÂ∆ Nova, 100 credits (85.3% chance)
2026-02-13 14:04:07 [[32minfo[39m]: Transaction successful: Dagger GÂ∆ Nova, 100 credits (85.3% chance)
2026-02-13 14:04:07 [[32minfo[39m]: Transaction successful: Dagger GÂ∆ Nova, 100 credits (85.3% chance)
2026-02-13 14:04:07 [[32minfo[39m]: Transaction failed: Dagger GÂ∆ Nova, 100 credits (85.3% chance)
2026-02-13 14:04:07 [[32minfo[39m]: Transaction failed: Dagger GÂ∆ Nova, 100 credits (85.3% chance)
2026-02-13 14:04:07 [[32minfo[39m]: Transaction successful: Dagger GÂ∆ Nova, 100 credits (85.3% chance)
2026-02-13 14:04:07 [[32minfo[39m]: Initializing 3 agents with initial balance 4995
2026-02-13 14:04:07 [[32minfo[39m]: Successfully initialized 3 agents
2026-02-13 14:04:07 [[33mwarn[39m]: Transaction validation failed: Insufficient funds
2026-02-13 14:04:07 [[32minfo[39m]: Transaction successful: Dagger GÂ∆ Nova, 100 credits (85.3% chance)
2026-02-13 14:04:07 [[32minfo[39m]: Initializing 3 agents with initial balance 4999
2026-02-13 14:04:07 [[32minfo[39m]: Successfully initialized 3 agents
2026-02-13 14:04:07 [[32minfo[39m]: Transaction successful: Nova GÂ∆ Raven, 64 credits (88.8% chance)
2026-02-13 14:04:07 [[32minfo[39m]: Transaction failed: Dagger GÂ∆ Nova, 100 credits (85.3% chance)
2026-02-13 14:04:07 [[32minfo[39m]: Transaction successful: Nova GÂ∆ Raven, 3143 credits (89.7% chance)
2026-02-13 14:04:07 [[32minfo[39m]: Transaction successful: Dagger GÂ∆ Nova, 100 credits (85.3% chance)
2026-02-13 14:04:07 [[32minfo[39m]: Transaction successful: Nova GÂ∆ Maze, 651 credits (90.8% chance)
2026-02-13 14:04:07 [[32minfo[39m]: Transaction successful: Dagger GÂ∆ Nova, 100 credits (85.3% chance)
2026-02-13 14:04:07 [[32minfo[39m]: Transaction successful: Nova GÂ∆ Raven, 649 credits (90.9% chance)
2026-02-13 14:04:07 [[32minfo[39m]: Transaction successful: Dagger GÂ∆ Nova, 100 credits (85.3% chance)
2026-02-13 14:04:07 [[32minfo[39m]: Transaction successful: Raven GÂ∆ Nova, 6661 credits (91.6% chance)
2026-02-13 14:04:07 [[32minfo[39m]: Transaction successful: Dagger GÂ∆ Nova, 100 credits (85.3% chance)
2026-02-13 14:04:07 [[32minfo[39m]: Transaction successful: Nova GÂ∆ Maze, 348 credits (92.3% chance)
2026-02-13 14:04:07 [[32minfo[39m]: Transaction failed: Dagger GÂ∆ Nova, 100 credits (85.3% chance)
2026-02-13 14:04:07 [[32minfo[39m]: Initializing 3 agents with initial balance 4995
2026-02-13 14:04:07 [[32minfo[39m]: Successfully initialized 3 agents
2026-02-13 14:04:07 [[32minfo[39m]: Transaction successful: Viper GÂ∆ Frost, 2781 credits (90.7% chance)
2026-02-13 14:04:07 [[32minfo[39m]: Transaction successful: Maze GÂ∆ Nova, 1714 credits (93.0% chance)
2026-02-13 14:04:07 [[32minfo[39m]: Transaction successful: Dagger GÂ∆ Nova, 100 credits (85.3% chance)
2026-02-13 14:04:07 [[32minfo[39m]: Transaction successful: Raven GÂ∆ Maze, 1218 credits (93.0% chance)
2026-02-13 14:04:07 [[32minfo[39m]: Transaction successful: Dagger GÂ∆ Nova, 100 credits (85.3% chance)
2026-02-13 14:04:07 [[32minfo[39m]: Transaction successful: Raven GÂ∆ Maze, 21 credits (93.6% chance)
2026-02-13 14:04:07 [[32minfo[39m]: Transaction successful: Dagger GÂ∆ Nova, 100 credits (85.3% chance)
2026-02-13 14:04:07 [[32minfo[39m]: Transaction successful: Raven GÂ∆ Nova, 468 credits (93.8% chance)
2026-02-13 14:04:07 [[32minfo[39m]: Transaction failed: Dagger GÂ∆ Nova, 100 credits (85.3% chance)
2026-02-13 14:04:07 [[32minfo[39m]: Transaction successful: Dagger GÂ∆ Nova, 100 credits (85.3% chance)
2026-02-13 14:04:07 [[32minfo[39m]: Transaction successful: Dagger GÂ∆ Nova, 100 credits (85.3% chance)
2026-02-13 14:04:07 [[32minfo[39m]: Transaction successful: Dagger GÂ∆ Nova, 100 credits (85.3% chance)
2026-02-13 14:04:07 [[32minfo[39m]: Initializing 7 agents with initial balance 1831
2026-02-13 14:04:07 [[32minfo[39m]: Successfully initialized 7 agents
2026-02-13 14:04:07 [[33mwarn[39m]: Transaction validation failed: Insufficient funds
2026-02-13 14:04:07 [[32minfo[39m]: Transaction successful: Dagger GÂ∆ Nova, 100 credits (85.3% chance)
2026-02-13 14:04:07 [[32minfo[39m]: Transaction successful: Dagger GÂ∆ Nova, 100 credits (85.3% chance)
2026-02-13 14:04:07 [[32minfo[39m]: Initializing 17 agents with initial balance 1366
2026-02-13 14:04:07 [[32minfo[39m]: Successfully initialized 17 agents
2026-02-13 14:04:07 [[32minfo[39m]: Transaction successful: Shadow GÂ∆ Crash, 739 credits (90.5% chance)
2026-02-13 14:04:07 [[32minfo[39m]: Transaction successful: Viper GÂ∆ Zero, 451 credits (88.8% chance)
2026-02-13 14:04:07 [[32minfo[39m]: Transaction successful: Blade GÂ∆ Zero, 883 credits (88.4% chance)
2026-02-13 14:04:07 [[32minfo[39m]: Transaction successful: Crash GÂ∆ Blade, 1450 credits (89.7% chance)
2026-02-13 14:04:07 [[32minfo[39m]: Initializing 8 agents with initial balance 4988
2026-02-13 14:04:07 [[32minfo[39m]: Successfully initialized 8 agents
2026-02-13 14:04:07 [[32minfo[39m]: Transaction successful: Shadow GÂ∆ Hex, 2378 credits (89.9% chance)
2026-02-13 14:04:07 [[32minfo[39m]: Initializing 2 agents with initial balance 1000000
2026-02-13 14:04:07 [[32minfo[39m]: Successfully initialized 2 agents
2026-02-13 14:04:07 [[32minfo[39m]: Transaction failed: Wraith GÂ∆ Vex, 100 credits (80.8% chance)
2026-02-13 14:04:07 [[32minfo[39m]: Transaction successful: Wraith GÂ∆ Vex, 100 credits (80.8% chance)
2026-02-13 14:04:07 [[32minfo[39m]: Transaction successful: Wraith GÂ∆ Vex, 100 credits (80.8% chance)
2026-02-13 14:04:07 [[32minfo[39m]: Transaction successful: Wraith GÂ∆ Vex, 100 credits (80.8% chance)
2026-02-13 14:04:07 [[32minfo[39m]: Transaction successful: Wraith GÂ∆ Vex, 100 credits (80.8% chance)
2026-02-13 14:04:07 [[32minfo[39m]: Initializing 17 agents with initial balance 1226
2026-02-13 14:04:07 [[32minfo[39m]: Successfully initialized 17 agents
2026-02-13 14:04:07 [[32minfo[39m]: Transaction successful: Pulse GÂ∆ Blade, 315 credits (89.5% chance)
2026-02-13 14:04:07 [[32minfo[39m]: Transaction successful: Wraith GÂ∆ Vex, 100 credits (80.8% chance)
2026-02-13 14:04:07 [[32minfo[39m]: Initializing 4 agents with initial balance 2734
2026-02-13 14:04:07 [[32minfo[39m]: Successfully initialized 4 agents
2026-02-13 14:04:07 [[33mwarn[39m]: Transaction validation failed: Insufficient funds
2026-02-13 14:04:07 [[32minfo[39m]: Transaction successful: Shadow GÂ∆ Trace, 766 credits (89.5% chance)
2026-02-13 14:04:07 [[32minfo[39m]: Transaction successful: Wraith GÂ∆ Vex, 100 credits (80.8% chance)
2026-02-13 14:04:07 [[32minfo[39m]: Transaction successful: Neon GÂ∆ Viper, 842 credits (88.8% chance)
2026-02-13 14:04:07 [[32minfo[39m]: Transaction failed: Wraith GÂ∆ Vex, 100 credits (80.8% chance)
2026-02-13 14:04:07 [[32minfo[39m]: Transaction successful: Neon GÂ∆ Flux, 8 credits (89.6% chance)
2026-02-13 14:04:07 [[32minfo[39m]: Transaction successful: Wraith GÂ∆ Vex, 100 credits (80.8% chance)
2026-02-13 14:04:07 [[32minfo[39m]: Transaction successful: Echo GÂ∆ Viper, 730 credits (90.1% chance)
2026-02-13 14:04:07 [[32minfo[39m]: Transaction successful: Wraith GÂ∆ Vex, 100 credits (80.8% chance)
2026-02-13 14:04:07 [[32minfo[39m]: Transaction successful: Nova GÂ∆ Viper, 226 credits (90.5% chance)
2026-02-13 14:04:07 [[32minfo[39m]: Transaction failed: Wraith GÂ∆ Vex, 100 credits (80.8% chance)
2026-02-13 14:04:07 [[32minfo[39m]: Transaction successful: Ghost GÂ∆ Flux, 42 credits (89.8% chance)
2026-02-13 14:04:07 [[32minfo[39m]: Transaction failed: Wraith GÂ∆ Vex, 100 credits (80.8% chance)
2026-02-13 14:04:07 [[32minfo[39m]: Transaction successful: Maze GÂ∆ Trace, 188 credits (89.6% chance)
2026-02-13 14:04:07 [[32minfo[39m]: Transaction successful: Wraith GÂ∆ Vex, 100 credits (80.8% chance)
2026-02-13 14:04:07 [[32minfo[39m]: Initializing 10 agents with initial balance 1154
2026-02-13 14:04:07 [[32minfo[39m]: Successfully initialized 10 agents
2026-02-13 14:04:07 [[32minfo[39m]: Transaction failed: Razor GÂ∆ Maze, 13 credits (91.5% chance)
2026-02-13 14:04:07 [[32minfo[39m]: Transaction successful: Blade GÂ∆ Onyx, 987 credits (89.6% chance)
2026-02-13 14:04:07 [[32minfo[39m]: Transaction successful: Wraith GÂ∆ Vex, 100 credits (80.8% chance)
2026-02-13 14:04:07 [[32minfo[39m]: Initializing 5 agents with initial balance 4755
2026-02-13 14:04:07 [[32minfo[39m]: Transaction successful: Shadow GÂ∆ Nova, 387 credits (91.3% chance)
2026-02-13 14:04:07 [[32minfo[39m]: Successfully initialized 5 agents
2026-02-13 14:04:07 [[32minfo[39m]: Transaction successful: Wraith GÂ∆ Vex, 100 credits (80.8% chance)
2026-02-13 14:04:07 [[32minfo[39m]: Transaction failed: Wraith GÂ∆ Vex, 100 credits (80.8% chance)
2026-02-13 14:04:07 [[32minfo[39m]: Transaction successful: Wraith GÂ∆ Vex, 100 credits (80.8% chance)
2026-02-13 14:04:07 [[32minfo[39m]: Transaction successful: Wraith GÂ∆ Vex, 100 credits (80.8% chance)
2026-02-13 14:04:07 [[32minfo[39m]: Transaction successful: Wraith GÂ∆ Vex, 100 credits (80.8% chance)
2026-02-13 14:04:07 [[32minfo[39m]: Transaction successful: Wraith GÂ∆ Vex, 100 credits (80.8% chance)
2026-02-13 14:04:07 [[32minfo[39m]: Initializing 9 agents with initial balance 3876
2026-02-13 14:04:07 [[32minfo[39m]: Successfully initialized 9 agents
2026-02-13 14:04:07 [[33mwarn[39m]: Transaction validation failed: Insufficient funds
2026-02-13 14:04:07 [[32minfo[39m]: Transaction successful: Wraith GÂ∆ Vex, 100 credits (80.8% chance)
2026-02-13 14:04:07 [[32minfo[39m]: Initializing 5 agents with initial balance 3891
2026-02-13 14:04:07 [[32minfo[39m]: Successfully initialized 5 agents
2026-02-13 14:04:07 [[32minfo[39m]: Transaction successful: Raven GÂ∆ Dagger, 2617 credits (89.6% chance)
2026-02-13 14:04:07 [[32minfo[39m]: Transaction successful: Wraith GÂ∆ Vex, 100 credits (80.8% chance)
2026-02-13 14:04:07 [[32minfo[39m]: Initializing 20 agents with initial balance 6306
2026-02-13 14:04:07 [[32minfo[39m]: Transaction successful: Wraith GÂ∆ Vex, 100 credits (80.8% chance)
2026-02-13 14:04:07 [[32minfo[39m]: Successfully initialized 20 agents
2026-02-13 14:04:07 [[32minfo[39m]: Transaction successful: Wraith GÂ∆ Vex, 100 credits (80.8% chance)
2026-02-13 14:04:07 [[32minfo[39m]: Transaction successful: Wraith GÂ∆ Vex, 100 credits (80.8% chance)
2026-02-13 14:04:07 [[32minfo[39m]: Transaction successful: Wraith GÂ∆ Vex, 100 credits (80.8% chance)
2026-02-13 14:04:07 [[32minfo[39m]: Transaction successful: Wraith GÂ∆ Vex, 100 credits (80.8% chance)
2026-02-13 14:04:07 [[32minfo[39m]: Initializing 10 agents with initial balance 4526
2026-02-13 14:04:07 [[32minfo[39m]: Successfully initialized 10 agents
2026-02-13 14:04:07 [[32minfo[39m]: Transaction successful: Pulse GÂ∆ Jinx, 1606 credits (90.6% chance)
2026-02-13 14:04:07 [[32minfo[39m]: Initializing 2 agents with initial balance 5
2026-02-13 14:04:07 [[32minfo[39m]: Successfully initialized 2 agents
2026-02-13 14:04:07 [[32minfo[39m]: Transaction successful: Wraith GÂ∆ Vex, 100 credits (80.8% chance)
2026-02-13 14:04:07 [[32minfo[39m]: Initializing 11 agents with initial balance 2690
2026-02-13 14:04:07 [[32minfo[39m]: Successfully initialized 11 agents
2026-02-13 14:04:07 [[32minfo[39m]: Transaction successful: Apex GÂ∆ Frost, 882 credits (90.7% chance)
2026-02-13 14:04:07 [[32minfo[39m]: Transaction successful: Wraith GÂ∆ Vex, 100 credits (80.8% chance)
2026-02-13 14:04:07 [[32minfo[39m]: Transaction successful: Flux GÂ∆ Razor, 694 credits (89.7% chance)
2026-02-13 14:04:07 [[32minfo[39m]: Transaction successful: Wraith GÂ∆ Vex, 100 credits (80.8% chance)
2026-02-13 14:04:07 [[32minfo[39m]: Transaction successful: Byte GÂ∆ Vex, 637 credits (90.5% chance)
2026-02-13 14:04:07 [[32minfo[39m]: Transaction failed: Wraith GÂ∆ Vex, 100 credits (80.8% chance)
2026-02-13 14:04:07 [[32minfo[39m]: Transaction successful: Wraith GÂ∆ Vex, 100 credits (80.8% chance)
2026-02-13 14:04:07 [[32minfo[39m]: Transaction successful: Wraith GÂ∆ Vex, 100 credits (80.8% chance)
2026-02-13 14:04:07 [[32minfo[39m]: Transaction successful: Wraith GÂ∆ Vex, 100 credits (80.8% chance)
2026-02-13 14:04:07 [[32minfo[39m]: Initializing 4 agents with initial balance 903
2026-02-13 14:04:07 [[32minfo[39m]: Successfully initialized 4 agents
2026-02-13 14:04:07 [[33mwarn[39m]: Transaction validation failed: Insufficient funds
2026-02-13 14:04:07 [[32minfo[39m]: Transaction successful: Wraith GÂ∆ Vex, 100 credits (80.8% chance)
2026-02-13 14:04:07 [[32minfo[39m]: Transaction successful: Wraith GÂ∆ Vex, 100 credits (80.8% chance)
2026-02-13 14:04:07 [[32minfo[39m]: Transaction successful: Wraith GÂ∆ Vex, 100 credits (80.8% chance)
2026-02-13 14:04:07 [[32minfo[39m]: Initializing 12 agents with initial balance 506
2026-02-13 14:04:07 [[32minfo[39m]: Successfully initialized 12 agents
2026-02-13 14:04:07 [[32minfo[39m]: Transaction successful: Blade GÂ∆ Kode, 442 credits (88.8% chance)
2026-02-13 14:04:07 [[32minfo[39m]: Transaction successful: Wraith GÂ∆ Vex, 100 credits (80.8% chance)
2026-02-13 14:04:07 [[32minfo[39m]: Transaction successful: Pulse GÂ∆ Zero, 215 credits (90.8% chance)
2026-02-13 14:04:07 [[32minfo[39m]: Transaction successful: Wraith GÂ∆ Vex, 100 credits (80.8% chance)
2026-02-13 14:04:07 [[32minfo[39m]: Transaction successful: Jinx GÂ∆ Apex, 232 credits (89.4% chance)
2026-02-13 14:04:07 [[32minfo[39m]: Transaction successful: Wraith GÂ∆ Vex, 100 credits (80.8% chance)
2026-02-13 14:04:07 [[32minfo[39m]: Transaction successful: Pulse GÂ∆ Viper, 108 credits (90.5% chance)
2026-02-13 14:04:07 [[32minfo[39m]: Transaction failed: Wraith GÂ∆ Vex, 100 credits (80.8% chance)
2026-02-13 14:04:07 [[32minfo[39m]: Initializing 4 agents with initial balance 4771
2026-02-13 14:04:07 [[32minfo[39m]: Successfully initialized 4 agents
2026-02-13 14:04:07 [[32minfo[39m]: Transaction successful: Apex GÂ∆ Wraith, 2 credits (88.9% chance)
2026-02-13 14:04:07 [[32minfo[39m]: Transaction successful: Apex GÂ∆ Zero, 272 credits (90.3% chance)
2026-02-13 14:04:07 [[32minfo[39m]: Transaction successful: Wraith GÂ∆ Vex, 100 credits (80.8% chance)
2026-02-13 14:04:07 [[32minfo[39m]: Transaction successful: Pulse GÂ∆ Apex, 24 credits (91.1% chance)
2026-02-13 14:04:07 [[32minfo[39m]: Transaction successful: Wraith GÂ∆ Vex, 100 credits (80.8% chance)
2026-02-13 14:04:07 [[32minfo[39m]: Transaction successful: Jinx GÂ∆ Ghost, 225 credits (91.0% chance)
2026-02-13 14:04:07 [[32minfo[39m]: Transaction failed: Wraith GÂ∆ Vex, 100 credits (80.8% chance)
2026-02-13 14:04:07 [[32minfo[39m]: Transaction successful: Jinx GÂ∆ Quantum, 67 credits (90.1% chance)
2026-02-13 14:04:07 [[32minfo[39m]: Transaction successful: Wraith GÂ∆ Vex, 100 credits (80.8% chance)
2026-02-13 14:04:07 [[32minfo[39m]: Transaction successful: Wraith GÂ∆ Vex, 100 credits (80.8% chance)
2026-02-13 14:04:07 [[32minfo[39m]: Transaction successful: Wraith GÂ∆ Vex, 100 credits (80.8% chance)
2026-02-13 14:04:07 [[32minfo[39m]: Transaction successful: Wraith GÂ∆ Vex, 100 credits (80.8% chance)
2026-02-13 14:04:07 [[32minfo[39m]: Initializing 5 agents with initial balance 2285
2026-02-13 14:04:07 [[32minfo[39m]: Successfully initialized 5 agents
2026-02-13 14:04:07 [[33mwarn[39m]: Transaction validation failed: Insufficient funds
2026-02-13 14:04:07 [[32minfo[39m]: Transaction successful: Wraith GÂ∆ Vex, 100 credits (80.8% chance)
2026-02-13 14:04:07 [[32minfo[39m]: Transaction failed: Wraith GÂ∆ Vex, 100 credits (80.8% chance)
2026-02-13 14:04:07 [[32minfo[39m]: Transaction failed: Wraith GÂ∆ Vex, 100 credits (80.8% chance)
2026-02-13 14:04:07 [[32minfo[39m]: Initializing 9 agents with initial balance 502
2026-02-13 14:04:07 [[32minfo[39m]: Successfully initialized 9 agents
2026-02-13 14:04:07 [[32minfo[39m]: Transaction successful: Razor GÂ∆ Byte, 139 credits (90.0% chance)
2026-02-13 14:04:07 [[32minfo[39m]: Transaction successful: Wraith GÂ∆ Vex, 100 credits (80.8% chance)
2026-02-13 14:04:07 [[32minfo[39m]: Transaction successful: Echo GÂ∆ Maze, 189 credits (91.0% chance)
2026-02-13 14:04:07 [[32minfo[39m]: Transaction successful: Wraith GÂ∆ Vex, 100 credits (80.8% chance)
2026-02-13 14:04:07 [[32minfo[39m]: Transaction failed: Byte GÂ∆ Wraith, 2 credits (89.9% chance)
2026-02-13 14:04:07 [[32minfo[39m]: Transaction successful: Wraith GÂ∆ Vex, 100 credits (80.8% chance)
2026-02-13 14:04:07 [[32minfo[39m]: Transaction successful: Wraith GÂ∆ Ghost, 307 credits (91.3% chance)
2026-02-13 14:04:07 [[32minfo[39m]: Transaction successful: Wraith GÂ∆ Vex, 100 credits (80.8% chance)
2026-02-13 14:04:07 [[32minfo[39m]: Initializing 9 agents with initial balance 4250
2026-02-13 14:04:07 [[32minfo[39m]: Successfully initialized 9 agents
2026-02-13 14:04:07 [[33mwarn[39m]: Transaction validation failed: Insufficient funds
2026-02-13 14:04:07 [[32minfo[39m]: Transaction successful: Echo GÂ∆ Apex, 6 credits (91.2% chance)
2026-02-13 14:04:07 [[32minfo[39m]: Transaction failed: Wraith GÂ∆ Vex, 100 credits (80.8% chance)
2026-02-13 14:04:07 [[32minfo[39m]: Transaction successful: Ghost GÂ∆ Shadow, 182 credits (91.2% chance)
2026-02-13 14:04:07 [[32minfo[39m]: Transaction successful: Wraith GÂ∆ Vex, 100 credits (80.8% chance)
2026-02-13 14:04:07 [[32minfo[39m]: Transaction successful: Echo GÂ∆ Apex, 169 credits (92.0% chance)
2026-02-13 14:04:07 [[32minfo[39m]: Transaction failed: Wraith GÂ∆ Vex, 100 credits (80.8% chance)
2026-02-13 14:04:07 [[32minfo[39m]: Transaction failed: Byte GÂ∆ Wraith, 153 credits (89.7% chance)
2026-02-13 14:04:07 [[32minfo[39m]: Transaction successful: Wraith GÂ∆ Vex, 100 credits (80.8% chance)
2026-02-13 14:04:07 [[32minfo[39m]: Transaction successful: Shadow GÂ∆ Razor, 81 credits (91.7% chance)
2026-02-13 14:04:07 [[32minfo[39m]: Transaction successful: Wraith GÂ∆ Vex, 100 credits (80.8% chance)
2026-02-13 14:04:07 [[32minfo[39m]: Transaction successful: Wraith GÂ∆ Maze, 3 credits (91.8% chance)
2026-02-13 14:04:07 [[32minfo[39m]: Transaction successful: Wraith GÂ∆ Vex, 100 credits (80.8% chance)
2026-02-13 14:04:07 [[32minfo[39m]: Transaction failed: Wraith GÂ∆ Vex, 100 credits (80.8% chance)
2026-02-13 14:04:07 [[32minfo[39m]: Initializing 4 agents with initial balance 2710
2026-02-13 14:04:07 [[32minfo[39m]: Successfully initialized 4 agents
2026-02-13 14:04:07 [[33mwarn[39m]: Transaction validation failed: Insufficient funds
2026-02-13 14:04:07 [[32minfo[39m]: Transaction successful: Wraith GÂ∆ Vex, 100 credits (80.8% chance)
2026-02-13 14:04:07 [[32minfo[39m]: Transaction successful: Wraith GÂ∆ Vex, 100 credits (80.8% chance)
2026-02-13 14:04:07 [[32minfo[39m]: Transaction successful: Wraith GÂ∆ Vex, 100 credits (80.8% chance)
2026-02-13 14:04:07 [[32minfo[39m]: Transaction successful: Wraith GÂ∆ Vex, 100 credits (80.8% chance)
2026-02-13 14:04:07 [[32minfo[39m]: Transaction failed: Wraith GÂ∆ Vex, 100 credits (80.8% chance)
2026-02-13 14:04:07 [[32minfo[39m]: Initializing 2 agents with initial balance 1912
2026-02-13 14:04:07 [[32minfo[39m]: Successfully initialized 2 agents
2026-02-13 14:04:07 [[32minfo[39m]: Transaction successful: Spike GÂ∆ Quantum, 13 credits (91.8% chance)
2026-02-13 14:04:07 [[32minfo[39m]: Transaction successful: Wraith GÂ∆ Vex, 100 credits (80.8% chance)
2026-02-13 14:04:07 [[32minfo[39m]: Transaction successful: Quantum GÂ∆ Spike, 448 credits (92.0% chance)
2026-02-13 14:04:07 [[32minfo[39m]: Transaction successful: Wraith GÂ∆ Vex, 100 credits (80.8% chance)
2026-02-13 14:04:07 [[32minfo[39m]: Initializing 4 agents with initial balance 2036
2026-02-13 14:04:07 [[32minfo[39m]: Successfully initialized 4 agents
2026-02-13 14:04:07 [[33mwarn[39m]: Transaction validation failed: Insufficient funds
2026-02-13 14:04:07 [[32minfo[39m]: Transaction successful: Quantum GÂ∆ Spike, 506 credits (93.0% chance)
2026-02-13 14:04:07 [[32minfo[39m]: Transaction successful: Wraith GÂ∆ Vex, 100 credits (80.8% chance)
2026-02-13 14:04:07 [[32minfo[39m]: Transaction successful: Spike GÂ∆ Quantum, 2167 credits (93.5% chance)
2026-02-13 14:04:07 [[32minfo[39m]: Transaction successful: Wraith GÂ∆ Vex, 100 credits (80.8% chance)
2026-02-13 14:04:07 [[32minfo[39m]: Transaction successful: Wraith GÂ∆ Vex, 100 credits (80.8% chance)
2026-02-13 14:04:07 [[32minfo[39m]: Transaction successful: Wraith GÂ∆ Vex, 100 credits (80.8% chance)
2026-02-13 14:04:07 [[32minfo[39m]: Transaction successful: Wraith GÂ∆ Vex, 100 credits (80.8% chance)
2026-02-13 14:04:07 [[32minfo[39m]: Transaction successful: Wraith GÂ∆ Vex, 100 credits (80.8% chance)
2026-02-13 14:04:07 [[32minfo[39m]: Transaction successful: Wraith GÂ∆ Vex, 100 credits (80.8% chance)
2026-02-13 14:04:07 [[32minfo[39m]: Initializing 6 agents with initial balance 111
2026-02-13 14:04:07 [[32minfo[39m]: Successfully initialized 6 agents
2026-02-13 14:04:07 [[32minfo[39m]: Transaction failed: Neon GÂ∆ Lynx, 9 credits (90.3% chance)
2026-02-13 14:04:07 [[32minfo[39m]: Transaction successful: Wraith GÂ∆ Vex, 100 credits (80.8% chance)
2026-02-13 14:04:07 [[32minfo[39m]: Initializing 11 agents with initial balance 3696
2026-02-13 14:04:07 [[32minfo[39m]: Successfully initialized 11 agents
2026-02-13 14:04:07 [[32minfo[39m]: Transaction failed: Onyx GÂ∆ Pulse, 616 credits (90.1% chance)
2026-02-13 14:04:07 [[32minfo[39m]: Transaction successful: Wraith GÂ∆ Vex, 100 credits (80.8% chance)
2026-02-13 14:04:07 [[32minfo[39m]: Transaction successful: Echo GÂ∆ Onyx, 717 credits (89.9% chance)
2026-02-13 14:04:07 [[32minfo[39m]: Transaction successful: Wraith GÂ∆ Vex, 100 credits (80.8% chance)
2026-02-13 14:04:07 [[32minfo[39m]: Initializing 15 agents with initial balance 3412
2026-02-13 14:04:07 [[32minfo[39m]: Transaction successful: Raven GÂ∆ Flux, 1016 credits (90.7% chance)
2026-02-13 14:04:07 [[32minfo[39m]: Successfully initialized 15 agents
2026-02-13 14:04:07 [[32minfo[39m]: Transaction successful: Wraith GÂ∆ Vex, 100 credits (80.8% chance)
2026-02-13 14:04:07 [[32minfo[39m]: Transaction successful: Wraith GÂ∆ Vex, 100 credits (80.8% chance)
2026-02-13 14:04:07 [[32minfo[39m]: Transaction successful: Wraith GÂ∆ Vex, 100 credits (80.8% chance)
2026-02-13 14:04:07 [[32minfo[39m]: Transaction successful: Wraith GÂ∆ Vex, 100 credits (80.8% chance)
2026-02-13 14:04:07 [[32minfo[39m]: Initializing 4 agents with initial balance 101
2026-02-13 14:04:07 [[32minfo[39m]: Successfully initialized 4 agents
2026-02-13 14:04:07 [[33mwarn[39m]: Transaction validation failed: Insufficient funds
2026-02-13 14:04:07 [[32minfo[39m]: Transaction successful: Wraith GÂ∆ Vex, 100 credits (80.8% chance)
2026-02-13 14:04:07 [[32minfo[39m]: Transaction successful: Wraith GÂ∆ Vex, 100 credits (80.8% chance)
2026-02-13 14:04:07 [[32minfo[39m]: Transaction successful: Wraith GÂ∆ Vex, 100 credits (80.8% chance)
2026-02-13 14:04:07 [[32minfo[39m]: Initializing 10 agents with initial balance 5000
2026-02-13 14:04:07 [[32minfo[39m]: Successfully initialized 10 agents
2026-02-13 14:04:07 [[32minfo[39m]: Transaction successful: Dagger GÂ∆ Flux, 2748 credits (89.3% chance)
2026-02-13 14:04:07 [[32minfo[39m]: Transaction successful: Wraith GÂ∆ Vex, 100 credits (80.8% chance)
2026-02-13 14:04:07 [[32minfo[39m]: Transaction successful: Raven GÂ∆ Neon, 3548 credits (90.3% chance)
2026-02-13 14:04:07 [[32minfo[39m]: Transaction successful: Wraith GÂ∆ Vex, 100 credits (80.8% chance)
2026-02-13 14:04:07 [[32minfo[39m]: Transaction successful: Dagger GÂ∆ Frost, 1038 credits (90.1% chance)
2026-02-13 14:04:07 [[32minfo[39m]: Transaction failed: Wraith GÂ∆ Vex, 100 credits (80.8% chance)
2026-02-13 14:04:07 [[32minfo[39m]: Transaction successful: Lynx GÂ∆ Raven, 960 credits (89.9% chance)
2026-02-13 14:04:07 [[32minfo[39m]: Transaction failed: Wraith GÂ∆ Vex, 100 credits (80.8% chance)
2026-02-13 14:04:07 [[32minfo[39m]: Initializing 4 agents with initial balance 4702
2026-02-13 14:04:07 [[32minfo[39m]: Successfully initialized 4 agents
2026-02-13 14:04:07 [[33mwarn[39m]: Transaction validation failed: Insufficient funds
2026-02-13 14:04:07 [[32minfo[39m]: Transaction successful: Wraith GÂ∆ Vex, 100 credits (80.8% chance)
2026-02-13 14:04:07 [[32minfo[39m]: Transaction successful: Wraith GÂ∆ Vex, 100 credits (80.8% chance)
2026-02-13 14:04:07 [[32minfo[39m]: Transaction successful: Wraith GÂ∆ Vex, 100 credits (80.8% chance)
2026-02-13 14:04:07 [[32minfo[39m]: Transaction successful: Wraith GÂ∆ Vex, 100 credits (80.8% chance)
2026-02-13 14:04:07 [[32minfo[39m]: Transaction successful: Wraith GÂ∆ Vex, 100 credits (80.8% chance)
2026-02-13 14:04:07 [[32minfo[39m]: Transaction failed: Wraith GÂ∆ Vex, 100 credits (80.8% chance)
2026-02-13 14:04:07 [[32minfo[39m]: Initializing 5 agents with initial balance 1141
2026-02-13 14:04:07 [[32minfo[39m]: Successfully initialized 5 agents
2026-02-13 14:04:07 [[32minfo[39m]: Transaction successful: Viper GÂ∆ Flux, 784 credits (91.2% chance)
2026-02-13 14:04:07 [[32minfo[39m]: Transaction failed: Wraith GÂ∆ Vex, 100 credits (80.8% chance)
2026-02-13 14:04:07 [[32minfo[39m]: Initializing 10 agents with initial balance 4930
2026-02-13 14:04:07 [[32minfo[39m]: Successfully initialized 10 agents
2026-02-13 14:04:07 [[33mwarn[39m]: Transaction validation failed: Insufficient funds
2026-02-13 14:04:07 [[32minfo[39m]: Transaction successful: Flux GÂ∆ Viper, 327 credits (91.7% chance)
2026-02-13 14:04:07 [[32minfo[39m]: Transaction successful: Wraith GÂ∆ Vex, 100 credits (80.8% chance)
2026-02-13 14:04:07 [[32minfo[39m]: Initializing 1 agents with initial balance 9028
2026-02-13 14:04:07 [[32minfo[39m]: Transaction successful: Hex GÂ∆ Viper, 251 credits (90.4% chance)
2026-02-13 14:04:07 [[32minfo[39m]: Successfully initialized 1 agents
2026-02-13 14:04:07 [[32minfo[39m]: Transaction successful: Wraith GÂ∆ Vex, 100 credits (80.8% chance)
2026-02-13 14:04:07 [[32minfo[39m]: Transaction successful: Hex GÂ∆ Viper, 25 credits (90.8% chance)
2026-02-13 14:04:07 [[32minfo[39m]: Transaction successful: Wraith GÂ∆ Vex, 100 credits (80.8% chance)
2026-02-13 14:04:07 [[32minfo[39m]: Transaction successful: Flux GÂ∆ Apex, 1184 credits (91.7% chance)
2026-02-13 14:04:07 [[32minfo[39m]: Transaction successful: Dagger GÂ∆ Hex, 70 credits (89.9% chance)
2026-02-13 14:04:07 [[32minfo[39m]: Transaction successful: Viper GÂ∆ Flux, 181 credits (92.9% chance)
2026-02-13 14:04:07 [[32minfo[39m]: Transaction successful: Hex GÂ∆ Viper, 465 credits (91.6% chance)
2026-02-13 14:04:07 [[32minfo[39m]: Initializing 9 agents with initial balance 105
2026-02-13 14:04:07 [[32minfo[39m]: Successfully initialized 9 agents
2026-02-13 14:04:07 [[32minfo[39m]: Transaction successful: Kode GÂ∆ Onyx, 11 credits (89.2% chance)
2026-02-13 14:04:07 [[32minfo[39m]: Transaction failed: Dagger GÂ∆ Hex, 632 credits (90.8% chance)
2026-02-13 14:04:07 [[32minfo[39m]: Initializing 2 agents with initial balance 1000000
2026-02-13 14:04:07 [[32minfo[39m]: Successfully initialized 2 agents
2026-02-13 14:04:07 [[32minfo[39m]: Transaction failed: Quantum GÂ∆ Neon, 100 credits (83.9% chance)
2026-02-13 14:04:07 [[32minfo[39m]: Transaction successful: Quantum GÂ∆ Neon, 100 credits (83.9% chance)
2026-02-13 14:04:07 [[32minfo[39m]: Transaction successful: Quantum GÂ∆ Neon, 100 credits (83.9% chance)
2026-02-13 14:04:07 [[32minfo[39m]: Transaction successful: Quantum GÂ∆ Neon, 100 credits (83.9% chance)
2026-02-13 14:04:07 [[32minfo[39m]: Transaction failed: Quantum GÂ∆ Neon, 100 credits (83.9% chance)
2026-02-13 14:04:07 [[32minfo[39m]: Initializing 6 agents with initial balance 1093
2026-02-13 14:04:07 [[32minfo[39m]: Successfully initialized 6 agents
2026-02-13 14:04:07 [[33mwarn[39m]: Transaction validation failed: Insufficient funds
2026-02-13 14:04:07 [[32minfo[39m]: Initializing 5 agents with initial balance 502
2026-02-13 14:04:07 [[32minfo[39m]: Successfully initialized 5 agents
2026-02-13 14:04:07 [[32minfo[39m]: Transaction successful: Ghost GÂ∆ Flux, 217 credits (90.8% chance)
2026-02-13 14:04:07 [[32minfo[39m]: Transaction successful: Quantum GÂ∆ Neon, 100 credits (83.9% chance)
2026-02-13 14:04:07 [[32minfo[39m]: Transaction successful: Flux GÂ∆ Viper, 120 credits (90.7% chance)
2026-02-13 14:04:07 [[32minfo[39m]: Transaction successful: Quantum GÂ∆ Neon, 100 credits (83.9% chance)
2026-02-13 14:04:07 [[32minfo[39m]: Transaction successful: Flux GÂ∆ Onyx, 190 credits (91.1% chance)
2026-02-13 14:04:07 [[32minfo[39m]: Transaction successful: Quantum GÂ∆ Neon, 100 credits (83.9% chance)
2026-02-13 14:04:07 [[32minfo[39m]: Transaction successful: Ghost GÂ∆ Flux, 63 credits (91.8% chance)
2026-02-13 14:04:07 [[32minfo[39m]: Transaction successful: Quantum GÂ∆ Neon, 100 credits (83.9% chance)
2026-02-13 14:04:07 [[32minfo[39m]: Transaction failed: Ghost GÂ∆ Onyx, 49 credits (93.0% chance)
2026-02-13 14:04:07 [[32minfo[39m]: Transaction successful: Quantum GÂ∆ Neon, 100 credits (83.9% chance)
2026-02-13 14:04:07 [[32minfo[39m]: Transaction successful: Flux GÂ∆ Onyx, 123 credits (91.5% chance)
2026-02-13 14:04:07 [[32minfo[39m]: Transaction failed: Quantum GÂ∆ Neon, 100 credits (83.9% chance)
2026-02-13 14:04:07 [[32minfo[39m]: Transaction successful: Flux GÂ∆ Onyx, 6 credits (92.3% chance)
2026-02-13 14:04:07 [[32minfo[39m]: Transaction successful: Quantum GÂ∆ Neon, 100 credits (83.9% chance)
2026-02-13 14:04:07 [[32minfo[39m]: Initializing 7 agents with initial balance 1054
2026-02-13 14:04:07 [[32minfo[39m]: Successfully initialized 7 agents
2026-02-13 14:04:07 [[33mwarn[39m]: Transaction validation failed: Insufficient funds
2026-02-13 14:04:07 [[32minfo[39m]: Transaction successful: Onyx GÂ∆ Ghost, 110 credits (92.4% chance)
2026-02-13 14:04:07 [[32minfo[39m]: Transaction successful: Quantum GÂ∆ Neon, 100 credits (83.9% chance)
2026-02-13 14:04:07 [[32minfo[39m]: Transaction successful: Flux GÂ∆ Viper, 96 credits (92.2% chance)
2026-02-13 14:04:07 [[32minfo[39m]: Transaction successful: Quantum GÂ∆ Neon, 100 credits (83.9% chance)
2026-02-13 14:04:07 [[32minfo[39m]: Transaction successful: Apex GÂ∆ Ghost, 120 credits (91.7% chance)
2026-02-13 14:04:07 [[32minfo[39m]: Transaction successful: Quantum GÂ∆ Neon, 100 credits (83.9% chance)
2026-02-13 14:04:07 [[32minfo[39m]: Transaction successful: Quantum GÂ∆ Neon, 100 credits (83.9% chance)
2026-02-13 14:04:07 [[32minfo[39m]: Transaction successful: Quantum GÂ∆ Neon, 100 credits (83.9% chance)
2026-02-13 14:04:07 [[32minfo[39m]: Transaction successful: Quantum GÂ∆ Neon, 100 credits (83.9% chance)
2026-02-13 14:04:07 [[32minfo[39m]: Transaction successful: Quantum GÂ∆ Neon, 100 credits (83.9% chance)
2026-02-13 14:04:07 [[32minfo[39m]: Initializing 5 agents with initial balance 4491
2026-02-13 14:04:07 [[32minfo[39m]: Successfully initialized 5 agents
2026-02-13 14:04:07 [[33mwarn[39m]: Transaction validation failed: Insufficient funds
2026-02-13 14:04:07 [[32minfo[39m]: Transaction successful: Quantum GÂ∆ Neon, 100 credits (83.9% chance)
2026-02-13 14:04:07 [[32minfo[39m]: Transaction successful: Quantum GÂ∆ Neon, 100 credits (83.9% chance)
2026-02-13 14:04:07 [[32minfo[39m]: Initializing 15 agents with initial balance 503
2026-02-13 14:04:07 [[32minfo[39m]: Successfully initialized 15 agents
2026-02-13 14:04:07 [[32minfo[39m]: Transaction successful: Quantum GÂ∆ Wraith, 88 credits (88.4% chance)
2026-02-13 14:04:07 [[32minfo[39m]: Transaction successful: Quantum GÂ∆ Neon, 100 credits (83.9% chance)
2026-02-13 14:04:07 [[32minfo[39m]: Transaction successful: Frost GÂ∆ Blade, 298 credits (89.8% chance)
2026-02-13 14:04:07 [[32minfo[39m]: Transaction successful: Quantum GÂ∆ Neon, 100 credits (83.9% chance)
2026-02-13 14:04:07 [[32minfo[39m]: Transaction successful: Blade GÂ∆ Wraith, 573 credits (90.5% chance)
2026-02-13 14:04:07 [[32minfo[39m]: Transaction successful: Quantum GÂ∆ Neon, 100 credits (83.9% chance)
2026-02-13 14:04:07 [[32minfo[39m]: Transaction successful: Dagger GÂ∆ Neon, 301 credits (89.8% chance)
2026-02-13 14:04:07 [[32minfo[39m]: Transaction successful: Quantum GÂ∆ Neon, 100 credits (83.9% chance)
2026-02-13 14:04:07 [[32minfo[39m]: Transaction failed: Wraith GÂ∆ Neon, 602 credits (89.8% chance)
2026-02-13 14:04:07 [[32minfo[39m]: Transaction successful: Quantum GÂ∆ Neon, 100 credits (83.9% chance)
2026-02-13 14:04:07 [[32minfo[39m]: Initializing 3 agents with initial balance 193
2026-02-13 14:04:07 [[32minfo[39m]: Successfully initialized 3 agents
2026-02-13 14:04:07 [[33mwarn[39m]: Transaction validation failed: Insufficient funds
2026-02-13 14:04:07 [[32minfo[39m]: Transaction successful: Quantum GÂ∆ Neon, 100 credits (83.9% chance)
2026-02-13 14:04:07 [[32minfo[39m]: Transaction successful: Quantum GÂ∆ Neon, 100 credits (83.9% chance)
2026-02-13 14:04:07 [[32minfo[39m]: Transaction successful: Quantum GÂ∆ Neon, 100 credits (83.9% chance)
2026-02-13 14:04:07 [[32minfo[39m]: Transaction successful: Quantum GÂ∆ Neon, 100 credits (83.9% chance)
2026-02-13 14:04:07 [[32minfo[39m]: Transaction successful: Quantum GÂ∆ Neon, 100 credits (83.9% chance)
2026-02-13 14:04:07 [[32minfo[39m]: Transaction failed: Quantum GÂ∆ Neon, 100 credits (83.9% chance)
2026-02-13 14:04:07 [[32minfo[39m]: Initializing 18 agents with initial balance 4935
2026-02-13 14:04:07 [[32minfo[39m]: Successfully initialized 18 agents
2026-02-13 14:04:07 [[32minfo[39m]: Transaction successful: Echo GÂ∆ Byte, 300 credits (89.0% chance)
2026-02-13 14:04:07 [[32minfo[39m]: Transaction failed: Quantum GÂ∆ Neon, 100 credits (83.9% chance)
2026-02-13 14:04:07 [[32minfo[39m]: Initializing 3 agents with initial balance 109
2026-02-13 14:04:07 [[32minfo[39m]: Successfully initialized 3 agents
2026-02-13 14:04:07 [[33mwarn[39m]: Transaction validation failed: Insufficient funds
2026-02-13 14:04:07 [[32minfo[39m]: Transaction successful: Quantum GÂ∆ Neon, 100 credits (83.9% chance)
2026-02-13 14:04:07 [[32minfo[39m]: Transaction successful: Quantum GÂ∆ Neon, 100 credits (83.9% chance)
2026-02-13 14:04:07 [[32minfo[39m]: Transaction successful: Quantum GÂ∆ Neon, 100 credits (83.9% chance)
2026-02-13 14:04:07 [[32minfo[39m]: Transaction successful: Quantum GÂ∆ Neon, 100 credits (83.9% chance)
2026-02-13 14:04:07 [[32minfo[39m]: Transaction failed: Quantum GÂ∆ Neon, 100 credits (83.9% chance)
2026-02-13 14:04:07 [[32minfo[39m]: Transaction successful: Quantum GÂ∆ Neon, 100 credits (83.9% chance)
2026-02-13 14:04:07 [[32minfo[39m]: Initializing 3 agents with initial balance 618
2026-02-13 14:04:07 [[32minfo[39m]: Successfully initialized 3 agents
2026-02-13 14:04:07 [[32minfo[39m]: Transaction successful: Lynx GÂ∆ Blade, 353 credits (90.2% chance)
2026-02-13 14:04:07 [[32minfo[39m]: Transaction successful: Quantum GÂ∆ Neon, 100 credits (83.9% chance)
2026-02-13 14:04:07 [[32minfo[39m]: Initializing 2 agents with initial balance 4084
2026-02-13 14:04:07 [[32minfo[39m]: Successfully initialized 2 agents
2026-02-13 14:04:07 [[32minfo[39m]: Transaction successful: Maze GÂ∆ Cipher, 2960 credits (90.9% chance)
2026-02-13 14:04:07 [[32minfo[39m]: Transaction successful: Lynx GÂ∆ Frost, 144 credits (89.3% chance)
2026-02-13 14:04:07 [[32minfo[39m]: Transaction successful: Quantum GÂ∆ Neon, 100 credits (83.9% chance)
2026-02-13 14:04:07 [[32minfo[39m]: Transaction successful: Blade GÂ∆ Lynx, 426 credits (91.3% chance)
2026-02-13 14:04:07 [[32minfo[39m]: Transaction successful: Quantum GÂ∆ Neon, 100 credits (83.9% chance)
2026-02-13 14:04:07 [[32minfo[39m]: Transaction failed: Frost GÂ∆ Blade, 482 credits (91.3% chance)
2026-02-13 14:04:07 [[32minfo[39m]: Transaction failed: Quantum GÂ∆ Neon, 100 credits (83.9% chance)
2026-02-13 14:04:07 [[32minfo[39m]: Transaction successful: Lynx GÂ∆ Frost, 246 credits (88.9% chance)
2026-02-13 14:04:07 [[32minfo[39m]: Transaction successful: Quantum GÂ∆ Neon, 100 credits (83.9% chance)
2026-02-13 14:04:07 [[32minfo[39m]: Transaction successful: Frost GÂ∆ Blade, 180 credits (90.8% chance)
2026-02-13 14:04:07 [[32minfo[39m]: Transaction failed: Quantum GÂ∆ Neon, 100 credits (83.9% chance)
2026-02-13 14:04:07 [[32minfo[39m]: Transaction successful: Quantum GÂ∆ Neon, 100 credits (83.9% chance)
2026-02-13 14:04:07 [[32minfo[39m]: Transaction successful: Quantum GÂ∆ Neon, 100 credits (83.9% chance)
2026-02-13 14:04:07 [[32minfo[39m]: Initializing 4 agents with initial balance 110
2026-02-13 14:04:07 [[32minfo[39m]: Successfully initialized 4 agents
2026-02-13 14:04:07 [[33mwarn[39m]: Transaction validation failed: Insufficient funds
2026-02-13 14:04:07 [[32minfo[39m]: Transaction successful: Quantum GÂ∆ Neon, 100 credits (83.9% chance)
2026-02-13 14:04:07 [[32minfo[39m]: Transaction successful: Quantum GÂ∆ Neon, 100 credits (83.9% chance)
2026-02-13 14:04:07 [[32minfo[39m]: Transaction failed: Quantum GÂ∆ Neon, 100 credits (83.9% chance)
2026-02-13 14:04:07 [[32minfo[39m]: Transaction successful: Quantum GÂ∆ Neon, 100 credits (83.9% chance)
2026-02-13 14:04:07 [[32minfo[39m]: Initializing 5 agents with initial balance 1491
2026-02-13 14:04:07 [[32minfo[39m]: Successfully initialized 5 agents
2026-02-13 14:04:07 [[32minfo[39m]: Transaction successful: Kode GÂ∆ Frost, 220 credits (91.3% chance)
2026-02-13 14:04:07 [[32minfo[39m]: Transaction successful: Quantum GÂ∆ Neon, 100 credits (83.9% chance)
2026-02-13 14:04:07 [[32minfo[39m]: Transaction failed: Quantum GÂ∆ Neon, 100 credits (83.9% chance)
2026-02-13 14:04:07 [[32minfo[39m]: Transaction failed: Quantum GÂ∆ Neon, 100 credits (83.9% chance)
2026-02-13 14:04:07 [[32minfo[39m]: Initializing 5 agents with initial balance 1755
2026-02-13 14:04:07 [[32minfo[39m]: Successfully initialized 5 agents
2026-02-13 14:04:07 [[32minfo[39m]: Transaction successful: Flux GÂ∆ Pulse, 8 credits (89.2% chance)
2026-02-13 14:04:07 [[32minfo[39m]: Transaction failed: Quantum GÂ∆ Neon, 100 credits (83.9% chance)
2026-02-13 14:04:07 [[32minfo[39m]: Transaction successful: Quantum GÂ∆ Neon, 100 credits (83.9% chance)
2026-02-13 14:04:07 [[32minfo[39m]: Transaction successful: Quantum GÂ∆ Neon, 100 credits (83.9% chance)
2026-02-13 14:04:07 [[32minfo[39m]: Transaction successful: Quantum GÂ∆ Neon, 100 credits (83.9% chance)
2026-02-13 14:04:07 [[32minfo[39m]: Initializing 14 agents with initial balance 503
2026-02-13 14:04:07 [[32minfo[39m]: Successfully initialized 14 agents
2026-02-13 14:04:07 [[32minfo[39m]: Transaction successful: Wraith GÂ∆ Onyx, 302 credits (90.9% chance)
2026-02-13 14:04:07 [[32minfo[39m]: Transaction failed: Quantum GÂ∆ Neon, 100 credits (83.9% chance)
2026-02-13 14:04:07 [[32minfo[39m]: Transaction successful: Quantum GÂ∆ Neon, 100 credits (83.9% chance)
2026-02-13 14:04:07 [[32minfo[39m]: Transaction failed: Quantum GÂ∆ Neon, 100 credits (83.9% chance)
2026-02-13 14:04:07 [[32minfo[39m]: Initializing 6 agents with initial balance 609
2026-02-13 14:04:07 [[32minfo[39m]: Successfully initialized 6 agents
2026-02-13 14:04:07 [[33mwarn[39m]: Transaction validation failed: Insufficient funds
2026-02-13 14:04:07 [[32minfo[39m]: Transaction failed: Quantum GÂ∆ Neon, 100 credits (83.9% chance)
2026-02-13 14:04:07 [[32minfo[39m]: Transaction successful: Quantum GÂ∆ Neon, 100 credits (83.9% chance)
2026-02-13 14:04:07 [[32minfo[39m]: Initializing 6 agents with initial balance 5
2026-02-13 14:04:07 [[32minfo[39m]: Transaction successful: Quantum GÂ∆ Neon, 100 credits (83.9% chance)
2026-02-13 14:04:07 [[32minfo[39m]: Transaction failed: Quantum GÂ∆ Neon, 100 credits (83.9% chance)
2026-02-13 14:04:07 [[32minfo[39m]: Successfully initialized 6 agents
2026-02-13 14:04:07 [[32minfo[39m]: Initializing 11 agents with initial balance 4831
2026-02-13 14:04:07 [[32minfo[39m]: Successfully initialized 11 agents
2026-02-13 14:04:07 [[32minfo[39m]: Transaction successful: Frost GÂ∆ Crash, 3351 credits (89.4% chance)
2026-02-13 14:04:07 [[32minfo[39m]: Transaction successful: Quantum GÂ∆ Neon, 100 credits (83.9% chance)
2026-02-13 14:04:07 [[32minfo[39m]: Transaction successful: Neon GÂ∆ Raven, 308 credits (89.3% chance)
2026-02-13 14:04:07 [[32minfo[39m]: Transaction successful: Quantum GÂ∆ Neon, 100 credits (83.9% chance)
2026-02-13 14:04:07 [[32minfo[39m]: Transaction successful: Quantum GÂ∆ Neon, 100 credits (83.9% chance)
2026-02-13 14:04:07 [[32minfo[39m]: Initializing 10 agents with initial balance 110
2026-02-13 14:04:07 [[32minfo[39m]: Successfully initialized 10 agents
2026-02-13 14:04:07 [[33mwarn[39m]: Transaction validation failed: Insufficient funds
2026-02-13 14:04:07 [[32minfo[39m]: Transaction successful: Quantum GÂ∆ Neon, 100 credits (83.9% chance)
2026-02-13 14:04:07 [[32minfo[39m]: Initializing 3 agents with initial balance 5397
2026-02-13 14:04:07 [[32minfo[39m]: Transaction successful: Quantum GÂ∆ Neon, 100 credits (83.9% chance)
2026-02-13 14:04:07 [[32minfo[39m]: Successfully initialized 3 agents
2026-02-13 14:04:07 [[32minfo[39m]: Transaction successful: Quantum GÂ∆ Neon, 100 credits (83.9% chance)
2026-02-13 14:04:07 [[32minfo[39m]: Transaction successful: Quantum GÂ∆ Neon, 100 credits (83.9% chance)
2026-02-13 14:04:07 [[32minfo[39m]: Transaction successful: Quantum GÂ∆ Neon, 100 credits (83.9% chance)
2026-02-13 14:04:07 [[32minfo[39m]: Initializing 13 agents with initial balance 864
2026-02-13 14:04:07 [[32minfo[39m]: Successfully initialized 13 agents
2026-02-13 14:04:07 [[32minfo[39m]: Transaction successful: Flux GÂ∆ Razor, 355 credits (88.1% chance)
2026-02-13 14:04:07 [[32minfo[39m]: Transaction successful: Quantum GÂ∆ Neon, 100 credits (83.9% chance)
2026-02-13 14:04:07 [[32minfo[39m]: Transaction successful: Zero GÂ∆ Ghost, 319 credits (89.5% chance)
2026-02-13 14:04:07 [[32minfo[39m]: Transaction successful: Quantum GÂ∆ Neon, 100 credits (83.9% chance)
2026-02-13 14:04:07 [[32minfo[39m]: Initializing 6 agents with initial balance 2145
2026-02-13 14:04:07 [[32minfo[39m]: Successfully initialized 6 agents
2026-02-13 14:04:07 [[33mwarn[39m]: Transaction validation failed: Insufficient funds
2026-02-13 14:04:07 [[32minfo[39m]: Transaction successful: Nova GÂ∆ Viper, 276 credits (88.7% chance)
2026-02-13 14:04:07 [[32minfo[39m]: Transaction successful: Quantum GÂ∆ Neon, 100 credits (83.9% chance)
2026-02-13 14:04:07 [[32minfo[39m]: Transaction successful: Quantum GÂ∆ Neon, 100 credits (83.9% chance)
2026-02-13 14:04:07 [[32minfo[39m]: Transaction successful: Quantum GÂ∆ Neon, 100 credits (83.9% chance)
2026-02-13 14:04:07 [[32minfo[39m]: Transaction successful: Quantum GÂ∆ Neon, 100 credits (83.9% chance)
2026-02-13 14:04:07 [[32minfo[39m]: Transaction successful: Quantum GÂ∆ Neon, 100 credits (83.9% chance)
2026-02-13 14:04:07 [[32minfo[39m]: Initializing 1 agents with initial balance 3133
2026-02-13 14:04:07 [[32minfo[39m]: Transaction successful: Quantum GÂ∆ Neon, 100 credits (83.9% chance)
2026-02-13 14:04:07 [[32minfo[39m]: Successfully initialized 1 agents
2026-02-13 14:04:07 [[32minfo[39m]: Transaction successful: Quantum GÂ∆ Neon, 100 credits (83.9% chance)
2026-02-13 14:04:07 [[32minfo[39m]: Initializing 4 agents with initial balance 110
2026-02-13 14:04:07 [[32minfo[39m]: Successfully initialized 4 agents
2026-02-13 14:04:07 [[33mwarn[39m]: Transaction validation failed: Insufficient funds
2026-02-13 14:04:07 [[32minfo[39m]: Initializing 13 agents with initial balance 1520
2026-02-13 14:04:07 [[32minfo[39m]: Successfully initialized 13 agents
2026-02-13 14:04:07 [[32minfo[39m]: Transaction successful: Pulse GÂ∆ Hex, 89 credits (89.2% chance)
2026-02-13 14:04:07 [[32minfo[39m]: Transaction successful: Quantum GÂ∆ Neon, 100 credits (83.9% chance)
2026-02-13 14:04:07 [[32minfo[39m]: Transaction successful: Quantum GÂ∆ Neon, 100 credits (83.9% chance)
2026-02-13 14:04:07 [[32minfo[39m]: Transaction successful: Quantum GÂ∆ Neon, 100 credits (83.9% chance)
2026-02-13 14:04:07 [[32minfo[39m]: Transaction successful: Quantum GÂ∆ Neon, 100 credits (83.9% chance)
2026-02-13 14:04:07 [[32minfo[39m]: Transaction successful: Quantum GÂ∆ Neon, 100 credits (83.9% chance)
2026-02-13 14:04:07 [[32minfo[39m]: Transaction successful: Quantum GÂ∆ Neon, 100 credits (83.9% chance)
2026-02-13 14:04:07 [[32minfo[39m]: Transaction successful: Quantum GÂ∆ Neon, 100 credits (83.9% chance)
2026-02-13 14:04:07 [[32minfo[39m]: Initializing 10 agents with initial balance 4153
2026-02-13 14:04:07 [[32minfo[39m]: Successfully initialized 10 agents
2026-02-13 14:04:07 [[32minfo[39m]: Transaction successful: Dagger GÂ∆ Razor, 3386 credits (89.7% chance)
2026-02-13 14:04:07 [[32minfo[39m]: Initializing 20 agents with initial balance 512
2026-02-13 14:04:07 [[32minfo[39m]: Successfully initialized 20 agents
2026-02-13 14:04:07 [[32minfo[39m]: Initializing 3 agents with initial balance 1
2026-02-13 14:04:07 [[32minfo[39m]: Successfully initialized 3 agents
2026-02-13 14:04:07 [[32minfo[39m]: Transaction successful: Edge GÂ∆ Vex, 222 credits (91.2% chance)
2026-02-13 14:04:07 [[32minfo[39m]: Transaction successful: Quantum GÂ∆ Neon, 100 credits (83.9% chance)
2026-02-13 14:04:07 [[32minfo[39m]: Transaction successful: Spike GÂ∆ Flux, 52 credits (90.0% chance)
2026-02-13 14:04:07 [[32minfo[39m]: Transaction failed: Quantum GÂ∆ Neon, 100 credits (83.9% chance)
2026-02-13 14:04:07 [[32minfo[39m]: Transaction successful: Quantum GÂ∆ Neon, 100 credits (83.9% chance)
2026-02-13 14:04:07 [[32minfo[39m]: Transaction successful: Quantum GÂ∆ Neon, 100 credits (83.9% chance)
2026-02-13 14:04:07 [[32minfo[39m]: Transaction successful: Quantum GÂ∆ Neon, 100 credits (83.9% chance)
2026-02-13 14:04:07 [[32minfo[39m]: Transaction failed: Quantum GÂ∆ Neon, 100 credits (83.9% chance)
2026-02-13 14:04:07 [[32minfo[39m]: Transaction successful: Quantum GÂ∆ Neon, 100 credits (83.9% chance)
2026-02-13 14:04:07 [[32minfo[39m]: Initializing 4 agents with initial balance 1485
2026-02-13 14:04:07 [[32minfo[39m]: Successfully initialized 4 agents
2026-02-13 14:04:07 [[33mwarn[39m]: Transaction validation failed: Insufficient funds
2026-02-13 14:04:07 [[32minfo[39m]: Transaction successful: Quantum GÂ∆ Neon, 100 credits (83.9% chance)
2026-02-13 14:04:07 [[32minfo[39m]: Initializing 16 agents with initial balance 816
2026-02-13 14:04:07 [[32minfo[39m]: Successfully initialized 16 agents
2026-02-13 14:04:07 [[32minfo[39m]: Transaction successful: Jinx GÂ∆ Neon, 555 credits (88.7% chance)
2026-02-13 14:04:07 [[32minfo[39m]: Transaction successful: Quantum GÂ∆ Neon, 100 credits (83.9% chance)
2026-02-13 14:04:07 [[32minfo[39m]: Transaction successful: Neon GÂ∆ Zero, 278 credits (90.3% chance)
2026-02-13 14:04:07 [[32minfo[39m]: Transaction successful: Quantum GÂ∆ Neon, 100 credits (83.9% chance)
2026-02-13 14:04:07 [[32minfo[39m]: Transaction successful: Cipher GÂ∆ Lynx, 107 credits (89.8% chance)
2026-02-13 14:04:07 [[32minfo[39m]: Transaction successful: Quantum GÂ∆ Neon, 100 credits (83.9% chance)
2026-02-13 14:04:07 [[32minfo[39m]: Initializing 3 agents with initial balance 110
2026-02-13 14:04:07 [[32minfo[39m]: Successfully initialized 3 agents
2026-02-13 14:04:07 [[32minfo[39m]: Transaction successful: Maze GÂ∆ Nova, 4 credits (90.0% chance)
2026-02-13 14:04:07 [[32minfo[39m]: Initializing 11 agents with initial balance 5000
2026-02-13 14:04:07 [[32minfo[39m]: Successfully initialized 11 agents
2026-02-13 14:04:07 [[32minfo[39m]: Transaction successful: Quantum GÂ∆ Apex, 1853 credits (89.7% chance)
2026-02-13 14:04:07 [[32minfo[39m]: Initializing 2 agents with initial balance 1000000
2026-02-13 14:04:07 [[32minfo[39m]: Successfully initialized 2 agents
2026-02-13 14:04:07 [[32minfo[39m]: Transaction successful: Quantum GÂ∆ Kode, 100 credits (51.9% chance)
2026-02-13 14:04:07 [[32minfo[39m]: Transaction successful: Quantum GÂ∆ Ghost, 19 credits (90.0% chance)
2026-02-13 14:04:07 [[32minfo[39m]: Transaction successful: Quantum GÂ∆ Kode, 100 credits (51.9% chance)
2026-02-13 14:04:07 [[32minfo[39m]: Transaction successful: Edge GÂ∆ Apex, 970 credits (90.3% chance)
2026-02-13 14:04:07 [[32minfo[39m]: Transaction successful: Quantum GÂ∆ Kode, 100 credits (51.9% chance)
2026-02-13 14:04:07 [[32minfo[39m]: Transaction successful: Maze GÂ∆ Edge, 3925 credits (90.5% chance)
2026-02-13 14:04:07 [[32minfo[39m]: Transaction successful: Quantum GÂ∆ Kode, 100 credits (51.9% chance)
2026-02-13 14:04:07 [[32minfo[39m]: Initializing 2 agents with initial balance 1925
2026-02-13 14:04:07 [[32minfo[39m]: Successfully initialized 2 agents
2026-02-13 14:04:07 [[33mwarn[39m]: Transaction validation failed: Insufficient funds
2026-02-13 14:04:07 [[32minfo[39m]: Transaction successful: Quantum GÂ∆ Wraith, 1396 credits (89.6% chance)
2026-02-13 14:04:07 [[32minfo[39m]: Transaction successful: Quantum GÂ∆ Kode, 100 credits (51.9% chance)
2026-02-13 14:04:07 [[32minfo[39m]: Transaction failed: Lynx GÂ∆ Maze, 2890 credits (90.9% chance)
2026-02-13 14:04:07 [[32minfo[39m]: Transaction failed: Quantum GÂ∆ Kode, 100 credits (51.9% chance)
2026-02-13 14:04:07 [[32minfo[39m]: Transaction successful: Pulse GÂ∆ Quantum, 3197 credits (89.6% chance)
2026-02-13 14:04:07 [[32minfo[39m]: Transaction failed: Quantum GÂ∆ Kode, 100 credits (51.9% chance)
2026-02-13 14:04:07 [[32minfo[39m]: Transaction successful: Quantum GÂ∆ Kode, 100 credits (51.9% chance)
2026-02-13 14:04:07 [[32minfo[39m]: Transaction successful: Quantum GÂ∆ Kode, 100 credits (51.9% chance)
2026-02-13 14:04:07 [[32minfo[39m]: Transaction failed: Quantum GÂ∆ Kode, 100 credits (51.9% chance)
2026-02-13 14:04:07 [[32minfo[39m]: Transaction successful: Quantum GÂ∆ Kode, 100 credits (51.9% chance)
2026-02-13 14:04:07 [[32minfo[39m]: Transaction failed: Quantum GÂ∆ Kode, 100 credits (51.9% chance)
2026-02-13 14:04:07 [[32minfo[39m]: Transaction successful: Quantum GÂ∆ Kode, 100 credits (51.9% chance)
2026-02-13 14:04:07 [[32minfo[39m]: Initializing 17 agents with initial balance 4135
2026-02-13 14:04:07 [[32minfo[39m]: Successfully initialized 17 agents
2026-02-13 14:04:07 [[32minfo[39m]: Transaction successful: Dagger GÂ∆ Byte, 636 credits (90.7% chance)
2026-02-13 14:04:07 [[32minfo[39m]: Transaction successful: Quantum GÂ∆ Kode, 100 credits (51.9% chance)
2026-02-13 14:04:07 [[32minfo[39m]: Transaction successful: Quantum GÂ∆ Crash, 3209 credits (91.4% chance)
2026-02-13 14:04:07 [[32minfo[39m]: Transaction successful: Quantum GÂ∆ Kode, 100 credits (51.9% chance)
2026-02-13 14:04:07 [[32minfo[39m]: Transaction successful: Quantum GÂ∆ Kode, 100 credits (51.9% chance)
2026-02-13 14:04:07 [[32minfo[39m]: Transaction failed: Quantum GÂ∆ Kode, 100 credits (51.9% chance)
2026-02-13 14:04:07 [[32minfo[39m]: Transaction failed: Quantum GÂ∆ Kode, 100 credits (51.9% chance)
2026-02-13 14:04:07 [[32minfo[39m]: Transaction failed: Quantum GÂ∆ Kode, 100 credits (51.9% chance)
2026-02-13 14:04:07 [[32minfo[39m]: Transaction failed: Quantum GÂ∆ Kode, 100 credits (51.9% chance)
2026-02-13 14:04:07 [[32minfo[39m]: Transaction successful: Quantum GÂ∆ Kode, 100 credits (51.9% chance)
2026-02-13 14:04:07 [[32minfo[39m]: Initializing 19 agents with initial balance 2955
2026-02-13 14:04:07 [[32minfo[39m]: Successfully initialized 19 agents
2026-02-13 14:04:07 [[32minfo[39m]: Transaction failed: Maze GÂ∆ Trace, 2006 credits (90.8% chance)
2026-02-13 14:04:07 [[32minfo[39m]: Transaction failed: Quantum GÂ∆ Kode, 100 credits (51.9% chance)
2026-02-13 14:04:07 [[32minfo[39m]: Transaction successful: Ghost GÂ∆ Jinx, 1964 credits (90.9% chance)
2026-02-13 14:04:07 [[32minfo[39m]: Transaction successful: Quantum GÂ∆ Kode, 100 credits (51.9% chance)
2026-02-13 14:04:07 [[32minfo[39m]: Transaction successful: Nova GÂ∆ Vex, 1716 credits (88.8% chance)
2026-02-13 14:04:07 [[32minfo[39m]: Transaction successful: Quantum GÂ∆ Kode, 100 credits (51.9% chance)
2026-02-13 14:04:07 [[32minfo[39m]: Transaction failed: Quantum GÂ∆ Kode, 100 credits (51.9% chance)
2026-02-13 14:04:07 [[32minfo[39m]: Transaction failed: Quantum GÂ∆ Kode, 100 credits (51.9% chance)
2026-02-13 14:04:07 [[32minfo[39m]: Transaction failed: Quantum GÂ∆ Kode, 100 credits (51.9% chance)
2026-02-13 14:04:07 [[32minfo[39m]: Transaction successful: Quantum GÂ∆ Kode, 100 credits (51.9% chance)
2026-02-13 14:04:07 [[32minfo[39m]: Transaction failed: Quantum GÂ∆ Kode, 100 credits (51.9% chance)
2026-02-13 14:04:07 [[32minfo[39m]: Transaction failed: Quantum GÂ∆ Kode, 100 credits (51.9% chance)
2026-02-13 14:04:07 [[32minfo[39m]: Initializing 10 agents with initial balance 3322
2026-02-13 14:04:07 [[32minfo[39m]: Successfully initialized 10 agents
2026-02-13 14:04:07 [[32minfo[39m]: Transaction successful: Neon GÂ∆ Wraith, 1313 credits (89.3% chance)
2026-02-13 14:04:07 [[32minfo[39m]: Transaction failed: Quantum GÂ∆ Kode, 100 credits (51.9% chance)
2026-02-13 14:04:07 [[32minfo[39m]: Transaction successful: Dagger GÂ∆ Cipher, 421 credits (91.3% chance)
2026-02-13 14:04:07 [[32minfo[39m]: Transaction failed: Quantum GÂ∆ Kode, 100 credits (51.9% chance)
2026-02-13 14:04:07 [[32minfo[39m]: Transaction successful: Dagger GÂ∆ Blade, 2213 credits (89.8% chance)
2026-02-13 14:04:07 [[32minfo[39m]: Transaction failed: Quantum GÂ∆ Kode, 100 credits (51.9% chance)
2026-02-13 14:04:07 [[32minfo[39m]: Transaction successful: Apex GÂ∆ Cipher, 1318 credits (91.6% chance)
2026-02-13 14:04:07 [[32minfo[39m]: Transaction successful: Quantum GÂ∆ Kode, 100 credits (51.9% chance)
2026-02-13 14:04:07 [[32minfo[39m]: Transaction successful: Spike GÂ∆ Neon, 2215 credits (90.2% chance)
2026-02-13 14:04:07 [[32minfo[39m]: Transaction failed: Quantum GÂ∆ Kode, 100 credits (51.9% chance)
2026-02-13 14:04:07 [[32minfo[39m]: Transaction successful: Neon GÂ∆ Onyx, 3039 credits (90.6% chance)
2026-02-13 14:04:07 [[32minfo[39m]: Transaction failed: Quantum GÂ∆ Kode, 100 credits (51.9% chance)
2026-02-13 14:04:07 [[32minfo[39m]: Transaction successful: Flux GÂ∆ Cipher, 1959 credits (91.6% chance)
2026-02-13 14:04:07 [[32minfo[39m]: Transaction successful: Quantum GÂ∆ Kode, 100 credits (51.9% chance)
2026-02-13 14:04:07 [[32minfo[39m]: Transaction successful: Dagger GÂ∆ Blade, 424 credits (90.2% chance)
2026-02-13 14:04:07 [[32minfo[39m]: Transaction successful: Quantum GÂ∆ Kode, 100 credits (51.9% chance)
2026-02-13 14:04:07 [[32minfo[39m]: Transaction successful: Wraith GÂ∆ Neon, 989 credits (90.3% chance)
2026-02-13 14:04:07 [[32minfo[39m]: Transaction failed: Quantum GÂ∆ Kode, 100 credits (51.9% chance)
2026-02-13 14:04:07 [[32minfo[39m]: Transaction successful: Spike GÂ∆ Crash, 26 credits (90.2% chance)
2026-02-13 14:04:07 [[32minfo[39m]: Transaction successful: Quantum GÂ∆ Kode, 100 credits (51.9% chance)
2026-02-13 14:04:07 [[32minfo[39m]: Transaction failed: Quantum GÂ∆ Kode, 100 credits (51.9% chance)
2026-02-13 14:04:07 [[32minfo[39m]: Transaction failed: Quantum GÂ∆ Kode, 100 credits (51.9% chance)
2026-02-13 14:04:07 [[32minfo[39m]: Transaction successful: Quantum GÂ∆ Kode, 100 credits (51.9% chance)
2026-02-13 14:04:07 [[32minfo[39m]: Transaction successful: Quantum GÂ∆ Kode, 100 credits (51.9% chance)
2026-02-13 14:04:07 [[32minfo[39m]: Transaction failed: Quantum GÂ∆ Kode, 100 credits (51.9% chance)
2026-02-13 14:04:07 [[32minfo[39m]: Transaction failed: Quantum GÂ∆ Kode, 100 credits (51.9% chance)
2026-02-13 14:04:07 [[32minfo[39m]: Initializing 16 agents with initial balance 511
2026-02-13 14:04:07 [[32minfo[39m]: Successfully initialized 16 agents
2026-02-13 14:04:07 [[32minfo[39m]: Transaction failed: Razor GÂ∆ Cipher, 110 credits (89.4% chance)
2026-02-13 14:04:07 [[32minfo[39m]: Transaction failed: Quantum GÂ∆ Kode, 100 credits (51.9% chance)
2026-02-13 14:04:07 [[32minfo[39m]: Transaction successful: Crash GÂ∆ Neon, 356 credits (91.3% chance)
2026-02-13 14:04:07 [[32minfo[39m]: Transaction failed: Quantum GÂ∆ Kode, 100 credits (51.9% chance)
2026-02-13 14:04:07 [[32minfo[39m]: Transaction successful: Edge GÂ∆ Razor, 136 credits (89.5% chance)
2026-02-13 14:04:07 [[32minfo[39m]: Transaction failed: Quantum GÂ∆ Kode, 100 credits (51.9% chance)
2026-02-13 14:04:07 [[32minfo[39m]: Transaction successful: Quantum GÂ∆ Kode, 100 credits (51.9% chance)
2026-02-13 14:04:07 [[32minfo[39m]: Transaction failed: Quantum GÂ∆ Kode, 100 credits (51.9% chance)
2026-02-13 14:04:07 [[32minfo[39m]: Transaction failed: Quantum GÂ∆ Kode, 100 credits (51.9% chance)
2026-02-13 14:04:07 [[32minfo[39m]: Transaction successful: Quantum GÂ∆ Kode, 100 credits (51.9% chance)
2026-02-13 14:04:07 [[32minfo[39m]: Transaction failed: Quantum GÂ∆ Kode, 100 credits (51.9% chance)
2026-02-13 14:04:07 [[32minfo[39m]: Transaction failed: Quantum GÂ∆ Kode, 100 credits (51.9% chance)
2026-02-13 14:04:07 [[32minfo[39m]: Initializing 15 agents with initial balance 529
2026-02-13 14:04:07 [[32minfo[39m]: Successfully initialized 15 agents
2026-02-13 14:04:07 [[32minfo[39m]: Transaction successful: Maze GÂ∆ Neon, 142 credits (90.5% chance)
2026-02-13 14:04:07 [[32minfo[39m]: Transaction failed: Quantum GÂ∆ Kode, 100 credits (51.9% chance)
2026-02-13 14:04:07 [[32minfo[39m]: Transaction successful: Crash GÂ∆ Shadow, 208 credits (91.3% chance)
2026-02-13 14:04:07 [[32minfo[39m]: Transaction failed: Quantum GÂ∆ Kode, 100 credits (51.9% chance)
2026-02-13 14:04:07 [[32minfo[39m]: Transaction successful: Byte GÂ∆ Viper, 239 credits (89.7% chance)
2026-02-13 14:04:07 [[32minfo[39m]: Transaction successful: Quantum GÂ∆ Kode, 100 credits (51.9% chance)
2026-02-13 14:04:07 [[32minfo[39m]: Transaction successful: Dagger GÂ∆ Frost, 79 credits (91.1% chance)
2026-02-13 14:04:07 [[32minfo[39m]: Transaction failed: Quantum GÂ∆ Kode, 100 credits (51.9% chance)
2026-02-13 14:04:07 [[32minfo[39m]: Transaction successful: Byte GÂ∆ Neon, 22 credits (90.1% chance)
2026-02-13 14:04:07 [[32minfo[39m]: Transaction failed: Quantum GÂ∆ Kode, 100 credits (51.9% chance)
2026-02-13 14:04:07 [[32minfo[39m]: Transaction failed: Quantum GÂ∆ Kode, 100 credits (51.9% chance)
2026-02-13 14:04:07 [[32minfo[39m]: Transaction failed: Quantum GÂ∆ Kode, 100 credits (51.9% chance)
2026-02-13 14:04:07 [[32minfo[39m]: Transaction successful: Quantum GÂ∆ Kode, 100 credits (51.9% chance)
2026-02-13 14:04:07 [[32minfo[39m]: Transaction successful: Quantum GÂ∆ Kode, 100 credits (51.9% chance)
2026-02-13 14:04:07 [[32minfo[39m]: Transaction failed: Quantum GÂ∆ Kode, 100 credits (51.9% chance)
2026-02-13 14:04:07 [[32minfo[39m]: Transaction successful: Quantum GÂ∆ Kode, 100 credits (51.9% chance)
2026-02-13 14:04:07 [[32minfo[39m]: Initializing 12 agents with initial balance 510
2026-02-13 14:04:07 [[32minfo[39m]: Successfully initialized 12 agents
2026-02-13 14:04:07 [[32minfo[39m]: Transaction successful: Maze GÂ∆ Quantum, 405 credits (90.7% chance)
2026-02-13 14:04:07 [[32minfo[39m]: Transaction successful: Quantum GÂ∆ Kode, 100 credits (51.9% chance)
2026-02-13 14:04:07 [[32minfo[39m]: Transaction successful: Quantum GÂ∆ Kode, 100 credits (51.9% chance)
2026-02-13 14:04:07 [[32minfo[39m]: Transaction failed: Quantum GÂ∆ Kode, 100 credits (51.9% chance)
2026-02-13 14:04:07 [[32minfo[39m]: Transaction successful: Quantum GÂ∆ Kode, 100 credits (51.9% chance)
2026-02-13 14:04:07 [[32minfo[39m]: Transaction successful: Quantum GÂ∆ Kode, 100 credits (51.9% chance)
2026-02-13 14:04:07 [[32minfo[39m]: Transaction successful: Quantum GÂ∆ Kode, 100 credits (51.9% chance)
2026-02-13 14:04:07 [[32minfo[39m]: Transaction failed: Quantum GÂ∆ Kode, 100 credits (51.9% chance)
2026-02-13 14:04:07 [[32minfo[39m]: Initializing 7 agents with initial balance 2428
2026-02-13 14:04:07 [[32minfo[39m]: Successfully initialized 7 agents
2026-02-13 14:04:07 [[32minfo[39m]: Transaction successful: Frost GÂ∆ Nova, 428 credits (91.0% chance)
2026-02-13 14:04:07 [[32minfo[39m]: Transaction failed: Quantum GÂ∆ Kode, 100 credits (51.9% chance)
2026-02-13 14:04:07 [[32minfo[39m]: Transaction successful: Zero GÂ∆ Frost, 1019 credits (90.4% chance)
2026-02-13 14:04:07 [[32minfo[39m]: Transaction successful: Quantum GÂ∆ Kode, 100 credits (51.9% chance)
2026-02-13 14:04:07 [[32minfo[39m]: Transaction successful: Shadow GÂ∆ Dagger, 106 credits (89.2% chance)
2026-02-13 14:04:07 [[32minfo[39m]: Transaction successful: Quantum GÂ∆ Kode, 100 credits (51.9% chance)
2026-02-13 14:04:07 [[32minfo[39m]: Transaction successful: Shadow GÂ∆ Zero, 1853 credits (90.0% chance)
2026-02-13 14:04:07 [[32minfo[39m]: Transaction failed: Quantum GÂ∆ Kode, 100 credits (51.9% chance)
2026-02-13 14:04:07 [[32minfo[39m]: Transaction failed: Shadow GÂ∆ Dagger, 376 credits (90.0% chance)
2026-02-13 14:04:07 [[32minfo[39m]: Transaction failed: Quantum GÂ∆ Kode, 100 credits (51.9% chance)
2026-02-13 14:04:07 [[32minfo[39m]: Transaction failed: Crash GÂ∆ Zero, 551 credits (91.4% chance)
2026-02-13 14:04:07 [[32minfo[39m]: Transaction successful: Quantum GÂ∆ Kode, 100 credits (51.9% chance)
2026-02-13 14:04:07 [[32minfo[39m]: Transaction successful: Crash GÂ∆ Nova, 1482 credits (90.9% chance)
2026-02-13 14:04:07 [[32minfo[39m]: Transaction failed: Quantum GÂ∆ Kode, 100 credits (51.9% chance)
2026-02-13 14:04:07 [[32minfo[39m]: Transaction successful: Crash GÂ∆ Hex, 495 credits (89.9% chance)
2026-02-13 14:04:07 [[32minfo[39m]: Transaction failed: Quantum GÂ∆ Kode, 100 credits (51.9% chance)
2026-02-13 14:04:07 [[32minfo[39m]: Transaction successful: Nova GÂ∆ Frost, 2495 credits (92.1% chance)
2026-02-13 14:04:07 [[32minfo[39m]: Transaction successful: Quantum GÂ∆ Kode, 100 credits (51.9% chance)
2026-02-13 14:04:07 [[32minfo[39m]: Transaction successful: Dagger GÂ∆ Zero, 1158 credits (90.8% chance)
2026-02-13 14:04:07 [[32minfo[39m]: Transaction failed: Quantum GÂ∆ Kode, 100 credits (51.9% chance)
2026-02-13 14:04:07 [[32minfo[39m]: Transaction failed: Quantum GÂ∆ Kode, 100 credits (51.9% chance)
2026-02-13 14:04:07 [[32minfo[39m]: Transaction failed: Quantum GÂ∆ Kode, 100 credits (51.9% chance)
2026-02-13 14:04:07 [[32minfo[39m]: Transaction failed: Quantum GÂ∆ Kode, 100 credits (51.9% chance)
2026-02-13 14:04:07 [[32minfo[39m]: Transaction successful: Quantum GÂ∆ Kode, 100 credits (51.9% chance)
2026-02-13 14:04:07 [[32minfo[39m]: Transaction failed: Quantum GÂ∆ Kode, 100 credits (51.9% chance)
2026-02-13 14:04:07 [[32minfo[39m]: Transaction failed: Quantum GÂ∆ Kode, 100 credits (51.9% chance)
2026-02-13 14:04:07 [[32minfo[39m]: Initializing 19 agents with initial balance 4550
2026-02-13 14:04:07 [[32minfo[39m]: Successfully initialized 19 agents
2026-02-13 14:04:07 [[32minfo[39m]: Transaction successful: Raven GÂ∆ Edge, 1112 credits (90.3% chance)
2026-02-13 14:04:07 [[32minfo[39m]: Transaction successful: Quantum GÂ∆ Kode, 100 credits (51.9% chance)
2026-02-13 14:04:07 [[32minfo[39m]: Transaction successful: Frost GÂ∆ Onyx, 2584 credits (89.0% chance)
2026-02-13 14:04:07 [[32minfo[39m]: Transaction failed: Quantum GÂ∆ Kode, 100 credits (51.9% chance)
2026-02-13 14:04:07 [[32minfo[39m]: Transaction successful: Trace GÂ∆ Onyx, 1835 credits (89.5% chance)
2026-02-13 14:04:07 [[32minfo[39m]: Transaction failed: Quantum GÂ∆ Kode, 100 credits (51.9% chance)
2026-02-13 14:04:07 [[32minfo[39m]: Transaction successful: Echo GÂ∆ Shadow, 1833 credits (90.4% chance)
2026-02-13 14:04:07 [[32minfo[39m]: Transaction successful: Quantum GÂ∆ Kode, 100 credits (51.9% chance)
2026-02-13 14:04:07 [[32minfo[39m]: Transaction successful: Onyx GÂ∆ Hex, 4050 credits (90.4% chance)
2026-02-13 14:04:07 [[32minfo[39m]: Transaction successful: Quantum GÂ∆ Kode, 100 credits (51.9% chance)
2026-02-13 14:04:07 [[32minfo[39m]: Transaction successful: Edge GÂ∆ Apex, 943 credits (89.9% chance)
2026-02-13 14:04:07 [[32minfo[39m]: Transaction successful: Quantum GÂ∆ Kode, 100 credits (51.9% chance)
2026-02-13 14:04:07 [[32minfo[39m]: Transaction successful: Razor GÂ∆ Trace, 1928 credits (89.7% chance)
2026-02-13 14:04:07 [[32minfo[39m]: Transaction successful: Quantum GÂ∆ Kode, 100 credits (51.9% chance)
2026-02-13 14:04:07 [[32minfo[39m]: Transaction successful: Blade GÂ∆ Ghost, 1390 credits (89.2% chance)
2026-02-13 14:04:07 [[32minfo[39m]: Transaction successful: Quantum GÂ∆ Kode, 100 credits (51.9% chance)
2026-02-13 14:04:07 [[32minfo[39m]: Transaction successful: Pulse GÂ∆ Maze, 394 credits (90.4% chance)
2026-02-13 14:04:07 [[32minfo[39m]: Transaction failed: Quantum GÂ∆ Kode, 100 credits (51.9% chance)
2026-02-13 14:04:07 [[32minfo[39m]: Transaction successful: Quantum GÂ∆ Kode, 100 credits (51.9% chance)
2026-02-13 14:04:07 [[32minfo[39m]: Transaction failed: Quantum GÂ∆ Kode, 100 credits (51.9% chance)
2026-02-13 14:04:07 [[32minfo[39m]: Initializing 20 agents with initial balance 4274
2026-02-13 14:04:07 [[32minfo[39m]: Successfully initialized 20 agents
2026-02-13 14:04:07 [[32minfo[39m]: Transaction failed: Cipher GÂ∆ Onyx, 2704 credits (89.2% chance)
2026-02-13 14:04:07 [[32minfo[39m]: Transaction successful: Vex GÂ∆ Crash, 2137 credits (88.5% chance)
2026-02-13 14:04:07 [[32minfo[39m]: Transaction successful: Pulse GÂ∆ Flux, 2534 credits (90.0% chance)
2026-02-13 14:04:07 [[32minfo[39m]: Initializing 2 agents with initial balance 1000000
2026-02-13 14:04:07 [[32minfo[39m]: Successfully initialized 2 agents
2026-02-13 14:04:07 [[32minfo[39m]: Transaction successful: Nova GÂ∆ Ghost, 100 credits (51.7% chance)
2026-02-13 14:04:07 [[32minfo[39m]: Transaction successful: Ghost GÂ∆ Viper, 1518 credits (89.6% chance)
2026-02-13 14:04:07 [[32minfo[39m]: Transaction successful: Nova GÂ∆ Ghost, 100 credits (51.7% chance)
2026-02-13 14:04:07 [[32minfo[39m]: Transaction successful: Hex GÂ∆ Flux, 840 credits (89.5% chance)
2026-02-13 14:04:07 [[32minfo[39m]: Transaction successful: Nova GÂ∆ Ghost, 100 credits (51.7% chance)
2026-02-13 14:04:07 [[32minfo[39m]: Transaction failed: Crash GÂ∆ Hex, 1381 credits (88.5% chance)
2026-02-13 14:04:07 [[32minfo[39m]: Transaction failed: Nova GÂ∆ Ghost, 100 credits (51.7% chance)
2026-02-13 14:04:07 [[32minfo[39m]: Transaction successful: Flux GÂ∆ Blade, 5810 credits (89.9% chance)
2026-02-13 14:04:07 [[32minfo[39m]: Transaction successful: Nova GÂ∆ Ghost, 100 credits (51.7% chance)
2026-02-13 14:04:07 [[32minfo[39m]: Transaction successful: Ghost GÂ∆ Dagger, 1615 credits (90.8% chance)
2026-02-13 14:04:07 [[32minfo[39m]: Transaction successful: Nova GÂ∆ Ghost, 100 credits (51.7% chance)
2026-02-13 14:04:07 [[32minfo[39m]: Transaction successful: Wraith GÂ∆ Crash, 3426 credits (89.0% chance)
2026-02-13 14:04:07 [[32minfo[39m]: Transaction failed: Nova GÂ∆ Ghost, 100 credits (51.7% chance)
2026-02-13 14:04:07 [[32minfo[39m]: Transaction successful: Crash GÂ∆ Trace, 2318 credits (88.4% chance)
2026-02-13 14:04:07 [[32minfo[39m]: Transaction failed: Nova GÂ∆ Ghost, 100 credits (51.7% chance)
2026-02-13 14:04:07 [[32minfo[39m]: Transaction failed: Nova GÂ∆ Ghost, 100 credits (51.7% chance)
2026-02-13 14:04:07 [[32minfo[39m]: Transaction successful: Nova GÂ∆ Ghost, 100 credits (51.7% chance)
2026-02-13 14:04:07 [[32minfo[39m]: Transaction successful: Nova GÂ∆ Ghost, 100 credits (51.7% chance)
2026-02-13 14:04:07 [[32minfo[39m]: Transaction failed: Nova GÂ∆ Ghost, 100 credits (51.7% chance)
2026-02-13 14:04:07 [[32minfo[39m]: Transaction successful: Nova GÂ∆ Ghost, 100 credits (51.7% chance)
2026-02-13 14:04:07 [[32minfo[39m]: Transaction failed: Nova GÂ∆ Ghost, 100 credits (51.7% chance)
2026-02-13 14:04:07 [[32minfo[39m]: Initializing 6 agents with initial balance 3558
2026-02-13 14:04:07 [[32minfo[39m]: Successfully initialized 6 agents
2026-02-13 14:04:07 [[32minfo[39m]: Transaction successful: Quantum GÂ∆ Viper, 232 credits (90.9% chance)
2026-02-13 14:04:07 [[32minfo[39m]: Transaction failed: Nova GÂ∆ Ghost, 100 credits (51.7% chance)
2026-02-13 14:04:07 [[32minfo[39m]: Transaction successful: Lynx GÂ∆ Viper, 1485 credits (91.8% chance)
2026-02-13 14:04:07 [[32minfo[39m]: Transaction failed: Nova GÂ∆ Ghost, 100 credits (51.7% chance)
2026-02-13 14:04:07 [[32minfo[39m]: Transaction successful: Viper GÂ∆ Cipher, 1943 credits (90.4% chance)
2026-02-13 14:04:07 [[32minfo[39m]: Transaction failed: Nova GÂ∆ Ghost, 100 credits (51.7% chance)
2026-02-13 14:04:07 [[32minfo[39m]: Transaction successful: Nova GÂ∆ Ghost, 100 credits (51.7% chance)
2026-02-13 14:04:07 [[32minfo[39m]: Transaction successful: Nova GÂ∆ Ghost, 100 credits (51.7% chance)
2026-02-13 14:04:07 [[32minfo[39m]: Transaction failed: Nova GÂ∆ Ghost, 100 credits (51.7% chance)
2026-02-13 14:04:07 [[32minfo[39m]: Transaction successful: Nova GÂ∆ Ghost, 100 credits (51.7% chance)
2026-02-13 14:04:07 [[32minfo[39m]: Transaction failed: Nova GÂ∆ Ghost, 100 credits (51.7% chance)
2026-02-13 14:04:07 [[32minfo[39m]: Transaction successful: Nova GÂ∆ Ghost, 100 credits (51.7% chance)
2026-02-13 14:04:07 [[32minfo[39m]: Initializing 17 agents with initial balance 2076
2026-02-13 14:04:07 [[32minfo[39m]: Successfully initialized 17 agents
2026-02-13 14:04:07 [[32minfo[39m]: Transaction successful: Ghost GÂ∆ Apex, 1559 credits (91.8% chance)
2026-02-13 14:04:07 [[32minfo[39m]: Transaction successful: Nova GÂ∆ Ghost, 100 credits (51.7% chance)
2026-02-13 14:04:07 [[32minfo[39m]: Transaction failed: Nova GÂ∆ Ghost, 100 credits (51.7% chance)
2026-02-13 14:04:07 [[32minfo[39m]: Transaction successful: Nova GÂ∆ Ghost, 100 credits (51.7% chance)
2026-02-13 14:04:07 [[32minfo[39m]: Transaction successful: Nova GÂ∆ Ghost, 100 credits (51.7% chance)
2026-02-13 14:04:07 [[32minfo[39m]: Transaction successful: Nova GÂ∆ Ghost, 100 credits (51.7% chance)
2026-02-13 14:04:07 [[32minfo[39m]: Transaction failed: Nova GÂ∆ Ghost, 100 credits (51.7% chance)
2026-02-13 14:04:07 [[32minfo[39m]: Transaction successful: Nova GÂ∆ Ghost, 100 credits (51.7% chance)
2026-02-13 14:04:07 [[32minfo[39m]: Initializing 13 agents with initial balance 510
2026-02-13 14:04:07 [[32minfo[39m]: Successfully initialized 13 agents
2026-02-13 14:04:07 [[32minfo[39m]: Transaction successful: Zero GÂ∆ Byte, 363 credits (89.8% chance)
2026-02-13 14:04:07 [[32minfo[39m]: Transaction failed: Nova GÂ∆ Ghost, 100 credits (51.7% chance)
2026-02-13 14:04:07 [[32minfo[39m]: Transaction successful: Razor GÂ∆ Ghost, 21 credits (89.4% chance)
2026-02-13 14:04:07 [[32minfo[39m]: Transaction failed: Nova GÂ∆ Ghost, 100 credits (51.7% chance)
2026-02-13 14:04:07 [[32minfo[39m]: Transaction successful: Nova GÂ∆ Ghost, 100 credits (51.7% chance)
2026-02-13 14:04:07 [[32minfo[39m]: Transaction failed: Nova GÂ∆ Ghost, 100 credits (51.7% chance)
2026-02-13 14:04:07 [[32minfo[39m]: Transaction failed: Nova GÂ∆ Ghost, 100 credits (51.7% chance)
2026-02-13 14:04:07 [[32minfo[39m]: Transaction failed: Nova GÂ∆ Ghost, 100 credits (51.7% chance)
2026-02-13 14:04:07 [[32minfo[39m]: Transaction failed: Nova GÂ∆ Ghost, 100 credits (51.7% chance)
2026-02-13 14:04:07 [[32minfo[39m]: Transaction failed: Nova GÂ∆ Ghost, 100 credits (51.7% chance)
2026-02-13 14:04:07 [[32minfo[39m]: Initializing 8 agents with initial balance 2775
2026-02-13 14:04:07 [[32minfo[39m]: Successfully initialized 8 agents
2026-02-13 14:04:07 [[32minfo[39m]: Transaction successful: Byte GÂ∆ Crash, 2094 credits (89.5% chance)
2026-02-13 14:04:07 [[32minfo[39m]: Transaction successful: Nova GÂ∆ Ghost, 100 credits (51.7% chance)
2026-02-13 14:04:07 [[32minfo[39m]: Transaction successful: Nova GÂ∆ Ghost, 100 credits (51.7% chance)
2026-02-13 14:04:07 [[32minfo[39m]: Transaction successful: Nova GÂ∆ Ghost, 100 credits (51.7% chance)
2026-02-13 14:04:07 [[32minfo[39m]: Transaction successful: Nova GÂ∆ Ghost, 100 credits (51.7% chance)
2026-02-13 14:04:07 [[32minfo[39m]: Transaction failed: Nova GÂ∆ Ghost, 100 credits (51.7% chance)
2026-02-13 14:04:07 [[32minfo[39m]: Transaction failed: Nova GÂ∆ Ghost, 100 credits (51.7% chance)
2026-02-13 14:04:07 [[32minfo[39m]: Transaction successful: Nova GÂ∆ Ghost, 100 credits (51.7% chance)
2026-02-13 14:04:07 [[32minfo[39m]: Initializing 16 agents with initial balance 2952
2026-02-13 14:04:07 [[32minfo[39m]: Successfully initialized 16 agents
2026-02-13 14:04:07 [[32minfo[39m]: Transaction successful: Crash GÂ∆ Echo, 894 credits (90.0% chance)
2026-02-13 14:04:07 [[32minfo[39m]: Transaction successful: Nova GÂ∆ Ghost, 100 credits (51.7% chance)
2026-02-13 14:04:07 [[32minfo[39m]: Transaction successful: Shadow GÂ∆ Onyx, 1753 credits (90.7% chance)
2026-02-13 14:04:07 [[32minfo[39m]: Transaction failed: Nova GÂ∆ Ghost, 100 credits (51.7% chance)
2026-02-13 14:04:07 [[32minfo[39m]: Transaction successful: Trace GÂ∆ Ghost, 493 credits (90.5% chance)
2026-02-13 14:04:07 [[32minfo[39m]: Transaction failed: Nova GÂ∆ Ghost, 100 credits (51.7% chance)
2026-02-13 14:04:07 [[32minfo[39m]: Transaction successful: Crash GÂ∆ Spike, 162 credits (90.1% chance)
2026-02-13 14:04:07 [[32minfo[39m]: Transaction successful: Nova GÂ∆ Ghost, 100 credits (51.7% chance)
2026-02-13 14:04:07 [[32minfo[39m]: Transaction failed: Shadow GÂ∆ Kode, 435 credits (90.2% chance)
2026-02-13 14:04:07 [[32minfo[39m]: Transaction failed: Nova GÂ∆ Ghost, 100 credits (51.7% chance)
2026-02-13 14:04:07 [[32minfo[39m]: Transaction successful: Ghost GÂ∆ Dagger, 1012 credits (89.4% chance)
2026-02-13 14:04:07 [[32minfo[39m]: Transaction successful: Nova GÂ∆ Ghost, 100 credits (51.7% chance)
2026-02-13 14:04:07 [[32minfo[39m]: Transaction successful: Crash GÂ∆ Ghost, 628 credits (91.4% chance)
2026-02-13 14:04:07 [[32minfo[39m]: Transaction successful: Nova GÂ∆ Ghost, 100 credits (51.7% chance)
2026-02-13 14:04:07 [[32minfo[39m]: Transaction successful: Frost GÂ∆ Spike, 1840 credits (89.7% chance)
2026-02-13 14:04:07 [[32minfo[39m]: Transaction failed: Nova GÂ∆ Ghost, 100 credits (51.7% chance)
2026-02-13 14:04:07 [[32minfo[39m]: Transaction successful: Kode GÂ∆ Ghost, 1251 credits (90.6% chance)
2026-02-13 14:04:07 [[32minfo[39m]: Transaction successful: Nova GÂ∆ Ghost, 100 credits (51.7% chance)
2026-02-13 14:04:07 [[32minfo[39m]: Transaction successful: Flux GÂ∆ Ghost, 1647 credits (91.6% chance)
2026-02-13 14:04:07 [[32minfo[39m]: Transaction successful: Nova GÂ∆ Ghost, 100 credits (51.7% chance)
2026-02-13 14:04:07 [[32minfo[39m]: Transaction failed: Nova GÂ∆ Ghost, 100 credits (51.7% chance)
2026-02-13 14:04:07 [[32minfo[39m]: Transaction successful: Nova GÂ∆ Ghost, 100 credits (51.7% chance)
2026-02-13 14:04:07 [[32minfo[39m]: Transaction failed: Nova GÂ∆ Ghost, 100 credits (51.7% chance)
2026-02-13 14:04:07 [[32minfo[39m]: Transaction failed: Nova GÂ∆ Ghost, 100 credits (51.7% chance)
2026-02-13 14:04:07 [[32minfo[39m]: Transaction successful: Nova GÂ∆ Ghost, 100 credits (51.7% chance)
2026-02-13 14:04:07 [[32minfo[39m]: Transaction failed: Nova GÂ∆ Ghost, 100 credits (51.7% chance)
2026-02-13 14:04:07 [[32minfo[39m]: Initializing 16 agents with initial balance 1835
2026-02-13 14:04:07 [[32minfo[39m]: Successfully initialized 16 agents
2026-02-13 14:04:07 [[32minfo[39m]: Transaction successful: Nova GÂ∆ Raven, 750 credits (90.9% chance)
2026-02-13 14:04:07 [[32minfo[39m]: Transaction successful: Nova GÂ∆ Ghost, 100 credits (51.7% chance)
2026-02-13 14:04:07 [[32minfo[39m]: Transaction failed: Nova GÂ∆ Ghost, 100 credits (51.7% chance)
2026-02-13 14:04:07 [[32minfo[39m]: Transaction successful: Nova GÂ∆ Ghost, 100 credits (51.7% chance)
2026-02-13 14:04:07 [[32minfo[39m]: Transaction successful: Nova GÂ∆ Ghost, 100 credits (51.7% chance)
2026-02-13 14:04:07 [[32minfo[39m]: Transaction successful: Nova GÂ∆ Ghost, 100 credits (51.7% chance)
2026-02-13 14:04:07 [[32minfo[39m]: Transaction successful: Nova GÂ∆ Ghost, 100 credits (51.7% chance)
2026-02-13 14:04:07 [[32minfo[39m]: Transaction failed: Nova GÂ∆ Ghost, 100 credits (51.7% chance)
2026-02-13 14:04:07 [[32minfo[39m]: Initializing 19 agents with initial balance 4638
2026-02-13 14:04:07 [[32minfo[39m]: Successfully initialized 19 agents
2026-02-13 14:04:07 [[32minfo[39m]: Transaction successful: Neon GÂ∆ Echo, 1218 credits (90.9% chance)
2026-02-13 14:04:07 [[32minfo[39m]: Transaction successful: Nova GÂ∆ Ghost, 100 credits (51.7% chance)
2026-02-13 14:04:07 [[32minfo[39m]: Transaction successful: Nova GÂ∆ Wraith, 1719 credits (88.9% chance)
2026-02-13 14:04:07 [[32minfo[39m]: Transaction successful: Nova GÂ∆ Ghost, 100 credits (51.7% chance)
2026-02-13 14:04:07 [[32minfo[39m]: Transaction failed: Cipher GÂ∆ Ghost, 2388 credits (89.8% chance)
2026-02-13 14:04:07 [[32minfo[39m]: Transaction failed: Nova GÂ∆ Ghost, 100 credits (51.7% chance)
2026-02-13 14:04:07 [[32minfo[39m]: Transaction successful: Pulse GÂ∆ Flux, 1071 credits (90.3% chance)
2026-02-13 14:04:07 [[32minfo[39m]: Transaction failed: Nova GÂ∆ Ghost, 100 credits (51.7% chance)
2026-02-13 14:04:07 [[32minfo[39m]: Transaction failed: Ghost GÂ∆ Zero, 3230 credits (89.9% chance)
2026-02-13 14:04:07 [[32minfo[39m]: Transaction successful: Nova GÂ∆ Ghost, 100 credits (51.7% chance)
2026-02-13 14:04:07 [[32minfo[39m]: Transaction failed: Ghost GÂ∆ Byte, 3585 credits (90.4% chance)
2026-02-13 14:04:07 [[32minfo[39m]: Transaction successful: Nova GÂ∆ Ghost, 100 credits (51.7% chance)
2026-02-13 14:04:07 [[32minfo[39m]: Transaction successful: Quantum GÂ∆ Crash, 2601 credits (90.4% chance)
2026-02-13 14:04:07 [[32minfo[39m]: Transaction successful: Nova GÂ∆ Ghost, 100 credits (51.7% chance)
2026-02-13 14:04:07 [[32minfo[39m]: Transaction failed: Maze GÂ∆ Byte, 3158 credits (90.5% chance)
2026-02-13 14:04:07 [[32minfo[39m]: Transaction failed: Nova GÂ∆ Ghost, 100 credits (51.7% chance)
2026-02-13 14:04:07 [[32minfo[39m]: Transaction successful: Neon GÂ∆ Byte, 1424 credits (90.7% chance)
2026-02-13 14:04:07 [[32minfo[39m]: Transaction failed: Nova GÂ∆ Ghost, 100 credits (51.7% chance)
2026-02-13 14:04:07 [[32minfo[39m]: Transaction failed: Nova GÂ∆ Ghost, 100 credits (51.7% chance)
2026-02-13 14:04:07 [[32minfo[39m]: Transaction successful: Nova GÂ∆ Ghost, 100 credits (51.7% chance)
2026-02-13 14:04:07 [[32minfo[39m]: Transaction failed: Nova GÂ∆ Ghost, 100 credits (51.7% chance)
2026-02-13 14:04:07 [[32minfo[39m]: Transaction failed: Nova GÂ∆ Ghost, 100 credits (51.7% chance)
2026-02-13 14:04:07 [[32minfo[39m]: Transaction successful: Nova GÂ∆ Ghost, 100 credits (51.7% chance)
2026-02-13 14:04:07 [[32minfo[39m]: Transaction failed: Nova GÂ∆ Ghost, 100 credits (51.7% chance)
2026-02-13 14:04:07 [[32minfo[39m]: Initializing 5 agents with initial balance 3944
2026-02-13 14:04:07 [[32minfo[39m]: Successfully initialized 5 agents
2026-02-13 14:04:07 [[32minfo[39m]: Transaction successful: Neon GÂ∆ Quantum, 2122 credits (90.8% chance)
2026-02-13 14:04:07 [[32minfo[39m]: Transaction successful: Nova GÂ∆ Ghost, 100 credits (51.7% chance)
2026-02-13 14:04:07 [[32minfo[39m]: Transaction successful: Nova GÂ∆ Quantum, 1471 credits (91.7% chance)
2026-02-13 14:04:07 [[32minfo[39m]: Transaction failed: Nova GÂ∆ Ghost, 100 credits (51.7% chance)
2026-02-13 14:04:07 [[32minfo[39m]: Transaction successful: Pulse GÂ∆ Nova, 3053 credits (90.4% chance)
2026-02-13 14:04:07 [[32minfo[39m]: Transaction failed: Nova GÂ∆ Ghost, 100 credits (51.7% chance)
2026-02-13 14:04:07 [[32minfo[39m]: Transaction successful: Onyx GÂ∆ Quantum, 1019 credits (92.3% chance)
2026-02-13 14:04:07 [[32minfo[39m]: Transaction failed: Nova GÂ∆ Ghost, 100 credits (51.7% chance)
2026-02-13 14:04:07 [[32minfo[39m]: Transaction successful: Neon GÂ∆ Quantum, 1332 credits (92.2% chance)
2026-02-13 14:04:07 [[32minfo[39m]: Transaction successful: Nova GÂ∆ Ghost, 100 credits (51.7% chance)
2026-02-13 14:04:07 [[32minfo[39m]: Transaction successful: Quantum GÂ∆ Neon, 3379 credits (92.5% chance)
2026-02-13 14:04:07 [[32minfo[39m]: Transaction failed: Nova GÂ∆ Ghost, 100 credits (51.7% chance)
2026-02-13 14:04:07 [[32minfo[39m]: Transaction successful: Onyx GÂ∆ Neon, 1557 credits (91.8% chance)
2026-02-13 14:04:07 [[32minfo[39m]: Transaction failed: Nova GÂ∆ Ghost, 100 credits (51.7% chance)
2026-02-13 14:04:07 [[32minfo[39m]: Transaction successful: Neon GÂ∆ Pulse, 1100 credits (90.7% chance)
2026-02-13 14:04:07 [[32minfo[39m]: Transaction failed: Nova GÂ∆ Ghost, 100 credits (51.7% chance)
2026-02-13 14:04:07 [[32minfo[39m]: Transaction successful: Nova GÂ∆ Ghost, 100 credits (51.7% chance)
2026-02-13 14:04:07 [[32minfo[39m]: Transaction successful: Nova GÂ∆ Ghost, 100 credits (51.7% chance)
2026-02-13 14:04:07 [[32minfo[39m]: Transaction failed: Nova GÂ∆ Ghost, 100 credits (51.7% chance)
2026-02-13 14:04:07 [[32minfo[39m]: Transaction successful: Nova GÂ∆ Ghost, 100 credits (51.7% chance)
2026-02-13 14:04:07 [[32minfo[39m]: Transaction successful: Nova GÂ∆ Ghost, 100 credits (51.7% chance)
2026-02-13 14:04:07 [[32minfo[39m]: Transaction failed: Nova GÂ∆ Ghost, 100 credits (51.7% chance)
2026-02-13 14:04:07 [[32minfo[39m]: Initializing 13 agents with initial balance 4801
2026-02-13 14:04:07 [[32minfo[39m]: Successfully initialized 13 agents
2026-02-13 14:04:07 [[32minfo[39m]: Transaction successful: Onyx GÂ∆ Maze, 3814 credits (90.2% chance)
2026-02-13 14:04:07 [[32minfo[39m]: Transaction successful: Nova GÂ∆ Ghost, 100 credits (51.7% chance)
2026-02-13 14:04:07 [[32minfo[39m]: Transaction successful: Onyx GÂ∆ Razor, 393 credits (90.6% chance)
2026-02-13 14:04:07 [[32minfo[39m]: Transaction successful: Nova GÂ∆ Ghost, 100 credits (51.7% chance)
2026-02-13 14:04:07 [[32minfo[39m]: Transaction successful: Maze GÂ∆ Razor, 4162 credits (89.1% chance)
2026-02-13 14:04:07 [[32minfo[39m]: Transaction successful: Nova GÂ∆ Ghost, 100 credits (51.7% chance)
2026-02-13 14:04:07 [[32minfo[39m]: Transaction successful: Wraith GÂ∆ Blade, 310 credits (90.1% chance)
2026-02-13 14:04:07 [[32minfo[39m]: Transaction successful: Frost GÂ∆ Apex, 2347 credits (89.9% chance)
2026-02-13 14:04:07 [[32minfo[39m]: Transaction successful: Nova GÂ∆ Vex, 291 credits (90.4% chance)
2026-02-13 14:04:07 [[32minfo[39m]: Transaction successful: Apex GÂ∆ Wraith, 4318 credits (90.3% chance)
2026-02-13 14:04:07 [[32minfo[39m]: Transaction successful: Neon GÂ∆ Quantum, 3768 credits (90.4% chance)
2026-02-13 14:04:07 [[32minfo[39m]: Initializing 2 agents with initial balance 1000000
2026-02-13 14:04:07 [[32minfo[39m]: Successfully initialized 2 agents
2026-02-13 14:04:07 [[32minfo[39m]: Transaction successful: Flux GÂ∆ Lynx, 100 credits (49.6% chance)
2026-02-13 14:04:07 [[32minfo[39m]: Transaction successful: Flux GÂ∆ Lynx, 100 credits (49.6% chance)
2026-02-13 14:04:07 [[32minfo[39m]: Transaction failed: Flux GÂ∆ Lynx, 100 credits (49.6% chance)
2026-02-13 14:04:07 [[32minfo[39m]: Transaction failed: Flux GÂ∆ Lynx, 100 credits (49.6% chance)
2026-02-13 14:04:07 [[32minfo[39m]: Transaction successful: Flux GÂ∆ Lynx, 100 credits (49.6% chance)
2026-02-13 14:04:07 [[32minfo[39m]: Initializing 20 agents with initial balance 911
2026-02-13 14:04:07 [[32minfo[39m]: Successfully initialized 20 agents
2026-02-13 14:04:07 [[32minfo[39m]: Transaction failed: Hex GÂ∆ Ghost, 285 credits (89.6% chance)
2026-02-13 14:04:07 [[32minfo[39m]: Transaction successful: Flux GÂ∆ Lynx, 100 credits (49.6% chance)
2026-02-13 14:04:07 [[32minfo[39m]: Transaction successful: Wraith GÂ∆ Viper, 693 credits (91.5% chance)
2026-02-13 14:04:07 [[32minfo[39m]: Transaction failed: Flux GÂ∆ Lynx, 100 credits (49.6% chance)
2026-02-13 14:04:07 [[32minfo[39m]: Transaction successful: Frost GÂ∆ Kode, 92 credits (91.3% chance)
2026-02-13 14:04:07 [[32minfo[39m]: Transaction failed: Flux GÂ∆ Lynx, 100 credits (49.6% chance)
2026-02-13 14:04:07 [[32minfo[39m]: Transaction failed: Shadow GÂ∆ Ghost, 452 credits (88.7% chance)
2026-02-13 14:04:07 [[32minfo[39m]: Transaction successful: Flux GÂ∆ Lynx, 100 credits (49.6% chance)
2026-02-13 14:04:07 [[32minfo[39m]: Transaction successful: Neon GÂ∆ Pulse, 523 credits (89.8% chance)
2026-02-13 14:04:07 [[32minfo[39m]: Transaction failed: Flux GÂ∆ Lynx, 100 credits (49.6% chance)
2026-02-13 14:04:07 [[32minfo[39m]: Transaction successful: Vex GÂ∆ Nova, 304 credits (90.6% chance)
2026-02-13 14:04:07 [[32minfo[39m]: Transaction successful: Flux GÂ∆ Lynx, 100 credits (49.6% chance)
2026-02-13 14:04:07 [[32minfo[39m]: Transaction failed: Vex GÂ∆ Raven, 252 credits (90.0% chance)
2026-02-13 14:04:07 [[32minfo[39m]: Transaction failed: Flux GÂ∆ Lynx, 100 credits (49.6% chance)
2026-02-13 14:04:07 [[32minfo[39m]: Transaction successful: Edge GÂ∆ Frost, 214 credits (91.2% chance)
2026-02-13 14:04:07 [[32minfo[39m]: Transaction successful: Flux GÂ∆ Lynx, 100 credits (49.6% chance)
2026-02-13 14:04:07 [[32minfo[39m]: Transaction successful: Vex GÂ∆ Dagger, 200 credits (89.4% chance)
2026-02-13 14:04:07 [[32minfo[39m]: Transaction failed: Flux GÂ∆ Lynx, 100 credits (49.6% chance)
2026-02-13 14:04:07 [[32minfo[39m]: Transaction failed: Flux GÂ∆ Lynx, 100 credits (49.6% chance)
2026-02-13 14:04:07 [[32minfo[39m]: Transaction failed: Flux GÂ∆ Lynx, 100 credits (49.6% chance)
2026-02-13 14:04:07 [[32minfo[39m]: Transaction successful: Flux GÂ∆ Lynx, 100 credits (49.6% chance)
2026-02-13 14:04:07 [[32minfo[39m]: Transaction failed: Flux GÂ∆ Lynx, 100 credits (49.6% chance)
2026-02-13 14:04:07 [[32minfo[39m]: Transaction successful: Flux GÂ∆ Lynx, 100 credits (49.6% chance)
2026-02-13 14:04:07 [[32minfo[39m]: Transaction failed: Flux GÂ∆ Lynx, 100 credits (49.6% chance)
2026-02-13 14:04:07 [[32minfo[39m]: Initializing 12 agents with initial balance 4651
2026-02-13 14:04:07 [[32minfo[39m]: Successfully initialized 12 agents
2026-02-13 14:04:07 [[32minfo[39m]: Transaction successful: Onyx GÂ∆ Dagger, 2150 credits (90.1% chance)
2026-02-13 14:04:07 [[32minfo[39m]: Transaction failed: Flux GÂ∆ Lynx, 100 credits (49.6% chance)
2026-02-13 14:04:07 [[32minfo[39m]: Transaction successful: Dagger GÂ∆ Nova, 3930 credits (89.7% chance)
2026-02-13 14:04:07 [[32minfo[39m]: Transaction failed: Flux GÂ∆ Lynx, 100 credits (49.6% chance)
2026-02-13 14:04:07 [[32minfo[39m]: Transaction successful: Raven GÂ∆ Cipher, 956 credits (90.1% chance)
2026-02-13 14:04:07 [[32minfo[39m]: Transaction failed: Flux GÂ∆ Lynx, 100 credits (49.6% chance)
2026-02-13 14:04:07 [[32minfo[39m]: Transaction successful: Frost GÂ∆ Nova, 365 credits (90.1% chance)
2026-02-13 14:04:07 [[32minfo[39m]: Transaction failed: Flux GÂ∆ Lynx, 100 credits (49.6% chance)
2026-02-13 14:04:07 [[32minfo[39m]: Transaction successful: Shadow GÂ∆ Neon, 2799 credits (91.1% chance)
2026-02-13 14:04:07 [[32minfo[39m]: Transaction failed: Flux GÂ∆ Lynx, 100 credits (49.6% chance)
2026-02-13 14:04:07 [[32minfo[39m]: Transaction successful: Viper GÂ∆ Edge, 1728 credits (89.5% chance)
2026-02-13 14:04:07 [[32minfo[39m]: Transaction successful: Flux GÂ∆ Lynx, 100 credits (49.6% chance)
2026-02-13 14:04:07 [[32minfo[39m]: Transaction successful: Dagger GÂ∆ Viper, 259 credits (91.3% chance)
2026-02-13 14:04:07 [[32minfo[39m]: Transaction failed: Flux GÂ∆ Lynx, 100 credits (49.6% chance)
2026-02-13 14:04:07 [[32minfo[39m]: Transaction successful: Maze GÂ∆ Neon, 3203 credits (89.9% chance)
2026-02-13 14:04:07 [[32minfo[39m]: Transaction successful: Flux GÂ∆ Lynx, 100 credits (49.6% chance)
2026-02-13 14:04:07 [[32minfo[39m]: Transaction successful: Raven GÂ∆ Flux, 1068 credits (89.3% chance)
2026-02-13 14:04:07 [[32minfo[39m]: Transaction failed: Flux GÂ∆ Lynx, 100 credits (49.6% chance)
2026-02-13 14:04:07 [[32minfo[39m]: Transaction failed: Flux GÂ∆ Lynx, 100 credits (49.6% chance)
2026-02-13 14:04:07 [[32minfo[39m]: Transaction successful: Flux GÂ∆ Lynx, 100 credits (49.6% chance)
2026-02-13 14:04:07 [[32minfo[39m]: Transaction successful: Flux GÂ∆ Lynx, 100 credits (49.6% chance)
2026-02-13 14:04:07 [[32minfo[39m]: Transaction successful: Flux GÂ∆ Lynx, 100 credits (49.6% chance)
2026-02-13 14:04:07 [[32minfo[39m]: Transaction failed: Flux GÂ∆ Lynx, 100 credits (49.6% chance)
2026-02-13 14:04:07 [[32minfo[39m]: Transaction successful: Flux GÂ∆ Lynx, 100 credits (49.6% chance)
2026-02-13 14:04:07 [[32minfo[39m]: Initializing 7 agents with initial balance 1719
2026-02-13 14:04:07 [[32minfo[39m]: Successfully initialized 7 agents
2026-02-13 14:04:07 [[32minfo[39m]: Transaction failed: Byte GÂ∆ Maze, 197 credits (88.2% chance)
2026-02-13 14:04:07 [[32minfo[39m]: Transaction failed: Flux GÂ∆ Lynx, 100 credits (49.6% chance)
2026-02-13 14:04:07 [[32minfo[39m]: Transaction successful: Wraith GÂ∆ Ghost, 1031 credits (89.5% chance)
2026-02-13 14:04:07 [[32minfo[39m]: Transaction failed: Flux GÂ∆ Lynx, 100 credits (49.6% chance)
2026-02-13 14:04:07 [[32minfo[39m]: Transaction successful: Flux GÂ∆ Lynx, 100 credits (49.6% chance)
2026-02-13 14:04:07 [[32minfo[39m]: Transaction successful: Flux GÂ∆ Lynx, 100 credits (49.6% chance)
2026-02-13 14:04:07 [[32minfo[39m]: Transaction failed: Flux GÂ∆ Lynx, 100 credits (49.6% chance)
2026-02-13 14:04:07 [[32minfo[39m]: Transaction successful: Flux GÂ∆ Lynx, 100 credits (49.6% chance)
2026-02-13 14:04:07 [[32minfo[39m]: Transaction failed: Flux GÂ∆ Lynx, 100 credits (49.6% chance)
2026-02-13 14:04:07 [[32minfo[39m]: Transaction successful: Flux GÂ∆ Lynx, 100 credits (49.6% chance)
2026-02-13 14:04:07 [[32minfo[39m]: Initializing 18 agents with initial balance 2105
2026-02-13 14:04:07 [[32minfo[39m]: Successfully initialized 18 agents
2026-02-13 14:04:07 [[32minfo[39m]: Transaction successful: Shadow GÂ∆ Ghost, 464 credits (88.4% chance)
2026-02-13 14:04:07 [[32minfo[39m]: Transaction failed: Flux GÂ∆ Lynx, 100 credits (49.6% chance)
2026-02-13 14:04:07 [[32minfo[39m]: Transaction successful: Flux GÂ∆ Lynx, 100 credits (49.6% chance)
2026-02-13 14:04:07 [[32minfo[39m]: Transaction failed: Flux GÂ∆ Lynx, 100 credits (49.6% chance)
2026-02-13 14:04:07 [[32minfo[39m]: Transaction failed: Flux GÂ∆ Lynx, 100 credits (49.6% chance)
2026-02-13 14:04:07 [[32minfo[39m]: Transaction successful: Flux GÂ∆ Lynx, 100 credits (49.6% chance)
2026-02-13 14:04:07 [[32minfo[39m]: Transaction successful: Flux GÂ∆ Lynx, 100 credits (49.6% chance)
2026-02-13 14:04:07 [[32minfo[39m]: Transaction failed: Flux GÂ∆ Lynx, 100 credits (49.6% chance)
2026-02-13 14:04:07 [[32minfo[39m]: Initializing 6 agents with initial balance 4993
2026-02-13 14:04:07 [[32minfo[39m]: Successfully initialized 6 agents
2026-02-13 14:04:07 [[32minfo[39m]: Transaction successful: Zero GÂ∆ Cipher, 1808 credits (90.9% chance)
2026-02-13 14:04:07 [[32minfo[39m]: Transaction successful: Flux GÂ∆ Lynx, 100 credits (49.6% chance)
2026-02-13 14:04:07 [[32minfo[39m]: Transaction successful: Cipher GÂ∆ Viper, 4857 credits (91.5% chance)
2026-02-13 14:04:07 [[32minfo[39m]: Transaction successful: Flux GÂ∆ Lynx, 100 credits (49.6% chance)
2026-02-13 14:04:07 [[32minfo[39m]: Transaction successful: Flux GÂ∆ Lynx, 100 credits (49.6% chance)
2026-02-13 14:04:07 [[32minfo[39m]: Transaction failed: Flux GÂ∆ Lynx, 100 credits (49.6% chance)
2026-02-13 14:04:07 [[32minfo[39m]: Transaction failed: Flux GÂ∆ Lynx, 100 credits (49.6% chance)
2026-02-13 14:04:07 [[32minfo[39m]: Transaction failed: Flux GÂ∆ Lynx, 100 credits (49.6% chance)
2026-02-13 14:04:07 [[32minfo[39m]: Transaction successful: Flux GÂ∆ Lynx, 100 credits (49.6% chance)
2026-02-13 14:04:07 [[32minfo[39m]: Transaction successful: Flux GÂ∆ Lynx, 100 credits (49.6% chance)
2026-02-13 14:04:07 [[32minfo[39m]: Initializing 4 agents with initial balance 959
2026-02-13 14:04:07 [[32minfo[39m]: Successfully initialized 4 agents
2026-02-13 14:04:07 [[32minfo[39m]: Transaction successful: Edge GÂ∆ Ghost, 464 credits (90.7% chance)
2026-02-13 14:04:07 [[32minfo[39m]: Transaction successful: Flux GÂ∆ Lynx, 100 credits (49.6% chance)
2026-02-13 14:04:07 [[32minfo[39m]: Transaction failed: Quantum GÂ∆ Edge, 250 credits (90.5% chance)
2026-02-13 14:04:07 [[32minfo[39m]: Transaction successful: Flux GÂ∆ Lynx, 100 credits (49.6% chance)
2026-02-13 14:04:07 [[32minfo[39m]: Transaction successful: Edge GÂ∆ Ghost, 26 credits (91.2% chance)
2026-02-13 14:04:07 [[32minfo[39m]: Transaction failed: Flux GÂ∆ Lynx, 100 credits (49.6% chance)
2026-02-13 14:04:07 [[32minfo[39m]: Transaction failed: Trace GÂ∆ Quantum, 566 credits (89.3% chance)
2026-02-13 14:04:07 [[32minfo[39m]: Transaction failed: Flux GÂ∆ Lynx, 100 credits (49.6% chance)
2026-02-13 14:04:07 [[32minfo[39m]: Transaction successful: Ghost GÂ∆ Trace, 131 credits (90.9% chance)
2026-02-13 14:04:07 [[32minfo[39m]: Transaction successful: Flux GÂ∆ Lynx, 100 credits (49.6% chance)
2026-02-13 14:04:07 [[32minfo[39m]: Transaction successful: Quantum GÂ∆ Edge, 248 credits (90.0% chance)
2026-02-13 14:04:07 [[32minfo[39m]: Transaction successful: Flux GÂ∆ Lynx, 100 credits (49.6% chance)
2026-02-13 14:04:07 [[32minfo[39m]: Transaction failed: Flux GÂ∆ Lynx, 100 credits (49.6% chance)
2026-02-13 14:04:07 [[32minfo[39m]: Transaction failed: Flux GÂ∆ Lynx, 100 credits (49.6% chance)
2026-02-13 14:04:07 [[32minfo[39m]: Transaction successful: Flux GÂ∆ Lynx, 100 credits (49.6% chance)
2026-02-13 14:04:07 [[32minfo[39m]: Transaction successful: Flux GÂ∆ Lynx, 100 credits (49.6% chance)
2026-02-13 14:04:07 [[32minfo[39m]: Transaction failed: Flux GÂ∆ Lynx, 100 credits (49.6% chance)
2026-02-13 14:04:07 [[32minfo[39m]: Transaction failed: Flux GÂ∆ Lynx, 100 credits (49.6% chance)
2026-02-13 14:04:07 [[32minfo[39m]: Initializing 11 agents with initial balance 2713
2026-02-13 14:04:07 [[32minfo[39m]: Successfully initialized 11 agents
2026-02-13 14:04:07 [[32minfo[39m]: Transaction successful: Trace GÂ∆ Byte, 568 credits (90.1% chance)
2026-02-13 14:04:07 [[32minfo[39m]: Transaction successful: Flux GÂ∆ Lynx, 100 credits (49.6% chance)
2026-02-13 14:04:07 [[32minfo[39m]: Transaction successful: Cipher GÂ∆ Kode, 317 credits (90.1% chance)
2026-02-13 14:04:07 [[32minfo[39m]: Transaction failed: Flux GÂ∆ Lynx, 100 credits (49.6% chance)
2026-02-13 14:04:07 [[32minfo[39m]: Transaction successful: Kode GÂ∆ Trace, 1469 credits (90.8% chance)
2026-02-13 14:04:07 [[32minfo[39m]: Transaction failed: Flux GÂ∆ Lynx, 100 credits (49.6% chance)
2026-02-13 14:04:07 [[32minfo[39m]: Transaction successful: Trace GÂ∆ Zero, 2744 credits (90.0% chance)
2026-02-13 14:04:07 [[32minfo[39m]: Transaction successful: Flux GÂ∆ Lynx, 100 credits (49.6% chance)
2026-02-13 14:04:07 [[32minfo[39m]: Transaction successful: Cipher GÂ∆ Trace, 1880 credits (90.6% chance)
2026-02-13 14:04:07 [[32minfo[39m]: Transaction successful: Flux GÂ∆ Lynx, 100 credits (49.6% chance)
2026-02-13 14:04:07 [[32minfo[39m]: Transaction successful: Ghost GÂ∆ Zero, 1135 credits (89.4% chance)
2026-02-13 14:04:07 [[32minfo[39m]: Transaction successful: Flux GÂ∆ Lynx, 100 credits (49.6% chance)
2026-02-13 14:04:07 [[32minfo[39m]: Transaction failed: Flux GÂ∆ Lynx, 100 credits (49.6% chance)
2026-02-13 14:04:07 [[32minfo[39m]: Transaction successful: Flux GÂ∆ Lynx, 100 credits (49.6% chance)
2026-02-13 14:04:07 [[32minfo[39m]: Transaction failed: Flux GÂ∆ Lynx, 100 credits (49.6% chance)
2026-02-13 14:04:07 [[32minfo[39m]: Transaction failed: Flux GÂ∆ Lynx, 100 credits (49.6% chance)
2026-02-13 14:04:07 [[32minfo[39m]: Transaction successful: Flux GÂ∆ Lynx, 100 credits (49.6% chance)
2026-02-13 14:04:07 [[32minfo[39m]: Transaction successful: Flux GÂ∆ Lynx, 100 credits (49.6% chance)
2026-02-13 14:04:07 [[32minfo[39m]: Initializing 19 agents with initial balance 2880
2026-02-13 14:04:07 [[32minfo[39m]: Successfully initialized 19 agents
2026-02-13 14:04:07 [[32minfo[39m]: Transaction successful: Dagger GÂ∆ Raven, 1582 credits (90.6% chance)
2026-02-13 14:04:07 [[32minfo[39m]: Transaction successful: Flux GÂ∆ Lynx, 100 credits (49.6% chance)
2026-02-13 14:04:07 [[32minfo[39m]: Transaction successful: Spike GÂ∆ Viper, 736 credits (89.1% chance)
2026-02-13 14:04:07 [[32minfo[39m]: Transaction failed: Flux GÂ∆ Lynx, 100 credits (49.6% chance)
2026-02-13 14:04:07 [[32minfo[39m]: Transaction successful: Flux GÂ∆ Lynx, 100 credits (49.6% chance)
2026-02-13 14:04:07 [[32minfo[39m]: Transaction failed: Flux GÂ∆ Lynx, 100 credits (49.6% chance)
2026-02-13 14:04:07 [[32minfo[39m]: Transaction successful: Flux GÂ∆ Lynx, 100 credits (49.6% chance)
2026-02-13 14:04:07 [[32minfo[39m]: Transaction failed: Flux GÂ∆ Lynx, 100 credits (49.6% chance)
2026-02-13 14:04:07 [[32minfo[39m]: Transaction failed: Flux GÂ∆ Lynx, 100 credits (49.6% chance)
2026-02-13 14:04:07 [[32minfo[39m]: Transaction successful: Flux GÂ∆ Lynx, 100 credits (49.6% chance)
2026-02-13 14:04:07 [[32minfo[39m]: Initializing 4 agents with initial balance 3961
2026-02-13 14:04:07 [[32minfo[39m]: Successfully initialized 4 agents
2026-02-13 14:04:07 [[32minfo[39m]: Transaction successful: Cipher GÂ∆ Shadow, 2095 credits (89.9% chance)
2026-02-13 14:04:07 [[32minfo[39m]: Transaction failed: Flux GÂ∆ Lynx, 100 credits (49.6% chance)
2026-02-13 14:04:07 [[32minfo[39m]: Transaction successful: Shadow GÂ∆ Quantum, 1552 credits (88.6% chance)
2026-02-13 14:04:07 [[32minfo[39m]: Transaction failed: Flux GÂ∆ Lynx, 100 credits (49.6% chance)
2026-02-13 14:04:07 [[32minfo[39m]: Transaction successful: Shadow GÂ∆ Cipher, 188 credits (90.6% chance)
2026-02-13 14:04:07 [[32minfo[39m]: Transaction successful: Flux GÂ∆ Lynx, 100 credits (49.6% chance)
2026-02-13 14:04:07 [[32minfo[39m]: Transaction successful: Flux GÂ∆ Lynx, 100 credits (49.6% chance)
2026-02-13 14:04:07 [[32minfo[39m]: Transaction successful: Flux GÂ∆ Lynx, 100 credits (49.6% chance)
2026-02-13 14:04:07 [[32minfo[39m]: Transaction successful: Flux GÂ∆ Lynx, 100 credits (49.6% chance)
2026-02-13 14:04:07 [[32minfo[39m]: Transaction successful: Flux GÂ∆ Lynx, 100 credits (49.6% chance)
2026-02-13 14:04:07 [[32minfo[39m]: Transaction successful: Flux GÂ∆ Lynx, 100 credits (49.6% chance)
2026-02-13 14:04:07 [[32minfo[39m]: Transaction successful: Flux GÂ∆ Lynx, 100 credits (49.6% chance)
2026-02-13 14:04:07 [[32minfo[39m]: Initializing 13 agents with initial balance 511
2026-02-13 14:04:07 [[32minfo[39m]: Successfully initialized 13 agents
2026-02-13 14:04:07 [[32minfo[39m]: Transaction successful: Flux GÂ∆ Onyx, 293 credits (89.4% chance)
2026-02-13 14:04:07 [[32minfo[39m]: Transaction successful: Flux GÂ∆ Lynx, 100 credits (49.6% chance)
2026-02-13 14:04:07 [[32minfo[39m]: Transaction successful: Hex GÂ∆ Pulse, 6 credits (89.6% chance)
2026-02-13 14:04:07 [[32minfo[39m]: Transaction successful: Echo GÂ∆ Razor, 376 credits (90.2% chance)
2026-02-13 14:04:07 [[32minfo[39m]: Transaction successful: Echo GÂ∆ Blade, 124 credits (90.2% chance)
2026-02-13 14:04:07 [[32minfo[39m]: Transaction successful: Apex GÂ∆ Razor, 67 credits (89.8% chance)
2026-02-13 14:04:07 [[32minfo[39m]: Transaction failed: Nova GÂ∆ Apex, 234 credits (90.8% chance)
2026-02-13 14:04:07 [[32minfo[39m]: Transaction successful: Hex GÂ∆ Pulse, 83 credits (90.0% chance)
2026-02-13 14:04:07 [[32minfo[39m]: Transaction successful: Jinx GÂ∆ Viper, 195 credits (89.8% chance)
2026-02-13 14:04:07 [[32minfo[39m]: Initializing 2 agents with initial balance 1000000
2026-02-13 14:04:07 [[32minfo[39m]: Successfully initialized 2 agents
2026-02-13 14:04:07 [[32minfo[39m]: Transaction failed: Jinx GÂ∆ Neon, 100 credits (59.6% chance)
2026-02-13 14:04:07 [[32minfo[39m]: Transaction successful: Jinx GÂ∆ Neon, 100 credits (59.6% chance)
2026-02-13 14:04:07 [[32minfo[39m]: Transaction successful: Jinx GÂ∆ Neon, 100 credits (59.6% chance)
2026-02-13 14:04:07 [[32minfo[39m]: Transaction failed: Jinx GÂ∆ Neon, 100 credits (59.6% chance)
2026-02-13 14:04:07 [[32minfo[39m]: Transaction successful: Jinx GÂ∆ Neon, 100 credits (59.6% chance)
2026-02-13 14:04:07 [[32minfo[39m]: Transaction successful: Jinx GÂ∆ Neon, 100 credits (59.6% chance)
2026-02-13 14:04:07 [[32minfo[39m]: Transaction successful: Jinx GÂ∆ Neon, 100 credits (59.6% chance)
2026-02-13 14:04:07 [[32minfo[39m]: Initializing 14 agents with initial balance 507
2026-02-13 14:04:07 [[32minfo[39m]: Successfully initialized 14 agents
2026-02-13 14:04:07 [[32minfo[39m]: Transaction successful: Ghost GÂ∆ Byte, 220 credits (90.3% chance)
2026-02-13 14:04:07 [[32minfo[39m]: Transaction failed: Jinx GÂ∆ Neon, 100 credits (59.6% chance)
2026-02-13 14:04:07 [[32minfo[39m]: Transaction failed: Cipher GÂ∆ Byte, 19 credits (89.7% chance)
2026-02-13 14:04:07 [[32minfo[39m]: Transaction successful: Jinx GÂ∆ Neon, 100 credits (59.6% chance)
2026-02-13 14:04:07 [[32minfo[39m]: Transaction successful: Ghost GÂ∆ Crash, 168 credits (91.1% chance)
2026-02-13 14:04:07 [[32minfo[39m]: Transaction successful: Jinx GÂ∆ Neon, 100 credits (59.6% chance)
2026-02-13 14:04:07 [[32minfo[39m]: Transaction failed: Jinx GÂ∆ Neon, 100 credits (59.6% chance)
2026-02-13 14:04:07 [[32minfo[39m]: Transaction successful: Jinx GÂ∆ Neon, 100 credits (59.6% chance)
2026-02-13 14:04:07 [[32minfo[39m]: Transaction successful: Jinx GÂ∆ Neon, 100 credits (59.6% chance)
2026-02-13 14:04:07 [[32minfo[39m]: Transaction failed: Jinx GÂ∆ Neon, 100 credits (59.6% chance)
2026-02-13 14:04:07 [[32minfo[39m]: Transaction failed: Jinx GÂ∆ Neon, 100 credits (59.6% chance)
2026-02-13 14:04:07 [[32minfo[39m]: Transaction failed: Jinx GÂ∆ Neon, 100 credits (59.6% chance)
2026-02-13 14:04:07 [[32minfo[39m]: Initializing 5 agents with initial balance 2770
2026-02-13 14:04:07 [[32minfo[39m]: Successfully initialized 5 agents
2026-02-13 14:04:07 [[32minfo[39m]: Transaction successful: Maze GÂ∆ Vex, 1068 credits (89.8% chance)
2026-02-13 14:04:07 [[32minfo[39m]: Transaction successful: Jinx GÂ∆ Neon, 100 credits (59.6% chance)
2026-02-13 14:04:07 [[32minfo[39m]: Transaction successful: Vex GÂ∆ Spike, 2795 credits (89.4% chance)
2026-02-13 14:04:07 [[32minfo[39m]: Transaction successful: Jinx GÂ∆ Neon, 100 credits (59.6% chance)
2026-02-13 14:04:07 [[32minfo[39m]: Transaction successful: Maze GÂ∆ Spike, 940 credits (89.0% chance)
2026-02-13 14:04:07 [[32minfo[39m]: Transaction successful: Jinx GÂ∆ Neon, 100 credits (59.6% chance)
2026-02-13 14:04:07 [[32minfo[39m]: Transaction successful: Maze GÂ∆ Quantum, 515 credits (91.2% chance)
2026-02-13 14:04:07 [[32minfo[39m]: Transaction failed: Jinx GÂ∆ Neon, 100 credits (59.6% chance)
2026-02-13 14:04:07 [[32minfo[39m]: Transaction successful: Quantum GÂ∆ Pulse, 1898 credits (91.1% chance)
2026-02-13 14:04:07 [[32minfo[39m]: Transaction successful: Jinx GÂ∆ Neon, 100 credits (59.6% chance)
2026-02-13 14:04:07 [[32minfo[39m]: Transaction successful: Spike GÂ∆ Vex, 4028 credits (90.0% chance)
2026-02-13 14:04:07 [[32minfo[39m]: Transaction successful: Jinx GÂ∆ Neon, 100 credits (59.6% chance)
2026-02-13 14:04:07 [[32minfo[39m]: Transaction successful: Maze GÂ∆ Spike, 116 credits (90.2% chance)
2026-02-13 14:04:07 [[32minfo[39m]: Transaction successful: Jinx GÂ∆ Neon, 100 credits (59.6% chance)
2026-02-13 14:04:07 [[32minfo[39m]: Transaction successful: Jinx GÂ∆ Neon, 100 credits (59.6% chance)
2026-02-13 14:04:07 [[32minfo[39m]: Transaction failed: Jinx GÂ∆ Neon, 100 credits (59.6% chance)
2026-02-13 14:04:07 [[32minfo[39m]: Transaction successful: Jinx GÂ∆ Neon, 100 credits (59.6% chance)
2026-02-13 14:04:07 [[32minfo[39m]: Transaction successful: Jinx GÂ∆ Neon, 100 credits (59.6% chance)
2026-02-13 14:04:07 [[32minfo[39m]: Transaction successful: Jinx GÂ∆ Neon, 100 credits (59.6% chance)
2026-02-13 14:04:07 [[32minfo[39m]: Transaction successful: Jinx GÂ∆ Neon, 100 credits (59.6% chance)
2026-02-13 14:04:07 [[32minfo[39m]: Initializing 19 agents with initial balance 2970
2026-02-13 14:04:07 [[32minfo[39m]: Successfully initialized 19 agents
2026-02-13 14:04:07 [[32minfo[39m]: Transaction successful: Vex GÂ∆ Cipher, 1503 credits (89.3% chance)
2026-02-13 14:04:07 [[32minfo[39m]: Transaction failed: Jinx GÂ∆ Neon, 100 credits (59.6% chance)
2026-02-13 14:04:07 [[32minfo[39m]: Transaction successful: Lynx GÂ∆ Vex, 531 credits (89.4% chance)
2026-02-13 14:04:07 [[32minfo[39m]: Transaction failed: Jinx GÂ∆ Neon, 100 credits (59.6% chance)
2026-02-13 14:04:07 [[32minfo[39m]: Transaction successful: Blade GÂ∆ Trace, 1445 credits (91.0% chance)
2026-02-13 14:04:07 [[32minfo[39m]: Transaction failed: Jinx GÂ∆ Neon, 100 credits (59.6% chance)
2026-02-13 14:04:07 [[32minfo[39m]: Transaction successful: Crash GÂ∆ Cipher, 1377 credits (90.1% chance)
2026-02-13 14:04:07 [[32minfo[39m]: Transaction successful: Jinx GÂ∆ Neon, 100 credits (59.6% chance)
2026-02-13 14:04:07 [[32minfo[39m]: Transaction successful: Frost GÂ∆ Trace, 9 credits (91.5% chance)
2026-02-13 14:04:07 [[32minfo[39m]: Transaction successful: Jinx GÂ∆ Neon, 100 credits (59.6% chance)
2026-02-13 14:04:07 [[32minfo[39m]: Transaction successful: Echo GÂ∆ Pulse, 2357 credits (90.9% chance)
2026-02-13 14:04:07 [[32minfo[39m]: Transaction successful: Jinx GÂ∆ Neon, 100 credits (59.6% chance)
2026-02-13 14:04:07 [[32minfo[39m]: Transaction successful: Echo GÂ∆ Razor, 283 credits (91.0% chance)
2026-02-13 14:04:07 [[32minfo[39m]: Transaction successful: Jinx GÂ∆ Neon, 100 credits (59.6% chance)
2026-02-13 14:04:07 [[32minfo[39m]: Transaction successful: Lynx GÂ∆ Dagger, 1893 credits (89.7% chance)
2026-02-13 14:04:07 [[32minfo[39m]: Transaction successful: Jinx GÂ∆ Neon, 100 credits (59.6% chance)
2026-02-13 14:04:07 [[32minfo[39m]: Transaction successful: Neon GÂ∆ Pulse, 1106 credits (91.6% chance)
2026-02-13 14:04:07 [[32minfo[39m]: Transaction successful: Jinx GÂ∆ Neon, 100 credits (59.6% chance)
2026-02-13 14:04:07 [[32minfo[39m]: Transaction successful: Zero GÂ∆ Pulse, 1207 credits (90.6% chance)
2026-02-13 14:04:07 [[32minfo[39m]: Transaction failed: Jinx GÂ∆ Neon, 100 credits (59.6% chance)
2026-02-13 14:04:07 [[32minfo[39m]: Transaction failed: Jinx GÂ∆ Neon, 100 credits (59.6% chance)
2026-02-13 14:04:07 [[32minfo[39m]: Transaction failed: Jinx GÂ∆ Neon, 100 credits (59.6% chance)
2026-02-13 14:04:07 [[32minfo[39m]: Transaction successful: Jinx GÂ∆ Neon, 100 credits (59.6% chance)
2026-02-13 14:04:07 [[32minfo[39m]: Transaction failed: Jinx GÂ∆ Neon, 100 credits (59.6% chance)
2026-02-13 14:04:07 [[32minfo[39m]: Transaction successful: Jinx GÂ∆ Neon, 100 credits (59.6% chance)
2026-02-13 14:04:07 [[32minfo[39m]: Transaction failed: Jinx GÂ∆ Neon, 100 credits (59.6% chance)
2026-02-13 14:04:07 [[32minfo[39m]: Initializing 17 agents with initial balance 500
2026-02-13 14:04:07 [[32minfo[39m]: Successfully initialized 17 agents
2026-02-13 14:04:07 [[32minfo[39m]: Transaction successful: Lynx GÂ∆ Quantum, 32 credits (91.2% chance)
2026-02-13 14:04:07 [[32minfo[39m]: Transaction successful: Jinx GÂ∆ Neon, 100 credits (59.6% chance)
2026-02-13 14:04:07 [[32minfo[39m]: Transaction successful: Frost GÂ∆ Vex, 388 credits (90.4% chance)
2026-02-13 14:04:07 [[32minfo[39m]: Transaction successful: Jinx GÂ∆ Neon, 100 credits (59.6% chance)
2026-02-13 14:04:07 [[32minfo[39m]: Transaction successful: Ghost GÂ∆ Edge, 120 credits (89.0% chance)
2026-02-13 14:04:07 [[32minfo[39m]: Transaction successful: Jinx GÂ∆ Neon, 100 credits (59.6% chance)
2026-02-13 14:04:07 [[32minfo[39m]: Transaction successful: Quantum GÂ∆ Raven, 237 credits (91.7% chance)
2026-02-13 14:04:07 [[32minfo[39m]: Transaction successful: Jinx GÂ∆ Neon, 100 credits (59.6% chance)
2026-02-13 14:04:07 [[32minfo[39m]: Transaction successful: Pulse GÂ∆ Vex, 53 credits (90.9% chance)
2026-02-13 14:04:07 [[32minfo[39m]: Transaction failed: Jinx GÂ∆ Neon, 100 credits (59.6% chance)
2026-02-13 14:04:07 [[32minfo[39m]: Transaction failed: Pulse GÂ∆ Vex, 1 credits (91.8% chance)
2026-02-13 14:04:07 [[32minfo[39m]: Transaction successful: Jinx GÂ∆ Neon, 100 credits (59.6% chance)
2026-02-13 14:04:07 [[32minfo[39m]: Transaction failed: Jinx GÂ∆ Neon, 100 credits (59.6% chance)
2026-02-13 14:04:07 [[32minfo[39m]: Transaction successful: Jinx GÂ∆ Neon, 100 credits (59.6% chance)
2026-02-13 14:04:07 [[32minfo[39m]: Transaction failed: Jinx GÂ∆ Neon, 100 credits (59.6% chance)
2026-02-13 14:04:07 [[32minfo[39m]: Transaction failed: Jinx GÂ∆ Neon, 100 credits (59.6% chance)
2026-02-13 14:04:07 [[32minfo[39m]: Transaction failed: Jinx GÂ∆ Neon, 100 credits (59.6% chance)
2026-02-13 14:04:07 [[32minfo[39m]: Transaction failed: Jinx GÂ∆ Neon, 100 credits (59.6% chance)
2026-02-13 14:04:07 [[32minfo[39m]: Initializing 10 agents with initial balance 4990
2026-02-13 14:04:07 [[32minfo[39m]: Successfully initialized 10 agents
2026-02-13 14:04:07 [[32minfo[39m]: Transaction successful: Vex GÂ∆ Frost, 951 credits (90.7% chance)
2026-02-13 14:04:07 [[32minfo[39m]: Transaction successful: Jinx GÂ∆ Neon, 100 credits (59.6% chance)
2026-02-13 14:04:07 [[32minfo[39m]: Transaction successful: Apex GÂ∆ Edge, 2337 credits (90.3% chance)
2026-02-13 14:04:07 [[32minfo[39m]: Transaction successful: Jinx GÂ∆ Neon, 100 credits (59.6% chance)
2026-02-13 14:04:07 [[32minfo[39m]: Transaction successful: Apex GÂ∆ Wraith, 898 credits (91.9% chance)
2026-02-13 14:04:07 [[32minfo[39m]: Transaction successful: Jinx GÂ∆ Neon, 100 credits (59.6% chance)
2026-02-13 14:04:07 [[32minfo[39m]: Transaction successful: Frost GÂ∆ Trace, 2510 credits (92.1% chance)
2026-02-13 14:04:07 [[32minfo[39m]: Transaction successful: Jinx GÂ∆ Neon, 100 credits (59.6% chance)
2026-02-13 14:04:07 [[32minfo[39m]: Transaction successful: Apex GÂ∆ Trace, 883 credits (92.3% chance)
2026-02-13 14:04:07 [[32minfo[39m]: Transaction successful: Jinx GÂ∆ Neon, 100 credits (59.6% chance)
2026-02-13 14:04:07 [[32minfo[39m]: Transaction successful: Raven GÂ∆ Frost, 1422 credits (92.4% chance)
2026-02-13 14:04:07 [[32minfo[39m]: Transaction failed: Jinx GÂ∆ Neon, 100 credits (59.6% chance)
2026-02-13 14:04:07 [[32minfo[39m]: Transaction successful: Wraith GÂ∆ Blade, 127 credits (91.9% chance)
2026-02-13 14:04:07 [[32minfo[39m]: Transaction failed: Jinx GÂ∆ Neon, 100 credits (59.6% chance)
2026-02-13 14:04:07 [[32minfo[39m]: Transaction failed: Apex GÂ∆ Blade, 662 credits (93.1% chance)
2026-02-13 14:04:07 [[32minfo[39m]: Transaction successful: Jinx GÂ∆ Neon, 100 credits (59.6% chance)
2026-02-13 14:04:07 [[32minfo[39m]: Transaction failed: Trace GÂ∆ Vex, 3530 credits (91.4% chance)
2026-02-13 14:04:07 [[32minfo[39m]: Transaction successful: Jinx GÂ∆ Neon, 100 credits (59.6% chance)
2026-02-13 14:04:07 [[32minfo[39m]: Transaction successful: Viper GÂ∆ Trace, 2331 credits (90.8% chance)
2026-02-13 14:04:07 [[32minfo[39m]: Transaction failed: Jinx GÂ∆ Neon, 100 credits (59.6% chance)
2026-02-13 14:04:07 [[32minfo[39m]: Transaction successful: Jinx GÂ∆ Neon, 100 credits (59.6% chance)
2026-02-13 14:04:07 [[32minfo[39m]: Transaction successful: Jinx GÂ∆ Neon, 100 credits (59.6% chance)
2026-02-13 14:04:07 [[32minfo[39m]: Transaction successful: Jinx GÂ∆ Neon, 100 credits (59.6% chance)
2026-02-13 14:04:07 [[32minfo[39m]: Transaction failed: Jinx GÂ∆ Neon, 100 credits (59.6% chance)
2026-02-13 14:04:07 [[32minfo[39m]: Transaction successful: Jinx GÂ∆ Neon, 100 credits (59.6% chance)
2026-02-13 14:04:07 [[32minfo[39m]: Transaction failed: Jinx GÂ∆ Neon, 100 credits (59.6% chance)
2026-02-13 14:04:07 [[32minfo[39m]: Initializing 6 agents with initial balance 3469
2026-02-13 14:04:07 [[32minfo[39m]: Successfully initialized 6 agents
2026-02-13 14:04:07 [[32minfo[39m]: Transaction successful: Byte GÂ∆ Frost, 597 credits (89.8% chance)
2026-02-13 14:04:07 [[32minfo[39m]: Transaction successful: Jinx GÂ∆ Neon, 100 credits (59.6% chance)
2026-02-13 14:04:07 [[32minfo[39m]: Transaction successful: Frost GÂ∆ Echo, 1445 credits (90.3% chance)
2026-02-13 14:04:07 [[32minfo[39m]: Transaction successful: Jinx GÂ∆ Neon, 100 credits (59.6% chance)
2026-02-13 14:04:07 [[32minfo[39m]: Transaction failed: Jinx GÂ∆ Neon, 100 credits (59.6% chance)
2026-02-13 14:04:07 [[32minfo[39m]: Transaction failed: Jinx GÂ∆ Neon, 100 credits (59.6% chance)
2026-02-13 14:04:07 [[32minfo[39m]: Transaction successful: Jinx GÂ∆ Neon, 100 credits (59.6% chance)
2026-02-13 14:04:07 [[32minfo[39m]: Transaction failed: Jinx GÂ∆ Neon, 100 credits (59.6% chance)
2026-02-13 14:04:07 [[32minfo[39m]: Transaction successful: Jinx GÂ∆ Neon, 100 credits (59.6% chance)
2026-02-13 14:04:07 [[32minfo[39m]: Transaction failed: Jinx GÂ∆ Neon, 100 credits (59.6% chance)
2026-02-13 14:04:07 [[32minfo[39m]: Initializing 2 agents with initial balance 2401
2026-02-13 14:04:07 [[32minfo[39m]: Successfully initialized 2 agents
2026-02-13 14:04:07 [[32minfo[39m]: Transaction successful: Dagger GÂ∆ Byte, 1839 credits (89.0% chance)
2026-02-13 14:04:07 [[32minfo[39m]: Transaction successful: Jinx GÂ∆ Neon, 100 credits (59.6% chance)
2026-02-13 14:04:07 [[32minfo[39m]: Transaction failed: Jinx GÂ∆ Neon, 100 credits (59.6% chance)
2026-02-13 14:04:07 [[32minfo[39m]: Transaction successful: Jinx GÂ∆ Neon, 100 credits (59.6% chance)
2026-02-13 14:04:07 [[32minfo[39m]: Transaction failed: Jinx GÂ∆ Neon, 100 credits (59.6% chance)
2026-02-13 14:04:07 [[32minfo[39m]: Transaction successful: Jinx GÂ∆ Neon, 100 credits (59.6% chance)
2026-02-13 14:04:07 [[32minfo[39m]: Transaction successful: Jinx GÂ∆ Neon, 100 credits (59.6% chance)
2026-02-13 14:04:07 [[32minfo[39m]: Transaction failed: Jinx GÂ∆ Neon, 100 credits (59.6% chance)
2026-02-13 14:04:07 [[32minfo[39m]: Initializing 17 agents with initial balance 3339
2026-02-13 14:04:07 [[32minfo[39m]: Successfully initialized 17 agents
2026-02-13 14:04:07 [[32minfo[39m]: Transaction successful: Flux GÂ∆ Maze, 1350 credits (89.3% chance)
2026-02-13 14:04:07 [[32minfo[39m]: Transaction failed: Jinx GÂ∆ Neon, 100 credits (59.6% chance)
2026-02-13 14:04:07 [[32minfo[39m]: Transaction successful: Spike GÂ∆ Quantum, 1358 credits (89.9% chance)
2026-02-13 14:04:07 [[32minfo[39m]: Transaction failed: Jinx GÂ∆ Neon, 100 credits (59.6% chance)
2026-02-13 14:04:07 [[32minfo[39m]: Transaction failed: Maze GÂ∆ Raven, 1996 credits (91.3% chance)
2026-02-13 14:04:07 [[32minfo[39m]: Transaction successful: Jinx GÂ∆ Neon, 100 credits (59.6% chance)
2026-02-13 14:04:07 [[32minfo[39m]: Transaction successful: Wraith GÂ∆ Byte, 1748 credits (90.1% chance)
2026-02-13 14:04:07 [[32minfo[39m]: Transaction successful: Jinx GÂ∆ Neon, 100 credits (59.6% chance)
2026-02-13 14:04:07 [[32minfo[39m]: Transaction successful: Jinx GÂ∆ Frost, 2547 credits (91.6% chance)
2026-02-13 14:04:07 [[32minfo[39m]: Transaction failed: Jinx GÂ∆ Neon, 100 credits (59.6% chance)
2026-02-13 14:04:07 [[32minfo[39m]: Transaction failed: Crash GÂ∆ Dagger, 1895 credits (91.7% chance)
2026-02-13 14:04:07 [[32minfo[39m]: Transaction successful: Jinx GÂ∆ Neon, 100 credits (59.6% chance)
2026-02-13 14:04:07 [[32minfo[39m]: Transaction successful: Frost GÂ∆ Ghost, 1783 credits (91.5% chance)
2026-02-13 14:04:07 [[32minfo[39m]: Transaction failed: Jinx GÂ∆ Neon, 100 credits (59.6% chance)
2026-02-13 14:04:07 [[32minfo[39m]: Transaction successful: Zero GÂ∆ Frost, 1979 credits (90.8% chance)
2026-02-13 14:04:07 [[32minfo[39m]: Transaction successful: Jinx GÂ∆ Neon, 100 credits (59.6% chance)
2026-02-13 14:04:07 [[32minfo[39m]: Transaction successful: Jinx GÂ∆ Neon, 100 credits (59.6% chance)
2026-02-13 14:04:07 [[32minfo[39m]: Transaction successful: Jinx GÂ∆ Neon, 100 credits (59.6% chance)
2026-02-13 14:04:07 [[32minfo[39m]: Transaction successful: Jinx GÂ∆ Neon, 100 credits (59.6% chance)
2026-02-13 14:04:07 [[32minfo[39m]: Transaction successful: Jinx GÂ∆ Neon, 100 credits (59.6% chance)
2026-02-13 14:04:07 [[32minfo[39m]: Initializing 6 agents with initial balance 4997
2026-02-13 14:04:07 [[32minfo[39m]: Successfully initialized 6 agents
2026-02-13 14:04:07 [[32minfo[39m]: Transaction successful: Apex GÂ∆ Edge, 446 credits (88.2% chance)
2026-02-13 14:04:07 [[32minfo[39m]: Transaction successful: Apex GÂ∆ Edge, 3606 credits (88.9% chance)
2026-02-13 14:04:07 [[32minfo[39m]: Transaction successful: Byte GÂ∆ Flux, 443 credits (88.8% chance)
2026-02-13 14:04:07 [[32minfo[39m]: Transaction successful: Shadow GÂ∆ Cipher, 1252 credits (91.8% chance)
2026-02-13 14:04:07 [[32minfo[39m]: Transaction successful: Byte GÂ∆ Shadow, 716 credits (91.2% chance)
2026-02-13 14:04:07 [[32minfo[39m]: Initializing 2 agents with initial balance 1000000
2026-02-13 14:04:07 [[32minfo[39m]: Successfully initialized 2 agents
2026-02-13 14:04:07 [[32minfo[39m]: Transaction successful: Raven GÂ∆ Blade, 100 credits (92.3% chance)
2026-02-13 14:04:07 [[32minfo[39m]: Transaction successful: Edge GÂ∆ Byte, 5649 credits (90.1% chance)
2026-02-13 14:04:07 [[32minfo[39m]: Transaction successful: Raven GÂ∆ Blade, 100 credits (92.3% chance)
2026-02-13 14:04:07 [[32minfo[39m]: Transaction successful: Raven GÂ∆ Blade, 100 credits (92.3% chance)
2026-02-13 14:04:07 [[32minfo[39m]: Transaction successful: Raven GÂ∆ Blade, 100 credits (92.3% chance)
2026-02-13 14:04:07 [[32minfo[39m]: Transaction successful: Raven GÂ∆ Blade, 100 credits (92.3% chance)
2026-02-13 14:04:07 [[32minfo[39m]: Transaction successful: Raven GÂ∆ Blade, 100 credits (92.3% chance)
2026-02-13 14:04:07 [[32minfo[39m]: Transaction successful: Raven GÂ∆ Blade, 100 credits (92.3% chance)
2026-02-13 14:04:07 [[32minfo[39m]: Transaction successful: Raven GÂ∆ Blade, 100 credits (92.3% chance)
2026-02-13 14:04:07 [[32minfo[39m]: Initializing 5 agents with initial balance 2134
2026-02-13 14:04:07 [[32minfo[39m]: Successfully initialized 5 agents
2026-02-13 14:04:07 [[32minfo[39m]: Transaction successful: Cipher GÂ∆ Jinx, 1269 credits (90.5% chance)
2026-02-13 14:04:07 [[32minfo[39m]: Transaction failed: Raven GÂ∆ Blade, 100 credits (92.3% chance)
2026-02-13 14:04:07 [[32minfo[39m]: Transaction successful: Cipher GÂ∆ Jinx, 60 credits (91.2% chance)
2026-02-13 14:04:07 [[32minfo[39m]: Transaction successful: Raven GÂ∆ Blade, 100 credits (92.3% chance)
2026-02-13 14:04:07 [[32minfo[39m]: Transaction successful: Raven GÂ∆ Blade, 100 credits (92.3% chance)
2026-02-13 14:04:07 [[32minfo[39m]: Transaction successful: Raven GÂ∆ Blade, 100 credits (92.3% chance)
2026-02-13 14:04:07 [[32minfo[39m]: Transaction failed: Raven GÂ∆ Blade, 100 credits (92.3% chance)
2026-02-13 14:04:07 [[32minfo[39m]: Transaction successful: Raven GÂ∆ Blade, 100 credits (92.3% chance)
2026-02-13 14:04:07 [[32minfo[39m]: Transaction successful: Raven GÂ∆ Blade, 100 credits (92.3% chance)
2026-02-13 14:04:07 [[32minfo[39m]: Transaction successful: Raven GÂ∆ Blade, 100 credits (92.3% chance)
2026-02-13 14:04:07 [[32minfo[39m]: Initializing 3 agents with initial balance 2380
2026-02-13 14:04:07 [[32minfo[39m]: Successfully initialized 3 agents
2026-02-13 14:04:07 [[32minfo[39m]: Transaction successful: Cipher GÂ∆ Spike, 925 credits (88.4% chance)
2026-02-13 14:04:07 [[32minfo[39m]: Transaction successful: Raven GÂ∆ Blade, 100 credits (92.3% chance)
2026-02-13 14:04:07 [[32minfo[39m]: Transaction successful: Flux GÂ∆ Cipher, 1022 credits (89.9% chance)
2026-02-13 14:04:07 [[32minfo[39m]: Transaction successful: Raven GÂ∆ Blade, 100 credits (92.3% chance)
2026-02-13 14:04:07 [[32minfo[39m]: Transaction successful: Spike GÂ∆ Flux, 1761 credits (90.2% chance)
2026-02-13 14:04:07 [[32minfo[39m]: Transaction successful: Raven GÂ∆ Blade, 100 credits (92.3% chance)
2026-02-13 14:04:07 [[32minfo[39m]: Transaction successful: Spike GÂ∆ Flux, 1123 credits (90.7% chance)
2026-02-13 14:04:07 [[32minfo[39m]: Transaction successful: Raven GÂ∆ Blade, 100 credits (92.3% chance)
2026-02-13 14:04:07 [[32minfo[39m]: Transaction successful: Spike GÂ∆ Flux, 193 credits (91.6% chance)
2026-02-13 14:04:07 [[32minfo[39m]: Transaction successful: Raven GÂ∆ Blade, 100 credits (92.3% chance)
2026-02-13 14:04:07 [[32minfo[39m]: Transaction successful: Cipher GÂ∆ Flux, 1096 credits (91.8% chance)
2026-02-13 14:04:07 [[32minfo[39m]: Transaction successful: Raven GÂ∆ Blade, 100 credits (92.3% chance)
2026-02-13 14:04:07 [[32minfo[39m]: Transaction successful: Flux GÂ∆ Spike, 3581 credits (92.6% chance)
2026-02-13 14:04:07 [[32minfo[39m]: Transaction successful: Raven GÂ∆ Blade, 100 credits (92.3% chance)
2026-02-13 14:04:07 [[32minfo[39m]: Transaction successful: Spike GÂ∆ Flux, 1635 credits (93.1% chance)
2026-02-13 14:04:07 [[32minfo[39m]: Transaction successful: Raven GÂ∆ Blade, 100 credits (92.3% chance)
2026-02-13 14:04:07 [[32minfo[39m]: Transaction successful: Raven GÂ∆ Blade, 100 credits (92.3% chance)
2026-02-13 14:04:07 [[32minfo[39m]: Transaction successful: Raven GÂ∆ Blade, 100 credits (92.3% chance)
2026-02-13 14:04:07 [[32minfo[39m]: Transaction successful: Raven GÂ∆ Blade, 100 credits (92.3% chance)
2026-02-13 14:04:07 [[32minfo[39m]: Transaction successful: Raven GÂ∆ Blade, 100 credits (92.3% chance)
2026-02-13 14:04:07 [[32minfo[39m]: Transaction failed: Raven GÂ∆ Blade, 100 credits (92.3% chance)
2026-02-13 14:04:07 [[32minfo[39m]: Transaction successful: Raven GÂ∆ Blade, 100 credits (92.3% chance)
2026-02-13 14:04:07 [[32minfo[39m]: Initializing 15 agents with initial balance 504
2026-02-13 14:04:07 [[32minfo[39m]: Successfully initialized 15 agents
2026-02-13 14:04:07 [[32minfo[39m]: Transaction successful: Kode GÂ∆ Raven, 454 credits (89.7% chance)
2026-02-13 14:04:07 [[32minfo[39m]: Transaction successful: Raven GÂ∆ Blade, 100 credits (92.3% chance)
2026-02-13 14:04:07 [[32minfo[39m]: Transaction successful: Raven GÂ∆ Blade, 100 credits (92.3% chance)
2026-02-13 14:04:07 [[32minfo[39m]: Transaction failed: Raven GÂ∆ Blade, 100 credits (92.3% chance)
2026-02-13 14:04:07 [[32minfo[39m]: Transaction successful: Raven GÂ∆ Blade, 100 credits (92.3% chance)
2026-02-13 14:04:07 [[32minfo[39m]: Transaction successful: Raven GÂ∆ Blade, 100 credits (92.3% chance)
2026-02-13 14:04:07 [[32minfo[39m]: Transaction successful: Raven GÂ∆ Blade, 100 credits (92.3% chance)
2026-02-13 14:04:07 [[32minfo[39m]: Transaction successful: Raven GÂ∆ Blade, 100 credits (92.3% chance)
2026-02-13 14:04:07 [[32minfo[39m]: Initializing 15 agents with initial balance 4993
2026-02-13 14:04:07 [[32minfo[39m]: Successfully initialized 15 agents
2026-02-13 14:04:07 [[32minfo[39m]: Transaction successful: Viper GÂ∆ Dagger, 954 credits (89.9% chance)
2026-02-13 14:04:07 [[32minfo[39m]: Transaction successful: Raven GÂ∆ Blade, 100 credits (92.3% chance)
2026-02-13 14:04:07 [[32minfo[39m]: Transaction successful: Viper GÂ∆ Apex, 326 credits (88.7% chance)
2026-02-13 14:04:07 [[32minfo[39m]: Transaction successful: Raven GÂ∆ Blade, 100 credits (92.3% chance)
2026-02-13 14:04:07 [[32minfo[39m]: Transaction failed: Vex GÂ∆ Edge, 2566 credits (90.5% chance)
2026-02-13 14:04:07 [[32minfo[39m]: Transaction successful: Raven GÂ∆ Blade, 100 credits (92.3% chance)
2026-02-13 14:04:07 [[32minfo[39m]: Transaction successful: Raven GÂ∆ Blade, 100 credits (92.3% chance)
2026-02-13 14:04:07 [[32minfo[39m]: Transaction successful: Raven GÂ∆ Blade, 100 credits (92.3% chance)
2026-02-13 14:04:07 [[32minfo[39m]: Transaction successful: Raven GÂ∆ Blade, 100 credits (92.3% chance)
2026-02-13 14:04:07 [[32minfo[39m]: Transaction successful: Raven GÂ∆ Blade, 100 credits (92.3% chance)
2026-02-13 14:04:07 [[32minfo[39m]: Transaction successful: Raven GÂ∆ Blade, 100 credits (92.3% chance)
2026-02-13 14:04:07 [[32minfo[39m]: Transaction failed: Raven GÂ∆ Blade, 100 credits (92.3% chance)
2026-02-13 14:04:07 [[32minfo[39m]: Initializing 19 agents with initial balance 3393
2026-02-13 14:04:07 [[32minfo[39m]: Successfully initialized 19 agents
2026-02-13 14:04:07 [[32minfo[39m]: Transaction failed: Raven GÂ∆ Cipher, 74 credits (88.5% chance)
2026-02-13 14:04:07 [[32minfo[39m]: Transaction successful: Raven GÂ∆ Blade, 100 credits (92.3% chance)
2026-02-13 14:04:07 [[32minfo[39m]: Transaction successful: Ghost GÂ∆ Spike, 1384 credits (90.1% chance)
2026-02-13 14:04:07 [[32minfo[39m]: Transaction successful: Raven GÂ∆ Blade, 100 credits (92.3% chance)
2026-02-13 14:04:07 [[32minfo[39m]: Transaction successful: Blade GÂ∆ Pulse, 370 credits (90.5% chance)
2026-02-13 14:04:07 [[32minfo[39m]: Transaction successful: Raven GÂ∆ Blade, 100 credits (92.3% chance)
2026-02-13 14:04:07 [[32minfo[39m]: Transaction successful: Lynx GÂ∆ Edge, 170 credits (90.7% chance)
2026-02-13 14:04:07 [[32minfo[39m]: Transaction failed: Raven GÂ∆ Blade, 100 credits (92.3% chance)
2026-02-13 14:04:07 [[32minfo[39m]: Transaction successful: Raven GÂ∆ Cipher, 1065 credits (88.3% chance)
2026-02-13 14:04:07 [[32minfo[39m]: Transaction successful: Raven GÂ∆ Blade, 100 credits (92.3% chance)
2026-02-13 14:04:07 [[32minfo[39m]: Transaction successful: Dagger GÂ∆ Vex, 2517 credits (89.0% chance)
2026-02-13 14:04:07 [[32minfo[39m]: Transaction successful: Raven GÂ∆ Blade, 100 credits (92.3% chance)
2026-02-13 14:04:07 [[32minfo[39m]: Transaction failed: Maze GÂ∆ Blade, 1783 credits (90.5% chance)
2026-02-13 14:04:07 [[32minfo[39m]: Transaction successful: Raven GÂ∆ Blade, 100 credits (92.3% chance)
2026-02-13 14:04:07 [[32minfo[39m]: Transaction successful: Spike GÂ∆ Blade, 2523 credits (90.4% chance)
2026-02-13 14:04:07 [[32minfo[39m]: Transaction successful: Raven GÂ∆ Blade, 100 credits (92.3% chance)
2026-02-13 14:04:07 [[32minfo[39m]: Transaction successful: Ghost GÂ∆ Cipher, 497 credits (89.7% chance)
2026-02-13 14:04:07 [[32minfo[39m]: Transaction successful: Raven GÂ∆ Blade, 100 credits (92.3% chance)
2026-02-13 14:04:07 [[32minfo[39m]: Transaction successful: Raven GÂ∆ Blade, 100 credits (92.3% chance)
2026-02-13 14:04:07 [[32minfo[39m]: Transaction successful: Raven GÂ∆ Blade, 100 credits (92.3% chance)
2026-02-13 14:04:07 [[32minfo[39m]: Transaction successful: Raven GÂ∆ Blade, 100 credits (92.3% chance)
2026-02-13 14:04:07 [[32minfo[39m]: Transaction successful: Raven GÂ∆ Blade, 100 credits (92.3% chance)
2026-02-13 14:04:07 [[32minfo[39m]: Transaction successful: Raven GÂ∆ Blade, 100 credits (92.3% chance)
2026-02-13 14:04:07 [[32minfo[39m]: Transaction failed: Raven GÂ∆ Blade, 100 credits (92.3% chance)
2026-02-13 14:04:07 [[32minfo[39m]: Transaction successful: Raven GÂ∆ Blade, 100 credits (92.3% chance)
2026-02-13 14:04:07 [[32minfo[39m]: Transaction successful: Raven GÂ∆ Blade, 100 credits (92.3% chance)
2026-02-13 14:04:07 [[32minfo[39m]: Transaction successful: Raven GÂ∆ Blade, 100 credits (92.3% chance)
2026-02-13 14:04:07 [[32minfo[39m]: Transaction successful: Raven GÂ∆ Blade, 100 credits (92.3% chance)
2026-02-13 14:04:07 [[32minfo[39m]: Transaction successful: Raven GÂ∆ Blade, 100 credits (92.3% chance)
2026-02-13 14:04:07 [[32minfo[39m]: Transaction successful: Raven GÂ∆ Blade, 100 credits (92.3% chance)
2026-02-13 14:04:07 [[32minfo[39m]: Transaction successful: Raven GÂ∆ Blade, 100 credits (92.3% chance)
2026-02-13 14:04:07 [[32minfo[39m]: Transaction successful: Raven GÂ∆ Blade, 100 credits (92.3% chance)
2026-02-13 14:04:07 [[32minfo[39m]: Transaction successful: Raven GÂ∆ Blade, 100 credits (92.3% chance)
2026-02-13 14:04:07 [[32minfo[39m]: Transaction successful: Raven GÂ∆ Blade, 100 credits (92.3% chance)
2026-02-13 14:04:07 [[32minfo[39m]: Transaction successful: Raven GÂ∆ Blade, 100 credits (92.3% chance)
2026-02-13 14:04:07 [[32minfo[39m]: Transaction successful: Raven GÂ∆ Blade, 100 credits (92.3% chance)
2026-02-13 14:04:07 [[32minfo[39m]: Transaction successful: Raven GÂ∆ Blade, 100 credits (92.3% chance)
2026-02-13 14:04:07 [[32minfo[39m]: Transaction successful: Raven GÂ∆ Blade, 100 credits (92.3% chance)
2026-02-13 14:04:07 [[32minfo[39m]: Transaction successful: Raven GÂ∆ Blade, 100 credits (92.3% chance)
2026-02-13 14:04:07 [[32minfo[39m]: Transaction successful: Raven GÂ∆ Blade, 100 credits (92.3% chance)
2026-02-13 14:04:07 [[32minfo[39m]: Transaction successful: Raven GÂ∆ Blade, 100 credits (92.3% chance)
2026-02-13 14:04:07 [[32minfo[39m]: Transaction failed: Raven GÂ∆ Blade, 100 credits (92.3% chance)
2026-02-13 14:04:07 [[32minfo[39m]: Transaction successful: Raven GÂ∆ Blade, 100 credits (92.3% chance)
2026-02-13 14:04:07 [[32minfo[39m]: Transaction successful: Raven GÂ∆ Blade, 100 credits (92.3% chance)
2026-02-13 14:04:07 [[32minfo[39m]: Transaction successful: Raven GÂ∆ Blade, 100 credits (92.3% chance)
2026-02-13 14:04:07 [[32minfo[39m]: Transaction successful: Raven GÂ∆ Blade, 100 credits (92.3% chance)
2026-02-13 14:04:07 [[32minfo[39m]: Transaction failed: Raven GÂ∆ Blade, 100 credits (92.3% chance)
2026-02-13 14:04:07 [[32minfo[39m]: Transaction successful: Raven GÂ∆ Blade, 100 credits (92.3% chance)
2026-02-13 14:04:07 [[32minfo[39m]: Transaction successful: Raven GÂ∆ Blade, 100 credits (92.3% chance)
2026-02-13 14:04:07 [[32minfo[39m]: Transaction successful: Raven GÂ∆ Blade, 100 credits (92.3% chance)
2026-02-13 14:04:07 [[32minfo[39m]: Transaction successful: Raven GÂ∆ Blade, 100 credits (92.3% chance)
2026-02-13 14:04:07 [[32minfo[39m]: Transaction successful: Raven GÂ∆ Blade, 100 credits (92.3% chance)
2026-02-13 14:04:07 [[32minfo[39m]: Transaction successful: Raven GÂ∆ Blade, 100 credits (92.3% chance)
2026-02-13 14:04:07 [[32minfo[39m]: Transaction successful: Raven GÂ∆ Blade, 100 credits (92.3% chance)
2026-02-13 14:04:07 [[32minfo[39m]: Transaction failed: Raven GÂ∆ Blade, 100 credits (92.3% chance)
2026-02-13 14:04:07 [[32minfo[39m]: Transaction successful: Raven GÂ∆ Blade, 100 credits (92.3% chance)
2026-02-13 14:04:07 [[32minfo[39m]: Transaction successful: Raven GÂ∆ Blade, 100 credits (92.3% chance)
2026-02-13 14:04:07 [[32minfo[39m]: Transaction successful: Raven GÂ∆ Blade, 100 credits (92.3% chance)
2026-02-13 14:04:07 [[32minfo[39m]: Transaction successful: Raven GÂ∆ Blade, 100 credits (92.3% chance)
2026-02-13 14:04:07 [[32minfo[39m]: Transaction successful: Raven GÂ∆ Blade, 100 credits (92.3% chance)
2026-02-13 14:04:07 [[32minfo[39m]: Transaction successful: Raven GÂ∆ Blade, 100 credits (92.3% chance)
2026-02-13 14:04:07 [[32minfo[39m]: Transaction successful: Raven GÂ∆ Blade, 100 credits (92.3% chance)
2026-02-13 14:04:07 [[32minfo[39m]: Transaction failed: Raven GÂ∆ Blade, 100 credits (92.3% chance)
2026-02-13 14:04:07 [[32minfo[39m]: Initializing 2 agents with initial balance 1000000
2026-02-13 14:04:07 [[32minfo[39m]: Successfully initialized 2 agents
2026-02-13 14:04:07 [[32minfo[39m]: Transaction successful: Nova GÂ∆ Shadow, 100 credits (68.7% chance)
2026-02-13 14:04:07 [[32minfo[39m]: Transaction successful: Nova GÂ∆ Shadow, 100 credits (68.7% chance)
2026-02-13 14:04:07 [[32minfo[39m]: Transaction successful: Nova GÂ∆ Shadow, 100 credits (68.7% chance)
2026-02-13 14:04:07 [[32minfo[39m]: Transaction successful: Nova GÂ∆ Shadow, 100 credits (68.7% chance)
2026-02-13 14:04:07 [[32minfo[39m]: Transaction successful: Nova GÂ∆ Shadow, 100 credits (68.7% chance)
2026-02-13 14:04:07 [[32minfo[39m]: Transaction successful: Nova GÂ∆ Shadow, 100 credits (68.7% chance)
2026-02-13 14:04:07 [[32minfo[39m]: Transaction failed: Nova GÂ∆ Shadow, 100 credits (68.7% chance)
2026-02-13 14:04:07 [[32minfo[39m]: Transaction failed: Nova GÂ∆ Shadow, 100 credits (68.7% chance)
2026-02-13 14:04:07 [[32minfo[39m]: Transaction successful: Nova GÂ∆ Shadow, 100 credits (68.7% chance)
2026-02-13 14:04:07 [[32minfo[39m]: Transaction successful: Nova GÂ∆ Shadow, 100 credits (68.7% chance)
2026-02-13 14:04:07 [[32minfo[39m]: Transaction successful: Nova GÂ∆ Shadow, 100 credits (68.7% chance)
2026-02-13 14:04:07 [[32minfo[39m]: Transaction successful: Nova GÂ∆ Shadow, 100 credits (68.7% chance)
2026-02-13 14:04:07 [[32minfo[39m]: Transaction successful: Nova GÂ∆ Shadow, 100 credits (68.7% chance)
2026-02-13 14:04:07 [[32minfo[39m]: Transaction successful: Nova GÂ∆ Shadow, 100 credits (68.7% chance)
2026-02-13 14:04:07 [[32minfo[39m]: Transaction successful: Nova GÂ∆ Shadow, 100 credits (68.7% chance)
2026-02-13 14:04:07 [[32minfo[39m]: Transaction successful: Nova GÂ∆ Shadow, 100 credits (68.7% chance)
2026-02-13 14:04:07 [[32minfo[39m]: Transaction successful: Nova GÂ∆ Shadow, 100 credits (68.7% chance)
2026-02-13 14:04:07 [[32minfo[39m]: Transaction failed: Nova GÂ∆ Shadow, 100 credits (68.7% chance)
2026-02-13 14:04:07 [[32minfo[39m]: Transaction successful: Nova GÂ∆ Shadow, 100 credits (68.7% chance)
2026-02-13 14:04:07 [[32minfo[39m]: Transaction failed: Nova GÂ∆ Shadow, 100 credits (68.7% chance)
2026-02-13 14:04:07 [[32minfo[39m]: Transaction successful: Nova GÂ∆ Shadow, 100 credits (68.7% chance)
2026-02-13 14:04:07 [[32minfo[39m]: Transaction successful: Nova GÂ∆ Shadow, 100 credits (68.7% chance)
2026-02-13 14:04:07 [[32minfo[39m]: Transaction failed: Nova GÂ∆ Shadow, 100 credits (68.7% chance)
2026-02-13 14:04:07 [[32minfo[39m]: Transaction successful: Nova GÂ∆ Shadow, 100 credits (68.7% chance)
2026-02-13 14:04:07 [[32minfo[39m]: Transaction successful: Nova GÂ∆ Shadow, 100 credits (68.7% chance)
2026-02-13 14:04:07 [[32minfo[39m]: Transaction successful: Nova GÂ∆ Shadow, 100 credits (68.7% chance)
2026-02-13 14:04:07 [[32minfo[39m]: Transaction failed: Nova GÂ∆ Shadow, 100 credits (68.7% chance)
2026-02-13 14:04:07 [[32minfo[39m]: Transaction successful: Nova GÂ∆ Shadow, 100 credits (68.7% chance)
2026-02-13 14:04:07 [[32minfo[39m]: Transaction successful: Nova GÂ∆ Shadow, 100 credits (68.7% chance)
2026-02-13 14:04:07 [[32minfo[39m]: Transaction successful: Nova GÂ∆ Shadow, 100 credits (68.7% chance)
2026-02-13 14:04:07 [[32minfo[39m]: Transaction successful: Nova GÂ∆ Shadow, 100 credits (68.7% chance)
2026-02-13 14:04:07 [[32minfo[39m]: Transaction successful: Nova GÂ∆ Shadow, 100 credits (68.7% chance)
2026-02-13 14:04:07 [[32minfo[39m]: Transaction failed: Nova GÂ∆ Shadow, 100 credits (68.7% chance)
2026-02-13 14:04:07 [[32minfo[39m]: Transaction failed: Nova GÂ∆ Shadow, 100 credits (68.7% chance)
2026-02-13 14:04:07 [[32minfo[39m]: Transaction successful: Nova GÂ∆ Shadow, 100 credits (68.7% chance)
2026-02-13 14:04:07 [[32minfo[39m]: Transaction successful: Nova GÂ∆ Shadow, 100 credits (68.7% chance)
2026-02-13 14:04:07 [[32minfo[39m]: Transaction failed: Nova GÂ∆ Shadow, 100 credits (68.7% chance)
2026-02-13 14:04:07 [[32minfo[39m]: Transaction failed: Nova GÂ∆ Shadow, 100 credits (68.7% chance)
2026-02-13 14:04:07 [[32minfo[39m]: Transaction successful: Nova GÂ∆ Shadow, 100 credits (68.7% chance)
2026-02-13 14:04:07 [[32minfo[39m]: Transaction successful: Nova GÂ∆ Shadow, 100 credits (68.7% chance)
2026-02-13 14:04:07 [[32minfo[39m]: Transaction successful: Nova GÂ∆ Shadow, 100 credits (68.7% chance)
2026-02-13 14:04:07 [[32minfo[39m]: Transaction successful: Nova GÂ∆ Shadow, 100 credits (68.7% chance)
2026-02-13 14:04:07 [[32minfo[39m]: Transaction successful: Nova GÂ∆ Shadow, 100 credits (68.7% chance)
2026-02-13 14:04:07 [[32minfo[39m]: Transaction successful: Nova GÂ∆ Shadow, 100 credits (68.7% chance)
2026-02-13 14:04:07 [[32minfo[39m]: Transaction successful: Nova GÂ∆ Shadow, 100 credits (68.7% chance)
2026-02-13 14:04:07 [[32minfo[39m]: Transaction failed: Nova GÂ∆ Shadow, 100 credits (68.7% chance)
2026-02-13 14:04:07 [[32minfo[39m]: Transaction successful: Nova GÂ∆ Shadow, 100 credits (68.7% chance)
2026-02-13 14:04:07 [[32minfo[39m]: Transaction successful: Nova GÂ∆ Shadow, 100 credits (68.7% chance)
2026-02-13 14:04:07 [[32minfo[39m]: Transaction successful: Nova GÂ∆ Shadow, 100 credits (68.7% chance)
2026-02-13 14:04:07 [[32minfo[39m]: Transaction successful: Nova GÂ∆ Shadow, 100 credits (68.7% chance)
2026-02-13 14:04:07 [[32minfo[39m]: Transaction successful: Nova GÂ∆ Shadow, 100 credits (68.7% chance)
2026-02-13 14:04:07 [[32minfo[39m]: Transaction successful: Nova GÂ∆ Shadow, 100 credits (68.7% chance)
2026-02-13 14:04:07 [[32minfo[39m]: Transaction successful: Nova GÂ∆ Shadow, 100 credits (68.7% chance)
2026-02-13 14:04:07 [[32minfo[39m]: Transaction successful: Nova GÂ∆ Shadow, 100 credits (68.7% chance)
2026-02-13 14:04:07 [[32minfo[39m]: Transaction successful: Nova GÂ∆ Shadow, 100 credits (68.7% chance)
2026-02-13 14:04:07 [[32minfo[39m]: Transaction successful: Nova GÂ∆ Shadow, 100 credits (68.7% chance)
2026-02-13 14:04:07 [[32minfo[39m]: Transaction failed: Nova GÂ∆ Shadow, 100 credits (68.7% chance)
2026-02-13 14:04:07 [[32minfo[39m]: Transaction successful: Nova GÂ∆ Shadow, 100 credits (68.7% chance)
2026-02-13 14:04:07 [[32minfo[39m]: Transaction failed: Nova GÂ∆ Shadow, 100 credits (68.7% chance)
2026-02-13 14:04:07 [[32minfo[39m]: Transaction successful: Nova GÂ∆ Shadow, 100 credits (68.7% chance)
2026-02-13 14:04:07 [[32minfo[39m]: Transaction successful: Nova GÂ∆ Shadow, 100 credits (68.7% chance)
2026-02-13 14:04:07 [[32minfo[39m]: Transaction successful: Nova GÂ∆ Shadow, 100 credits (68.7% chance)
2026-02-13 14:04:07 [[32minfo[39m]: Transaction failed: Nova GÂ∆ Shadow, 100 credits (68.7% chance)
2026-02-13 14:04:07 [[32minfo[39m]: Transaction successful: Nova GÂ∆ Shadow, 100 credits (68.7% chance)
2026-02-13 14:04:07 [[32minfo[39m]: Transaction successful: Nova GÂ∆ Shadow, 100 credits (68.7% chance)
2026-02-13 14:04:07 [[32minfo[39m]: Transaction failed: Nova GÂ∆ Shadow, 100 credits (68.7% chance)
2026-02-13 14:04:07 [[32minfo[39m]: Transaction successful: Nova GÂ∆ Shadow, 100 credits (68.7% chance)
2026-02-13 14:04:07 [[32minfo[39m]: Transaction successful: Nova GÂ∆ Shadow, 100 credits (68.7% chance)
2026-02-13 14:04:07 [[32minfo[39m]: Transaction successful: Nova GÂ∆ Shadow, 100 credits (68.7% chance)
2026-02-13 14:04:07 [[32minfo[39m]: Transaction failed: Nova GÂ∆ Shadow, 100 credits (68.7% chance)
2026-02-13 14:04:07 [[32minfo[39m]: Transaction successful: Nova GÂ∆ Shadow, 100 credits (68.7% chance)
2026-02-13 14:04:07 [[32minfo[39m]: Transaction failed: Nova GÂ∆ Shadow, 100 credits (68.7% chance)
2026-02-13 14:04:07 [[32minfo[39m]: Transaction successful: Nova GÂ∆ Shadow, 100 credits (68.7% chance)
2026-02-13 14:04:07 [[32minfo[39m]: Transaction successful: Nova GÂ∆ Shadow, 100 credits (68.7% chance)
2026-02-13 14:04:07 [[32minfo[39m]: Transaction successful: Nova GÂ∆ Shadow, 100 credits (68.7% chance)
2026-02-13 14:04:07 [[32minfo[39m]: Transaction successful: Nova GÂ∆ Shadow, 100 credits (68.7% chance)
2026-02-13 14:04:07 [[32minfo[39m]: Transaction successful: Nova GÂ∆ Shadow, 100 credits (68.7% chance)
2026-02-13 14:04:07 [[32minfo[39m]: Transaction successful: Nova GÂ∆ Shadow, 100 credits (68.7% chance)
2026-02-13 14:04:07 [[32minfo[39m]: Transaction successful: Nova GÂ∆ Shadow, 100 credits (68.7% chance)
2026-02-13 14:04:07 [[32minfo[39m]: Transaction failed: Nova GÂ∆ Shadow, 100 credits (68.7% chance)
2026-02-13 14:04:07 [[32minfo[39m]: Transaction failed: Nova GÂ∆ Shadow, 100 credits (68.7% chance)
2026-02-13 14:04:07 [[32minfo[39m]: Transaction successful: Nova GÂ∆ Shadow, 100 credits (68.7% chance)
2026-02-13 14:04:07 [[32minfo[39m]: Transaction successful: Nova GÂ∆ Shadow, 100 credits (68.7% chance)
2026-02-13 14:04:07 [[32minfo[39m]: Transaction successful: Nova GÂ∆ Shadow, 100 credits (68.7% chance)
2026-02-13 14:04:07 [[32minfo[39m]: Transaction successful: Nova GÂ∆ Shadow, 100 credits (68.7% chance)
2026-02-13 14:04:07 [[32minfo[39m]: Transaction successful: Nova GÂ∆ Shadow, 100 credits (68.7% chance)
2026-02-13 14:04:07 [[32minfo[39m]: Transaction successful: Nova GÂ∆ Shadow, 100 credits (68.7% chance)
2026-02-13 14:04:07 [[32minfo[39m]: Transaction failed: Nova GÂ∆ Shadow, 100 credits (68.7% chance)
2026-02-13 14:04:07 [[32minfo[39m]: Transaction successful: Nova GÂ∆ Shadow, 100 credits (68.7% chance)
2026-02-13 14:04:07 [[32minfo[39m]: Transaction failed: Nova GÂ∆ Shadow, 100 credits (68.7% chance)
2026-02-13 14:04:07 [[32minfo[39m]: Transaction failed: Nova GÂ∆ Shadow, 100 credits (68.7% chance)
2026-02-13 14:04:07 [[32minfo[39m]: Transaction successful: Nova GÂ∆ Shadow, 100 credits (68.7% chance)
2026-02-13 14:04:07 [[32minfo[39m]: Transaction successful: Nova GÂ∆ Shadow, 100 credits (68.7% chance)
2026-02-13 14:04:07 [[32minfo[39m]: Transaction failed: Nova GÂ∆ Shadow, 100 credits (68.7% chance)
2026-02-13 14:04:07 [[32minfo[39m]: Transaction failed: Nova GÂ∆ Shadow, 100 credits (68.7% chance)
2026-02-13 14:04:07 [[32minfo[39m]: Transaction failed: Nova GÂ∆ Shadow, 100 credits (68.7% chance)
2026-02-13 14:04:07 [[32minfo[39m]: Transaction successful: Nova GÂ∆ Shadow, 100 credits (68.7% chance)
2026-02-13 14:04:07 [[32minfo[39m]: Transaction successful: Nova GÂ∆ Shadow, 100 credits (68.7% chance)
2026-02-13 14:04:07 [[32minfo[39m]: Transaction failed: Nova GÂ∆ Shadow, 100 credits (68.7% chance)
2026-02-13 14:04:07 [[32minfo[39m]: Transaction successful: Nova GÂ∆ Shadow, 100 credits (68.7% chance)
2026-02-13 14:04:07 [[32minfo[39m]: Initializing 2 agents with initial balance 1000000
2026-02-13 14:04:07 [[32minfo[39m]: Successfully initialized 2 agents
2026-02-13 14:04:07 [[32minfo[39m]: Transaction failed: Echo GÂ∆ Flux, 100 credits (84.0% chance)
2026-02-13 14:04:07 [[32minfo[39m]: Transaction successful: Echo GÂ∆ Flux, 100 credits (84.0% chance)
2026-02-13 14:04:07 [[32minfo[39m]: Transaction successful: Echo GÂ∆ Flux, 100 credits (84.0% chance)
2026-02-13 14:04:07 [[32minfo[39m]: Transaction successful: Echo GÂ∆ Flux, 100 credits (84.0% chance)
2026-02-13 14:04:07 [[32minfo[39m]: Transaction successful: Echo GÂ∆ Flux, 100 credits (84.0% chance)
2026-02-13 14:04:07 [[32minfo[39m]: Transaction successful: Echo GÂ∆ Flux, 100 credits (84.0% chance)
2026-02-13 14:04:07 [[32minfo[39m]: Transaction successful: Echo GÂ∆ Flux, 100 credits (84.0% chance)
2026-02-13 14:04:07 [[32minfo[39m]: Transaction failed: Echo GÂ∆ Flux, 100 credits (84.0% chance)
2026-02-13 14:04:07 [[32minfo[39m]: Transaction successful: Echo GÂ∆ Flux, 100 credits (84.0% chance)
2026-02-13 14:04:07 [[32minfo[39m]: Transaction successful: Echo GÂ∆ Flux, 100 credits (84.0% chance)
2026-02-13 14:04:07 [[32minfo[39m]: Transaction successful: Echo GÂ∆ Flux, 100 credits (84.0% chance)
2026-02-13 14:04:07 [[32minfo[39m]: Transaction successful: Echo GÂ∆ Flux, 100 credits (84.0% chance)
2026-02-13 14:04:07 [[32minfo[39m]: Transaction successful: Echo GÂ∆ Flux, 100 credits (84.0% chance)
2026-02-13 14:04:07 [[32minfo[39m]: Transaction successful: Echo GÂ∆ Flux, 100 credits (84.0% chance)
2026-02-13 14:04:07 [[32minfo[39m]: Transaction successful: Echo GÂ∆ Flux, 100 credits (84.0% chance)
2026-02-13 14:04:07 [[32minfo[39m]: Transaction successful: Echo GÂ∆ Flux, 100 credits (84.0% chance)
2026-02-13 14:04:07 [[32minfo[39m]: Transaction successful: Echo GÂ∆ Flux, 100 credits (84.0% chance)
2026-02-13 14:04:07 [[32minfo[39m]: Transaction successful: Echo GÂ∆ Flux, 100 credits (84.0% chance)
2026-02-13 14:04:07 [[32minfo[39m]: Transaction successful: Echo GÂ∆ Flux, 100 credits (84.0% chance)
2026-02-13 14:04:07 [[32minfo[39m]: Transaction failed: Echo GÂ∆ Flux, 100 credits (84.0% chance)
2026-02-13 14:04:07 [[32minfo[39m]: Transaction successful: Echo GÂ∆ Flux, 100 credits (84.0% chance)
2026-02-13 14:04:07 [[32minfo[39m]: Transaction successful: Echo GÂ∆ Flux, 100 credits (84.0% chance)
2026-02-13 14:04:07 [[32minfo[39m]: Transaction successful: Echo GÂ∆ Flux, 100 credits (84.0% chance)
2026-02-13 14:04:07 [[32minfo[39m]: Transaction successful: Echo GÂ∆ Flux, 100 credits (84.0% chance)
2026-02-13 14:04:07 [[32minfo[39m]: Transaction successful: Echo GÂ∆ Flux, 100 credits (84.0% chance)
2026-02-13 14:04:07 [[32minfo[39m]: Transaction successful: Echo GÂ∆ Flux, 100 credits (84.0% chance)
2026-02-13 14:04:07 [[32minfo[39m]: Transaction successful: Echo GÂ∆ Flux, 100 credits (84.0% chance)
2026-02-13 14:04:07 [[32minfo[39m]: Transaction successful: Echo GÂ∆ Flux, 100 credits (84.0% chance)
2026-02-13 14:04:07 [[32minfo[39m]: Transaction failed: Echo GÂ∆ Flux, 100 credits (84.0% chance)
2026-02-13 14:04:07 [[32minfo[39m]: Transaction successful: Echo GÂ∆ Flux, 100 credits (84.0% chance)
2026-02-13 14:04:07 [[32minfo[39m]: Transaction failed: Echo GÂ∆ Flux, 100 credits (84.0% chance)
2026-02-13 14:04:07 [[32minfo[39m]: Transaction successful: Echo GÂ∆ Flux, 100 credits (84.0% chance)
2026-02-13 14:04:07 [[32minfo[39m]: Transaction successful: Echo GÂ∆ Flux, 100 credits (84.0% chance)
2026-02-13 14:04:07 [[32minfo[39m]: Transaction successful: Echo GÂ∆ Flux, 100 credits (84.0% chance)
2026-02-13 14:04:07 [[32minfo[39m]: Transaction successful: Echo GÂ∆ Flux, 100 credits (84.0% chance)
2026-02-13 14:04:07 [[32minfo[39m]: Transaction successful: Echo GÂ∆ Flux, 100 credits (84.0% chance)
2026-02-13 14:04:07 [[32minfo[39m]: Transaction failed: Echo GÂ∆ Flux, 100 credits (84.0% chance)
2026-02-13 14:04:07 [[32minfo[39m]: Transaction successful: Echo GÂ∆ Flux, 100 credits (84.0% chance)
2026-02-13 14:04:07 [[32minfo[39m]: Transaction successful: Echo GÂ∆ Flux, 100 credits (84.0% chance)
2026-02-13 14:04:07 [[32minfo[39m]: Transaction successful: Echo GÂ∆ Flux, 100 credits (84.0% chance)
2026-02-13 14:04:07 [[32minfo[39m]: Transaction failed: Echo GÂ∆ Flux, 100 credits (84.0% chance)
2026-02-13 14:04:07 [[32minfo[39m]: Transaction successful: Echo GÂ∆ Flux, 100 credits (84.0% chance)
2026-02-13 14:04:07 [[32minfo[39m]: Transaction failed: Echo GÂ∆ Flux, 100 credits (84.0% chance)
2026-02-13 14:04:07 [[32minfo[39m]: Transaction successful: Echo GÂ∆ Flux, 100 credits (84.0% chance)
2026-02-13 14:04:07 [[32minfo[39m]: Transaction failed: Echo GÂ∆ Flux, 100 credits (84.0% chance)
2026-02-13 14:04:07 [[32minfo[39m]: Transaction successful: Echo GÂ∆ Flux, 100 credits (84.0% chance)
2026-02-13 14:04:07 [[32minfo[39m]: Transaction successful: Echo GÂ∆ Flux, 100 credits (84.0% chance)
2026-02-13 14:04:07 [[32minfo[39m]: Transaction successful: Echo GÂ∆ Flux, 100 credits (84.0% chance)
2026-02-13 14:04:07 [[32minfo[39m]: Transaction successful: Echo GÂ∆ Flux, 100 credits (84.0% chance)
2026-02-13 14:04:07 [[32minfo[39m]: Transaction successful: Echo GÂ∆ Flux, 100 credits (84.0% chance)
2026-02-13 14:04:07 [[32minfo[39m]: Transaction successful: Echo GÂ∆ Flux, 100 credits (84.0% chance)
2026-02-13 14:04:07 [[32minfo[39m]: Transaction successful: Echo GÂ∆ Flux, 100 credits (84.0% chance)
2026-02-13 14:04:07 [[32minfo[39m]: Transaction failed: Echo GÂ∆ Flux, 100 credits (84.0% chance)
2026-02-13 14:04:07 [[32minfo[39m]: Transaction successful: Echo GÂ∆ Flux, 100 credits (84.0% chance)
2026-02-13 14:04:07 [[32minfo[39m]: Transaction successful: Echo GÂ∆ Flux, 100 credits (84.0% chance)
2026-02-13 14:04:07 [[32minfo[39m]: Transaction successful: Echo GÂ∆ Flux, 100 credits (84.0% chance)
2026-02-13 14:04:07 [[32minfo[39m]: Transaction successful: Echo GÂ∆ Flux, 100 credits (84.0% chance)
2026-02-13 14:04:07 [[32minfo[39m]: Transaction successful: Echo GÂ∆ Flux, 100 credits (84.0% chance)
2026-02-13 14:04:07 [[32minfo[39m]: Transaction successful: Echo GÂ∆ Flux, 100 credits (84.0% chance)
2026-02-13 14:04:07 [[32minfo[39m]: Transaction failed: Echo GÂ∆ Flux, 100 credits (84.0% chance)
2026-02-13 14:04:07 [[32minfo[39m]: Transaction successful: Echo GÂ∆ Flux, 100 credits (84.0% chance)
2026-02-13 14:04:07 [[32minfo[39m]: Transaction successful: Echo GÂ∆ Flux, 100 credits (84.0% chance)
2026-02-13 14:04:07 [[32minfo[39m]: Transaction successful: Echo GÂ∆ Flux, 100 credits (84.0% chance)
2026-02-13 14:04:07 [[32minfo[39m]: Transaction successful: Echo GÂ∆ Flux, 100 credits (84.0% chance)
2026-02-13 14:04:07 [[32minfo[39m]: Transaction successful: Echo GÂ∆ Flux, 100 credits (84.0% chance)
2026-02-13 14:04:07 [[32minfo[39m]: Transaction successful: Echo GÂ∆ Flux, 100 credits (84.0% chance)
2026-02-13 14:04:07 [[32minfo[39m]: Transaction successful: Echo GÂ∆ Flux, 100 credits (84.0% chance)
2026-02-13 14:04:07 [[32minfo[39m]: Transaction failed: Echo GÂ∆ Flux, 100 credits (84.0% chance)
2026-02-13 14:04:07 [[32minfo[39m]: Transaction successful: Echo GÂ∆ Flux, 100 credits (84.0% chance)
2026-02-13 14:04:07 [[32minfo[39m]: Transaction successful: Echo GÂ∆ Flux, 100 credits (84.0% chance)
2026-02-13 14:04:07 [[32minfo[39m]: Transaction successful: Echo GÂ∆ Flux, 100 credits (84.0% chance)
2026-02-13 14:04:07 [[32minfo[39m]: Transaction failed: Echo GÂ∆ Flux, 100 credits (84.0% chance)
2026-02-13 14:04:07 [[32minfo[39m]: Transaction successful: Echo GÂ∆ Flux, 100 credits (84.0% chance)
2026-02-13 14:04:07 [[32minfo[39m]: Transaction successful: Echo GÂ∆ Flux, 100 credits (84.0% chance)
2026-02-13 14:04:07 [[32minfo[39m]: Transaction successful: Echo GÂ∆ Flux, 100 credits (84.0% chance)
2026-02-13 14:04:07 [[32minfo[39m]: Transaction successful: Echo GÂ∆ Flux, 100 credits (84.0% chance)
2026-02-13 14:04:07 [[32minfo[39m]: Transaction failed: Echo GÂ∆ Flux, 100 credits (84.0% chance)
2026-02-13 14:04:07 [[32minfo[39m]: Transaction successful: Echo GÂ∆ Flux, 100 credits (84.0% chance)
2026-02-13 14:04:07 [[32minfo[39m]: Transaction failed: Echo GÂ∆ Flux, 100 credits (84.0% chance)
2026-02-13 14:04:07 [[32minfo[39m]: Transaction successful: Echo GÂ∆ Flux, 100 credits (84.0% chance)
2026-02-13 14:04:07 [[32minfo[39m]: Transaction successful: Echo GÂ∆ Flux, 100 credits (84.0% chance)
2026-02-13 14:04:07 [[32minfo[39m]: Transaction failed: Echo GÂ∆ Flux, 100 credits (84.0% chance)
2026-02-13 14:04:07 [[32minfo[39m]: Transaction successful: Echo GÂ∆ Flux, 100 credits (84.0% chance)
2026-02-13 14:04:07 [[32minfo[39m]: Transaction successful: Echo GÂ∆ Flux, 100 credits (84.0% chance)
2026-02-13 14:04:07 [[32minfo[39m]: Transaction successful: Echo GÂ∆ Flux, 100 credits (84.0% chance)
2026-02-13 14:04:07 [[32minfo[39m]: Transaction successful: Echo GÂ∆ Flux, 100 credits (84.0% chance)
2026-02-13 14:04:07 [[32minfo[39m]: Transaction successful: Echo GÂ∆ Flux, 100 credits (84.0% chance)
2026-02-13 14:04:07 [[32minfo[39m]: Transaction successful: Echo GÂ∆ Flux, 100 credits (84.0% chance)
2026-02-13 14:04:07 [[32minfo[39m]: Transaction successful: Echo GÂ∆ Flux, 100 credits (84.0% chance)
2026-02-13 14:04:07 [[32minfo[39m]: Transaction failed: Echo GÂ∆ Flux, 100 credits (84.0% chance)
2026-02-13 14:04:07 [[32minfo[39m]: Transaction failed: Echo GÂ∆ Flux, 100 credits (84.0% chance)
2026-02-13 14:04:07 [[32minfo[39m]: Transaction successful: Echo GÂ∆ Flux, 100 credits (84.0% chance)
2026-02-13 14:04:07 [[32minfo[39m]: Transaction failed: Echo GÂ∆ Flux, 100 credits (84.0% chance)
2026-02-13 14:04:07 [[32minfo[39m]: Transaction successful: Echo GÂ∆ Flux, 100 credits (84.0% chance)
2026-02-13 14:04:07 [[32minfo[39m]: Transaction failed: Echo GÂ∆ Flux, 100 credits (84.0% chance)
2026-02-13 14:04:07 [[32minfo[39m]: Transaction successful: Echo GÂ∆ Flux, 100 credits (84.0% chance)
2026-02-13 14:04:07 [[32minfo[39m]: Transaction successful: Echo GÂ∆ Flux, 100 credits (84.0% chance)
2026-02-13 14:04:07 [[32minfo[39m]: Transaction successful: Echo GÂ∆ Flux, 100 credits (84.0% chance)
2026-02-13 14:04:07 [[32minfo[39m]: Transaction failed: Echo GÂ∆ Flux, 100 credits (84.0% chance)
2026-02-13 14:04:07 [[32minfo[39m]: Transaction failed: Echo GÂ∆ Flux, 100 credits (84.0% chance)
2026-02-13 14:04:07 [[32minfo[39m]: Initializing 2 agents with initial balance 1000000
2026-02-13 14:04:07 [[32minfo[39m]: Successfully initialized 2 agents
2026-02-13 14:04:07 [[32minfo[39m]: Transaction successful: Edge GÂ∆ Wraith, 100 credits (60.7% chance)
2026-02-13 14:04:07 [[32minfo[39m]: Transaction failed: Edge GÂ∆ Wraith, 100 credits (60.7% chance)
2026-02-13 14:04:07 [[32minfo[39m]: Transaction successful: Edge GÂ∆ Wraith, 100 credits (60.7% chance)
2026-02-13 14:04:07 [[32minfo[39m]: Transaction successful: Edge GÂ∆ Wraith, 100 credits (60.7% chance)
2026-02-13 14:04:07 [[32minfo[39m]: Transaction failed: Edge GÂ∆ Wraith, 100 credits (60.7% chance)
2026-02-13 14:04:07 [[32minfo[39m]: Transaction successful: Edge GÂ∆ Wraith, 100 credits (60.7% chance)
2026-02-13 14:04:07 [[32minfo[39m]: Transaction failed: Edge GÂ∆ Wraith, 100 credits (60.7% chance)
2026-02-13 14:04:07 [[32minfo[39m]: Transaction successful: Edge GÂ∆ Wraith, 100 credits (60.7% chance)
2026-02-13 14:04:07 [[32minfo[39m]: Transaction failed: Edge GÂ∆ Wraith, 100 credits (60.7% chance)
2026-02-13 14:04:07 [[32minfo[39m]: Transaction successful: Edge GÂ∆ Wraith, 100 credits (60.7% chance)
2026-02-13 14:04:07 [[32minfo[39m]: Transaction successful: Edge GÂ∆ Wraith, 100 credits (60.7% chance)
2026-02-13 14:04:07 [[32minfo[39m]: Transaction failed: Edge GÂ∆ Wraith, 100 credits (60.7% chance)
2026-02-13 14:04:07 [[32minfo[39m]: Transaction successful: Edge GÂ∆ Wraith, 100 credits (60.7% chance)
2026-02-13 14:04:07 [[32minfo[39m]: Transaction failed: Edge GÂ∆ Wraith, 100 credits (60.7% chance)
2026-02-13 14:04:07 [[32minfo[39m]: Transaction successful: Edge GÂ∆ Wraith, 100 credits (60.7% chance)
2026-02-13 14:04:07 [[32minfo[39m]: Transaction successful: Edge GÂ∆ Wraith, 100 credits (60.7% chance)
2026-02-13 14:04:07 [[32minfo[39m]: Transaction successful: Edge GÂ∆ Wraith, 100 credits (60.7% chance)
2026-02-13 14:04:07 [[32minfo[39m]: Transaction successful: Edge GÂ∆ Wraith, 100 credits (60.7% chance)
2026-02-13 14:04:07 [[32minfo[39m]: Transaction failed: Edge GÂ∆ Wraith, 100 credits (60.7% chance)
2026-02-13 14:04:07 [[32minfo[39m]: Transaction failed: Edge GÂ∆ Wraith, 100 credits (60.7% chance)
2026-02-13 14:04:07 [[32minfo[39m]: Transaction failed: Edge GÂ∆ Wraith, 100 credits (60.7% chance)
2026-02-13 14:04:07 [[32minfo[39m]: Transaction successful: Edge GÂ∆ Wraith, 100 credits (60.7% chance)
2026-02-13 14:04:07 [[32minfo[39m]: Transaction successful: Edge GÂ∆ Wraith, 100 credits (60.7% chance)
2026-02-13 14:04:07 [[32minfo[39m]: Transaction successful: Edge GÂ∆ Wraith, 100 credits (60.7% chance)
2026-02-13 14:04:07 [[32minfo[39m]: Transaction failed: Edge GÂ∆ Wraith, 100 credits (60.7% chance)
2026-02-13 14:04:07 [[32minfo[39m]: Transaction successful: Edge GÂ∆ Wraith, 100 credits (60.7% chance)
2026-02-13 14:04:07 [[32minfo[39m]: Transaction successful: Edge GÂ∆ Wraith, 100 credits (60.7% chance)
2026-02-13 14:04:07 [[32minfo[39m]: Transaction failed: Edge GÂ∆ Wraith, 100 credits (60.7% chance)
2026-02-13 14:04:07 [[32minfo[39m]: Transaction failed: Edge GÂ∆ Wraith, 100 credits (60.7% chance)
2026-02-13 14:04:07 [[32minfo[39m]: Transaction successful: Edge GÂ∆ Wraith, 100 credits (60.7% chance)
2026-02-13 14:04:07 [[32minfo[39m]: Transaction failed: Edge GÂ∆ Wraith, 100 credits (60.7% chance)
2026-02-13 14:04:07 [[32minfo[39m]: Transaction successful: Edge GÂ∆ Wraith, 100 credits (60.7% chance)
2026-02-13 14:04:07 [[32minfo[39m]: Transaction failed: Edge GÂ∆ Wraith, 100 credits (60.7% chance)
2026-02-13 14:04:07 [[32minfo[39m]: Transaction successful: Edge GÂ∆ Wraith, 100 credits (60.7% chance)
2026-02-13 14:04:07 [[32minfo[39m]: Transaction successful: Edge GÂ∆ Wraith, 100 credits (60.7% chance)
2026-02-13 14:04:07 [[32minfo[39m]: Transaction successful: Edge GÂ∆ Wraith, 100 credits (60.7% chance)
2026-02-13 14:04:07 [[32minfo[39m]: Transaction successful: Edge GÂ∆ Wraith, 100 credits (60.7% chance)
2026-02-13 14:04:07 [[32minfo[39m]: Transaction successful: Edge GÂ∆ Wraith, 100 credits (60.7% chance)
2026-02-13 14:04:07 [[32minfo[39m]: Transaction successful: Edge GÂ∆ Wraith, 100 credits (60.7% chance)
2026-02-13 14:04:07 [[32minfo[39m]: Transaction failed: Edge GÂ∆ Wraith, 100 credits (60.7% chance)
2026-02-13 14:04:07 [[32minfo[39m]: Transaction successful: Edge GÂ∆ Wraith, 100 credits (60.7% chance)
2026-02-13 14:04:07 [[32minfo[39m]: Transaction successful: Edge GÂ∆ Wraith, 100 credits (60.7% chance)
2026-02-13 14:04:07 [[32minfo[39m]: Transaction failed: Edge GÂ∆ Wraith, 100 credits (60.7% chance)
2026-02-13 14:04:07 [[32minfo[39m]: Transaction successful: Edge GÂ∆ Wraith, 100 credits (60.7% chance)
2026-02-13 14:04:07 [[32minfo[39m]: Transaction successful: Edge GÂ∆ Wraith, 100 credits (60.7% chance)
2026-02-13 14:04:07 [[32minfo[39m]: Transaction failed: Edge GÂ∆ Wraith, 100 credits (60.7% chance)
2026-02-13 14:04:07 [[32minfo[39m]: Transaction failed: Edge GÂ∆ Wraith, 100 credits (60.7% chance)
2026-02-13 14:04:07 [[32minfo[39m]: Transaction failed: Edge GÂ∆ Wraith, 100 credits (60.7% chance)
2026-02-13 14:04:07 [[32minfo[39m]: Transaction successful: Edge GÂ∆ Wraith, 100 credits (60.7% chance)
2026-02-13 14:04:07 [[32minfo[39m]: Transaction successful: Edge GÂ∆ Wraith, 100 credits (60.7% chance)
2026-02-13 14:04:07 [[32minfo[39m]: Transaction failed: Edge GÂ∆ Wraith, 100 credits (60.7% chance)
2026-02-13 14:04:07 [[32minfo[39m]: Transaction failed: Edge GÂ∆ Wraith, 100 credits (60.7% chance)
2026-02-13 14:04:07 [[32minfo[39m]: Transaction failed: Edge GÂ∆ Wraith, 100 credits (60.7% chance)
2026-02-13 14:04:07 [[32minfo[39m]: Transaction successful: Edge GÂ∆ Wraith, 100 credits (60.7% chance)
2026-02-13 14:04:07 [[32minfo[39m]: Transaction failed: Edge GÂ∆ Wraith, 100 credits (60.7% chance)
2026-02-13 14:04:07 [[32minfo[39m]: Transaction successful: Edge GÂ∆ Wraith, 100 credits (60.7% chance)
2026-02-13 14:04:07 [[32minfo[39m]: Transaction failed: Edge GÂ∆ Wraith, 100 credits (60.7% chance)
2026-02-13 14:04:07 [[32minfo[39m]: Transaction failed: Edge GÂ∆ Wraith, 100 credits (60.7% chance)
2026-02-13 14:04:07 [[32minfo[39m]: Transaction successful: Edge GÂ∆ Wraith, 100 credits (60.7% chance)
2026-02-13 14:04:07 [[32minfo[39m]: Transaction failed: Edge GÂ∆ Wraith, 100 credits (60.7% chance)
2026-02-13 14:04:07 [[32minfo[39m]: Transaction failed: Edge GÂ∆ Wraith, 100 credits (60.7% chance)
2026-02-13 14:04:07 [[32minfo[39m]: Transaction successful: Edge GÂ∆ Wraith, 100 credits (60.7% chance)
2026-02-13 14:04:07 [[32minfo[39m]: Transaction successful: Edge GÂ∆ Wraith, 100 credits (60.7% chance)
2026-02-13 14:04:07 [[32minfo[39m]: Transaction successful: Edge GÂ∆ Wraith, 100 credits (60.7% chance)
2026-02-13 14:04:07 [[32minfo[39m]: Transaction failed: Edge GÂ∆ Wraith, 100 credits (60.7% chance)
2026-02-13 14:04:07 [[32minfo[39m]: Transaction failed: Edge GÂ∆ Wraith, 100 credits (60.7% chance)
2026-02-13 14:04:07 [[32minfo[39m]: Transaction failed: Edge GÂ∆ Wraith, 100 credits (60.7% chance)
2026-02-13 14:04:07 [[32minfo[39m]: Transaction successful: Edge GÂ∆ Wraith, 100 credits (60.7% chance)
2026-02-13 14:04:07 [[32minfo[39m]: Transaction successful: Edge GÂ∆ Wraith, 100 credits (60.7% chance)
2026-02-13 14:04:07 [[32minfo[39m]: Transaction successful: Edge GÂ∆ Wraith, 100 credits (60.7% chance)
2026-02-13 14:04:07 [[32minfo[39m]: Transaction successful: Edge GÂ∆ Wraith, 100 credits (60.7% chance)
2026-02-13 14:04:07 [[32minfo[39m]: Transaction failed: Edge GÂ∆ Wraith, 100 credits (60.7% chance)
2026-02-13 14:04:07 [[32minfo[39m]: Transaction failed: Edge GÂ∆ Wraith, 100 credits (60.7% chance)
2026-02-13 14:04:07 [[32minfo[39m]: Transaction failed: Edge GÂ∆ Wraith, 100 credits (60.7% chance)
2026-02-13 14:04:07 [[32minfo[39m]: Transaction successful: Edge GÂ∆ Wraith, 100 credits (60.7% chance)
2026-02-13 14:04:07 [[32minfo[39m]: Transaction failed: Edge GÂ∆ Wraith, 100 credits (60.7% chance)
2026-02-13 14:04:07 [[32minfo[39m]: Transaction successful: Edge GÂ∆ Wraith, 100 credits (60.7% chance)
2026-02-13 14:04:07 [[32minfo[39m]: Transaction failed: Edge GÂ∆ Wraith, 100 credits (60.7% chance)
2026-02-13 14:04:07 [[32minfo[39m]: Transaction successful: Edge GÂ∆ Wraith, 100 credits (60.7% chance)
2026-02-13 14:04:07 [[32minfo[39m]: Transaction failed: Edge GÂ∆ Wraith, 100 credits (60.7% chance)
2026-02-13 14:04:07 [[32minfo[39m]: Transaction successful: Edge GÂ∆ Wraith, 100 credits (60.7% chance)
2026-02-13 14:04:07 [[32minfo[39m]: Transaction failed: Edge GÂ∆ Wraith, 100 credits (60.7% chance)
2026-02-13 14:04:07 [[32minfo[39m]: Transaction successful: Edge GÂ∆ Wraith, 100 credits (60.7% chance)
2026-02-13 14:04:07 [[32minfo[39m]: Transaction successful: Edge GÂ∆ Wraith, 100 credits (60.7% chance)
2026-02-13 14:04:07 [[32minfo[39m]: Transaction successful: Edge GÂ∆ Wraith, 100 credits (60.7% chance)
2026-02-13 14:04:07 [[32minfo[39m]: Transaction failed: Edge GÂ∆ Wraith, 100 credits (60.7% chance)
2026-02-13 14:04:07 [[32minfo[39m]: Transaction successful: Edge GÂ∆ Wraith, 100 credits (60.7% chance)
2026-02-13 14:04:07 [[32minfo[39m]: Transaction failed: Edge GÂ∆ Wraith, 100 credits (60.7% chance)
2026-02-13 14:04:07 [[32minfo[39m]: Transaction failed: Edge GÂ∆ Wraith, 100 credits (60.7% chance)
2026-02-13 14:04:07 [[32minfo[39m]: Transaction failed: Edge GÂ∆ Wraith, 100 credits (60.7% chance)
2026-02-13 14:04:07 [[32minfo[39m]: Transaction successful: Edge GÂ∆ Wraith, 100 credits (60.7% chance)
2026-02-13 14:04:07 [[32minfo[39m]: Transaction failed: Edge GÂ∆ Wraith, 100 credits (60.7% chance)
2026-02-13 14:04:07 [[32minfo[39m]: Transaction successful: Edge GÂ∆ Wraith, 100 credits (60.7% chance)
2026-02-13 14:04:07 [[32minfo[39m]: Transaction failed: Edge GÂ∆ Wraith, 100 credits (60.7% chance)
2026-02-13 14:04:07 [[32minfo[39m]: Transaction failed: Edge GÂ∆ Wraith, 100 credits (60.7% chance)
2026-02-13 14:04:07 [[32minfo[39m]: Transaction successful: Edge GÂ∆ Wraith, 100 credits (60.7% chance)
2026-02-13 14:04:07 [[32minfo[39m]: Transaction successful: Edge GÂ∆ Wraith, 100 credits (60.7% chance)
2026-02-13 14:04:07 [[32minfo[39m]: Transaction successful: Edge GÂ∆ Wraith, 100 credits (60.7% chance)
2026-02-13 14:04:07 [[32minfo[39m]: Transaction successful: Edge GÂ∆ Wraith, 100 credits (60.7% chance)
2026-02-13 14:04:07 [[32minfo[39m]: Transaction failed: Edge GÂ∆ Wraith, 100 credits (60.7% chance)
2026-02-13 14:04:07 [[32minfo[39m]: Initializing 2 agents with initial balance 1000000
2026-02-13 14:04:07 [[32minfo[39m]: Successfully initialized 2 agents
2026-02-13 14:04:07 [[32minfo[39m]: Transaction successful: Byte GÂ∆ Maze, 100 credits (80.1% chance)
2026-02-13 14:04:07 [[32minfo[39m]: Transaction successful: Byte GÂ∆ Maze, 100 credits (80.1% chance)
2026-02-13 14:04:07 [[32minfo[39m]: Transaction successful: Byte GÂ∆ Maze, 100 credits (80.1% chance)
2026-02-13 14:04:07 [[32minfo[39m]: Transaction failed: Byte GÂ∆ Maze, 100 credits (80.1% chance)
2026-02-13 14:04:07 [[32minfo[39m]: Transaction successful: Byte GÂ∆ Maze, 100 credits (80.1% chance)
2026-02-13 14:04:07 [[32minfo[39m]: Transaction successful: Byte GÂ∆ Maze, 100 credits (80.1% chance)
2026-02-13 14:04:07 [[32minfo[39m]: Transaction successful: Byte GÂ∆ Maze, 100 credits (80.1% chance)
2026-02-13 14:04:07 [[32minfo[39m]: Transaction failed: Byte GÂ∆ Maze, 100 credits (80.1% chance)
2026-02-13 14:04:07 [[32minfo[39m]: Transaction successful: Byte GÂ∆ Maze, 100 credits (80.1% chance)
2026-02-13 14:04:07 [[32minfo[39m]: Transaction successful: Byte GÂ∆ Maze, 100 credits (80.1% chance)
2026-02-13 14:04:07 [[32minfo[39m]: Transaction failed: Byte GÂ∆ Maze, 100 credits (80.1% chance)
2026-02-13 14:04:07 [[32minfo[39m]: Transaction failed: Byte GÂ∆ Maze, 100 credits (80.1% chance)
2026-02-13 14:04:07 [[32minfo[39m]: Transaction successful: Byte GÂ∆ Maze, 100 credits (80.1% chance)
2026-02-13 14:04:07 [[32minfo[39m]: Transaction successful: Byte GÂ∆ Maze, 100 credits (80.1% chance)
2026-02-13 14:04:07 [[32minfo[39m]: Transaction failed: Byte GÂ∆ Maze, 100 credits (80.1% chance)
2026-02-13 14:04:07 [[32minfo[39m]: Transaction failed: Byte GÂ∆ Maze, 100 credits (80.1% chance)
2026-02-13 14:04:07 [[32minfo[39m]: Transaction successful: Byte GÂ∆ Maze, 100 credits (80.1% chance)
2026-02-13 14:04:07 [[32minfo[39m]: Transaction successful: Byte GÂ∆ Maze, 100 credits (80.1% chance)
2026-02-13 14:04:07 [[32minfo[39m]: Transaction failed: Byte GÂ∆ Maze, 100 credits (80.1% chance)
2026-02-13 14:04:07 [[32minfo[39m]: Transaction successful: Byte GÂ∆ Maze, 100 credits (80.1% chance)
2026-02-13 14:04:07 [[32minfo[39m]: Transaction successful: Byte GÂ∆ Maze, 100 credits (80.1% chance)
2026-02-13 14:04:07 [[32minfo[39m]: Transaction successful: Byte GÂ∆ Maze, 100 credits (80.1% chance)
2026-02-13 14:04:07 [[32minfo[39m]: Transaction successful: Byte GÂ∆ Maze, 100 credits (80.1% chance)
2026-02-13 14:04:07 [[32minfo[39m]: Transaction successful: Byte GÂ∆ Maze, 100 credits (80.1% chance)
2026-02-13 14:04:07 [[32minfo[39m]: Transaction successful: Byte GÂ∆ Maze, 100 credits (80.1% chance)
2026-02-13 14:04:07 [[32minfo[39m]: Transaction successful: Byte GÂ∆ Maze, 100 credits (80.1% chance)
2026-02-13 14:04:07 [[32minfo[39m]: Transaction successful: Byte GÂ∆ Maze, 100 credits (80.1% chance)
2026-02-13 14:04:07 [[32minfo[39m]: Transaction successful: Byte GÂ∆ Maze, 100 credits (80.1% chance)
2026-02-13 14:04:07 [[32minfo[39m]: Transaction successful: Byte GÂ∆ Maze, 100 credits (80.1% chance)
2026-02-13 14:04:07 [[32minfo[39m]: Transaction successful: Byte GÂ∆ Maze, 100 credits (80.1% chance)
2026-02-13 14:04:07 [[32minfo[39m]: Transaction successful: Byte GÂ∆ Maze, 100 credits (80.1% chance)
2026-02-13 14:04:07 [[32minfo[39m]: Transaction successful: Byte GÂ∆ Maze, 100 credits (80.1% chance)
2026-02-13 14:04:07 [[32minfo[39m]: Transaction successful: Byte GÂ∆ Maze, 100 credits (80.1% chance)
2026-02-13 14:04:07 [[32minfo[39m]: Transaction successful: Byte GÂ∆ Maze, 100 credits (80.1% chance)
2026-02-13 14:04:07 [[32minfo[39m]: Transaction successful: Byte GÂ∆ Maze, 100 credits (80.1% chance)
2026-02-13 14:04:07 [[32minfo[39m]: Transaction successful: Byte GÂ∆ Maze, 100 credits (80.1% chance)
2026-02-13 14:04:07 [[32minfo[39m]: Transaction failed: Byte GÂ∆ Maze, 100 credits (80.1% chance)
2026-02-13 14:04:07 [[32minfo[39m]: Transaction successful: Byte GÂ∆ Maze, 100 credits (80.1% chance)
2026-02-13 14:04:07 [[32minfo[39m]: Transaction successful: Byte GÂ∆ Maze, 100 credits (80.1% chance)
2026-02-13 14:04:07 [[32minfo[39m]: Transaction successful: Byte GÂ∆ Maze, 100 credits (80.1% chance)
2026-02-13 14:04:07 [[32minfo[39m]: Transaction successful: Byte GÂ∆ Maze, 100 credits (80.1% chance)
2026-02-13 14:04:07 [[32minfo[39m]: Transaction successful: Byte GÂ∆ Maze, 100 credits (80.1% chance)
2026-02-13 14:04:07 [[32minfo[39m]: Transaction failed: Byte GÂ∆ Maze, 100 credits (80.1% chance)
2026-02-13 14:04:07 [[32minfo[39m]: Transaction successful: Byte GÂ∆ Maze, 100 credits (80.1% chance)
2026-02-13 14:04:07 [[32minfo[39m]: Transaction successful: Byte GÂ∆ Maze, 100 credits (80.1% chance)
2026-02-13 14:04:07 [[32minfo[39m]: Transaction successful: Byte GÂ∆ Maze, 100 credits (80.1% chance)
2026-02-13 14:04:07 [[32minfo[39m]: Transaction failed: Byte GÂ∆ Maze, 100 credits (80.1% chance)
2026-02-13 14:04:07 [[32minfo[39m]: Transaction successful: Byte GÂ∆ Maze, 100 credits (80.1% chance)
2026-02-13 14:04:07 [[32minfo[39m]: Transaction successful: Byte GÂ∆ Maze, 100 credits (80.1% chance)
2026-02-13 14:04:07 [[32minfo[39m]: Transaction successful: Byte GÂ∆ Maze, 100 credits (80.1% chance)
2026-02-13 14:04:07 [[32minfo[39m]: Transaction failed: Byte GÂ∆ Maze, 100 credits (80.1% chance)
2026-02-13 14:04:07 [[32minfo[39m]: Transaction successful: Byte GÂ∆ Maze, 100 credits (80.1% chance)
2026-02-13 14:04:07 [[32minfo[39m]: Transaction failed: Byte GÂ∆ Maze, 100 credits (80.1% chance)
2026-02-13 14:04:07 [[32minfo[39m]: Transaction successful: Byte GÂ∆ Maze, 100 credits (80.1% chance)
2026-02-13 14:04:07 [[32minfo[39m]: Transaction successful: Byte GÂ∆ Maze, 100 credits (80.1% chance)
2026-02-13 14:04:07 [[32minfo[39m]: Transaction successful: Byte GÂ∆ Maze, 100 credits (80.1% chance)
2026-02-13 14:04:07 [[32minfo[39m]: Transaction successful: Byte GÂ∆ Maze, 100 credits (80.1% chance)
2026-02-13 14:04:07 [[32minfo[39m]: Transaction successful: Byte GÂ∆ Maze, 100 credits (80.1% chance)
2026-02-13 14:04:07 [[32minfo[39m]: Transaction successful: Byte GÂ∆ Maze, 100 credits (80.1% chance)
2026-02-13 14:04:07 [[32minfo[39m]: Transaction successful: Byte GÂ∆ Maze, 100 credits (80.1% chance)
2026-02-13 14:04:07 [[32minfo[39m]: Transaction successful: Byte GÂ∆ Maze, 100 credits (80.1% chance)
2026-02-13 14:04:07 [[32minfo[39m]: Transaction successful: Byte GÂ∆ Maze, 100 credits (80.1% chance)
2026-02-13 14:04:07 [[32minfo[39m]: Transaction successful: Byte GÂ∆ Maze, 100 credits (80.1% chance)
2026-02-13 14:04:07 [[32minfo[39m]: Transaction failed: Byte GÂ∆ Maze, 100 credits (80.1% chance)
2026-02-13 14:04:07 [[32minfo[39m]: Transaction successful: Byte GÂ∆ Maze, 100 credits (80.1% chance)
2026-02-13 14:04:07 [[32minfo[39m]: Transaction successful: Byte GÂ∆ Maze, 100 credits (80.1% chance)
2026-02-13 14:04:07 [[32minfo[39m]: Transaction successful: Byte GÂ∆ Maze, 100 credits (80.1% chance)
2026-02-13 14:04:07 [[32minfo[39m]: Transaction successful: Byte GÂ∆ Maze, 100 credits (80.1% chance)
2026-02-13 14:04:07 [[32minfo[39m]: Transaction successful: Byte GÂ∆ Maze, 100 credits (80.1% chance)
2026-02-13 14:04:07 [[32minfo[39m]: Transaction successful: Byte GÂ∆ Maze, 100 credits (80.1% chance)
2026-02-13 14:04:07 [[32minfo[39m]: Transaction successful: Byte GÂ∆ Maze, 100 credits (80.1% chance)
2026-02-13 14:04:07 [[32minfo[39m]: Transaction successful: Byte GÂ∆ Maze, 100 credits (80.1% chance)
2026-02-13 14:04:07 [[32minfo[39m]: Transaction successful: Byte GÂ∆ Maze, 100 credits (80.1% chance)
2026-02-13 14:04:07 [[32minfo[39m]: Transaction successful: Byte GÂ∆ Maze, 100 credits (80.1% chance)
2026-02-13 14:04:07 [[32minfo[39m]: Transaction successful: Byte GÂ∆ Maze, 100 credits (80.1% chance)
2026-02-13 14:04:07 [[32minfo[39m]: Transaction successful: Byte GÂ∆ Maze, 100 credits (80.1% chance)
2026-02-13 14:04:07 [[32minfo[39m]: Transaction failed: Byte GÂ∆ Maze, 100 credits (80.1% chance)
2026-02-13 14:04:07 [[32minfo[39m]: Transaction successful: Byte GÂ∆ Maze, 100 credits (80.1% chance)
2026-02-13 14:04:07 [[32minfo[39m]: Transaction successful: Byte GÂ∆ Maze, 100 credits (80.1% chance)
2026-02-13 14:04:07 [[32minfo[39m]: Transaction successful: Byte GÂ∆ Maze, 100 credits (80.1% chance)
2026-02-13 14:04:07 [[32minfo[39m]: Transaction successful: Byte GÂ∆ Maze, 100 credits (80.1% chance)
2026-02-13 14:04:07 [[32minfo[39m]: Transaction successful: Byte GÂ∆ Maze, 100 credits (80.1% chance)
2026-02-13 14:04:07 [[32minfo[39m]: Transaction successful: Byte GÂ∆ Maze, 100 credits (80.1% chance)
2026-02-13 14:04:07 [[32minfo[39m]: Transaction successful: Byte GÂ∆ Maze, 100 credits (80.1% chance)
2026-02-13 14:04:07 [[32minfo[39m]: Transaction successful: Byte GÂ∆ Maze, 100 credits (80.1% chance)
2026-02-13 14:04:07 [[32minfo[39m]: Transaction successful: Byte GÂ∆ Maze, 100 credits (80.1% chance)
2026-02-13 14:04:07 [[32minfo[39m]: Transaction successful: Byte GÂ∆ Maze, 100 credits (80.1% chance)
2026-02-13 14:04:07 [[32minfo[39m]: Transaction successful: Byte GÂ∆ Maze, 100 credits (80.1% chance)
2026-02-13 14:04:07 [[32minfo[39m]: Transaction failed: Byte GÂ∆ Maze, 100 credits (80.1% chance)
2026-02-13 14:04:07 [[32minfo[39m]: Transaction failed: Byte GÂ∆ Maze, 100 credits (80.1% chance)
2026-02-13 14:04:07 [[32minfo[39m]: Transaction successful: Byte GÂ∆ Maze, 100 credits (80.1% chance)
2026-02-13 14:04:07 [[32minfo[39m]: Transaction successful: Byte GÂ∆ Maze, 100 credits (80.1% chance)
2026-02-13 14:04:07 [[32minfo[39m]: Transaction successful: Byte GÂ∆ Maze, 100 credits (80.1% chance)
2026-02-13 14:04:07 [[32minfo[39m]: Transaction failed: Byte GÂ∆ Maze, 100 credits (80.1% chance)
2026-02-13 14:04:07 [[32minfo[39m]: Transaction successful: Byte GÂ∆ Maze, 100 credits (80.1% chance)
2026-02-13 14:04:07 [[32minfo[39m]: Transaction successful: Byte GÂ∆ Maze, 100 credits (80.1% chance)
2026-02-13 14:04:07 [[32minfo[39m]: Transaction successful: Byte GÂ∆ Maze, 100 credits (80.1% chance)
2026-02-13 14:04:07 [[32minfo[39m]: Transaction successful: Byte GÂ∆ Maze, 100 credits (80.1% chance)
2026-02-13 14:04:07 [[32minfo[39m]: Transaction failed: Byte GÂ∆ Maze, 100 credits (80.1% chance)
2026-02-13 14:04:07 [[32minfo[39m]: Transaction successful: Byte GÂ∆ Maze, 100 credits (80.1% chance)
2026-02-13 14:04:07 [[32minfo[39m]: Initializing 2 agents with initial balance 1000000
2026-02-13 14:04:07 [[32minfo[39m]: Successfully initialized 2 agents
2026-02-13 14:04:07 [[32minfo[39m]: Transaction failed: Neon GÂ∆ Maze, 100 credits (70.0% chance)
2026-02-13 14:04:07 [[32minfo[39m]: Transaction failed: Neon GÂ∆ Maze, 100 credits (70.0% chance)
2026-02-13 14:04:07 [[32minfo[39m]: Transaction successful: Neon GÂ∆ Maze, 100 credits (70.0% chance)
2026-02-13 14:04:07 [[32minfo[39m]: Transaction successful: Neon GÂ∆ Maze, 100 credits (70.0% chance)
2026-02-13 14:04:07 [[32minfo[39m]: Transaction failed: Neon GÂ∆ Maze, 100 credits (70.0% chance)
2026-02-13 14:04:07 [[32minfo[39m]: Transaction successful: Neon GÂ∆ Maze, 100 credits (70.0% chance)
2026-02-13 14:04:07 [[32minfo[39m]: Transaction successful: Neon GÂ∆ Maze, 100 credits (70.0% chance)
2026-02-13 14:04:07 [[32minfo[39m]: Transaction successful: Neon GÂ∆ Maze, 100 credits (70.0% chance)
2026-02-13 14:04:07 [[32minfo[39m]: Transaction failed: Neon GÂ∆ Maze, 100 credits (70.0% chance)
2026-02-13 14:04:07 [[32minfo[39m]: Transaction successful: Neon GÂ∆ Maze, 100 credits (70.0% chance)
2026-02-13 14:04:07 [[32minfo[39m]: Transaction successful: Neon GÂ∆ Maze, 100 credits (70.0% chance)
2026-02-13 14:04:07 [[32minfo[39m]: Transaction failed: Neon GÂ∆ Maze, 100 credits (70.0% chance)
2026-02-13 14:04:07 [[32minfo[39m]: Transaction failed: Neon GÂ∆ Maze, 100 credits (70.0% chance)
2026-02-13 14:04:07 [[32minfo[39m]: Transaction successful: Neon GÂ∆ Maze, 100 credits (70.0% chance)
2026-02-13 14:04:07 [[32minfo[39m]: Transaction failed: Neon GÂ∆ Maze, 100 credits (70.0% chance)
2026-02-13 14:04:07 [[32minfo[39m]: Transaction failed: Neon GÂ∆ Maze, 100 credits (70.0% chance)
2026-02-13 14:04:07 [[32minfo[39m]: Transaction successful: Neon GÂ∆ Maze, 100 credits (70.0% chance)
2026-02-13 14:04:07 [[32minfo[39m]: Transaction successful: Neon GÂ∆ Maze, 100 credits (70.0% chance)
2026-02-13 14:04:07 [[32minfo[39m]: Transaction successful: Neon GÂ∆ Maze, 100 credits (70.0% chance)
2026-02-13 14:04:07 [[32minfo[39m]: Transaction successful: Neon GÂ∆ Maze, 100 credits (70.0% chance)
2026-02-13 14:04:07 [[32minfo[39m]: Transaction failed: Neon GÂ∆ Maze, 100 credits (70.0% chance)
2026-02-13 14:04:07 [[32minfo[39m]: Transaction successful: Neon GÂ∆ Maze, 100 credits (70.0% chance)
2026-02-13 14:04:07 [[32minfo[39m]: Transaction failed: Neon GÂ∆ Maze, 100 credits (70.0% chance)
2026-02-13 14:04:07 [[32minfo[39m]: Transaction successful: Neon GÂ∆ Maze, 100 credits (70.0% chance)
2026-02-13 14:04:07 [[32minfo[39m]: Transaction successful: Neon GÂ∆ Maze, 100 credits (70.0% chance)
2026-02-13 14:04:07 [[32minfo[39m]: Transaction successful: Neon GÂ∆ Maze, 100 credits (70.0% chance)
2026-02-13 14:04:07 [[32minfo[39m]: Transaction successful: Neon GÂ∆ Maze, 100 credits (70.0% chance)
2026-02-13 14:04:07 [[32minfo[39m]: Transaction successful: Neon GÂ∆ Maze, 100 credits (70.0% chance)
2026-02-13 14:04:07 [[32minfo[39m]: Transaction successful: Neon GÂ∆ Maze, 100 credits (70.0% chance)
2026-02-13 14:04:07 [[32minfo[39m]: Transaction successful: Neon GÂ∆ Maze, 100 credits (70.0% chance)
2026-02-13 14:04:07 [[32minfo[39m]: Transaction successful: Neon GÂ∆ Maze, 100 credits (70.0% chance)
2026-02-13 14:04:07 [[32minfo[39m]: Transaction successful: Neon GÂ∆ Maze, 100 credits (70.0% chance)
2026-02-13 14:04:07 [[32minfo[39m]: Transaction successful: Neon GÂ∆ Maze, 100 credits (70.0% chance)
2026-02-13 14:04:07 [[32minfo[39m]: Transaction successful: Neon GÂ∆ Maze, 100 credits (70.0% chance)
2026-02-13 14:04:07 [[32minfo[39m]: Transaction successful: Neon GÂ∆ Maze, 100 credits (70.0% chance)
2026-02-13 14:04:07 [[32minfo[39m]: Transaction successful: Neon GÂ∆ Maze, 100 credits (70.0% chance)
2026-02-13 14:04:07 [[32minfo[39m]: Transaction successful: Neon GÂ∆ Maze, 100 credits (70.0% chance)
2026-02-13 14:04:07 [[32minfo[39m]: Transaction successful: Neon GÂ∆ Maze, 100 credits (70.0% chance)
2026-02-13 14:04:07 [[32minfo[39m]: Transaction successful: Neon GÂ∆ Maze, 100 credits (70.0% chance)
2026-02-13 14:04:07 [[32minfo[39m]: Transaction failed: Neon GÂ∆ Maze, 100 credits (70.0% chance)
2026-02-13 14:04:07 [[32minfo[39m]: Transaction successful: Neon GÂ∆ Maze, 100 credits (70.0% chance)
2026-02-13 14:04:07 [[32minfo[39m]: Transaction successful: Neon GÂ∆ Maze, 100 credits (70.0% chance)
2026-02-13 14:04:07 [[32minfo[39m]: Transaction failed: Neon GÂ∆ Maze, 100 credits (70.0% chance)
2026-02-13 14:04:07 [[32minfo[39m]: Transaction failed: Neon GÂ∆ Maze, 100 credits (70.0% chance)
2026-02-13 14:04:07 [[32minfo[39m]: Transaction successful: Neon GÂ∆ Maze, 100 credits (70.0% chance)
2026-02-13 14:04:07 [[32minfo[39m]: Transaction successful: Neon GÂ∆ Maze, 100 credits (70.0% chance)
2026-02-13 14:04:07 [[32minfo[39m]: Transaction successful: Neon GÂ∆ Maze, 100 credits (70.0% chance)
2026-02-13 14:04:07 [[32minfo[39m]: Transaction successful: Neon GÂ∆ Maze, 100 credits (70.0% chance)
2026-02-13 14:04:07 [[32minfo[39m]: Transaction failed: Neon GÂ∆ Maze, 100 credits (70.0% chance)
2026-02-13 14:04:07 [[32minfo[39m]: Transaction successful: Neon GÂ∆ Maze, 100 credits (70.0% chance)
2026-02-13 14:04:07 [[32minfo[39m]: Transaction successful: Neon GÂ∆ Maze, 100 credits (70.0% chance)
2026-02-13 14:04:07 [[32minfo[39m]: Transaction failed: Neon GÂ∆ Maze, 100 credits (70.0% chance)
2026-02-13 14:04:07 [[32minfo[39m]: Transaction failed: Neon GÂ∆ Maze, 100 credits (70.0% chance)
2026-02-13 14:04:07 [[32minfo[39m]: Transaction successful: Neon GÂ∆ Maze, 100 credits (70.0% chance)
2026-02-13 14:04:07 [[32minfo[39m]: Transaction successful: Neon GÂ∆ Maze, 100 credits (70.0% chance)
2026-02-13 14:04:07 [[32minfo[39m]: Transaction successful: Neon GÂ∆ Maze, 100 credits (70.0% chance)
2026-02-13 14:04:07 [[32minfo[39m]: Transaction successful: Neon GÂ∆ Maze, 100 credits (70.0% chance)
2026-02-13 14:04:07 [[32minfo[39m]: Transaction failed: Neon GÂ∆ Maze, 100 credits (70.0% chance)
2026-02-13 14:04:07 [[32minfo[39m]: Transaction successful: Neon GÂ∆ Maze, 100 credits (70.0% chance)
2026-02-13 14:04:07 [[32minfo[39m]: Transaction successful: Neon GÂ∆ Maze, 100 credits (70.0% chance)
2026-02-13 14:04:07 [[32minfo[39m]: Transaction successful: Neon GÂ∆ Maze, 100 credits (70.0% chance)
2026-02-13 14:04:07 [[32minfo[39m]: Transaction failed: Neon GÂ∆ Maze, 100 credits (70.0% chance)
2026-02-13 14:04:07 [[32minfo[39m]: Transaction successful: Neon GÂ∆ Maze, 100 credits (70.0% chance)
2026-02-13 14:04:07 [[32minfo[39m]: Transaction successful: Neon GÂ∆ Maze, 100 credits (70.0% chance)
2026-02-13 14:04:07 [[32minfo[39m]: Transaction successful: Neon GÂ∆ Maze, 100 credits (70.0% chance)
2026-02-13 14:04:07 [[32minfo[39m]: Transaction successful: Neon GÂ∆ Maze, 100 credits (70.0% chance)
2026-02-13 14:04:07 [[32minfo[39m]: Transaction successful: Neon GÂ∆ Maze, 100 credits (70.0% chance)
2026-02-13 14:04:07 [[32minfo[39m]: Transaction successful: Neon GÂ∆ Maze, 100 credits (70.0% chance)
2026-02-13 14:04:07 [[32minfo[39m]: Transaction successful: Neon GÂ∆ Maze, 100 credits (70.0% chance)
2026-02-13 14:04:07 [[32minfo[39m]: Transaction successful: Neon GÂ∆ Maze, 100 credits (70.0% chance)
2026-02-13 14:04:07 [[32minfo[39m]: Transaction failed: Neon GÂ∆ Maze, 100 credits (70.0% chance)
2026-02-13 14:04:07 [[32minfo[39m]: Transaction failed: Neon GÂ∆ Maze, 100 credits (70.0% chance)
2026-02-13 14:04:07 [[32minfo[39m]: Transaction successful: Neon GÂ∆ Maze, 100 credits (70.0% chance)
2026-02-13 14:04:07 [[32minfo[39m]: Transaction successful: Neon GÂ∆ Maze, 100 credits (70.0% chance)
2026-02-13 14:04:07 [[32minfo[39m]: Transaction successful: Neon GÂ∆ Maze, 100 credits (70.0% chance)
2026-02-13 14:04:07 [[32minfo[39m]: Transaction successful: Neon GÂ∆ Maze, 100 credits (70.0% chance)
2026-02-13 14:04:07 [[32minfo[39m]: Transaction successful: Neon GÂ∆ Maze, 100 credits (70.0% chance)
2026-02-13 14:04:07 [[32minfo[39m]: Transaction successful: Neon GÂ∆ Maze, 100 credits (70.0% chance)
2026-02-13 14:04:07 [[32minfo[39m]: Transaction failed: Neon GÂ∆ Maze, 100 credits (70.0% chance)
2026-02-13 14:04:07 [[32minfo[39m]: Transaction failed: Neon GÂ∆ Maze, 100 credits (70.0% chance)
2026-02-13 14:04:07 [[32minfo[39m]: Transaction successful: Neon GÂ∆ Maze, 100 credits (70.0% chance)
2026-02-13 14:04:07 [[32minfo[39m]: Transaction failed: Neon GÂ∆ Maze, 100 credits (70.0% chance)
2026-02-13 14:04:07 [[32minfo[39m]: Transaction successful: Neon GÂ∆ Maze, 100 credits (70.0% chance)
2026-02-13 14:04:07 [[32minfo[39m]: Transaction failed: Neon GÂ∆ Maze, 100 credits (70.0% chance)
2026-02-13 14:04:07 [[32minfo[39m]: Transaction successful: Neon GÂ∆ Maze, 100 credits (70.0% chance)
2026-02-13 14:04:07 [[32minfo[39m]: Transaction failed: Neon GÂ∆ Maze, 100 credits (70.0% chance)
2026-02-13 14:04:07 [[32minfo[39m]: Transaction successful: Neon GÂ∆ Maze, 100 credits (70.0% chance)
2026-02-13 14:04:07 [[32minfo[39m]: Transaction successful: Neon GÂ∆ Maze, 100 credits (70.0% chance)
2026-02-13 14:04:07 [[32minfo[39m]: Transaction successful: Neon GÂ∆ Maze, 100 credits (70.0% chance)
2026-02-13 14:04:07 [[32minfo[39m]: Transaction successful: Neon GÂ∆ Maze, 100 credits (70.0% chance)
2026-02-13 14:04:07 [[32minfo[39m]: Transaction successful: Neon GÂ∆ Maze, 100 credits (70.0% chance)
2026-02-13 14:04:07 [[32minfo[39m]: Transaction failed: Neon GÂ∆ Maze, 100 credits (70.0% chance)
2026-02-13 14:04:07 [[32minfo[39m]: Transaction successful: Neon GÂ∆ Maze, 100 credits (70.0% chance)
2026-02-13 14:04:07 [[32minfo[39m]: Transaction successful: Neon GÂ∆ Maze, 100 credits (70.0% chance)
2026-02-13 14:04:07 [[32minfo[39m]: Transaction failed: Neon GÂ∆ Maze, 100 credits (70.0% chance)
2026-02-13 14:04:07 [[32minfo[39m]: Transaction successful: Neon GÂ∆ Maze, 100 credits (70.0% chance)
2026-02-13 14:04:07 [[32minfo[39m]: Transaction failed: Neon GÂ∆ Maze, 100 credits (70.0% chance)
2026-02-13 14:04:07 [[32minfo[39m]: Transaction successful: Neon GÂ∆ Maze, 100 credits (70.0% chance)
2026-02-13 14:04:07 [[32minfo[39m]: Transaction successful: Neon GÂ∆ Maze, 100 credits (70.0% chance)
2026-02-13 14:04:07 [[32minfo[39m]: Transaction successful: Neon GÂ∆ Maze, 100 credits (70.0% chance)
2026-02-13 14:04:07 [[32minfo[39m]: Initializing 2 agents with initial balance 1000000
2026-02-13 14:04:07 [[32minfo[39m]: Successfully initialized 2 agents
2026-02-13 14:04:07 [[32minfo[39m]: Transaction successful: Lynx GÂ∆ Cipher, 100 credits (72.0% chance)
2026-02-13 14:04:07 [[32minfo[39m]: Transaction successful: Lynx GÂ∆ Cipher, 100 credits (72.0% chance)
2026-02-13 14:04:07 [[32minfo[39m]: Transaction successful: Lynx GÂ∆ Cipher, 100 credits (72.0% chance)
2026-02-13 14:04:07 [[32minfo[39m]: Transaction successful: Lynx GÂ∆ Cipher, 100 credits (72.0% chance)
2026-02-13 14:04:07 [[32minfo[39m]: Transaction failed: Lynx GÂ∆ Cipher, 100 credits (72.0% chance)
2026-02-13 14:04:07 [[32minfo[39m]: Transaction successful: Lynx GÂ∆ Cipher, 100 credits (72.0% chance)
2026-02-13 14:04:07 [[32minfo[39m]: Transaction failed: Lynx GÂ∆ Cipher, 100 credits (72.0% chance)
2026-02-13 14:04:07 [[32minfo[39m]: Transaction successful: Lynx GÂ∆ Cipher, 100 credits (72.0% chance)
2026-02-13 14:04:07 [[32minfo[39m]: Transaction successful: Lynx GÂ∆ Cipher, 100 credits (72.0% chance)
2026-02-13 14:04:07 [[32minfo[39m]: Transaction successful: Lynx GÂ∆ Cipher, 100 credits (72.0% chance)
2026-02-13 14:04:07 [[32minfo[39m]: Transaction successful: Lynx GÂ∆ Cipher, 100 credits (72.0% chance)
2026-02-13 14:04:07 [[32minfo[39m]: Transaction successful: Lynx GÂ∆ Cipher, 100 credits (72.0% chance)
2026-02-13 14:04:07 [[32minfo[39m]: Transaction successful: Lynx GÂ∆ Cipher, 100 credits (72.0% chance)
2026-02-13 14:04:07 [[32minfo[39m]: Transaction successful: Lynx GÂ∆ Cipher, 100 credits (72.0% chance)
2026-02-13 14:04:07 [[32minfo[39m]: Transaction successful: Lynx GÂ∆ Cipher, 100 credits (72.0% chance)
2026-02-13 14:04:07 [[32minfo[39m]: Transaction failed: Lynx GÂ∆ Cipher, 100 credits (72.0% chance)
2026-02-13 14:04:07 [[32minfo[39m]: Transaction successful: Lynx GÂ∆ Cipher, 100 credits (72.0% chance)
2026-02-13 14:04:07 [[32minfo[39m]: Transaction failed: Lynx GÂ∆ Cipher, 100 credits (72.0% chance)
2026-02-13 14:04:07 [[32minfo[39m]: Transaction successful: Lynx GÂ∆ Cipher, 100 credits (72.0% chance)
2026-02-13 14:04:07 [[32minfo[39m]: Transaction failed: Lynx GÂ∆ Cipher, 100 credits (72.0% chance)
2026-02-13 14:04:07 [[32minfo[39m]: Transaction successful: Lynx GÂ∆ Cipher, 100 credits (72.0% chance)
2026-02-13 14:04:07 [[32minfo[39m]: Transaction successful: Lynx GÂ∆ Cipher, 100 credits (72.0% chance)
2026-02-13 14:04:07 [[32minfo[39m]: Transaction successful: Lynx GÂ∆ Cipher, 100 credits (72.0% chance)
2026-02-13 14:04:07 [[32minfo[39m]: Transaction successful: Lynx GÂ∆ Cipher, 100 credits (72.0% chance)
2026-02-13 14:04:07 [[32minfo[39m]: Transaction successful: Lynx GÂ∆ Cipher, 100 credits (72.0% chance)
2026-02-13 14:04:07 [[32minfo[39m]: Transaction failed: Lynx GÂ∆ Cipher, 100 credits (72.0% chance)
2026-02-13 14:04:07 [[32minfo[39m]: Transaction failed: Lynx GÂ∆ Cipher, 100 credits (72.0% chance)
2026-02-13 14:04:07 [[32minfo[39m]: Transaction failed: Lynx GÂ∆ Cipher, 100 credits (72.0% chance)
2026-02-13 14:04:07 [[32minfo[39m]: Transaction failed: Lynx GÂ∆ Cipher, 100 credits (72.0% chance)
2026-02-13 14:04:07 [[32minfo[39m]: Transaction successful: Lynx GÂ∆ Cipher, 100 credits (72.0% chance)
2026-02-13 14:04:07 [[32minfo[39m]: Transaction successful: Lynx GÂ∆ Cipher, 100 credits (72.0% chance)
2026-02-13 14:04:07 [[32minfo[39m]: Transaction successful: Lynx GÂ∆ Cipher, 100 credits (72.0% chance)
2026-02-13 14:04:07 [[32minfo[39m]: Transaction successful: Lynx GÂ∆ Cipher, 100 credits (72.0% chance)
2026-02-13 14:04:07 [[32minfo[39m]: Transaction successful: Lynx GÂ∆ Cipher, 100 credits (72.0% chance)
2026-02-13 14:04:07 [[32minfo[39m]: Transaction successful: Lynx GÂ∆ Cipher, 100 credits (72.0% chance)
2026-02-13 14:04:07 [[32minfo[39m]: Transaction successful: Lynx GÂ∆ Cipher, 100 credits (72.0% chance)
2026-02-13 14:04:07 [[32minfo[39m]: Transaction successful: Lynx GÂ∆ Cipher, 100 credits (72.0% chance)
2026-02-13 14:04:07 [[32minfo[39m]: Transaction successful: Lynx GÂ∆ Cipher, 100 credits (72.0% chance)
2026-02-13 14:04:07 [[32minfo[39m]: Transaction successful: Lynx GÂ∆ Cipher, 100 credits (72.0% chance)
2026-02-13 14:04:07 [[32minfo[39m]: Transaction failed: Lynx GÂ∆ Cipher, 100 credits (72.0% chance)
2026-02-13 14:04:07 [[32minfo[39m]: Transaction successful: Lynx GÂ∆ Cipher, 100 credits (72.0% chance)
2026-02-13 14:04:07 [[32minfo[39m]: Transaction failed: Lynx GÂ∆ Cipher, 100 credits (72.0% chance)
2026-02-13 14:04:07 [[32minfo[39m]: Transaction successful: Lynx GÂ∆ Cipher, 100 credits (72.0% chance)
2026-02-13 14:04:07 [[32minfo[39m]: Transaction successful: Lynx GÂ∆ Cipher, 100 credits (72.0% chance)
2026-02-13 14:04:07 [[32minfo[39m]: Transaction failed: Lynx GÂ∆ Cipher, 100 credits (72.0% chance)
2026-02-13 14:04:07 [[32minfo[39m]: Transaction failed: Lynx GÂ∆ Cipher, 100 credits (72.0% chance)
2026-02-13 14:04:07 [[32minfo[39m]: Transaction failed: Lynx GÂ∆ Cipher, 100 credits (72.0% chance)
2026-02-13 14:04:07 [[32minfo[39m]: Transaction failed: Lynx GÂ∆ Cipher, 100 credits (72.0% chance)
2026-02-13 14:04:07 [[32minfo[39m]: Transaction successful: Lynx GÂ∆ Cipher, 100 credits (72.0% chance)
2026-02-13 14:04:07 [[32minfo[39m]: Transaction successful: Lynx GÂ∆ Cipher, 100 credits (72.0% chance)
2026-02-13 14:04:07 [[32minfo[39m]: Transaction failed: Lynx GÂ∆ Cipher, 100 credits (72.0% chance)
2026-02-13 14:04:07 [[32minfo[39m]: Transaction successful: Lynx GÂ∆ Cipher, 100 credits (72.0% chance)
2026-02-13 14:04:07 [[32minfo[39m]: Transaction successful: Lynx GÂ∆ Cipher, 100 credits (72.0% chance)
2026-02-13 14:04:07 [[32minfo[39m]: Transaction successful: Lynx GÂ∆ Cipher, 100 credits (72.0% chance)
2026-02-13 14:04:07 [[32minfo[39m]: Transaction failed: Lynx GÂ∆ Cipher, 100 credits (72.0% chance)
2026-02-13 14:04:07 [[32minfo[39m]: Transaction failed: Lynx GÂ∆ Cipher, 100 credits (72.0% chance)
2026-02-13 14:04:07 [[32minfo[39m]: Transaction successful: Lynx GÂ∆ Cipher, 100 credits (72.0% chance)
2026-02-13 14:04:07 [[32minfo[39m]: Transaction failed: Lynx GÂ∆ Cipher, 100 credits (72.0% chance)
2026-02-13 14:04:07 [[32minfo[39m]: Transaction successful: Lynx GÂ∆ Cipher, 100 credits (72.0% chance)
2026-02-13 14:04:07 [[32minfo[39m]: Transaction successful: Lynx GÂ∆ Cipher, 100 credits (72.0% chance)
2026-02-13 14:04:07 [[32minfo[39m]: Transaction failed: Lynx GÂ∆ Cipher, 100 credits (72.0% chance)
2026-02-13 14:04:07 [[32minfo[39m]: Transaction successful: Lynx GÂ∆ Cipher, 100 credits (72.0% chance)
2026-02-13 14:04:07 [[32minfo[39m]: Transaction failed: Lynx GÂ∆ Cipher, 100 credits (72.0% chance)
2026-02-13 14:04:07 [[32minfo[39m]: Transaction successful: Lynx GÂ∆ Cipher, 100 credits (72.0% chance)
2026-02-13 14:04:07 [[32minfo[39m]: Transaction failed: Lynx GÂ∆ Cipher, 100 credits (72.0% chance)
2026-02-13 14:04:07 [[32minfo[39m]: Transaction successful: Lynx GÂ∆ Cipher, 100 credits (72.0% chance)
2026-02-13 14:04:07 [[32minfo[39m]: Transaction successful: Lynx GÂ∆ Cipher, 100 credits (72.0% chance)
2026-02-13 14:04:07 [[32minfo[39m]: Transaction successful: Lynx GÂ∆ Cipher, 100 credits (72.0% chance)
2026-02-13 14:04:07 [[32minfo[39m]: Transaction failed: Lynx GÂ∆ Cipher, 100 credits (72.0% chance)
2026-02-13 14:04:07 [[32minfo[39m]: Transaction successful: Lynx GÂ∆ Cipher, 100 credits (72.0% chance)
2026-02-13 14:04:07 [[32minfo[39m]: Transaction successful: Lynx GÂ∆ Cipher, 100 credits (72.0% chance)
2026-02-13 14:04:07 [[32minfo[39m]: Transaction failed: Lynx GÂ∆ Cipher, 100 credits (72.0% chance)
2026-02-13 14:04:07 [[32minfo[39m]: Transaction successful: Lynx GÂ∆ Cipher, 100 credits (72.0% chance)
2026-02-13 14:04:07 [[32minfo[39m]: Transaction failed: Lynx GÂ∆ Cipher, 100 credits (72.0% chance)
2026-02-13 14:04:07 [[32minfo[39m]: Transaction successful: Lynx GÂ∆ Cipher, 100 credits (72.0% chance)
2026-02-13 14:04:07 [[32minfo[39m]: Transaction successful: Lynx GÂ∆ Cipher, 100 credits (72.0% chance)
2026-02-13 14:04:07 [[32minfo[39m]: Transaction successful: Lynx GÂ∆ Cipher, 100 credits (72.0% chance)
2026-02-13 14:04:07 [[32minfo[39m]: Transaction failed: Lynx GÂ∆ Cipher, 100 credits (72.0% chance)
2026-02-13 14:04:07 [[32minfo[39m]: Transaction successful: Lynx GÂ∆ Cipher, 100 credits (72.0% chance)
2026-02-13 14:04:07 [[32minfo[39m]: Transaction failed: Lynx GÂ∆ Cipher, 100 credits (72.0% chance)
2026-02-13 14:04:07 [[32minfo[39m]: Transaction successful: Lynx GÂ∆ Cipher, 100 credits (72.0% chance)
2026-02-13 14:04:07 [[32minfo[39m]: Transaction successful: Lynx GÂ∆ Cipher, 100 credits (72.0% chance)
2026-02-13 14:04:07 [[32minfo[39m]: Transaction successful: Lynx GÂ∆ Cipher, 100 credits (72.0% chance)
2026-02-13 14:04:07 [[32minfo[39m]: Transaction successful: Lynx GÂ∆ Cipher, 100 credits (72.0% chance)
2026-02-13 14:04:07 [[32minfo[39m]: Transaction successful: Lynx GÂ∆ Cipher, 100 credits (72.0% chance)
2026-02-13 14:04:07 [[32minfo[39m]: Transaction failed: Lynx GÂ∆ Cipher, 100 credits (72.0% chance)
2026-02-13 14:04:07 [[32minfo[39m]: Transaction successful: Lynx GÂ∆ Cipher, 100 credits (72.0% chance)
2026-02-13 14:04:07 [[32minfo[39m]: Transaction failed: Lynx GÂ∆ Cipher, 100 credits (72.0% chance)
2026-02-13 14:04:07 [[32minfo[39m]: Transaction successful: Lynx GÂ∆ Cipher, 100 credits (72.0% chance)
2026-02-13 14:04:07 [[32minfo[39m]: Transaction failed: Lynx GÂ∆ Cipher, 100 credits (72.0% chance)
2026-02-13 14:04:07 [[32minfo[39m]: Transaction successful: Lynx GÂ∆ Cipher, 100 credits (72.0% chance)
2026-02-13 14:04:07 [[32minfo[39m]: Transaction successful: Lynx GÂ∆ Cipher, 100 credits (72.0% chance)
2026-02-13 14:04:07 [[32minfo[39m]: Transaction successful: Lynx GÂ∆ Cipher, 100 credits (72.0% chance)
2026-02-13 14:04:07 [[32minfo[39m]: Transaction successful: Lynx GÂ∆ Cipher, 100 credits (72.0% chance)
2026-02-13 14:04:07 [[32minfo[39m]: Transaction successful: Lynx GÂ∆ Cipher, 100 credits (72.0% chance)
2026-02-13 14:04:08 [[32minfo[39m]: Transaction failed: Lynx GÂ∆ Cipher, 100 credits (72.0% chance)
2026-02-13 14:04:08 [[32minfo[39m]: Transaction successful: Lynx GÂ∆ Cipher, 100 credits (72.0% chance)
2026-02-13 14:04:08 [[32minfo[39m]: Transaction successful: Lynx GÂ∆ Cipher, 100 credits (72.0% chance)
2026-02-13 14:04:08 [[32minfo[39m]: Transaction failed: Lynx GÂ∆ Cipher, 100 credits (72.0% chance)
2026-02-13 14:04:08 [[32minfo[39m]: Transaction failed: Lynx GÂ∆ Cipher, 100 credits (72.0% chance)
2026-02-13 14:04:08 [[32minfo[39m]: Initializing 2 agents with initial balance 1000000
2026-02-13 14:04:08 [[32minfo[39m]: Successfully initialized 2 agents
2026-02-13 14:04:08 [[32minfo[39m]: Transaction failed: Zero GÂ∆ Viper, 100 credits (77.1% chance)
2026-02-13 14:04:08 [[32minfo[39m]: Transaction successful: Zero GÂ∆ Viper, 100 credits (77.1% chance)
2026-02-13 14:04:08 [[32minfo[39m]: Transaction successful: Zero GÂ∆ Viper, 100 credits (77.1% chance)
2026-02-13 14:04:08 [[32minfo[39m]: Transaction failed: Zero GÂ∆ Viper, 100 credits (77.1% chance)
2026-02-13 14:04:08 [[32minfo[39m]: Transaction successful: Zero GÂ∆ Viper, 100 credits (77.1% chance)
2026-02-13 14:04:08 [[32minfo[39m]: Transaction failed: Zero GÂ∆ Viper, 100 credits (77.1% chance)
2026-02-13 14:04:08 [[32minfo[39m]: Transaction failed: Zero GÂ∆ Viper, 100 credits (77.1% chance)
2026-02-13 14:04:08 [[32minfo[39m]: Transaction failed: Zero GÂ∆ Viper, 100 credits (77.1% chance)
2026-02-13 14:04:08 [[32minfo[39m]: Transaction successful: Zero GÂ∆ Viper, 100 credits (77.1% chance)
2026-02-13 14:04:08 [[32minfo[39m]: Transaction failed: Zero GÂ∆ Viper, 100 credits (77.1% chance)
2026-02-13 14:04:08 [[32minfo[39m]: Transaction successful: Zero GÂ∆ Viper, 100 credits (77.1% chance)
2026-02-13 14:04:08 [[32minfo[39m]: Transaction successful: Zero GÂ∆ Viper, 100 credits (77.1% chance)
2026-02-13 14:04:08 [[32minfo[39m]: Transaction successful: Zero GÂ∆ Viper, 100 credits (77.1% chance)
2026-02-13 14:04:08 [[32minfo[39m]: Transaction successful: Zero GÂ∆ Viper, 100 credits (77.1% chance)
2026-02-13 14:04:08 [[32minfo[39m]: Transaction successful: Zero GÂ∆ Viper, 100 credits (77.1% chance)
2026-02-13 14:04:08 [[32minfo[39m]: Transaction successful: Zero GÂ∆ Viper, 100 credits (77.1% chance)
2026-02-13 14:04:08 [[32minfo[39m]: Transaction successful: Zero GÂ∆ Viper, 100 credits (77.1% chance)
2026-02-13 14:04:08 [[32minfo[39m]: Transaction successful: Zero GÂ∆ Viper, 100 credits (77.1% chance)
2026-02-13 14:04:08 [[32minfo[39m]: Transaction successful: Zero GÂ∆ Viper, 100 credits (77.1% chance)
2026-02-13 14:04:08 [[32minfo[39m]: Transaction successful: Zero GÂ∆ Viper, 100 credits (77.1% chance)
2026-02-13 14:04:08 [[32minfo[39m]: Transaction successful: Zero GÂ∆ Viper, 100 credits (77.1% chance)
2026-02-13 14:04:08 [[32minfo[39m]: Transaction successful: Zero GÂ∆ Viper, 100 credits (77.1% chance)
2026-02-13 14:04:08 [[32minfo[39m]: Transaction successful: Zero GÂ∆ Viper, 100 credits (77.1% chance)
2026-02-13 14:04:08 [[32minfo[39m]: Transaction successful: Zero GÂ∆ Viper, 100 credits (77.1% chance)
2026-02-13 14:04:08 [[32minfo[39m]: Transaction successful: Zero GÂ∆ Viper, 100 credits (77.1% chance)
2026-02-13 14:04:08 [[32minfo[39m]: Transaction successful: Zero GÂ∆ Viper, 100 credits (77.1% chance)
2026-02-13 14:04:08 [[32minfo[39m]: Transaction successful: Zero GÂ∆ Viper, 100 credits (77.1% chance)
2026-02-13 14:04:08 [[32minfo[39m]: Transaction failed: Zero GÂ∆ Viper, 100 credits (77.1% chance)
2026-02-13 14:04:08 [[32minfo[39m]: Transaction successful: Zero GÂ∆ Viper, 100 credits (77.1% chance)
2026-02-13 14:04:08 [[32minfo[39m]: Transaction successful: Zero GÂ∆ Viper, 100 credits (77.1% chance)
2026-02-13 14:04:08 [[32minfo[39m]: Transaction successful: Zero GÂ∆ Viper, 100 credits (77.1% chance)
2026-02-13 14:04:08 [[32minfo[39m]: Transaction successful: Zero GÂ∆ Viper, 100 credits (77.1% chance)
2026-02-13 14:04:08 [[32minfo[39m]: Transaction successful: Zero GÂ∆ Viper, 100 credits (77.1% chance)
2026-02-13 14:04:08 [[32minfo[39m]: Transaction successful: Zero GÂ∆ Viper, 100 credits (77.1% chance)
2026-02-13 14:04:08 [[32minfo[39m]: Transaction successful: Zero GÂ∆ Viper, 100 credits (77.1% chance)
2026-02-13 14:04:08 [[32minfo[39m]: Transaction successful: Zero GÂ∆ Viper, 100 credits (77.1% chance)
2026-02-13 14:04:08 [[32minfo[39m]: Transaction successful: Zero GÂ∆ Viper, 100 credits (77.1% chance)
2026-02-13 14:04:08 [[32minfo[39m]: Transaction successful: Zero GÂ∆ Viper, 100 credits (77.1% chance)
2026-02-13 14:04:08 [[32minfo[39m]: Transaction successful: Zero GÂ∆ Viper, 100 credits (77.1% chance)
2026-02-13 14:04:08 [[32minfo[39m]: Transaction successful: Zero GÂ∆ Viper, 100 credits (77.1% chance)
2026-02-13 14:04:08 [[32minfo[39m]: Transaction successful: Zero GÂ∆ Viper, 100 credits (77.1% chance)
2026-02-13 14:04:08 [[32minfo[39m]: Transaction successful: Zero GÂ∆ Viper, 100 credits (77.1% chance)
2026-02-13 14:04:08 [[32minfo[39m]: Transaction successful: Zero GÂ∆ Viper, 100 credits (77.1% chance)
2026-02-13 14:04:08 [[32minfo[39m]: Transaction successful: Zero GÂ∆ Viper, 100 credits (77.1% chance)
2026-02-13 14:04:08 [[32minfo[39m]: Transaction successful: Zero GÂ∆ Viper, 100 credits (77.1% chance)
2026-02-13 14:04:08 [[32minfo[39m]: Transaction failed: Zero GÂ∆ Viper, 100 credits (77.1% chance)
2026-02-13 14:04:08 [[32minfo[39m]: Transaction successful: Zero GÂ∆ Viper, 100 credits (77.1% chance)
2026-02-13 14:04:08 [[32minfo[39m]: Transaction failed: Zero GÂ∆ Viper, 100 credits (77.1% chance)
2026-02-13 14:04:08 [[32minfo[39m]: Transaction failed: Zero GÂ∆ Viper, 100 credits (77.1% chance)
2026-02-13 14:04:08 [[32minfo[39m]: Transaction successful: Zero GÂ∆ Viper, 100 credits (77.1% chance)
2026-02-13 14:04:08 [[32minfo[39m]: Transaction successful: Zero GÂ∆ Viper, 100 credits (77.1% chance)
2026-02-13 14:04:08 [[32minfo[39m]: Transaction failed: Zero GÂ∆ Viper, 100 credits (77.1% chance)
2026-02-13 14:04:08 [[32minfo[39m]: Transaction successful: Zero GÂ∆ Viper, 100 credits (77.1% chance)
2026-02-13 14:04:08 [[32minfo[39m]: Transaction failed: Zero GÂ∆ Viper, 100 credits (77.1% chance)
2026-02-13 14:04:08 [[32minfo[39m]: Transaction successful: Zero GÂ∆ Viper, 100 credits (77.1% chance)
2026-02-13 14:04:08 [[32minfo[39m]: Transaction successful: Zero GÂ∆ Viper, 100 credits (77.1% chance)
2026-02-13 14:04:08 [[32minfo[39m]: Transaction successful: Zero GÂ∆ Viper, 100 credits (77.1% chance)
2026-02-13 14:04:08 [[32minfo[39m]: Transaction failed: Zero GÂ∆ Viper, 100 credits (77.1% chance)
2026-02-13 14:04:08 [[32minfo[39m]: Transaction successful: Zero GÂ∆ Viper, 100 credits (77.1% chance)
2026-02-13 14:04:08 [[32minfo[39m]: Transaction successful: Zero GÂ∆ Viper, 100 credits (77.1% chance)
2026-02-13 14:04:08 [[32minfo[39m]: Transaction successful: Zero GÂ∆ Viper, 100 credits (77.1% chance)
2026-02-13 14:04:08 [[32minfo[39m]: Transaction successful: Zero GÂ∆ Viper, 100 credits (77.1% chance)
2026-02-13 14:04:08 [[32minfo[39m]: Transaction failed: Zero GÂ∆ Viper, 100 credits (77.1% chance)
2026-02-13 14:04:08 [[32minfo[39m]: Transaction successful: Zero GÂ∆ Viper, 100 credits (77.1% chance)
2026-02-13 14:04:08 [[32minfo[39m]: Transaction successful: Zero GÂ∆ Viper, 100 credits (77.1% chance)
2026-02-13 14:04:08 [[32minfo[39m]: Transaction successful: Zero GÂ∆ Viper, 100 credits (77.1% chance)
2026-02-13 14:04:08 [[32minfo[39m]: Transaction successful: Zero GÂ∆ Viper, 100 credits (77.1% chance)
2026-02-13 14:04:08 [[32minfo[39m]: Transaction successful: Zero GÂ∆ Viper, 100 credits (77.1% chance)
2026-02-13 14:04:08 [[32minfo[39m]: Transaction successful: Zero GÂ∆ Viper, 100 credits (77.1% chance)
2026-02-13 14:04:08 [[32minfo[39m]: Transaction successful: Zero GÂ∆ Viper, 100 credits (77.1% chance)
2026-02-13 14:04:08 [[32minfo[39m]: Transaction successful: Zero GÂ∆ Viper, 100 credits (77.1% chance)
2026-02-13 14:04:08 [[32minfo[39m]: Transaction successful: Zero GÂ∆ Viper, 100 credits (77.1% chance)
2026-02-13 14:04:08 [[32minfo[39m]: Transaction failed: Zero GÂ∆ Viper, 100 credits (77.1% chance)
2026-02-13 14:04:08 [[32minfo[39m]: Transaction successful: Zero GÂ∆ Viper, 100 credits (77.1% chance)
2026-02-13 14:04:08 [[32minfo[39m]: Transaction successful: Zero GÂ∆ Viper, 100 credits (77.1% chance)
2026-02-13 14:04:08 [[32minfo[39m]: Transaction failed: Zero GÂ∆ Viper, 100 credits (77.1% chance)
2026-02-13 14:04:08 [[32minfo[39m]: Transaction successful: Zero GÂ∆ Viper, 100 credits (77.1% chance)
2026-02-13 14:04:08 [[32minfo[39m]: Transaction successful: Zero GÂ∆ Viper, 100 credits (77.1% chance)
2026-02-13 14:04:08 [[32minfo[39m]: Transaction successful: Zero GÂ∆ Viper, 100 credits (77.1% chance)
2026-02-13 14:04:08 [[32minfo[39m]: Transaction successful: Zero GÂ∆ Viper, 100 credits (77.1% chance)
2026-02-13 14:04:08 [[32minfo[39m]: Transaction successful: Zero GÂ∆ Viper, 100 credits (77.1% chance)
2026-02-13 14:04:08 [[32minfo[39m]: Transaction successful: Zero GÂ∆ Viper, 100 credits (77.1% chance)
2026-02-13 14:04:08 [[32minfo[39m]: Transaction successful: Zero GÂ∆ Viper, 100 credits (77.1% chance)
2026-02-13 14:04:08 [[32minfo[39m]: Transaction successful: Zero GÂ∆ Viper, 100 credits (77.1% chance)
2026-02-13 14:04:08 [[32minfo[39m]: Transaction successful: Zero GÂ∆ Viper, 100 credits (77.1% chance)
2026-02-13 14:04:08 [[32minfo[39m]: Transaction successful: Zero GÂ∆ Viper, 100 credits (77.1% chance)
2026-02-13 14:04:08 [[32minfo[39m]: Transaction successful: Zero GÂ∆ Viper, 100 credits (77.1% chance)
2026-02-13 14:04:08 [[32minfo[39m]: Transaction failed: Zero GÂ∆ Viper, 100 credits (77.1% chance)
2026-02-13 14:04:08 [[32minfo[39m]: Transaction successful: Zero GÂ∆ Viper, 100 credits (77.1% chance)
2026-02-13 14:04:08 [[32minfo[39m]: Transaction failed: Zero GÂ∆ Viper, 100 credits (77.1% chance)
2026-02-13 14:04:08 [[32minfo[39m]: Transaction successful: Zero GÂ∆ Viper, 100 credits (77.1% chance)
2026-02-13 14:04:08 [[32minfo[39m]: Transaction failed: Zero GÂ∆ Viper, 100 credits (77.1% chance)
2026-02-13 14:04:08 [[32minfo[39m]: Transaction successful: Zero GÂ∆ Viper, 100 credits (77.1% chance)
2026-02-13 14:04:08 [[32minfo[39m]: Transaction successful: Zero GÂ∆ Viper, 100 credits (77.1% chance)
2026-02-13 14:04:08 [[32minfo[39m]: Transaction successful: Zero GÂ∆ Viper, 100 credits (77.1% chance)
2026-02-13 14:04:08 [[32minfo[39m]: Transaction failed: Zero GÂ∆ Viper, 100 credits (77.1% chance)
2026-02-13 14:04:08 [[32minfo[39m]: Transaction successful: Zero GÂ∆ Viper, 100 credits (77.1% chance)
2026-02-13 14:04:08 [[32minfo[39m]: Transaction successful: Zero GÂ∆ Viper, 100 credits (77.1% chance)
2026-02-13 14:04:08 [[32minfo[39m]: Transaction successful: Zero GÂ∆ Viper, 100 credits (77.1% chance)
(node:14408) ExperimentalWarning: VM Modules is an experimental feature and might change at any time
(Use `node --trace-warnings ...` to show where the warning was created)
2026-02-13 14:04:08 [[32minfo[39m]: Transaction failed: Zero GÂ∆ Viper, 100 credits (77.1% chance)
2026-02-13 14:04:08 [[32minfo[39m]: Initializing 2 agents with initial balance 1000000
2026-02-13 14:04:08 [[32minfo[39m]: Successfully initialized 2 agents
2026-02-13 14:04:08 [[32minfo[39m]: Transaction successful: Raven GÂ∆ Crash, 100 credits (51.7% chance)
2026-02-13 14:04:08 [[32minfo[39m]: Transaction failed: Raven GÂ∆ Crash, 100 credits (51.7% chance)
2026-02-13 14:04:08 [[32minfo[39m]: Transaction failed: Raven GÂ∆ Crash, 100 credits (51.7% chance)
2026-02-13 14:04:08 [[32minfo[39m]: Transaction successful: Raven GÂ∆ Crash, 100 credits (51.7% chance)
2026-02-13 14:04:08 [[32minfo[39m]: Transaction successful: Raven GÂ∆ Crash, 100 credits (51.7% chance)
2026-02-13 14:04:08 [[32minfo[39m]: Transaction successful: Raven GÂ∆ Crash, 100 credits (51.7% chance)
2026-02-13 14:04:08 [[32minfo[39m]: Transaction successful: Raven GÂ∆ Crash, 100 credits (51.7% chance)
2026-02-13 14:04:08 [[32minfo[39m]: Transaction successful: Raven GÂ∆ Crash, 100 credits (51.7% chance)
2026-02-13 14:04:08 [[32minfo[39m]: Transaction successful: Raven GÂ∆ Crash, 100 credits (51.7% chance)
2026-02-13 14:04:08 [[32minfo[39m]: Transaction failed: Raven GÂ∆ Crash, 100 credits (51.7% chance)
2026-02-13 14:04:08 [[32minfo[39m]: Transaction failed: Raven GÂ∆ Crash, 100 credits (51.7% chance)
2026-02-13 14:04:08 [[32minfo[39m]: Transaction successful: Raven GÂ∆ Crash, 100 credits (51.7% chance)
2026-02-13 14:04:08 [[32minfo[39m]: Transaction successful: Raven GÂ∆ Crash, 100 credits (51.7% chance)
2026-02-13 14:04:08 [[32minfo[39m]: Transaction failed: Raven GÂ∆ Crash, 100 credits (51.7% chance)
2026-02-13 14:04:08 [[32minfo[39m]: Transaction successful: Raven GÂ∆ Crash, 100 credits (51.7% chance)
2026-02-13 14:04:08 [[32minfo[39m]: Transaction failed: Raven GÂ∆ Crash, 100 credits (51.7% chance)
2026-02-13 14:04:08 [[32minfo[39m]: Transaction successful: Raven GÂ∆ Crash, 100 credits (51.7% chance)
2026-02-13 14:04:08 [[32minfo[39m]: Transaction failed: Raven GÂ∆ Crash, 100 credits (51.7% chance)
2026-02-13 14:04:08 [[32minfo[39m]: Transaction successful: Raven GÂ∆ Crash, 100 credits (51.7% chance)
2026-02-13 14:04:08 [[32minfo[39m]: Transaction successful: Raven GÂ∆ Crash, 100 credits (51.7% chance)
2026-02-13 14:04:08 [[32minfo[39m]: Transaction failed: Raven GÂ∆ Crash, 100 credits (51.7% chance)
2026-02-13 14:04:08 [[32minfo[39m]: Transaction failed: Raven GÂ∆ Crash, 100 credits (51.7% chance)
2026-02-13 14:04:08 [[32minfo[39m]: Transaction successful: Raven GÂ∆ Crash, 100 credits (51.7% chance)
2026-02-13 14:04:08 [[32minfo[39m]: Transaction successful: Raven GÂ∆ Crash, 100 credits (51.7% chance)
2026-02-13 14:04:08 [[32minfo[39m]: Transaction failed: Raven GÂ∆ Crash, 100 credits (51.7% chance)
2026-02-13 14:04:08 [[32minfo[39m]: Transaction successful: Raven GÂ∆ Crash, 100 credits (51.7% chance)
2026-02-13 14:04:08 [[32minfo[39m]: Transaction failed: Raven GÂ∆ Crash, 100 credits (51.7% chance)
2026-02-13 14:04:08 [[32minfo[39m]: Transaction successful: Raven GÂ∆ Crash, 100 credits (51.7% chance)
2026-02-13 14:04:08 [[32minfo[39m]: Transaction successful: Raven GÂ∆ Crash, 100 credits (51.7% chance)
2026-02-13 14:04:08 [[32minfo[39m]: Transaction failed: Raven GÂ∆ Crash, 100 credits (51.7% chance)
2026-02-13 14:04:08 [[32minfo[39m]: Transaction successful: Raven GÂ∆ Crash, 100 credits (51.7% chance)
2026-02-13 14:04:08 [[32minfo[39m]: Transaction successful: Raven GÂ∆ Crash, 100 credits (51.7% chance)
2026-02-13 14:04:08 [[32minfo[39m]: Transaction failed: Raven GÂ∆ Crash, 100 credits (51.7% chance)
2026-02-13 14:04:08 [[32minfo[39m]: Transaction successful: Raven GÂ∆ Crash, 100 credits (51.7% chance)
2026-02-13 14:04:08 [[32minfo[39m]: Transaction failed: Raven GÂ∆ Crash, 100 credits (51.7% chance)
2026-02-13 14:04:08 [[32minfo[39m]: Transaction successful: Raven GÂ∆ Crash, 100 credits (51.7% chance)
2026-02-13 14:04:08 [[32minfo[39m]: Transaction failed: Raven GÂ∆ Crash, 100 credits (51.7% chance)
2026-02-13 14:04:08 [[32minfo[39m]: Transaction failed: Raven GÂ∆ Crash, 100 credits (51.7% chance)
2026-02-13 14:04:08 [[32minfo[39m]: Transaction successful: Raven GÂ∆ Crash, 100 credits (51.7% chance)
2026-02-13 14:04:08 [[32minfo[39m]: Transaction successful: Raven GÂ∆ Crash, 100 credits (51.7% chance)
2026-02-13 14:04:08 [[32minfo[39m]: Transaction successful: Raven GÂ∆ Crash, 100 credits (51.7% chance)
2026-02-13 14:04:08 [[32minfo[39m]: Transaction successful: Raven GÂ∆ Crash, 100 credits (51.7% chance)
PASS src/services/AgentManager.test.ts (11.337 s)
  AgentManager
    initializeAgents
      GÍ‹ should create the specified number of agents (51 ms)
      GÍ‹ should initialize agents with correct initial balance range (5 ms)
      GÍ‹ should initialize agents with reputation between 40 and 60 (4 ms)
      GÍ‹ should initialize agents with empty memory logs (5 ms)
      GÍ‹ should initialize agents with zero stats (10 ms)
    getAgent
      GÍ‹ should return agent by ID (2 ms)
      GÍ‹ should return undefined for non-existent agent ID (2 ms)
      GÍ‹ should return undefined for empty string ID (5 ms)
      GÍ‹ should return undefined when no agents initialized (1 ms)
      GÍ‹ should return undefined for null-like IDs (3 ms)
    getAllAgents
      GÍ‹ should return empty array when no agents initialized
      GÍ‹ should return all initialized agents (1 ms)
    updateAgent
      GÍ‹ should update agent wallet balance (2 ms)
      GÍ‹ should update agent reputation (1 ms)
      GÍ‹ should update agent stats (1 ms)
      GÍ‹ should not throw when updating non-existent agent (2 ms)
      GÍ‹ should not throw when updating with empty string ID (2 ms)
      GÍ‹ should not throw when no agents initialized
      GÍ‹ should preserve other fields when updating specific field (1 ms)
      GÍ‹ should handle updating multiple fields at once
    logAction
      GÍ‹ should append action to agent memory (1 ms)
      GÍ‹ should append multiple actions in order (1 ms)
      GÍ‹ should not throw when logging action for non-existent agent (1 ms)
    getLeaderboard
      wallet leaderboard
        GÍ‹ should return agents sorted by wallet balance descending (5 ms)
        GÍ‹ should respect the limit parameter (1 ms)
        GÍ‹ should return all agents if limit exceeds agent count (2 ms)
      reputation leaderboard
        GÍ‹ should return agents sorted by reputation descending (1 ms)
        GÍ‹ should respect the limit parameter (3 ms)
      activity leaderboard
        GÍ‹ should return agents sorted by transaction count descending (2 ms)
        GÍ‹ should respect the limit parameter (1 ms)
      edge cases
        GÍ‹ should return empty array when no agents exist (1 ms)
        GÍ‹ should return empty array for all criteria when no agents exist (2 ms)
        GÍ‹ should handle limit of 0 (2 ms)
        GÍ‹ should handle negative limit by returning empty array (1 ms)
        GÍ‹ should handle very large limit values (2 ms)
        GÍ‹ should handle limit of 1 correctly (2 ms)
        GÍ‹ should return consistent results for multiple calls with same parameters (1 ms)
  AgentManager Property Tests
    GÍ‹ Property 2: Action Logging Consistency (1397 ms)
    GÍ‹ Property 2 (Edge Case): Action Logging accepts any timestamp (14 ms)
    GÍ‹ Property 19: Leaderboard Sorting Correctness (217 ms)
System.Management.Automation.RemoteException
2026-02-13 14:04:08 [[32minfo[39m]: Transaction successful: Raven GÂ∆ Crash, 100 credits (51.7% chance)
2026-02-13 14:04:08 [[32minfo[39m]: Transaction successful: Raven GÂ∆ Crash, 100 credits (51.7% chance)
2026-02-13 14:04:08 [[32minfo[39m]: Transaction successful: Raven GÂ∆ Crash, 100 credits (51.7% chance)
2026-02-13 14:04:08 [[32minfo[39m]: Transaction successful: Raven GÂ∆ Crash, 100 credits (51.7% chance)
2026-02-13 14:04:08 [[32minfo[39m]: Transaction successful: Raven GÂ∆ Crash, 100 credits (51.7% chance)
2026-02-13 14:04:08 [[32minfo[39m]: Transaction failed: Raven GÂ∆ Crash, 100 credits (51.7% chance)
2026-02-13 14:04:08 [[32minfo[39m]: Transaction failed: Raven GÂ∆ Crash, 100 credits (51.7% chance)
2026-02-13 14:04:08 [[32minfo[39m]: Transaction successful: Raven GÂ∆ Crash, 100 credits (51.7% chance)
2026-02-13 14:04:08 [[32minfo[39m]: Transaction failed: Raven GÂ∆ Crash, 100 credits (51.7% chance)
2026-02-13 14:04:08 [[32minfo[39m]: Transaction successful: Raven GÂ∆ Crash, 100 credits (51.7% chance)
2026-02-13 14:04:08 [[32minfo[39m]: Transaction failed: Raven GÂ∆ Crash, 100 credits (51.7% chance)
2026-02-13 14:04:08 [[32minfo[39m]: Transaction successful: Raven GÂ∆ Crash, 100 credits (51.7% chance)
2026-02-13 14:04:08 [[32minfo[39m]: Transaction successful: Raven GÂ∆ Crash, 100 credits (51.7% chance)
2026-02-13 14:04:08 [[32minfo[39m]: Transaction failed: Raven GÂ∆ Crash, 100 credits (51.7% chance)
2026-02-13 14:04:08 [[32minfo[39m]: Transaction successful: Raven GÂ∆ Crash, 100 credits (51.7% chance)
2026-02-13 14:04:08 [[32minfo[39m]: Transaction successful: Raven GÂ∆ Crash, 100 credits (51.7% chance)
2026-02-13 14:04:08 [[32minfo[39m]: Transaction failed: Raven GÂ∆ Crash, 100 credits (51.7% chance)
2026-02-13 14:04:08 [[32minfo[39m]: Transaction successful: Raven GÂ∆ Crash, 100 credits (51.7% chance)
2026-02-13 14:04:08 [[32minfo[39m]: Transaction successful: Raven GÂ∆ Crash, 100 credits (51.7% chance)
2026-02-13 14:04:08 [[32minfo[39m]: Transaction failed: Raven GÂ∆ Crash, 100 credits (51.7% chance)
2026-02-13 14:04:08 [[32minfo[39m]: Transaction failed: Raven GÂ∆ Crash, 100 credits (51.7% chance)
2026-02-13 14:04:08 [[32minfo[39m]: Transaction successful: Raven GÂ∆ Crash, 100 credits (51.7% chance)
2026-02-13 14:04:08 [[32minfo[39m]: Transaction failed: Raven GÂ∆ Crash, 100 credits (51.7% chance)
2026-02-13 14:04:08 [[32minfo[39m]: Transaction successful: Raven GÂ∆ Crash, 100 credits (51.7% chance)
2026-02-13 14:04:08 [[32minfo[39m]: Transaction successful: Raven GÂ∆ Crash, 100 credits (51.7% chance)
2026-02-13 14:04:08 [[32minfo[39m]: Transaction successful: Raven GÂ∆ Crash, 100 credits (51.7% chance)
2026-02-13 14:04:08 [[32minfo[39m]: Transaction failed: Raven GÂ∆ Crash, 100 credits (51.7% chance)
2026-02-13 14:04:08 [[32minfo[39m]: Transaction failed: Raven GÂ∆ Crash, 100 credits (51.7% chance)
2026-02-13 14:04:08 [[32minfo[39m]: Transaction successful: Raven GÂ∆ Crash, 100 credits (51.7% chance)
2026-02-13 14:04:07 [[32minfo[39m]: Initializing 14 agents with initial balance 5208
2026-02-13 14:04:07 [[32minfo[39m]: Successfully initialized 14 agents
2026-02-13 14:04:08 [[32minfo[39m]: Transaction successful: Raven GÂ∆ Crash, 100 credits (51.7% chance)
2026-02-13 14:04:08 [[32minfo[39m]: Transaction successful: Raven GÂ∆ Crash, 100 credits (51.7% chance)
2026-02-13 14:04:08 [[32minfo[39m]: Initializing 7 agents with initial balance 6004
2026-02-13 14:04:08 [[32minfo[39m]: Successfully initialized 7 agents
2026-02-13 14:04:08 [[32minfo[39m]: Initializing 4 agents with initial balance 1
2026-02-13 14:04:08 [[32minfo[39m]: Successfully initialized 4 agents
2026-02-13 14:04:08 [[32minfo[39m]: Initializing 19 agents with initial balance 9368
2026-02-13 14:04:08 [[32minfo[39m]: Successfully initialized 19 agents
2026-02-13 14:04:08 [[32minfo[39m]: Initializing 4 agents with initial balance 8235
2026-02-13 14:04:08 [[32minfo[39m]: Successfully initialized 4 agents
2026-02-13 14:04:08 [[32minfo[39m]: Initializing 14 agents with initial balance 9987
2026-02-13 14:04:08 [[32minfo[39m]: Successfully initialized 14 agents
2026-02-13 14:04:08 [[32minfo[39m]: Initializing 1 agents with initial balance 9
2026-02-13 14:04:08 [[32minfo[39m]: Successfully initialized 1 agents
2026-02-13 14:04:08 [[32minfo[39m]: Initializing 7 agents with initial balance 4648
2026-02-13 14:04:08 [[32minfo[39m]: Successfully initialized 7 agents
2026-02-13 14:04:08 [[32minfo[39m]: Initializing 3 agents with initial balance 12
2026-02-13 14:04:08 [[32minfo[39m]: Successfully initialized 3 agents
2026-02-13 14:04:08 [[32minfo[39m]: Initializing 2 agents with initial balance 4468
2026-02-13 14:04:08 [[32minfo[39m]: Successfully initialized 2 agents
2026-02-13 14:04:08 [[32minfo[39m]: Initializing 9 agents with initial balance 9
2026-02-13 14:04:08 [[32minfo[39m]: Successfully initialized 9 agents
2026-02-13 14:04:08 [[32minfo[39m]: Initializing 5 agents with initial balance 3561
2026-02-13 14:04:08 [[32minfo[39m]: Successfully initialized 5 agents
2026-02-13 14:04:08 [[32minfo[39m]: Initializing 5 agents with initial balance 3848
2026-02-13 14:04:08 [[32minfo[39m]: Successfully initialized 5 agents
2026-02-13 14:04:08 [[32minfo[39m]: Initializing 1 agents with initial balance 3
2026-02-13 14:04:08 [[32minfo[39m]: Successfully initialized 1 agents
2026-02-13 14:04:08 [[32minfo[39m]: Initializing 10 agents with initial balance 9
2026-02-13 14:04:08 [[32minfo[39m]: Successfully initialized 10 agents
2026-02-13 14:04:08 [[32minfo[39m]: Initializing 4 agents with initial balance 4995
2026-02-13 14:04:08 [[32minfo[39m]: Successfully initialized 4 agents
2026-02-13 14:04:08 [[32minfo[39m]: Initializing 5 agents with initial balance 7
2026-02-13 14:04:08 [[32minfo[39m]: Successfully initialized 5 agents
2026-02-13 14:04:08 [[32minfo[39m]: Initializing 3 agents with initial balance 4042
2026-02-13 14:04:08 [[32minfo[39m]: Successfully initialized 3 agents
2026-02-13 14:04:08 [[32minfo[39m]: Initializing 3 agents with initial balance 3803
2026-02-13 14:04:08 [[32minfo[39m]: Transaction failed: Raven GÂ∆ Crash, 100 credits (51.7% chance)
2026-02-13 14:04:08 [[32minfo[39m]: Successfully initialized 3 agents
2026-02-13 14:04:08 [[32minfo[39m]: Transaction failed: Raven GÂ∆ Crash, 100 credits (51.7% chance)
2026-02-13 14:04:08 [[32minfo[39m]: Initializing 9 agents with initial balance 0
2026-02-13 14:04:08 [[32minfo[39m]: Transaction successful: Raven GÂ∆ Crash, 100 credits (51.7% chance)
2026-02-13 14:04:08 [[32minfo[39m]: Successfully initialized 9 agents
2026-02-13 14:04:08 [[32minfo[39m]: Transaction failed: Raven GÂ∆ Crash, 100 credits (51.7% chance)
2026-02-13 14:04:08 [[32minfo[39m]: Initializing 8 agents with initial balance 2629
2026-02-13 14:04:08 [[32minfo[39m]: Transaction failed: Raven GÂ∆ Crash, 100 credits (51.7% chance)
2026-02-13 14:04:08 [[32minfo[39m]: Successfully initialized 8 agents
2026-02-13 14:04:08 [[32minfo[39m]: Transaction successful: Raven GÂ∆ Crash, 100 credits (51.7% chance)
2026-02-13 14:04:08 [[32minfo[39m]: Transaction successful: Raven GÂ∆ Crash, 100 credits (51.7% chance)
2026-02-13 14:04:08 [[32minfo[39m]: Initializing 1 agents with initial balance 665
2026-02-13 14:04:08 [[32minfo[39m]: Successfully initialized 1 agents
2026-02-13 14:04:08 [[32minfo[39m]: Transaction successful: Raven GÂ∆ Crash, 100 credits (51.7% chance)
2026-02-13 14:04:08 [[32minfo[39m]: Initializing 4 agents with initial balance 4988
2026-02-13 14:04:08 [[32minfo[39m]: Successfully initialized 4 agents
2026-02-13 14:04:08 [[32minfo[39m]: Initializing 3 agents with initial balance 4421
2026-02-13 14:04:08 [[32minfo[39m]: Transaction successful: Raven GÂ∆ Crash, 100 credits (51.7% chance)
2026-02-13 14:04:08 [[32minfo[39m]: Successfully initialized 3 agents
2026-02-13 14:04:08 [[32minfo[39m]: Transaction failed: Raven GÂ∆ Crash, 100 credits (51.7% chance)
2026-02-13 14:04:08 [[32minfo[39m]: Transaction failed: Raven GÂ∆ Crash, 100 credits (51.7% chance)
2026-02-13 14:04:08 [[32minfo[39m]: Initializing 3 agents with initial balance 280
2026-02-13 14:04:08 [[32minfo[39m]: Transaction successful: Raven GÂ∆ Crash, 100 credits (51.7% chance)
2026-02-13 14:04:08 [[32minfo[39m]: Successfully initialized 3 agents
2026-02-13 14:04:08 [[32minfo[39m]: Initializing 4 agents with initial balance 4992
2026-02-13 14:04:08 [[32minfo[39m]: Transaction successful: Raven GÂ∆ Crash, 100 credits (51.7% chance)
2026-02-13 14:04:08 [[32minfo[39m]: Successfully initialized 4 agents
2026-02-13 14:04:08 [[32minfo[39m]: Initializing 5 agents with initial balance 2876
2026-02-13 14:04:08 [[32minfo[39m]: Transaction successful: Raven GÂ∆ Crash, 100 credits (51.7% chance)
2026-02-13 14:04:08 [[32minfo[39m]: Successfully initialized 5 agents
2026-02-13 14:04:08 [[32minfo[39m]: Initializing 1 agents with initial balance 4167
2026-02-13 14:04:08 [[32minfo[39m]: Transaction successful: Raven GÂ∆ Crash, 100 credits (51.7% chance)
2026-02-13 14:04:08 [[32minfo[39m]: Successfully initialized 1 agents
2026-02-13 14:04:08 [[32minfo[39m]: Transaction failed: Raven GÂ∆ Crash, 100 credits (51.7% chance)
2026-02-13 14:04:08 [[32minfo[39m]: Initializing 2 agents with initial balance 4966
2026-02-13 14:04:08 [[32minfo[39m]: Successfully initialized 2 agents
2026-02-13 14:04:08 [[32minfo[39m]: Transaction failed: Raven GÂ∆ Crash, 100 credits (51.7% chance)
2026-02-13 14:04:08 [[32minfo[39m]: Initializing 2 agents with initial balance 6
2026-02-13 14:04:08 [[32minfo[39m]: Transaction successful: Raven GÂ∆ Crash, 100 credits (51.7% chance)
2026-02-13 14:04:08 [[32minfo[39m]: Successfully initialized 2 agents
2026-02-13 14:04:08 [[32minfo[39m]: Transaction failed: Raven GÂ∆ Crash, 100 credits (51.7% chance)
2026-02-13 14:04:08 [[32minfo[39m]: Initializing 4 agents with initial balance 1345
2026-02-13 14:04:08 [[32minfo[39m]: Transaction successful: Raven GÂ∆ Crash, 100 credits (51.7% chance)
2026-02-13 14:04:08 [[32minfo[39m]: Successfully initialized 4 agents
2026-02-13 14:04:08 [[32minfo[39m]: Transaction failed: Raven GÂ∆ Crash, 100 credits (51.7% chance)
2026-02-13 14:04:08 [[32minfo[39m]: Initializing 8 agents with initial balance 2461
2026-02-13 14:04:08 [[32minfo[39m]: Transaction successful: Raven GÂ∆ Crash, 100 credits (51.7% chance)
2026-02-13 14:04:08 [[32minfo[39m]: Successfully initialized 8 agents
2026-02-13 14:04:08 [[32minfo[39m]: Initializing 8 agents with initial balance 725
2026-02-13 14:04:08 [[32minfo[39m]: Successfully initialized 8 agents
2026-02-13 14:04:08 [[32minfo[39m]: Initializing 9 agents with initial balance 4695
2026-02-13 14:04:08 [[32minfo[39m]: Transaction successful: Raven GÂ∆ Crash, 100 credits (51.7% chance)
2026-02-13 14:04:08 [[32minfo[39m]: Successfully initialized 9 agents
2026-02-13 14:04:08 [[32minfo[39m]: Initializing 10 agents with initial balance 1103
2026-02-13 14:04:08 [[32minfo[39m]: Transaction successful: Raven GÂ∆ Crash, 100 credits (51.7% chance)
2026-02-13 14:04:08 [[32minfo[39m]: Successfully initialized 10 agents
2026-02-13 14:04:08 [[32minfo[39m]: Transaction successful: Raven GÂ∆ Crash, 100 credits (51.7% chance)
2026-02-13 14:04:08 [[32minfo[39m]: Initializing 6 agents with initial balance 5
2026-02-13 14:04:08 [[32minfo[39m]: Successfully initialized 6 agents
2026-02-13 14:04:08 [[32minfo[39m]: Transaction failed: Raven GÂ∆ Crash, 100 credits (51.7% chance)
2026-02-13 14:04:08 [[32minfo[39m]: Initializing 3 agents with initial balance 2147
2026-02-13 14:04:08 [[32minfo[39m]: Transaction failed: Raven GÂ∆ Crash, 100 credits (51.7% chance)
2026-02-13 14:04:08 [[32minfo[39m]: Successfully initialized 3 agents
2026-02-13 14:04:08 [[32minfo[39m]: Initializing 2 agents with initial balance 1000000
2026-02-13 14:04:08 [[32minfo[39m]: Successfully initialized 2 agents
2026-02-13 14:04:08 [[32minfo[39m]: Initializing 3 agents with initial balance 1465
2026-02-13 14:04:08 [[32minfo[39m]: Transaction successful: Hex GÂ∆ Blade, 100 credits (80.9% chance)
2026-02-13 14:04:08 [[32minfo[39m]: Successfully initialized 3 agents
2026-02-13 14:04:08 [[32minfo[39m]: Transaction successful: Hex GÂ∆ Blade, 100 credits (80.9% chance)
2026-02-13 14:04:08 [[32minfo[39m]: Initializing 2 agents with initial balance 2761
2026-02-13 14:04:08 [[32minfo[39m]: Successfully initialized 2 agents
2026-02-13 14:04:08 [[32minfo[39m]: Initializing 4 agents with initial balance 823
2026-02-13 14:04:08 [[32minfo[39m]: Transaction successful: Hex GÂ∆ Blade, 100 credits (80.9% chance)
2026-02-13 14:04:08 [[32minfo[39m]: Successfully initialized 4 agents
2026-02-13 14:04:08 [[32minfo[39m]: Transaction failed: Hex GÂ∆ Blade, 100 credits (80.9% chance)
2026-02-13 14:04:08 [[32minfo[39m]: Initializing 4 agents with initial balance 4993
2026-02-13 14:04:08 [[32minfo[39m]: Transaction successful: Hex GÂ∆ Blade, 100 credits (80.9% chance)
2026-02-13 14:04:08 [[32minfo[39m]: Successfully initialized 4 agents
2026-02-13 14:04:08 [[32minfo[39m]: Transaction failed: Hex GÂ∆ Blade, 100 credits (80.9% chance)
2026-02-13 14:04:08 [[32minfo[39m]: Initializing 4 agents with initial balance 4988
2026-02-13 14:04:08 [[32minfo[39m]: Successfully initialized 4 agents
2026-02-13 14:04:08 [[32minfo[39m]: Transaction successful: Hex GÂ∆ Blade, 100 credits (80.9% chance)
2026-02-13 14:04:08 [[32minfo[39m]: Initializing 4 agents with initial balance 778
2026-02-13 14:04:08 [[32minfo[39m]: Successfully initialized 4 agents
2026-02-13 14:04:08 [[32minfo[39m]: Initializing 9 agents with initial balance 0
2026-02-13 14:04:08 [[32minfo[39m]: Transaction failed: Hex GÂ∆ Blade, 100 credits (80.9% chance)
2026-02-13 14:04:08 [[32minfo[39m]: Successfully initialized 9 agents
2026-02-13 14:04:08 [[32minfo[39m]: Initializing 1 agents with initial balance 1456
2026-02-13 14:04:08 [[32minfo[39m]: Successfully initialized 1 agents
2026-02-13 14:04:08 [[32minfo[39m]: Transaction successful: Hex GÂ∆ Blade, 100 credits (80.9% chance)
2026-02-13 14:04:08 [[32minfo[39m]: Initializing 9 agents with initial balance 4059
2026-02-13 14:04:08 [[32minfo[39m]: Transaction successful: Hex GÂ∆ Blade, 100 credits (80.9% chance)
2026-02-13 14:04:08 [[32minfo[39m]: Successfully initialized 9 agents
2026-02-13 14:04:08 [[32minfo[39m]: Initializing 1 agents with initial balance 3273
2026-02-13 14:04:08 [[32minfo[39m]: Successfully initialized 1 agents
2026-02-13 14:04:08 [[32minfo[39m]: Transaction successful: Hex GÂ∆ Blade, 100 credits (80.9% chance)
2026-02-13 14:04:08 [[32minfo[39m]: Initializing 1 agents with initial balance 3214
2026-02-13 14:04:08 [[32minfo[39m]: Successfully initialized 1 agents
2026-02-13 14:04:08 [[32minfo[39m]: Transaction failed: Hex GÂ∆ Blade, 100 credits (80.9% chance)
2026-02-13 14:04:08 [[32minfo[39m]: Transaction successful: Hex GÂ∆ Blade, 100 credits (80.9% chance)
2026-02-13 14:04:08 [[32minfo[39m]: Initializing 6 agents with initial balance 3312
2026-02-13 14:04:08 [[32minfo[39m]: Transaction successful: Hex GÂ∆ Blade, 100 credits (80.9% chance)
2026-02-13 14:04:08 [[32minfo[39m]: Successfully initialized 6 agents
2026-02-13 14:04:08 [[32minfo[39m]: Transaction successful: Hex GÂ∆ Blade, 100 credits (80.9% chance)
2026-02-13 14:04:08 [[32minfo[39m]: Transaction failed: Hex GÂ∆ Blade, 100 credits (80.9% chance)
2026-02-13 14:04:08 [[32minfo[39m]: Initializing 2 agents with initial balance 4
2026-02-13 14:04:08 [[32minfo[39m]: Transaction successful: Hex GÂ∆ Blade, 100 credits (80.9% chance)
2026-02-13 14:04:08 [[32minfo[39m]: Successfully initialized 2 agents
2026-02-13 14:04:08 [[32minfo[39m]: Transaction successful: Hex GÂ∆ Blade, 100 credits (80.9% chance)
2026-02-13 14:04:08 [[32minfo[39m]: Initializing 10 agents with initial balance 4480
2026-02-13 14:04:08 [[32minfo[39m]: Transaction successful: Hex GÂ∆ Blade, 100 credits (80.9% chance)
2026-02-13 14:04:08 [[32minfo[39m]: Successfully initialized 10 agents
2026-02-13 14:04:08 [[32minfo[39m]: Initializing 8 agents with initial balance 4994
2026-02-13 14:04:08 [[32minfo[39m]: Successfully initialized 8 agents
2026-02-13 14:04:08 [[32minfo[39m]: Initializing 3 agents with initial balance 4249
2026-02-13 14:04:08 [[32minfo[39m]: Transaction successful: Hex GÂ∆ Blade, 100 credits (80.9% chance)
2026-02-13 14:04:08 [[32minfo[39m]: Successfully initialized 3 agents
2026-02-13 14:04:08 [[32minfo[39m]: Initializing 8 agents with initial balance 4090
2026-02-13 14:04:08 [[32minfo[39m]: Transaction successful: Hex GÂ∆ Blade, 100 credits (80.9% chance)
2026-02-13 14:04:08 [[32minfo[39m]: Successfully initialized 8 agents
2026-02-13 14:04:08 [[32minfo[39m]: Initializing 5 agents with initial balance 6
2026-02-13 14:04:08 [[32minfo[39m]: Successfully initialized 5 agents
2026-02-13 14:04:08 [[32minfo[39m]: Transaction successful: Hex GÂ∆ Blade, 100 credits (80.9% chance)
2026-02-13 14:04:08 [[32minfo[39m]: Initializing 6 agents with initial balance 2
2026-02-13 14:04:08 [[32minfo[39m]: Successfully initialized 6 agents
2026-02-13 14:04:08 [[32minfo[39m]: Initializing 3 agents with initial balance 4192
2026-02-13 14:04:08 [[32minfo[39m]: Successfully initialized 3 agents
2026-02-13 14:04:08 [[32minfo[39m]: Transaction successful: Hex GÂ∆ Blade, 100 credits (80.9% chance)
2026-02-13 14:04:08 [[32minfo[39m]: Initializing 5 agents with initial balance 4989
2026-02-13 14:04:08 [[32minfo[39m]: Successfully initialized 5 agents
2026-02-13 14:04:08 [[32minfo[39m]: Transaction successful: Hex GÂ∆ Blade, 100 credits (80.9% chance)
2026-02-13 14:04:08 [[32minfo[39m]: Initializing 4 agents with initial balance 4900
2026-02-13 14:04:08 [[32minfo[39m]: Transaction successful: Hex GÂ∆ Blade, 100 credits (80.9% chance)
2026-02-13 14:04:08 [[32minfo[39m]: Successfully initialized 4 agents
2026-02-13 14:04:08 [[32minfo[39m]: Initializing 10 agents with initial balance 4637
2026-02-13 14:04:08 [[32minfo[39m]: Transaction successful: Hex GÂ∆ Blade, 100 credits (80.9% chance)
2026-02-13 14:04:08 [[32minfo[39m]: Successfully initialized 10 agents
2026-02-13 14:04:08 [[32minfo[39m]: Transaction successful: Hex GÂ∆ Blade, 100 credits (80.9% chance)
2026-02-13 14:04:08 [[32minfo[39m]: Initializing 3 agents with initial balance 3875
2026-02-13 14:04:08 [[32minfo[39m]: Successfully initialized 3 agents
2026-02-13 14:04:08 [[32minfo[39m]: Transaction successful: Hex GÂ∆ Blade, 100 credits (80.9% chance)
2026-02-13 14:04:08 [[32minfo[39m]: Transaction successful: Hex GÂ∆ Blade, 100 credits (80.9% chance)
2026-02-13 14:04:08 [[32minfo[39m]: Transaction successful: Hex GÂ∆ Blade, 100 credits (80.9% chance)
2026-02-13 14:04:08 [[32minfo[39m]: Initializing 8 agents with initial balance 90
2026-02-13 14:04:08 [[32minfo[39m]: Transaction successful: Hex GÂ∆ Blade, 100 credits (80.9% chance)
2026-02-13 14:04:08 [[32minfo[39m]: Successfully initialized 8 agents
2026-02-13 14:04:08 [[32minfo[39m]: Transaction successful: Hex GÂ∆ Blade, 100 credits (80.9% chance)
2026-02-13 14:04:08 [[32minfo[39m]: Transaction successful: Hex GÂ∆ Blade, 100 credits (80.9% chance)
2026-02-13 14:04:08 [[32minfo[39m]: Initializing 1 agents with initial balance 10
2026-02-13 14:04:08 [[32minfo[39m]: Transaction successful: Hex GÂ∆ Blade, 100 credits (80.9% chance)
2026-02-13 14:04:08 [[32minfo[39m]: Transaction failed: Hex GÂ∆ Blade, 100 credits (80.9% chance)
2026-02-13 14:04:08 [[32minfo[39m]: Successfully initialized 1 agents
2026-02-13 14:04:08 [[32minfo[39m]: Transaction successful: Hex GÂ∆ Blade, 100 credits (80.9% chance)
2026-02-13 14:04:08 [[32minfo[39m]: Initializing 9 agents with initial balance 906
2026-02-13 14:04:08 [[32minfo[39m]: Successfully initialized 9 agents
2026-02-13 14:04:08 [[32minfo[39m]: Transaction successful: Hex GÂ∆ Blade, 100 credits (80.9% chance)
2026-02-13 14:04:08 [[32minfo[39m]: Initializing 3 agents with initial balance 8
2026-02-13 14:04:08 [[32minfo[39m]: Transaction successful: Hex GÂ∆ Blade, 100 credits (80.9% chance)
2026-02-13 14:04:08 [[32minfo[39m]: Successfully initialized 3 agents
2026-02-13 14:04:08 [[32minfo[39m]: Transaction failed: Hex GÂ∆ Blade, 100 credits (80.9% chance)
2026-02-13 14:04:08 [[32minfo[39m]: Initializing 4 agents with initial balance 4136
2026-02-13 14:04:08 [[32minfo[39m]: Successfully initialized 4 agents
2026-02-13 14:04:08 [[32minfo[39m]: Transaction successful: Hex GÂ∆ Blade, 100 credits (80.9% chance)
2026-02-13 14:04:08 [[32minfo[39m]: Initializing 7 agents with initial balance 3762
2026-02-13 14:04:08 [[32minfo[39m]: Successfully initialized 7 agents
2026-02-13 14:04:08 [[32minfo[39m]: Initializing 3 agents with initial balance 8
2026-02-13 14:04:08 [[32minfo[39m]: Transaction successful: Hex GÂ∆ Blade, 100 credits (80.9% chance)
2026-02-13 14:04:08 [[32minfo[39m]: Successfully initialized 3 agents
2026-02-13 14:04:08 [[32minfo[39m]: Initializing 10 agents with initial balance 4994
2026-02-13 14:04:08 [[32minfo[39m]: Successfully initialized 10 agents
2026-02-13 14:04:08 [[32minfo[39m]: Transaction successful: Hex GÂ∆ Blade, 100 credits (80.9% chance)
2026-02-13 14:04:08 [[32minfo[39m]: Transaction successful: Hex GÂ∆ Blade, 100 credits (80.9% chance)
2026-02-13 14:04:08 [[32minfo[39m]: Transaction successful: Hex GÂ∆ Blade, 100 credits (80.9% chance)
2026-02-13 14:04:08 [[32minfo[39m]: Transaction successful: Hex GÂ∆ Blade, 100 credits (80.9% chance)
2026-02-13 14:04:08 [[32minfo[39m]: Transaction successful: Hex GÂ∆ Blade, 100 credits (80.9% chance)
2026-02-13 14:04:08 [[32minfo[39m]: Transaction successful: Hex GÂ∆ Blade, 100 credits (80.9% chance)
2026-02-13 14:04:08 [[32minfo[39m]: Transaction successful: Hex GÂ∆ Blade, 100 credits (80.9% chance)
2026-02-13 14:04:08 [[32minfo[39m]: Transaction successful: Hex GÂ∆ Blade, 100 credits (80.9% chance)
2026-02-13 14:04:08 [[32minfo[39m]: Transaction successful: Hex GÂ∆ Blade, 100 credits (80.9% chance)
2026-02-13 14:04:08 [[32minfo[39m]: Transaction successful: Hex GÂ∆ Blade, 100 credits (80.9% chance)
2026-02-13 14:04:08 [[32minfo[39m]: Transaction successful: Hex GÂ∆ Blade, 100 credits (80.9% chance)
2026-02-13 14:04:08 [[32minfo[39m]: Transaction successful: Hex GÂ∆ Blade, 100 credits (80.9% chance)
2026-02-13 14:04:08 [[32minfo[39m]: Transaction successful: Hex GÂ∆ Blade, 100 credits (80.9% chance)
2026-02-13 14:04:08 [[32minfo[39m]: Transaction successful: Hex GÂ∆ Blade, 100 credits (80.9% chance)
2026-02-13 14:04:08 [[32minfo[39m]: Transaction successful: Hex GÂ∆ Blade, 100 credits (80.9% chance)
2026-02-13 14:04:08 [[32minfo[39m]: Transaction successful: Hex GÂ∆ Blade, 100 credits (80.9% chance)
2026-02-13 14:04:08 [[32minfo[39m]: Transaction successful: Hex GÂ∆ Blade, 100 credits (80.9% chance)
2026-02-13 14:04:08 [[32minfo[39m]: Transaction successful: Hex GÂ∆ Blade, 100 credits (80.9% chance)
2026-02-13 14:04:08 [[32minfo[39m]: Transaction successful: Hex GÂ∆ Blade, 100 credits (80.9% chance)
2026-02-13 14:04:08 [[32minfo[39m]: Transaction successful: Hex GÂ∆ Blade, 100 credits (80.9% chance)
2026-02-13 14:04:08 [[32minfo[39m]: Transaction successful: Hex GÂ∆ Blade, 100 credits (80.9% chance)
2026-02-13 14:04:08 [[32minfo[39m]: Transaction successful: Hex GÂ∆ Blade, 100 credits (80.9% chance)
2026-02-13 14:04:08 [[32minfo[39m]: Transaction successful: Hex GÂ∆ Blade, 100 credits (80.9% chance)
2026-02-13 14:04:08 [[32minfo[39m]: Transaction failed: Hex GÂ∆ Blade, 100 credits (80.9% chance)
2026-02-13 14:04:08 [[32minfo[39m]: Transaction successful: Hex GÂ∆ Blade, 100 credits (80.9% chance)
2026-02-13 14:04:08 [[32minfo[39m]: Transaction successful: Hex GÂ∆ Blade, 100 credits (80.9% chance)
2026-02-13 14:04:08 [[32minfo[39m]: Transaction successful: Hex GÂ∆ Blade, 100 credits (80.9% chance)
2026-02-13 14:04:08 [[32minfo[39m]: Transaction successful: Hex GÂ∆ Blade, 100 credits (80.9% chance)
2026-02-13 14:04:08 [[32minfo[39m]: Initializing 5 agents with initial balance 8
2026-02-13 14:04:08 [[32minfo[39m]: Successfully initialized 5 agents
2026-02-13 14:04:08 [[32minfo[39m]: Initializing 2 agents with initial balance 774
2026-02-13 14:04:08 [[32minfo[39m]: Transaction successful: Hex GÂ∆ Blade, 100 credits (80.9% chance)
2026-02-13 14:04:08 [[32minfo[39m]: Successfully initialized 2 agents
2026-02-13 14:04:08 [[32minfo[39m]: Initializing 7 agents with initial balance 3378
2026-02-13 14:04:08 [[32minfo[39m]: Transaction successful: Hex GÂ∆ Blade, 100 credits (80.9% chance)
2026-02-13 14:04:08 [[32minfo[39m]: Successfully initialized 7 agents
2026-02-13 14:04:08 [[32minfo[39m]: Transaction failed: Hex GÂ∆ Blade, 100 credits (80.9% chance)
2026-02-13 14:04:08 [[32minfo[39m]: Initializing 2 agents with initial balance 4998
2026-02-13 14:04:08 [[32minfo[39m]: Successfully initialized 2 agents
2026-02-13 14:04:08 [[32minfo[39m]: Transaction failed: Hex GÂ∆ Blade, 100 credits (80.9% chance)
2026-02-13 14:04:08 [[32minfo[39m]: Initializing 2 agents with initial balance 4661
2026-02-13 14:04:08 [[32minfo[39m]: Successfully initialized 2 agents
2026-02-13 14:04:08 [[32minfo[39m]: Initializing 7 agents with initial balance 4993
2026-02-13 14:04:08 [[32minfo[39m]: Successfully initialized 7 agents
2026-02-13 14:04:08 [[32minfo[39m]: Initializing 8 agents with initial balance 1200
2026-02-13 14:04:08 [[32minfo[39m]: Transaction successful: Hex GÂ∆ Blade, 100 credits (80.9% chance)
2026-02-13 14:04:08 [[32minfo[39m]: Successfully initialized 8 agents
2026-02-13 14:04:08 [[32minfo[39m]: Initializing 5 agents with initial balance 3620
2026-02-13 14:04:08 [[32minfo[39m]: Successfully initialized 5 agents
2026-02-13 14:04:08 [[32minfo[39m]: Transaction successful: Hex GÂ∆ Blade, 100 credits (80.9% chance)
2026-02-13 14:04:08 [[32minfo[39m]: Initializing 8 agents with initial balance 2874
2026-02-13 14:04:08 [[32minfo[39m]: Successfully initialized 8 agents
2026-02-13 14:04:08 [[32minfo[39m]: Initializing 7 agents with initial balance 1228
2026-02-13 14:04:08 [[32minfo[39m]: Transaction failed: Hex GÂ∆ Blade, 100 credits (80.9% chance)
2026-02-13 14:04:08 [[32minfo[39m]: Successfully initialized 7 agents
2026-02-13 14:04:08 [[32minfo[39m]: Initializing 7 agents with initial balance 3
2026-02-13 14:04:08 [[32minfo[39m]: Successfully initialized 7 agents
2026-02-13 14:04:08 [[32minfo[39m]: Transaction successful: Hex GÂ∆ Blade, 100 credits (80.9% chance)
2026-02-13 14:04:08 [[32minfo[39m]: Initializing 10 agents with initial balance 4
2026-02-13 14:04:08 [[32minfo[39m]: Successfully initialized 10 agents
2026-02-13 14:04:08 [[32minfo[39m]: Initializing 2 agents with initial balance 2198
2026-02-13 14:04:08 [[32minfo[39m]: Transaction failed: Hex GÂ∆ Blade, 100 credits (80.9% chance)
2026-02-13 14:04:08 [[32minfo[39m]: Successfully initialized 2 agents
2026-02-13 14:04:08 [[32minfo[39m]: Transaction failed: Hex GÂ∆ Blade, 100 credits (80.9% chance)
2026-02-13 14:04:08 [[32minfo[39m]: Initializing 1 agents with initial balance 2599
2026-02-13 14:04:08 [[32minfo[39m]: Successfully initialized 1 agents
2026-02-13 14:04:08 [[32minfo[39m]: Transaction successful: Hex GÂ∆ Blade, 100 credits (80.9% chance)
2026-02-13 14:04:08 [[32minfo[39m]: Initializing 10 agents with initial balance 6
2026-02-13 14:04:08 [[32minfo[39m]: Successfully initialized 10 agents
2026-02-13 14:04:08 [[32minfo[39m]: Initializing 6 agents with initial balance 3646
2026-02-13 14:04:08 [[32minfo[39m]: Successfully initialized 6 agents
2026-02-13 14:04:08 [[32minfo[39m]: Initializing 7 agents with initial balance 0
2026-02-13 14:04:08 [[32minfo[39m]: Successfully initialized 7 agents
2026-02-13 14:04:08 [[32minfo[39m]: Initializing 7 agents with initial balance 1543
2026-02-13 14:04:08 [[32minfo[39m]: Successfully initialized 7 agents
2026-02-13 14:04:08 [[32minfo[39m]: Initializing 7 agents with initial balance 9
2026-02-13 14:04:08 [[32minfo[39m]: Successfully initialized 7 agents
2026-02-13 14:04:08 [[32minfo[39m]: Initializing 3 agents with initial balance 2519
2026-02-13 14:04:08 [[32minfo[39m]: Successfully initialized 3 agents
2026-02-13 14:04:08 [[32minfo[39m]: Initializing 2 agents with initial balance 4991
2026-02-13 14:04:08 [[32minfo[39m]: Successfully initialized 2 agents
2026-02-13 14:04:08 [[32minfo[39m]: Initializing 6 agents with initial balance 9
2026-02-13 14:04:08 [[32minfo[39m]: Successfully initialized 6 agents
2026-02-13 14:04:08 [[32minfo[39m]: Initializing 8 agents with initial balance 2255
2026-02-13 14:04:08 [[32minfo[39m]: Successfully initialized 8 agents
2026-02-13 14:04:08 [[32minfo[39m]: Initializing 8 agents with initial balance 4851
2026-02-13 14:04:08 [[32minfo[39m]: Successfully initialized 8 agents
2026-02-13 14:04:08 [[32minfo[39m]: Initializing 8 agents with initial balance 903
2026-02-13 14:04:08 [[32minfo[39m]: Successfully initialized 8 agents
2026-02-13 14:04:08 [[32minfo[39m]: Initializing 1 agents with initial balance 4163
2026-02-13 14:04:08 [[32minfo[39m]: Successfully initialized 1 agents
2026-02-13 14:04:08 [[32minfo[39m]: Initializing 1 agents with initial balance 8
2026-02-13 14:04:08 [[32minfo[39m]: Successfully initialized 1 agents
2026-02-13 14:04:08 [[32minfo[39m]: Transaction failed: Hex GÂ∆ Blade, 100 credits (80.9% chance)
2026-02-13 14:04:08 [[32minfo[39m]: Initializing 3 agents with initial balance 3551
2026-02-13 14:04:08 [[32minfo[39m]: Transaction successful: Hex GÂ∆ Blade, 100 credits (80.9% chance)
2026-02-13 14:04:08 [[32minfo[39m]: Successfully initialized 3 agents
2026-02-13 14:04:08 [[32minfo[39m]: Transaction successful: Hex GÂ∆ Blade, 100 credits (80.9% chance)
2026-02-13 14:04:08 [[32minfo[39m]: Initializing 2 agents with initial balance 12
2026-02-13 14:04:08 [[32minfo[39m]: Successfully initialized 2 agents
2026-02-13 14:04:08 [[32minfo[39m]: Initializing 6 agents with initial balance 4614
2026-02-13 14:04:08 [[32minfo[39m]: Transaction successful: Hex GÂ∆ Blade, 100 credits (80.9% chance)
2026-02-13 14:04:08 [[32minfo[39m]: Successfully initialized 6 agents
2026-02-13 14:04:08 [[32minfo[39m]: Initializing 9 agents with initial balance 4989
2026-02-13 14:04:08 [[32minfo[39m]: Transaction failed: Hex GÂ∆ Blade, 100 credits (80.9% chance)
2026-02-13 14:04:08 [[32minfo[39m]: Successfully initialized 9 agents
2026-02-13 14:04:08 [[32minfo[39m]: Initializing 7 agents with initial balance 0
2026-02-13 14:04:08 [[32minfo[39m]: Successfully initialized 7 agents
2026-02-13 14:04:08 [[32minfo[39m]: Transaction failed: Hex GÂ∆ Blade, 100 credits (80.9% chance)
2026-02-13 14:04:08 [[32minfo[39m]: Initializing 2 agents with initial balance 1428
2026-02-13 14:04:08 [[32minfo[39m]: Successfully initialized 2 agents
2026-02-13 14:04:08 [[32minfo[39m]: Initializing 3 agents with initial balance 12
2026-02-13 14:04:08 [[32minfo[39m]: Successfully initialized 3 agents
2026-02-13 14:04:08 [[32minfo[39m]: Transaction successful: Hex GÂ∆ Blade, 100 credits (80.9% chance)
2026-02-13 14:04:08 [[32minfo[39m]: Initializing 4 agents with initial balance 3567
2026-02-13 14:04:08 [[32minfo[39m]: Successfully initialized 4 agents
2026-02-13 14:04:08 [[32minfo[39m]: Initializing 7 agents with initial balance 140
2026-02-13 14:04:08 [[32minfo[39m]: Successfully initialized 7 agents
2026-02-13 14:04:08 [[32minfo[39m]: Transaction successful: Hex GÂ∆ Blade, 100 credits (80.9% chance)
2026-02-13 14:04:08 [[32minfo[39m]: Initializing 8 agents with initial balance 11
2026-02-13 14:04:08 [[32minfo[39m]: Successfully initialized 8 agents
2026-02-13 14:04:08 [[32minfo[39m]: Initializing 2 agents with initial balance 9989
2026-02-13 14:04:08 [[32minfo[39m]: Successfully initialized 2 agents
2026-02-13 14:04:08 [[32minfo[39m]: Transaction successful: Hex GÂ∆ Blade, 100 credits (80.9% chance)
2026-02-13 14:04:08 [[32minfo[39m]: Initializing 1 agents with initial balance 7
2026-02-13 14:04:08 [[32minfo[39m]: Successfully initialized 1 agents
2026-02-13 14:04:08 [[32minfo[39m]: Transaction successful: Hex GÂ∆ Blade, 100 credits (80.9% chance)
2026-02-13 14:04:08 [[32minfo[39m]: Initializing 24 agents with initial balance 3592
2026-02-13 14:04:08 [[32minfo[39m]: Successfully initialized 24 agents
2026-02-13 14:04:08 [[32minfo[39m]: Transaction successful: Hex GÂ∆ Blade, 100 credits (80.9% chance)
2026-02-13 14:04:08 [[32minfo[39m]: Transaction successful: Hex GÂ∆ Blade, 100 credits (80.9% chance)
2026-02-13 14:04:08 [[32minfo[39m]: Initializing 4 agents with initial balance 9987
2026-02-13 14:04:08 [[32minfo[39m]: Transaction failed: Hex GÂ∆ Blade, 100 credits (80.9% chance)
2026-02-13 14:04:08 [[32minfo[39m]: Successfully initialized 4 agents
2026-02-13 14:04:08 [[32minfo[39m]: Initializing 3 agents with initial balance 8
2026-02-13 14:04:08 [[32minfo[39m]: Transaction failed: Hex GÂ∆ Blade, 100 credits (80.9% chance)
2026-02-13 14:04:08 [[32minfo[39m]: Successfully initialized 3 agents
2026-02-13 14:04:08 [[32minfo[39m]: Initializing 3 agents with initial balance 6655
2026-02-13 14:04:08 [[32minfo[39m]: Successfully initialized 3 agents
2026-02-13 14:04:08 [[32minfo[39m]: Transaction successful: Hex GÂ∆ Blade, 100 credits (80.9% chance)
2026-02-13 14:04:08 [[32minfo[39m]: Initializing 10 agents with initial balance 5031
2026-02-13 14:04:08 [[32minfo[39m]: Successfully initialized 10 agents
2026-02-13 14:04:08 [[32minfo[39m]: Transaction successful: Hex GÂ∆ Blade, 100 credits (80.9% chance)
2026-02-13 14:04:08 [[32minfo[39m]: Initializing 25 agents with initial balance 3
2026-02-13 14:04:08 [[32minfo[39m]: Successfully initialized 25 agents
2026-02-13 14:04:08 [[32minfo[39m]: Transaction successful: Hex GÂ∆ Blade, 100 credits (80.9% chance)
2026-02-13 14:04:08 [[32minfo[39m]: Transaction failed: Hex GÂ∆ Blade, 100 credits (80.9% chance)
2026-02-13 14:04:08 [[32minfo[39m]: Transaction successful: Hex GÂ∆ Blade, 100 credits (80.9% chance)
2026-02-13 14:04:08 [[32minfo[39m]: Transaction successful: Hex GÂ∆ Blade, 100 credits (80.9% chance)
2026-02-13 14:04:08 [[32minfo[39m]: Initializing 2 agents with initial balance 1000000
2026-02-13 14:04:08 [[32minfo[39m]: Successfully initialized 2 agents
2026-02-13 14:04:08 [[32minfo[39m]: Initializing 4 agents with initial balance 9994
2026-02-13 14:04:08 [[32minfo[39m]: Transaction failed: Kode GÂ∆ Flux, 100 credits (79.5% chance)
2026-02-13 14:04:08 [[32minfo[39m]: Successfully initialized 4 agents
2026-02-13 14:04:08 [[32minfo[39m]: Initializing 2 agents with initial balance 3914
2026-02-13 14:04:08 [[32minfo[39m]: Successfully initialized 2 agents
2026-02-13 14:04:08 [[32minfo[39m]: Transaction successful: Kode GÂ∆ Flux, 100 credits (79.5% chance)
2026-02-13 14:04:08 [[32minfo[39m]: Initializing 9 agents with initial balance 5519
2026-02-13 14:04:08 [[32minfo[39m]: Successfully initialized 9 agents
2026-02-13 14:04:08 [[32minfo[39m]: Transaction successful: Kode GÂ∆ Flux, 100 credits (79.5% chance)
2026-02-13 14:04:08 [[32minfo[39m]: Transaction successful: Kode GÂ∆ Flux, 100 credits (79.5% chance)
2026-02-13 14:04:08 [[32minfo[39m]: Initializing 19 agents with initial balance 4170
2026-02-13 14:04:08 [[32minfo[39m]: Successfully initialized 19 agents
2026-02-13 14:04:08 [[32minfo[39m]: Transaction successful: Kode GÂ∆ Flux, 100 credits (79.5% chance)
2026-02-13 14:04:08 [[32minfo[39m]: Transaction successful: Kode GÂ∆ Flux, 100 credits (79.5% chance)
2026-02-13 14:04:08 [[32minfo[39m]: Transaction successful: Kode GÂ∆ Flux, 100 credits (79.5% chance)
2026-02-13 14:04:08 [[32minfo[39m]: Initializing 21 agents with initial balance 9995
2026-02-13 14:04:08 [[32minfo[39m]: Successfully initialized 21 agents
2026-02-13 14:04:08 [[32minfo[39m]: Transaction successful: Kode GÂ∆ Flux, 100 credits (79.5% chance)
2026-02-13 14:04:08 [[32minfo[39m]: Transaction successful: Kode GÂ∆ Flux, 100 credits (79.5% chance)
2026-02-13 14:04:08 [[32minfo[39m]: Transaction failed: Kode GÂ∆ Flux, 100 credits (79.5% chance)
2026-02-13 14:04:08 [[32minfo[39m]: Transaction successful: Kode GÂ∆ Flux, 100 credits (79.5% chance)
2026-02-13 14:04:08 [[32minfo[39m]: Transaction successful: Kode GÂ∆ Flux, 100 credits (79.5% chance)
2026-02-13 14:04:08 [[32minfo[39m]: Transaction successful: Kode GÂ∆ Flux, 100 credits (79.5% chance)
2026-02-13 14:04:08 [[32minfo[39m]: Initializing 28 agents with initial balance 7169
2026-02-13 14:04:08 [[32minfo[39m]: Successfully initialized 28 agents
2026-02-13 14:04:08 [[32minfo[39m]: Transaction successful: Kode GÂ∆ Flux, 100 credits (79.5% chance)
2026-02-13 14:04:08 [[32minfo[39m]: Transaction successful: Kode GÂ∆ Flux, 100 credits (79.5% chance)
2026-02-13 14:04:08 [[32minfo[39m]: Transaction failed: Kode GÂ∆ Flux, 100 credits (79.5% chance)
2026-02-13 14:04:08 [[32minfo[39m]: Transaction failed: Kode GÂ∆ Flux, 100 credits (79.5% chance)
2026-02-13 14:04:08 [[32minfo[39m]: Initializing 29 agents with initial balance 3044
2026-02-13 14:04:08 [[32minfo[39m]: Transaction failed: Kode GÂ∆ Flux, 100 credits (79.5% chance)
2026-02-13 14:04:08 [[32minfo[39m]: Successfully initialized 29 agents
2026-02-13 14:04:08 [[32minfo[39m]: Transaction successful: Kode GÂ∆ Flux, 100 credits (79.5% chance)
2026-02-13 14:04:08 [[32minfo[39m]: Transaction successful: Kode GÂ∆ Flux, 100 credits (79.5% chance)
2026-02-13 14:04:08 [[32minfo[39m]: Transaction successful: Kode GÂ∆ Flux, 100 credits (79.5% chance)
2026-02-13 14:04:08 [[32minfo[39m]: Transaction successful: Kode GÂ∆ Flux, 100 credits (79.5% chance)
2026-02-13 14:04:08 [[32minfo[39m]: Initializing 22 agents with initial balance 1044
2026-02-13 14:04:08 [[32minfo[39m]: Successfully initialized 22 agents
2026-02-13 14:04:08 [[32minfo[39m]: Transaction successful: Kode GÂ∆ Flux, 100 credits (79.5% chance)
2026-02-13 14:04:08 [[32minfo[39m]: Transaction failed: Kode GÂ∆ Flux, 100 credits (79.5% chance)
2026-02-13 14:04:08 [[32minfo[39m]: Transaction failed: Kode GÂ∆ Flux, 100 credits (79.5% chance)
2026-02-13 14:04:08 [[32minfo[39m]: Transaction successful: Kode GÂ∆ Flux, 100 credits (79.5% chance)
2026-02-13 14:04:08 [[32minfo[39m]: Initializing 11 agents with initial balance 7739
2026-02-13 14:04:08 [[32minfo[39m]: Successfully initialized 11 agents
2026-02-13 14:04:08 [[32minfo[39m]: Transaction successful: Kode GÂ∆ Flux, 100 credits (79.5% chance)
2026-02-13 14:04:08 [[32minfo[39m]: Transaction successful: Kode GÂ∆ Flux, 100 credits (79.5% chance)
2026-02-13 14:04:08 [[32minfo[39m]: Initializing 26 agents with initial balance 4423
2026-02-13 14:04:08 [[32minfo[39m]: Transaction successful: Kode GÂ∆ Flux, 100 credits (79.5% chance)
2026-02-13 14:04:08 [[32minfo[39m]: Transaction failed: Kode GÂ∆ Flux, 100 credits (79.5% chance)
2026-02-13 14:04:08 [[32minfo[39m]: Successfully initialized 26 agents
2026-02-13 14:04:08 [[32minfo[39m]: Transaction successful: Kode GÂ∆ Flux, 100 credits (79.5% chance)
2026-02-13 14:04:08 [[32minfo[39m]: Transaction failed: Kode GÂ∆ Flux, 100 credits (79.5% chance)
2026-02-13 14:04:08 [[32minfo[39m]: Transaction successful: Kode GÂ∆ Flux, 100 credits (79.5% chance)
2026-02-13 14:04:08 [[32minfo[39m]: Transaction failed: Kode GÂ∆ Flux, 100 credits (79.5% chance)
2026-02-13 14:04:08 [[32minfo[39m]: Initializing 1 agents with initial balance 9589
2026-02-13 14:04:08 [[32minfo[39m]: Successfully initialized 1 agents
2026-02-13 14:04:08 [[32minfo[39m]: Transaction successful: Kode GÂ∆ Flux, 100 credits (79.5% chance)
2026-02-13 14:04:08 [[32minfo[39m]: Initializing 26 agents with initial balance 7
2026-02-13 14:04:08 [[32minfo[39m]: Successfully initialized 26 agents
2026-02-13 14:04:08 [[32minfo[39m]: Transaction successful: Kode GÂ∆ Flux, 100 credits (79.5% chance)
2026-02-13 14:04:08 [[32minfo[39m]: Transaction successful: Kode GÂ∆ Flux, 100 credits (79.5% chance)
2026-02-13 14:04:08 [[32minfo[39m]: Transaction successful: Kode GÂ∆ Flux, 100 credits (79.5% chance)
2026-02-13 14:04:08 [[32minfo[39m]: Transaction successful: Kode GÂ∆ Flux, 100 credits (79.5% chance)
2026-02-13 14:04:08 [[32minfo[39m]: Initializing 10 agents with initial balance 12
2026-02-13 14:04:08 [[32minfo[39m]: Successfully initialized 10 agents
2026-02-13 14:04:08 [[32minfo[39m]: Transaction successful: Kode GÂ∆ Flux, 100 credits (79.5% chance)
2026-02-13 14:04:08 [[32minfo[39m]: Initializing 5 agents with initial balance 3238
2026-02-13 14:04:08 [[32minfo[39m]: Transaction successful: Kode GÂ∆ Flux, 100 credits (79.5% chance)
2026-02-13 14:04:08 [[32minfo[39m]: Successfully initialized 5 agents
2026-02-13 14:04:08 [[32minfo[39m]: Initializing 28 agents with initial balance 2
2026-02-13 14:04:08 [[32minfo[39m]: Transaction successful: Kode GÂ∆ Flux, 100 credits (79.5% chance)
2026-02-13 14:04:08 [[32minfo[39m]: Successfully initialized 28 agents
2026-02-13 14:04:08 [[32minfo[39m]: Transaction failed: Kode GÂ∆ Flux, 100 credits (79.5% chance)
2026-02-13 14:04:08 [[32minfo[39m]: Transaction successful: Kode GÂ∆ Flux, 100 credits (79.5% chance)
2026-02-13 14:04:08 [[32minfo[39m]: Transaction successful: Kode GÂ∆ Flux, 100 credits (79.5% chance)
2026-02-13 14:04:08 [[32minfo[39m]: Transaction successful: Kode GÂ∆ Flux, 100 credits (79.5% chance)
2026-02-13 14:04:08 [[32minfo[39m]: Transaction failed: Kode GÂ∆ Flux, 100 credits (79.5% chance)
2026-02-13 14:04:08 [[32minfo[39m]: Transaction successful: Kode GÂ∆ Flux, 100 credits (79.5% chance)
2026-02-13 14:04:08 [[32minfo[39m]: Transaction failed: Kode GÂ∆ Flux, 100 credits (79.5% chance)
2026-02-13 14:04:08 [[32minfo[39m]: Transaction successful: Kode GÂ∆ Flux, 100 credits (79.5% chance)
2026-02-13 14:04:08 [[32minfo[39m]: Transaction successful: Kode GÂ∆ Flux, 100 credits (79.5% chance)
2026-02-13 14:04:08 [[32minfo[39m]: Transaction failed: Kode GÂ∆ Flux, 100 credits (79.5% chance)
2026-02-13 14:04:08 [[32minfo[39m]: Transaction successful: Kode GÂ∆ Flux, 100 credits (79.5% chance)
2026-02-13 14:04:08 [[32minfo[39m]: Transaction failed: Kode GÂ∆ Flux, 100 credits (79.5% chance)
2026-02-13 14:04:08 [[32minfo[39m]: Transaction successful: Kode GÂ∆ Flux, 100 credits (79.5% chance)
2026-02-13 14:04:08 [[32minfo[39m]: Transaction successful: Kode GÂ∆ Flux, 100 credits (79.5% chance)
2026-02-13 14:04:08 [[32minfo[39m]: Transaction successful: Kode GÂ∆ Flux, 100 credits (79.5% chance)
2026-02-13 14:04:08 [[32minfo[39m]: Transaction successful: Kode GÂ∆ Flux, 100 credits (79.5% chance)
2026-02-13 14:04:08 [[32minfo[39m]: Transaction successful: Kode GÂ∆ Flux, 100 credits (79.5% chance)
2026-02-13 14:04:08 [[32minfo[39m]: Transaction successful: Kode GÂ∆ Flux, 100 credits (79.5% chance)
2026-02-13 14:04:08 [[32minfo[39m]: Transaction successful: Kode GÂ∆ Flux, 100 credits (79.5% chance)
2026-02-13 14:04:08 [[32minfo[39m]: Transaction successful: Kode GÂ∆ Flux, 100 credits (79.5% chance)
2026-02-13 14:04:08 [[32minfo[39m]: Transaction successful: Kode GÂ∆ Flux, 100 credits (79.5% chance)
2026-02-13 14:04:08 [[32minfo[39m]: Transaction successful: Kode GÂ∆ Flux, 100 credits (79.5% chance)
2026-02-13 14:04:08 [[32minfo[39m]: Transaction successful: Kode GÂ∆ Flux, 100 credits (79.5% chance)
2026-02-13 14:04:08 [[32minfo[39m]: Transaction failed: Kode GÂ∆ Flux, 100 credits (79.5% chance)
2026-02-13 14:04:08 [[32minfo[39m]: Initializing 3 agents with initial balance 6220
2026-02-13 14:04:08 [[32minfo[39m]: Transaction successful: Kode GÂ∆ Flux, 100 credits (79.5% chance)
2026-02-13 14:04:08 [[32minfo[39m]: Successfully initialized 3 agents
2026-02-13 14:04:08 [[32minfo[39m]: Transaction successful: Kode GÂ∆ Flux, 100 credits (79.5% chance)
2026-02-13 14:04:08 [[32minfo[39m]: Initializing 5 agents with initial balance 10000
2026-02-13 14:04:08 [[32minfo[39m]: Successfully initialized 5 agents
2026-02-13 14:04:08 [[32minfo[39m]: Transaction successful: Kode GÂ∆ Flux, 100 credits (79.5% chance)
2026-02-13 14:04:08 [[32minfo[39m]: Transaction failed: Kode GÂ∆ Flux, 100 credits (79.5% chance)
2026-02-13 14:04:08 [[32minfo[39m]: Initializing 9 agents with initial balance 9999
2026-02-13 14:04:08 [[32minfo[39m]: Successfully initialized 9 agents
2026-02-13 14:04:08 [[32minfo[39m]: Transaction successful: Kode GÂ∆ Flux, 100 credits (79.5% chance)
2026-02-13 14:04:08 [[32minfo[39m]: Initializing 13 agents with initial balance 11
2026-02-13 14:04:08 [[32minfo[39m]: Transaction failed: Kode GÂ∆ Flux, 100 credits (79.5% chance)
2026-02-13 14:04:08 [[32minfo[39m]: Successfully initialized 13 agents
2026-02-13 14:04:08 [[32minfo[39m]: Transaction failed: Kode GÂ∆ Flux, 100 credits (79.5% chance)
2026-02-13 14:04:08 [[32minfo[39m]: Transaction successful: Kode GÂ∆ Flux, 100 credits (79.5% chance)
2026-02-13 14:04:08 [[32minfo[39m]: Initializing 3 agents with initial balance 13
2026-02-13 14:04:08 [[32minfo[39m]: Successfully initialized 3 agents
2026-02-13 14:04:08 [[32minfo[39m]: Transaction successful: Kode GÂ∆ Flux, 100 credits (79.5% chance)
2026-02-13 14:04:08 [[32minfo[39m]: Initializing 13 agents with initial balance 5869
2026-02-13 14:04:08 [[32minfo[39m]: Successfully initialized 13 agents
2026-02-13 14:04:08 [[32minfo[39m]: Transaction successful: Kode GÂ∆ Flux, 100 credits (79.5% chance)
2026-02-13 14:04:08 [[32minfo[39m]: Transaction successful: Kode GÂ∆ Flux, 100 credits (79.5% chance)
2026-02-13 14:04:08 [[32minfo[39m]: Transaction failed: Kode GÂ∆ Flux, 100 credits (79.5% chance)
2026-02-13 14:04:08 [[32minfo[39m]: Initializing 29 agents with initial balance 4374
2026-02-13 14:04:08 [[32minfo[39m]: Successfully initialized 29 agents
2026-02-13 14:04:08 [[32minfo[39m]: Transaction successful: Kode GÂ∆ Flux, 100 credits (79.5% chance)
2026-02-13 14:04:08 [[32minfo[39m]: Transaction successful: Kode GÂ∆ Flux, 100 credits (79.5% chance)
2026-02-13 14:04:08 [[32minfo[39m]: Transaction successful: Kode GÂ∆ Flux, 100 credits (79.5% chance)
2026-02-13 14:04:08 [[32minfo[39m]: Transaction successful: Kode GÂ∆ Flux, 100 credits (79.5% chance)
2026-02-13 14:04:08 [[32minfo[39m]: Transaction successful: Kode GÂ∆ Flux, 100 credits (79.5% chance)
2026-02-13 14:04:08 [[32minfo[39m]: Transaction successful: Kode GÂ∆ Flux, 100 credits (79.5% chance)
2026-02-13 14:04:08 [[32minfo[39m]: Transaction failed: Kode GÂ∆ Flux, 100 credits (79.5% chance)
2026-02-13 14:04:08 [[32minfo[39m]: Initializing 28 agents with initial balance 2094
2026-02-13 14:04:08 [[32minfo[39m]: Successfully initialized 28 agents
2026-02-13 14:04:08 [[32minfo[39m]: Transaction successful: Kode GÂ∆ Flux, 100 credits (79.5% chance)
2026-02-13 14:04:08 [[32minfo[39m]: Transaction successful: Kode GÂ∆ Flux, 100 credits (79.5% chance)
2026-02-13 14:04:08 [[32minfo[39m]: Initializing 7 agents with initial balance 7694
2026-02-13 14:04:08 [[32minfo[39m]: Successfully initialized 7 agents
2026-02-13 14:04:08 [[32minfo[39m]: Initializing 22 agents with initial balance 4236
2026-02-13 14:04:08 [[32minfo[39m]: Successfully initialized 22 agents
2026-02-13 14:04:08 [[32minfo[39m]: Initializing 3 agents with initial balance 1749
2026-02-13 14:04:08 [[32minfo[39m]: Successfully initialized 3 agents
2026-02-13 14:04:08 [[32minfo[39m]: Initializing 23 agents with initial balance 6710
2026-02-13 14:04:08 [[32minfo[39m]: Transaction successful: Kode GÂ∆ Flux, 100 credits (79.5% chance)
2026-02-13 14:04:08 [[32minfo[39m]: Successfully initialized 23 agents
2026-02-13 14:04:08 [[32minfo[39m]: Transaction successful: Kode GÂ∆ Flux, 100 credits (79.5% chance)
2026-02-13 14:04:08 [[32minfo[39m]: Transaction successful: Kode GÂ∆ Flux, 100 credits (79.5% chance)
2026-02-13 14:04:08 [[32minfo[39m]: Transaction successful: Kode GÂ∆ Flux, 100 credits (79.5% chance)
2026-02-13 14:04:08 [[32minfo[39m]: Transaction successful: Kode GÂ∆ Flux, 100 credits (79.5% chance)
2026-02-13 14:04:08 [[32minfo[39m]: Initializing 30 agents with initial balance 2540
2026-02-13 14:04:08 [[32minfo[39m]: Transaction successful: Kode GÂ∆ Flux, 100 credits (79.5% chance)
2026-02-13 14:04:08 [[32minfo[39m]: Successfully initialized 30 agents
2026-02-13 14:04:08 [[32minfo[39m]: Transaction successful: Kode GÂ∆ Flux, 100 credits (79.5% chance)
2026-02-13 14:04:08 [[32minfo[39m]: Transaction failed: Kode GÂ∆ Flux, 100 credits (79.5% chance)
2026-02-13 14:04:08 [[32minfo[39m]: Transaction failed: Kode GÂ∆ Flux, 100 credits (79.5% chance)
2026-02-13 14:04:08 [[32minfo[39m]: Transaction successful: Kode GÂ∆ Flux, 100 credits (79.5% chance)
2026-02-13 14:04:08 [[32minfo[39m]: Transaction successful: Kode GÂ∆ Flux, 100 credits (79.5% chance)
2026-02-13 14:04:08 [[32minfo[39m]: Transaction successful: Kode GÂ∆ Flux, 100 credits (79.5% chance)
2026-02-13 14:04:08 [[32minfo[39m]: Initializing 24 agents with initial balance 10000
2026-02-13 14:04:08 [[32minfo[39m]: Transaction successful: Kode GÂ∆ Flux, 100 credits (79.5% chance)
2026-02-13 14:04:08 [[32minfo[39m]: Successfully initialized 24 agents
2026-02-13 14:04:08 [[32minfo[39m]: Initializing 2 agents with initial balance 1000000
2026-02-13 14:04:08 [[32minfo[39m]: Successfully initialized 2 agents
2026-02-13 14:04:08 [[32minfo[39m]: Transaction failed: Pulse GÂ∆ Zero, 100 credits (84.7% chance)
2026-02-13 14:04:08 [[32minfo[39m]: Transaction successful: Pulse GÂ∆ Zero, 100 credits (84.7% chance)
2026-02-13 14:04:08 [[32minfo[39m]: Transaction successful: Pulse GÂ∆ Zero, 100 credits (84.7% chance)
2026-02-13 14:04:08 [[32minfo[39m]: Transaction successful: Pulse GÂ∆ Zero, 100 credits (84.7% chance)
2026-02-13 14:04:08 [[32minfo[39m]: Initializing 25 agents with initial balance 8070
2026-02-13 14:04:08 [[32minfo[39m]: Successfully initialized 25 agents
2026-02-13 14:04:08 [[32minfo[39m]: Transaction successful: Pulse GÂ∆ Zero, 100 credits (84.7% chance)
2026-02-13 14:04:08 [[32minfo[39m]: Transaction successful: Pulse GÂ∆ Zero, 100 credits (84.7% chance)
2026-02-13 14:04:08 [[32minfo[39m]: Transaction successful: Pulse GÂ∆ Zero, 100 credits (84.7% chance)
2026-02-13 14:04:08 [[32minfo[39m]: Initializing 24 agents with initial balance 8815
2026-02-13 14:04:08 [[32minfo[39m]: Successfully initialized 24 agents
2026-02-13 14:04:08 [[32minfo[39m]: Transaction successful: Pulse GÂ∆ Zero, 100 credits (84.7% chance)
2026-02-13 14:04:08 [[32minfo[39m]: Transaction failed: Pulse GÂ∆ Zero, 100 credits (84.7% chance)
2026-02-13 14:04:08 [[32minfo[39m]: Initializing 2 agents with initial balance 2348
2026-02-13 14:04:08 [[32minfo[39m]: Successfully initialized 2 agents
2026-02-13 14:04:08 [[32minfo[39m]: Initializing 25 agents with initial balance 94
2026-02-13 14:04:08 [[32minfo[39m]: Transaction successful: Pulse GÂ∆ Zero, 100 credits (84.7% chance)
2026-02-13 14:04:08 [[32minfo[39m]: Successfully initialized 25 agents
2026-02-13 14:04:08 [[32minfo[39m]: Transaction successful: Pulse GÂ∆ Zero, 100 credits (84.7% chance)
2026-02-13 14:04:08 [[32minfo[39m]: Transaction successful: Pulse GÂ∆ Zero, 100 credits (84.7% chance)
2026-02-13 14:04:08 [[32minfo[39m]: Initializing 14 agents with initial balance 6370
2026-02-13 14:04:08 [[32minfo[39m]: Transaction successful: Pulse GÂ∆ Zero, 100 credits (84.7% chance)
2026-02-13 14:04:08 [[32minfo[39m]: Successfully initialized 14 agents
2026-02-13 14:04:08 [[32minfo[39m]: Transaction successful: Pulse GÂ∆ Zero, 100 credits (84.7% chance)
2026-02-13 14:04:08 [[32minfo[39m]: Initializing 24 agents with initial balance 9993
2026-02-13 14:04:08 [[32minfo[39m]: Successfully initialized 24 agents
2026-02-13 14:04:08 [[32minfo[39m]: Transaction successful: Pulse GÂ∆ Zero, 100 credits (84.7% chance)
2026-02-13 14:04:08 [[32minfo[39m]: Transaction successful: Pulse GÂ∆ Zero, 100 credits (84.7% chance)
2026-02-13 14:04:08 [[32minfo[39m]: Initializing 1 agents with initial balance 4427
2026-02-13 14:04:08 [[32minfo[39m]: Successfully initialized 1 agents
2026-02-13 14:04:08 [[32minfo[39m]: Transaction failed: Pulse GÂ∆ Zero, 100 credits (84.7% chance)
2026-02-13 14:04:08 [[32minfo[39m]: Initializing 30 agents with initial balance 6426
2026-02-13 14:04:08 [[32minfo[39m]: Successfully initialized 30 agents
2026-02-13 14:04:08 [[32minfo[39m]: Transaction successful: Pulse GÂ∆ Zero, 100 credits (84.7% chance)
2026-02-13 14:04:08 [[32minfo[39m]: Transaction failed: Pulse GÂ∆ Zero, 100 credits (84.7% chance)
2026-02-13 14:04:08 [[32minfo[39m]: Initializing 22 agents with initial balance 1689
2026-02-13 14:04:08 [[32minfo[39m]: Transaction failed: Pulse GÂ∆ Zero, 100 credits (84.7% chance)
2026-02-13 14:04:08 [[32minfo[39m]: Successfully initialized 22 agents
2026-02-13 14:04:08 [[32minfo[39m]: Transaction successful: Pulse GÂ∆ Zero, 100 credits (84.7% chance)
2026-02-13 14:04:08 [[32minfo[39m]: Transaction successful: Pulse GÂ∆ Zero, 100 credits (84.7% chance)
2026-02-13 14:04:08 [[32minfo[39m]: Initializing 3 agents with initial balance 3565
2026-02-13 14:04:08 [[32minfo[39m]: Successfully initialized 3 agents
2026-02-13 14:04:08 [[32minfo[39m]: Initializing 27 agents with initial balance 9998
2026-02-13 14:04:08 [[32minfo[39m]: Transaction successful: Pulse GÂ∆ Zero, 100 credits (84.7% chance)
2026-02-13 14:04:08 [[32minfo[39m]: Successfully initialized 27 agents
2026-02-13 14:04:08 [[32minfo[39m]: Transaction successful: Pulse GÂ∆ Zero, 100 credits (84.7% chance)
2026-02-13 14:04:08 [[32minfo[39m]: Transaction successful: Pulse GÂ∆ Zero, 100 credits (84.7% chance)
2026-02-13 14:04:08 [[32minfo[39m]: Initializing 19 agents with initial balance 7566
2026-02-13 14:04:08 [[32minfo[39m]: Successfully initialized 19 agents
2026-02-13 14:04:08 [[32minfo[39m]: Transaction successful: Pulse GÂ∆ Zero, 100 credits (84.7% chance)
2026-02-13 14:04:08 [[32minfo[39m]: Transaction failed: Pulse GÂ∆ Zero, 100 credits (84.7% chance)
2026-02-13 14:04:08 [[32minfo[39m]: Initializing 28 agents with initial balance 0
2026-02-13 14:04:08 [[32minfo[39m]: Successfully initialized 28 agents
2026-02-13 14:04:08 [[32minfo[39m]: Transaction successful: Pulse GÂ∆ Zero, 100 credits (84.7% chance)
2026-02-13 14:04:08 [[32minfo[39m]: Transaction failed: Pulse GÂ∆ Zero, 100 credits (84.7% chance)
2026-02-13 14:04:08 [[32minfo[39m]: Initializing 29 agents with initial balance 8292
2026-02-13 14:04:08 [[32minfo[39m]: Successfully initialized 29 agents
2026-02-13 14:04:08 [[32minfo[39m]: Transaction failed: Pulse GÂ∆ Zero, 100 credits (84.7% chance)
2026-02-13 14:04:08 [[32minfo[39m]: Transaction successful: Pulse GÂ∆ Zero, 100 credits (84.7% chance)
2026-02-13 14:04:08 [[32minfo[39m]: Transaction successful: Pulse GÂ∆ Zero, 100 credits (84.7% chance)
2026-02-13 14:04:08 [[32minfo[39m]: Initializing 30 agents with initial balance 9991
2026-02-13 14:04:08 [[32minfo[39m]: Successfully initialized 30 agents
2026-02-13 14:04:08 [[32minfo[39m]: Transaction successful: Pulse GÂ∆ Zero, 100 credits (84.7% chance)
2026-02-13 14:04:08 [[32minfo[39m]: Transaction successful: Pulse GÂ∆ Zero, 100 credits (84.7% chance)
2026-02-13 14:04:08 [[32minfo[39m]: Transaction failed: Pulse GÂ∆ Zero, 100 credits (84.7% chance)
2026-02-13 14:04:08 [[32minfo[39m]: Transaction successful: Pulse GÂ∆ Zero, 100 credits (84.7% chance)
2026-02-13 14:04:08 [[32minfo[39m]: Initializing 8 agents with initial balance 9995
2026-02-13 14:04:08 [[32minfo[39m]: Successfully initialized 8 agents
2026-02-13 14:04:08 [[32minfo[39m]: Transaction successful: Pulse GÂ∆ Zero, 100 credits (84.7% chance)
2026-02-13 14:04:08 [[32minfo[39m]: Initializing 2 agents with initial balance 9991
2026-02-13 14:04:08 [[32minfo[39m]: Transaction successful: Pulse GÂ∆ Zero, 100 credits (84.7% chance)
2026-02-13 14:04:08 [[32minfo[39m]: Successfully initialized 2 agents
2026-02-13 14:04:08 [[32minfo[39m]: Initializing 5 agents with initial balance 9992
2026-02-13 14:04:08 [[32minfo[39m]: Successfully initialized 5 agents
2026-02-13 14:04:08 [[32minfo[39m]: Transaction successful: Pulse GÂ∆ Zero, 100 credits (84.7% chance)
2026-02-13 14:04:08 [[32minfo[39m]: Initializing 14 agents with initial balance 6471
2026-02-13 14:04:08 [[32minfo[39m]: Successfully initialized 14 agents
2026-02-13 14:04:08 [[32minfo[39m]: Transaction successful: Pulse GÂ∆ Zero, 100 credits (84.7% chance)
2026-02-13 14:04:08 [[32minfo[39m]: Initializing 16 agents with initial balance 3461
2026-02-13 14:04:08 [[32minfo[39m]: Successfully initialized 16 agents
2026-02-13 14:04:08 [[32minfo[39m]: Transaction successful: Pulse GÂ∆ Zero, 100 credits (84.7% chance)
2026-02-13 14:04:08 [[32minfo[39m]: Transaction successful: Pulse GÂ∆ Zero, 100 credits (84.7% chance)
2026-02-13 14:04:08 [[32minfo[39m]: Initializing 11 agents with initial balance 6312
2026-02-13 14:04:08 [[32minfo[39m]: Successfully initialized 11 agents
2026-02-13 14:04:08 [[32minfo[39m]: Transaction successful: Pulse GÂ∆ Zero, 100 credits (84.7% chance)
2026-02-13 14:04:08 [[32minfo[39m]: Initializing 8 agents with initial balance 4933
2026-02-13 14:04:08 [[32minfo[39m]: Successfully initialized 8 agents
2026-02-13 14:04:08 [[32minfo[39m]: Transaction successful: Pulse GÂ∆ Zero, 100 credits (84.7% chance)
2026-02-13 14:04:08 [[32minfo[39m]: Initializing 12 agents with initial balance 6715
2026-02-13 14:04:08 [[32minfo[39m]: Successfully initialized 12 agents
2026-02-13 14:04:08 [[32minfo[39m]: Transaction successful: Pulse GÂ∆ Zero, 100 credits (84.7% chance)
2026-02-13 14:04:08 [[32minfo[39m]: Transaction successful: Pulse GÂ∆ Zero, 100 credits (84.7% chance)
2026-02-13 14:04:08 [[32minfo[39m]: Initializing 27 agents with initial balance 9062
2026-02-13 14:04:08 [[32minfo[39m]: Transaction successful: Pulse GÂ∆ Zero, 100 credits (84.7% chance)
2026-02-13 14:04:08 [[32minfo[39m]: Successfully initialized 27 agents
2026-02-13 14:04:08 [[32minfo[39m]: Transaction failed: Pulse GÂ∆ Zero, 100 credits (84.7% chance)
2026-02-13 14:04:08 [[32minfo[39m]: Transaction successful: Pulse GÂ∆ Zero, 100 credits (84.7% chance)
2026-02-13 14:04:08 [[32minfo[39m]: Transaction successful: Pulse GÂ∆ Zero, 100 credits (84.7% chance)
2026-02-13 14:04:08 [[32minfo[39m]: Initializing 1 agents with initial balance 8
2026-02-13 14:04:08 [[32minfo[39m]: Successfully initialized 1 agents
2026-02-13 14:04:08 [[32minfo[39m]: Transaction failed: Pulse GÂ∆ Zero, 100 credits (84.7% chance)
2026-02-13 14:04:08 [[32minfo[39m]: Initializing 10 agents with initial balance 9
2026-02-13 14:04:08 [[32minfo[39m]: Successfully initialized 10 agents
2026-02-13 14:04:08 [[32minfo[39m]: Transaction successful: Pulse GÂ∆ Zero, 100 credits (84.7% chance)
2026-02-13 14:04:08 [[32minfo[39m]: Initializing 13 agents with initial balance 7147
2026-02-13 14:04:08 [[32minfo[39m]: Transaction successful: Pulse GÂ∆ Zero, 100 credits (84.7% chance)
2026-02-13 14:04:08 [[32minfo[39m]: Successfully initialized 13 agents
2026-02-13 14:04:08 [[32minfo[39m]: Transaction successful: Pulse GÂ∆ Zero, 100 credits (84.7% chance)
2026-02-13 14:04:08 [[32minfo[39m]: Transaction successful: Pulse GÂ∆ Zero, 100 credits (84.7% chance)
2026-02-13 14:04:08 [[32minfo[39m]: Initializing 21 agents with initial balance 9996
2026-02-13 14:04:08 [[32minfo[39m]: Successfully initialized 21 agents
2026-02-13 14:04:08 [[32minfo[39m]: Transaction successful: Pulse GÂ∆ Zero, 100 credits (84.7% chance)
2026-02-13 14:04:08 [[32minfo[39m]: Transaction successful: Pulse GÂ∆ Zero, 100 credits (84.7% chance)
2026-02-13 14:04:08 [[32minfo[39m]: Transaction successful: Pulse GÂ∆ Zero, 100 credits (84.7% chance)
2026-02-13 14:04:08 [[32minfo[39m]: Transaction successful: Pulse GÂ∆ Zero, 100 credits (84.7% chance)
2026-02-13 14:04:08 [[32minfo[39m]: Initializing 30 agents with initial balance 9991
2026-02-13 14:04:08 [[32minfo[39m]: Transaction successful: Pulse GÂ∆ Zero, 100 credits (84.7% chance)
2026-02-13 14:04:08 [[32minfo[39m]: Successfully initialized 30 agents
2026-02-13 14:04:08 [[32minfo[39m]: Transaction successful: Pulse GÂ∆ Zero, 100 credits (84.7% chance)
2026-02-13 14:04:08 [[32minfo[39m]: Transaction successful: Pulse GÂ∆ Zero, 100 credits (84.7% chance)
2026-02-13 14:04:08 [[32minfo[39m]: Transaction successful: Pulse GÂ∆ Zero, 100 credits (84.7% chance)
2026-02-13 14:04:08 [[32minfo[39m]: Transaction successful: Pulse GÂ∆ Zero, 100 credits (84.7% chance)
2026-02-13 14:04:08 [[32minfo[39m]: Transaction successful: Pulse GÂ∆ Zero, 100 credits (84.7% chance)
2026-02-13 14:04:08 [[32minfo[39m]: Initializing 29 agents with initial balance 4897
2026-02-13 14:04:08 [[32minfo[39m]: Successfully initialized 29 agents
2026-02-13 14:04:08 [[32minfo[39m]: Transaction successful: Pulse GÂ∆ Zero, 100 credits (84.7% chance)
2026-02-13 14:04:08 [[32minfo[39m]: Transaction successful: Pulse GÂ∆ Zero, 100 credits (84.7% chance)
2026-02-13 14:04:08 [[32minfo[39m]: Transaction successful: Pulse GÂ∆ Zero, 100 credits (84.7% chance)
2026-02-13 14:04:08 [[32minfo[39m]: Transaction successful: Pulse GÂ∆ Zero, 100 credits (84.7% chance)
2026-02-13 14:04:08 [[32minfo[39m]: Initializing 12 agents with initial balance 8
2026-02-13 14:04:08 [[32minfo[39m]: Transaction successful: Pulse GÂ∆ Zero, 100 credits (84.7% chance)
2026-02-13 14:04:08 [[32minfo[39m]: Successfully initialized 12 agents
2026-02-13 14:04:08 [[32minfo[39m]: Transaction successful: Pulse GÂ∆ Zero, 100 credits (84.7% chance)
2026-02-13 14:04:08 [[32minfo[39m]: Initializing 29 agents with initial balance 3287
2026-02-13 14:04:08 [[32minfo[39m]: Successfully initialized 29 agents
2026-02-13 14:04:08 [[32minfo[39m]: Transaction successful: Pulse GÂ∆ Zero, 100 credits (84.7% chance)
2026-02-13 14:04:08 [[32minfo[39m]: Transaction successful: Pulse GÂ∆ Zero, 100 credits (84.7% chance)
2026-02-13 14:04:08 [[32minfo[39m]: Transaction successful: Pulse GÂ∆ Zero, 100 credits (84.7% chance)
2026-02-13 14:04:08 [[32minfo[39m]: Initializing 4 agents with initial balance 9836
2026-02-13 14:04:08 [[32minfo[39m]: Successfully initialized 4 agents
2026-02-13 14:04:08 [[32minfo[39m]: Initializing 30 agents with initial balance 9172
2026-02-13 14:04:08 [[32minfo[39m]: Transaction successful: Pulse GÂ∆ Zero, 100 credits (84.7% chance)
2026-02-13 14:04:08 [[32minfo[39m]: Successfully initialized 30 agents
2026-02-13 14:04:08 [[32minfo[39m]: Transaction successful: Pulse GÂ∆ Zero, 100 credits (84.7% chance)
2026-02-13 14:04:08 [[32minfo[39m]: Transaction successful: Pulse GÂ∆ Zero, 100 credits (84.7% chance)
2026-02-13 14:04:08 [[32minfo[39m]: Transaction failed: Pulse GÂ∆ Zero, 100 credits (84.7% chance)
2026-02-13 14:04:08 [[32minfo[39m]: Transaction successful: Pulse GÂ∆ Zero, 100 credits (84.7% chance)
2026-02-13 14:04:08 [[32minfo[39m]: Initializing 18 agents with initial balance 9314
2026-02-13 14:04:08 [[32minfo[39m]: Transaction successful: Pulse GÂ∆ Zero, 100 credits (84.7% chance)
2026-02-13 14:04:08 [[32minfo[39m]: Successfully initialized 18 agents
2026-02-13 14:04:08 [[32minfo[39m]: Transaction successful: Pulse GÂ∆ Zero, 100 credits (84.7% chance)
2026-02-13 14:04:08 [[32minfo[39m]: Transaction failed: Pulse GÂ∆ Zero, 100 credits (84.7% chance)
2026-02-13 14:04:08 [[32minfo[39m]: Initializing 18 agents with initial balance 6462
2026-02-13 14:04:08 [[32minfo[39m]: Successfully initialized 18 agents
2026-02-13 14:04:08 [[32minfo[39m]: Transaction successful: Pulse GÂ∆ Zero, 100 credits (84.7% chance)
2026-02-13 14:04:08 [[32minfo[39m]: Transaction successful: Pulse GÂ∆ Zero, 100 credits (84.7% chance)
2026-02-13 14:04:08 [[32minfo[39m]: Initializing 4 agents with initial balance 1671
2026-02-13 14:04:08 [[32minfo[39m]: Successfully initialized 4 agents
2026-02-13 14:04:08 [[32minfo[39m]: Initializing 7 agents with initial balance 10
2026-02-13 14:04:08 [[32minfo[39m]: Transaction failed: Pulse GÂ∆ Zero, 100 credits (84.7% chance)
2026-02-13 14:04:08 [[32minfo[39m]: Successfully initialized 7 agents
2026-02-13 14:04:08 [[32minfo[39m]: Transaction successful: Pulse GÂ∆ Zero, 100 credits (84.7% chance)
2026-02-13 14:04:08 [[32minfo[39m]: Initializing 10 agents with initial balance 11
2026-02-13 14:04:08 [[32minfo[39m]: Successfully initialized 10 agents
2026-02-13 14:04:08 [[32minfo[39m]: Transaction successful: Pulse GÂ∆ Zero, 100 credits (84.7% chance)
2026-02-13 14:04:08 [[32minfo[39m]: Initializing 22 agents with initial balance 3316
2026-02-13 14:04:08 [[32minfo[39m]: Transaction successful: Pulse GÂ∆ Zero, 100 credits (84.7% chance)
2026-02-13 14:04:08 [[32minfo[39m]: Successfully initialized 22 agents
2026-02-13 14:04:08 [[32minfo[39m]: Transaction successful: Pulse GÂ∆ Zero, 100 credits (84.7% chance)
2026-02-13 14:04:08 [[32minfo[39m]: Initializing 6 agents with initial balance 8
2026-02-13 14:04:08 [[32minfo[39m]: Transaction successful: Pulse GÂ∆ Zero, 100 credits (84.7% chance)
2026-02-13 14:04:08 [[32minfo[39m]: Successfully initialized 6 agents
2026-02-13 14:04:08 [[32minfo[39m]: Initializing 28 agents with initial balance 8794
2026-02-13 14:04:08 [[32minfo[39m]: Successfully initialized 28 agents
2026-02-13 14:04:08 [[32minfo[39m]: Transaction successful: Pulse GÂ∆ Zero, 100 credits (84.7% chance)
2026-02-13 14:04:08 [[32minfo[39m]: Transaction successful: Pulse GÂ∆ Zero, 100 credits (84.7% chance)
2026-02-13 14:04:08 [[32minfo[39m]: Transaction failed: Pulse GÂ∆ Zero, 100 credits (84.7% chance)
2026-02-13 14:04:08 [[32minfo[39m]: Initializing 17 agents with initial balance 9188
2026-02-13 14:04:08 [[32minfo[39m]: Successfully initialized 17 agents
2026-02-13 14:04:08 [[32minfo[39m]: Initializing 2 agents with initial balance 1826
2026-02-13 14:04:08 [[32minfo[39m]: Successfully initialized 2 agents
2026-02-13 14:04:08 [[32minfo[39m]: Initializing 5 agents with initial balance 1
2026-02-13 14:04:08 [[32minfo[39m]: Successfully initialized 5 agents
2026-02-13 14:04:08 [[32minfo[39m]: Initializing 2 agents with initial balance 6
2026-02-13 14:04:08 [[32minfo[39m]: Successfully initialized 2 agents
2026-02-13 14:04:08 [[32minfo[39m]: Initializing 5 agents with initial balance 13
2026-02-13 14:04:08 [[32minfo[39m]: Successfully initialized 5 agents
2026-02-13 14:04:08 [[32minfo[39m]: Initializing 28 agents with initial balance 9999
2026-02-13 14:04:08 [[32minfo[39m]: Successfully initialized 28 agents
2026-02-13 14:04:08 [[32minfo[39m]: Initializing 13 agents with initial balance 4
2026-02-13 14:04:08 [[32minfo[39m]: Successfully initialized 13 agents
2026-02-13 14:04:08 [[32minfo[39m]: Initializing 4 agents with initial balance 7941
2026-02-13 14:04:08 [[32minfo[39m]: Successfully initialized 4 agents
2026-02-13 14:04:08 [[32minfo[39m]: Initializing 1 agents with initial balance 1658
2026-02-13 14:04:08 [[32minfo[39m]: Successfully initialized 1 agents
2026-02-13 14:04:08 [[32minfo[39m]: Initializing 27 agents with initial balance 8295
2026-02-13 14:04:08 [[32minfo[39m]: Successfully initialized 27 agents
2026-02-13 14:04:08 [[32minfo[39m]: Transaction successful: Pulse GÂ∆ Zero, 100 credits (84.7% chance)
2026-02-13 14:04:08 [[32minfo[39m]: Transaction successful: Pulse GÂ∆ Zero, 100 credits (84.7% chance)
2026-02-13 14:04:08 [[32minfo[39m]: Transaction successful: Pulse GÂ∆ Zero, 100 credits (84.7% chance)
2026-02-13 14:04:08 [[32minfo[39m]: Transaction successful: Pulse GÂ∆ Zero, 100 credits (84.7% chance)
2026-02-13 14:04:08 [[32minfo[39m]: Transaction successful: Pulse GÂ∆ Zero, 100 credits (84.7% chance)
2026-02-13 14:04:08 [[32minfo[39m]: Transaction successful: Pulse GÂ∆ Zero, 100 credits (84.7% chance)
2026-02-13 14:04:08 [[32minfo[39m]: Transaction failed: Pulse GÂ∆ Zero, 100 credits (84.7% chance)
2026-02-13 14:04:08 [[32minfo[39m]: Initializing 2 agents with initial balance 1000000
2026-02-13 14:04:08 [[32minfo[39m]: Successfully initialized 2 agents
2026-02-13 14:04:08 [[32minfo[39m]: Transaction successful: Onyx GÂ∆ Quantum, 100 credits (53.9% chance)
2026-02-13 14:04:08 [[32minfo[39m]: Transaction successful: Onyx GÂ∆ Quantum, 100 credits (53.9% chance)
2026-02-13 14:04:08 [[32minfo[39m]: Transaction failed: Onyx GÂ∆ Quantum, 100 credits (53.9% chance)
2026-02-13 14:04:08 [[32minfo[39m]: Transaction failed: Onyx GÂ∆ Quantum, 100 credits (53.9% chance)
2026-02-13 14:04:08 [[32minfo[39m]: Transaction failed: Onyx GÂ∆ Quantum, 100 credits (53.9% chance)
2026-02-13 14:04:08 [[32minfo[39m]: Transaction failed: Onyx GÂ∆ Quantum, 100 credits (53.9% chance)
2026-02-13 14:04:08 [[32minfo[39m]: Transaction failed: Onyx GÂ∆ Quantum, 100 credits (53.9% chance)
2026-02-13 14:04:08 [[32minfo[39m]: Transaction successful: Onyx GÂ∆ Quantum, 100 credits (53.9% chance)
2026-02-13 14:04:08 [[32minfo[39m]: Initializing 11 agents with initial balance 0
2026-02-13 14:04:08 [[32minfo[39m]: Successfully initialized 11 agents
2026-02-13 14:04:08 [[32minfo[39m]: Transaction successful: Onyx GÂ∆ Quantum, 100 credits (53.9% chance)
2026-02-13 14:04:08 [[32minfo[39m]: Initializing 20 agents with initial balance 5351
2026-02-13 14:04:08 [[32minfo[39m]: Successfully initialized 20 agents
2026-02-13 14:04:08 [[32minfo[39m]: Transaction successful: Onyx GÂ∆ Quantum, 100 credits (53.9% chance)
2026-02-13 14:04:08 [[32minfo[39m]: Transaction failed: Onyx GÂ∆ Quantum, 100 credits (53.9% chance)
2026-02-13 14:04:08 [[32minfo[39m]: Initializing 5 agents with initial balance 8384
2026-02-13 14:04:08 [[32minfo[39m]: Successfully initialized 5 agents
2026-02-13 14:04:08 [[32minfo[39m]: Initializing 28 agents with initial balance 8197
2026-02-13 14:04:08 [[32minfo[39m]: Transaction failed: Onyx GÂ∆ Quantum, 100 credits (53.9% chance)
2026-02-13 14:04:08 [[32minfo[39m]: Successfully initialized 28 agents
2026-02-13 14:04:08 [[32minfo[39m]: Transaction successful: Onyx GÂ∆ Quantum, 100 credits (53.9% chance)
2026-02-13 14:04:08 [[32minfo[39m]: Initializing 23 agents with initial balance 6241
2026-02-13 14:04:08 [[32minfo[39m]: Transaction failed: Onyx GÂ∆ Quantum, 100 credits (53.9% chance)
2026-02-13 14:04:08 [[32minfo[39m]: Successfully initialized 23 agents
2026-02-13 14:04:08 [[32minfo[39m]: Transaction successful: Onyx GÂ∆ Quantum, 100 credits (53.9% chance)
2026-02-13 14:04:08 [[32minfo[39m]: Transaction successful: Onyx GÂ∆ Quantum, 100 credits (53.9% chance)
2026-02-13 14:04:08 [[32minfo[39m]: Initializing 15 agents with initial balance 9997
2026-02-13 14:04:08 [[32minfo[39m]: Successfully initialized 15 agents
2026-02-13 14:04:08 [[32minfo[39m]: Transaction successful: Onyx GÂ∆ Quantum, 100 credits (53.9% chance)
2026-02-13 14:04:08 [[32minfo[39m]: Transaction failed: Onyx GÂ∆ Quantum, 100 credits (53.9% chance)
2026-02-13 14:04:08 [[32minfo[39m]: Transaction failed: Onyx GÂ∆ Quantum, 100 credits (53.9% chance)
2026-02-13 14:04:08 [[32minfo[39m]: Initializing 21 agents with initial balance 9854
2026-02-13 14:04:08 [[32minfo[39m]: Transaction failed: Onyx GÂ∆ Quantum, 100 credits (53.9% chance)
2026-02-13 14:04:08 [[32minfo[39m]: Transaction failed: Onyx GÂ∆ Quantum, 100 credits (53.9% chance)
2026-02-13 14:04:08 [[32minfo[39m]: Transaction failed: Onyx GÂ∆ Quantum, 100 credits (53.9% chance)
2026-02-13 14:04:08 [[32minfo[39m]: Transaction failed: Onyx GÂ∆ Quantum, 100 credits (53.9% chance)
2026-02-13 14:04:08 [[32minfo[39m]: Transaction failed: Onyx GÂ∆ Quantum, 100 credits (53.9% chance)
2026-02-13 14:04:08 [[32minfo[39m]: Transaction successful: Onyx GÂ∆ Quantum, 100 credits (53.9% chance)
2026-02-13 14:04:08 [[32minfo[39m]: Transaction successful: Onyx GÂ∆ Quantum, 100 credits (53.9% chance)
2026-02-13 14:04:08 [[32minfo[39m]: Successfully initialized 21 agents
2026-02-13 14:04:08 [[32minfo[39m]: Transaction successful: Onyx GÂ∆ Quantum, 100 credits (53.9% chance)
2026-02-13 14:04:08 [[32minfo[39m]: Transaction failed: Onyx GÂ∆ Quantum, 100 credits (53.9% chance)
2026-02-13 14:04:08 [[32minfo[39m]: Transaction failed: Onyx GÂ∆ Quantum, 100 credits (53.9% chance)
2026-02-13 14:04:08 [[32minfo[39m]: Transaction failed: Onyx GÂ∆ Quantum, 100 credits (53.9% chance)
2026-02-13 14:04:08 [[32minfo[39m]: Transaction failed: Onyx GÂ∆ Quantum, 100 credits (53.9% chance)
2026-02-13 14:04:08 [[32minfo[39m]: Transaction failed: Onyx GÂ∆ Quantum, 100 credits (53.9% chance)
2026-02-13 14:04:08 [[32minfo[39m]: Initializing 4 agents with initial balance 9993
2026-02-13 14:04:08 [[32minfo[39m]: Transaction successful: Onyx GÂ∆ Quantum, 100 credits (53.9% chance)
2026-02-13 14:04:08 [[32minfo[39m]: Successfully initialized 4 agents
2026-02-13 14:04:08 [[32minfo[39m]: Initializing 6 agents with initial balance 4013
2026-02-13 14:04:08 [[32minfo[39m]: Transaction successful: Onyx GÂ∆ Quantum, 100 credits (53.9% chance)
2026-02-13 14:04:08 [[32minfo[39m]: Successfully initialized 6 agents
2026-02-13 14:04:08 [[32minfo[39m]: Transaction successful: Onyx GÂ∆ Quantum, 100 credits (53.9% chance)
2026-02-13 14:04:08 [[32minfo[39m]: Initializing 30 agents with initial balance 9996
2026-02-13 14:04:08 [[32minfo[39m]: Successfully initialized 30 agents
2026-02-13 14:04:08 [[32minfo[39m]: Transaction failed: Onyx GÂ∆ Quantum, 100 credits (53.9% chance)
2026-02-13 14:04:08 [[32minfo[39m]: Transaction failed: Onyx GÂ∆ Quantum, 100 credits (53.9% chance)
2026-02-13 14:04:08 [[32minfo[39m]: Transaction failed: Onyx GÂ∆ Quantum, 100 credits (53.9% chance)
2026-02-13 14:04:08 [[32minfo[39m]: Transaction failed: Onyx GÂ∆ Quantum, 100 credits (53.9% chance)
2026-02-13 14:04:08 [[32minfo[39m]: Transaction failed: Onyx GÂ∆ Quantum, 100 credits (53.9% chance)
2026-02-13 14:04:08 [[32minfo[39m]: Initializing 23 agents with initial balance 1598
2026-02-13 14:04:08 [[32minfo[39m]: Successfully initialized 23 agents
2026-02-13 14:04:08 [[32minfo[39m]: Transaction successful: Onyx GÂ∆ Quantum, 100 credits (53.9% chance)
2026-02-13 14:04:08 [[32minfo[39m]: Transaction failed: Onyx GÂ∆ Quantum, 100 credits (53.9% chance)
2026-02-13 14:04:08 [[32minfo[39m]: Transaction successful: Onyx GÂ∆ Quantum, 100 credits (53.9% chance)
2026-02-13 14:04:08 [[32minfo[39m]: Transaction failed: Onyx GÂ∆ Quantum, 100 credits (53.9% chance)
2026-02-13 14:04:08 [[32minfo[39m]: Transaction successful: Onyx GÂ∆ Quantum, 100 credits (53.9% chance)
2026-02-13 14:04:08 [[32minfo[39m]: Transaction successful: Onyx GÂ∆ Quantum, 100 credits (53.9% chance)
2026-02-13 14:04:08 [[32minfo[39m]: Transaction failed: Onyx GÂ∆ Quantum, 100 credits (53.9% chance)
2026-02-13 14:04:08 [[32minfo[39m]: Transaction successful: Onyx GÂ∆ Quantum, 100 credits (53.9% chance)
2026-02-13 14:04:08 [[32minfo[39m]: Transaction successful: Onyx GÂ∆ Quantum, 100 credits (53.9% chance)
2026-02-13 14:04:08 [[32minfo[39m]: Transaction successful: Onyx GÂ∆ Quantum, 100 credits (53.9% chance)
2026-02-13 14:04:08 [[32minfo[39m]: Transaction successful: Onyx GÂ∆ Quantum, 100 credits (53.9% chance)
2026-02-13 14:04:08 [[32minfo[39m]: Transaction failed: Onyx GÂ∆ Quantum, 100 credits (53.9% chance)
2026-02-13 14:04:08 [[32minfo[39m]: Transaction successful: Onyx GÂ∆ Quantum, 100 credits (53.9% chance)
2026-02-13 14:04:08 [[32minfo[39m]: Transaction failed: Onyx GÂ∆ Quantum, 100 credits (53.9% chance)
2026-02-13 14:04:08 [[32minfo[39m]: Transaction successful: Onyx GÂ∆ Quantum, 100 credits (53.9% chance)
2026-02-13 14:04:08 [[32minfo[39m]: Transaction failed: Onyx GÂ∆ Quantum, 100 credits (53.9% chance)
2026-02-13 14:04:08 [[32minfo[39m]: Transaction successful: Onyx GÂ∆ Quantum, 100 credits (53.9% chance)
2026-02-13 14:04:08 [[32minfo[39m]: Transaction successful: Onyx GÂ∆ Quantum, 100 credits (53.9% chance)
2026-02-13 14:04:08 [[32minfo[39m]: Transaction successful: Onyx GÂ∆ Quantum, 100 credits (53.9% chance)
2026-02-13 14:04:08 [[32minfo[39m]: Transaction failed: Onyx GÂ∆ Quantum, 100 credits (53.9% chance)
2026-02-13 14:04:08 [[32minfo[39m]: Transaction successful: Onyx GÂ∆ Quantum, 100 credits (53.9% chance)
2026-02-13 14:04:08 [[32minfo[39m]: Transaction failed: Onyx GÂ∆ Quantum, 100 credits (53.9% chance)
2026-02-13 14:04:08 [[32minfo[39m]: Transaction failed: Onyx GÂ∆ Quantum, 100 credits (53.9% chance)
2026-02-13 14:04:08 [[32minfo[39m]: Transaction failed: Onyx GÂ∆ Quantum, 100 credits (53.9% chance)
2026-02-13 14:04:08 [[32minfo[39m]: Transaction failed: Onyx GÂ∆ Quantum, 100 credits (53.9% chance)
2026-02-13 14:04:08 [[32minfo[39m]: Transaction successful: Onyx GÂ∆ Quantum, 100 credits (53.9% chance)
2026-02-13 14:04:08 [[32minfo[39m]: Transaction failed: Onyx GÂ∆ Quantum, 100 credits (53.9% chance)
2026-02-13 14:04:08 [[32minfo[39m]: Transaction failed: Onyx GÂ∆ Quantum, 100 credits (53.9% chance)
2026-02-13 14:04:08 [[32minfo[39m]: Transaction successful: Onyx GÂ∆ Quantum, 100 credits (53.9% chance)
2026-02-13 14:04:08 [[32minfo[39m]: Transaction failed: Onyx GÂ∆ Quantum, 100 credits (53.9% chance)
2026-02-13 14:04:08 [[32minfo[39m]: Transaction successful: Onyx GÂ∆ Quantum, 100 credits (53.9% chance)
2026-02-13 14:04:08 [[32minfo[39m]: Transaction failed: Onyx GÂ∆ Quantum, 100 credits (53.9% chance)
2026-02-13 14:04:08 [[32minfo[39m]: Transaction failed: Onyx GÂ∆ Quantum, 100 credits (53.9% chance)
2026-02-13 14:04:08 [[32minfo[39m]: Transaction successful: Onyx GÂ∆ Quantum, 100 credits (53.9% chance)
2026-02-13 14:04:08 [[32minfo[39m]: Transaction failed: Onyx GÂ∆ Quantum, 100 credits (53.9% chance)
2026-02-13 14:04:08 [[32minfo[39m]: Transaction successful: Onyx GÂ∆ Quantum, 100 credits (53.9% chance)
2026-02-13 14:04:08 [[32minfo[39m]: Transaction successful: Onyx GÂ∆ Quantum, 100 credits (53.9% chance)
2026-02-13 14:04:08 [[32minfo[39m]: Transaction successful: Onyx GÂ∆ Quantum, 100 credits (53.9% chance)
2026-02-13 14:04:08 [[32minfo[39m]: Transaction failed: Onyx GÂ∆ Quantum, 100 credits (53.9% chance)
2026-02-13 14:04:08 [[32minfo[39m]: Transaction successful: Onyx GÂ∆ Quantum, 100 credits (53.9% chance)
2026-02-13 14:04:08 [[32minfo[39m]: Transaction failed: Onyx GÂ∆ Quantum, 100 credits (53.9% chance)
2026-02-13 14:04:08 [[32minfo[39m]: Transaction failed: Onyx GÂ∆ Quantum, 100 credits (53.9% chance)
2026-02-13 14:04:08 [[32minfo[39m]: Transaction failed: Onyx GÂ∆ Quantum, 100 credits (53.9% chance)
2026-02-13 14:04:08 [[32minfo[39m]: Transaction successful: Onyx GÂ∆ Quantum, 100 credits (53.9% chance)
2026-02-13 14:04:08 [[32minfo[39m]: Transaction failed: Onyx GÂ∆ Quantum, 100 credits (53.9% chance)
2026-02-13 14:04:08 [[32minfo[39m]: Transaction successful: Onyx GÂ∆ Quantum, 100 credits (53.9% chance)
2026-02-13 14:04:08 [[32minfo[39m]: Transaction failed: Onyx GÂ∆ Quantum, 100 credits (53.9% chance)
2026-02-13 14:04:08 [[32minfo[39m]: Transaction failed: Onyx GÂ∆ Quantum, 100 credits (53.9% chance)
2026-02-13 14:04:08 [[32minfo[39m]: Transaction failed: Onyx GÂ∆ Quantum, 100 credits (53.9% chance)
2026-02-13 14:04:08 [[32minfo[39m]: Transaction failed: Onyx GÂ∆ Quantum, 100 credits (53.9% chance)
2026-02-13 14:04:08 [[32minfo[39m]: Transaction failed: Onyx GÂ∆ Quantum, 100 credits (53.9% chance)
2026-02-13 14:04:08 [[32minfo[39m]: Transaction failed: Onyx GÂ∆ Quantum, 100 credits (53.9% chance)
2026-02-13 14:04:08 [[32minfo[39m]: Transaction failed: Onyx GÂ∆ Quantum, 100 credits (53.9% chance)
2026-02-13 14:04:08 [[32minfo[39m]: Transaction failed: Onyx GÂ∆ Quantum, 100 credits (53.9% chance)
2026-02-13 14:04:08 [[32minfo[39m]: Transaction failed: Onyx GÂ∆ Quantum, 100 credits (53.9% chance)
2026-02-13 14:04:08 [[32minfo[39m]: Transaction successful: Onyx GÂ∆ Quantum, 100 credits (53.9% chance)
2026-02-13 14:04:08 [[32minfo[39m]: Transaction failed: Onyx GÂ∆ Quantum, 100 credits (53.9% chance)
2026-02-13 14:04:08 [[32minfo[39m]: Transaction successful: Onyx GÂ∆ Quantum, 100 credits (53.9% chance)
2026-02-13 14:04:08 [[32minfo[39m]: Transaction successful: Onyx GÂ∆ Quantum, 100 credits (53.9% chance)
2026-02-13 14:04:08 [[32minfo[39m]: Transaction successful: Onyx GÂ∆ Quantum, 100 credits (53.9% chance)
2026-02-13 14:04:08 [[32minfo[39m]: Initializing 2 agents with initial balance 1000000
2026-02-13 14:04:08 [[32minfo[39m]: Successfully initialized 2 agents
2026-02-13 14:04:08 [[32minfo[39m]: Transaction failed: Frost GÂ∆ Spike, 100 credits (44.2% chance)
2026-02-13 14:04:08 [[32minfo[39m]: Transaction failed: Frost GÂ∆ Spike, 100 credits (44.2% chance)
2026-02-13 14:04:08 [[32minfo[39m]: Transaction successful: Frost GÂ∆ Spike, 100 credits (44.2% chance)
2026-02-13 14:04:08 [[32minfo[39m]: Transaction successful: Frost GÂ∆ Spike, 100 credits (44.2% chance)
2026-02-13 14:04:08 [[32minfo[39m]: Transaction failed: Frost GÂ∆ Spike, 100 credits (44.2% chance)
2026-02-13 14:04:08 [[32minfo[39m]: Transaction successful: Frost GÂ∆ Spike, 100 credits (44.2% chance)
2026-02-13 14:04:08 [[32minfo[39m]: Transaction successful: Frost GÂ∆ Spike, 100 credits (44.2% chance)
2026-02-13 14:04:08 [[32minfo[39m]: Transaction successful: Frost GÂ∆ Spike, 100 credits (44.2% chance)
2026-02-13 14:04:08 [[32minfo[39m]: Transaction successful: Frost GÂ∆ Spike, 100 credits (44.2% chance)
2026-02-13 14:04:08 [[32minfo[39m]: Transaction failed: Frost GÂ∆ Spike, 100 credits (44.2% chance)
2026-02-13 14:04:08 [[32minfo[39m]: Transaction failed: Frost GÂ∆ Spike, 100 credits (44.2% chance)
2026-02-13 14:04:08 [[32minfo[39m]: Transaction successful: Frost GÂ∆ Spike, 100 credits (44.2% chance)
2026-02-13 14:04:08 [[32minfo[39m]: Transaction successful: Frost GÂ∆ Spike, 100 credits (44.2% chance)
2026-02-13 14:04:08 [[32minfo[39m]: Transaction successful: Frost GÂ∆ Spike, 100 credits (44.2% chance)
2026-02-13 14:04:08 [[32minfo[39m]: Transaction failed: Frost GÂ∆ Spike, 100 credits (44.2% chance)
2026-02-13 14:04:08 [[32minfo[39m]: Transaction successful: Frost GÂ∆ Spike, 100 credits (44.2% chance)
2026-02-13 14:04:08 [[32minfo[39m]: Transaction successful: Frost GÂ∆ Spike, 100 credits (44.2% chance)
2026-02-13 14:04:08 [[32minfo[39m]: Transaction successful: Frost GÂ∆ Spike, 100 credits (44.2% chance)
2026-02-13 14:04:08 [[32minfo[39m]: Transaction successful: Frost GÂ∆ Spike, 100 credits (44.2% chance)
2026-02-13 14:04:08 [[32minfo[39m]: Transaction successful: Frost GÂ∆ Spike, 100 credits (44.2% chance)
2026-02-13 14:04:08 [[32minfo[39m]: Transaction failed: Frost GÂ∆ Spike, 100 credits (44.2% chance)
2026-02-13 14:04:08 [[32minfo[39m]: Transaction failed: Frost GÂ∆ Spike, 100 credits (44.2% chance)
2026-02-13 14:04:08 [[32minfo[39m]: Transaction successful: Frost GÂ∆ Spike, 100 credits (44.2% chance)
2026-02-13 14:04:08 [[32minfo[39m]: Transaction failed: Frost GÂ∆ Spike, 100 credits (44.2% chance)
2026-02-13 14:04:08 [[32minfo[39m]: Transaction successful: Frost GÂ∆ Spike, 100 credits (44.2% chance)
2026-02-13 14:04:08 [[32minfo[39m]: Transaction failed: Frost GÂ∆ Spike, 100 credits (44.2% chance)
2026-02-13 14:04:08 [[32minfo[39m]: Transaction failed: Frost GÂ∆ Spike, 100 credits (44.2% chance)
2026-02-13 14:04:08 [[32minfo[39m]: Transaction successful: Frost GÂ∆ Spike, 100 credits (44.2% chance)
2026-02-13 14:04:08 [[32minfo[39m]: Transaction failed: Frost GÂ∆ Spike, 100 credits (44.2% chance)
2026-02-13 14:04:08 [[32minfo[39m]: Transaction failed: Frost GÂ∆ Spike, 100 credits (44.2% chance)
2026-02-13 14:04:08 [[32minfo[39m]: Transaction successful: Frost GÂ∆ Spike, 100 credits (44.2% chance)
2026-02-13 14:04:08 [[32minfo[39m]: Transaction failed: Frost GÂ∆ Spike, 100 credits (44.2% chance)
2026-02-13 14:04:08 [[32minfo[39m]: Transaction successful: Frost GÂ∆ Spike, 100 credits (44.2% chance)
2026-02-13 14:04:08 [[32minfo[39m]: Transaction successful: Frost GÂ∆ Spike, 100 credits (44.2% chance)
2026-02-13 14:04:08 [[32minfo[39m]: Transaction successful: Frost GÂ∆ Spike, 100 credits (44.2% chance)
2026-02-13 14:04:08 [[32minfo[39m]: Transaction successful: Frost GÂ∆ Spike, 100 credits (44.2% chance)
2026-02-13 14:04:08 [[32minfo[39m]: Transaction successful: Frost GÂ∆ Spike, 100 credits (44.2% chance)
2026-02-13 14:04:08 [[32minfo[39m]: Transaction failed: Frost GÂ∆ Spike, 100 credits (44.2% chance)
2026-02-13 14:04:08 [[32minfo[39m]: Transaction successful: Frost GÂ∆ Spike, 100 credits (44.2% chance)
2026-02-13 14:04:08 [[32minfo[39m]: Transaction failed: Frost GÂ∆ Spike, 100 credits (44.2% chance)
2026-02-13 14:04:08 [[32minfo[39m]: Transaction successful: Frost GÂ∆ Spike, 100 credits (44.2% chance)
2026-02-13 14:04:08 [[32minfo[39m]: Transaction failed: Frost GÂ∆ Spike, 100 credits (44.2% chance)
2026-02-13 14:04:08 [[32minfo[39m]: Transaction failed: Frost GÂ∆ Spike, 100 credits (44.2% chance)
2026-02-13 14:04:08 [[32minfo[39m]: Transaction successful: Frost GÂ∆ Spike, 100 credits (44.2% chance)
2026-02-13 14:04:08 [[32minfo[39m]: Transaction failed: Frost GÂ∆ Spike, 100 credits (44.2% chance)
2026-02-13 14:04:08 [[32minfo[39m]: Transaction failed: Frost GÂ∆ Spike, 100 credits (44.2% chance)
2026-02-13 14:04:08 [[32minfo[39m]: Transaction failed: Frost GÂ∆ Spike, 100 credits (44.2% chance)
2026-02-13 14:04:08 [[32minfo[39m]: Transaction failed: Frost GÂ∆ Spike, 100 credits (44.2% chance)
2026-02-13 14:04:08 [[32minfo[39m]: Transaction failed: Frost GÂ∆ Spike, 100 credits (44.2% chance)
2026-02-13 14:04:08 [[32minfo[39m]: Transaction failed: Frost GÂ∆ Spike, 100 credits (44.2% chance)
2026-02-13 14:04:08 [[32minfo[39m]: Transaction failed: Frost GÂ∆ Spike, 100 credits (44.2% chance)
2026-02-13 14:04:08 [[32minfo[39m]: Transaction successful: Frost GÂ∆ Spike, 100 credits (44.2% chance)
2026-02-13 14:04:08 [[32minfo[39m]: Transaction failed: Frost GÂ∆ Spike, 100 credits (44.2% chance)
2026-02-13 14:04:08 [[32minfo[39m]: Transaction failed: Frost GÂ∆ Spike, 100 credits (44.2% chance)
2026-02-13 14:04:08 [[32minfo[39m]: Transaction failed: Frost GÂ∆ Spike, 100 credits (44.2% chance)
2026-02-13 14:04:08 [[32minfo[39m]: Transaction failed: Frost GÂ∆ Spike, 100 credits (44.2% chance)
2026-02-13 14:04:08 [[32minfo[39m]: Transaction failed: Frost GÂ∆ Spike, 100 credits (44.2% chance)
2026-02-13 14:04:08 [[32minfo[39m]: Transaction successful: Frost GÂ∆ Spike, 100 credits (44.2% chance)
2026-02-13 14:04:08 [[32minfo[39m]: Transaction failed: Frost GÂ∆ Spike, 100 credits (44.2% chance)
2026-02-13 14:04:08 [[32minfo[39m]: Transaction successful: Frost GÂ∆ Spike, 100 credits (44.2% chance)
2026-02-13 14:04:08 [[32minfo[39m]: Transaction successful: Frost GÂ∆ Spike, 100 credits (44.2% chance)
2026-02-13 14:04:08 [[32minfo[39m]: Transaction successful: Frost GÂ∆ Spike, 100 credits (44.2% chance)
2026-02-13 14:04:08 [[32minfo[39m]: Transaction failed: Frost GÂ∆ Spike, 100 credits (44.2% chance)
2026-02-13 14:04:08 [[32minfo[39m]: Transaction failed: Frost GÂ∆ Spike, 100 credits (44.2% chance)
2026-02-13 14:04:08 [[32minfo[39m]: Transaction failed: Frost GÂ∆ Spike, 100 credits (44.2% chance)
2026-02-13 14:04:08 [[32minfo[39m]: Transaction failed: Frost GÂ∆ Spike, 100 credits (44.2% chance)
2026-02-13 14:04:08 [[32minfo[39m]: Transaction successful: Frost GÂ∆ Spike, 100 credits (44.2% chance)
2026-02-13 14:04:08 [[32minfo[39m]: Transaction successful: Frost GÂ∆ Spike, 100 credits (44.2% chance)
2026-02-13 14:04:08 [[32minfo[39m]: Transaction successful: Frost GÂ∆ Spike, 100 credits (44.2% chance)
2026-02-13 14:04:08 [[32minfo[39m]: Transaction successful: Frost GÂ∆ Spike, 100 credits (44.2% chance)
2026-02-13 14:04:08 [[32minfo[39m]: Transaction failed: Frost GÂ∆ Spike, 100 credits (44.2% chance)
2026-02-13 14:04:08 [[32minfo[39m]: Transaction failed: Frost GÂ∆ Spike, 100 credits (44.2% chance)
2026-02-13 14:04:08 [[32minfo[39m]: Transaction failed: Frost GÂ∆ Spike, 100 credits (44.2% chance)
2026-02-13 14:04:08 [[32minfo[39m]: Transaction failed: Frost GÂ∆ Spike, 100 credits (44.2% chance)
2026-02-13 14:04:08 [[32minfo[39m]: Transaction successful: Frost GÂ∆ Spike, 100 credits (44.2% chance)
2026-02-13 14:04:08 [[32minfo[39m]: Transaction successful: Frost GÂ∆ Spike, 100 credits (44.2% chance)
2026-02-13 14:04:08 [[32minfo[39m]: Transaction failed: Frost GÂ∆ Spike, 100 credits (44.2% chance)
2026-02-13 14:04:08 [[32minfo[39m]: Transaction failed: Frost GÂ∆ Spike, 100 credits (44.2% chance)
2026-02-13 14:04:08 [[32minfo[39m]: Transaction failed: Frost GÂ∆ Spike, 100 credits (44.2% chance)
2026-02-13 14:04:08 [[32minfo[39m]: Transaction failed: Frost GÂ∆ Spike, 100 credits (44.2% chance)
2026-02-13 14:04:08 [[32minfo[39m]: Transaction failed: Frost GÂ∆ Spike, 100 credits (44.2% chance)
2026-02-13 14:04:08 [[32minfo[39m]: Transaction failed: Frost GÂ∆ Spike, 100 credits (44.2% chance)
2026-02-13 14:04:08 [[32minfo[39m]: Transaction failed: Frost GÂ∆ Spike, 100 credits (44.2% chance)
2026-02-13 14:04:08 [[32minfo[39m]: Transaction successful: Frost GÂ∆ Spike, 100 credits (44.2% chance)
2026-02-13 14:04:08 [[32minfo[39m]: Transaction failed: Frost GÂ∆ Spike, 100 credits (44.2% chance)
2026-02-13 14:04:08 [[32minfo[39m]: Transaction successful: Frost GÂ∆ Spike, 100 credits (44.2% chance)
2026-02-13 14:04:08 [[32minfo[39m]: Transaction successful: Frost GÂ∆ Spike, 100 credits (44.2% chance)
2026-02-13 14:04:08 [[32minfo[39m]: Transaction successful: Frost GÂ∆ Spike, 100 credits (44.2% chance)
2026-02-13 14:04:08 [[32minfo[39m]: Transaction successful: Frost GÂ∆ Spike, 100 credits (44.2% chance)
2026-02-13 14:04:08 [[32minfo[39m]: Transaction failed: Frost GÂ∆ Spike, 100 credits (44.2% chance)
2026-02-13 14:04:08 [[32minfo[39m]: Transaction failed: Frost GÂ∆ Spike, 100 credits (44.2% chance)
2026-02-13 14:04:08 [[32minfo[39m]: Transaction failed: Frost GÂ∆ Spike, 100 credits (44.2% chance)
2026-02-13 14:04:08 [[32minfo[39m]: Transaction successful: Frost GÂ∆ Spike, 100 credits (44.2% chance)
2026-02-13 14:04:08 [[32minfo[39m]: Transaction successful: Frost GÂ∆ Spike, 100 credits (44.2% chance)
2026-02-13 14:04:08 [[32minfo[39m]: Transaction failed: Frost GÂ∆ Spike, 100 credits (44.2% chance)
2026-02-13 14:04:08 [[32minfo[39m]: Transaction failed: Frost GÂ∆ Spike, 100 credits (44.2% chance)
2026-02-13 14:04:08 [[32minfo[39m]: Transaction successful: Frost GÂ∆ Spike, 100 credits (44.2% chance)
2026-02-13 14:04:08 [[32minfo[39m]: Transaction successful: Frost GÂ∆ Spike, 100 credits (44.2% chance)
2026-02-13 14:04:08 [[32minfo[39m]: Transaction successful: Frost GÂ∆ Spike, 100 credits (44.2% chance)
2026-02-13 14:04:08 [[32minfo[39m]: Transaction failed: Frost GÂ∆ Spike, 100 credits (44.2% chance)
2026-02-13 14:04:08 [[32minfo[39m]: Initializing 2 agents with initial balance 1000000
2026-02-13 14:04:08 [[32minfo[39m]: Successfully initialized 2 agents
2026-02-13 14:04:08 [[32minfo[39m]: Transaction failed: Shadow GÂ∆ Kode, 100 credits (49.1% chance)
2026-02-13 14:04:08 [[32minfo[39m]: Transaction failed: Shadow GÂ∆ Kode, 100 credits (49.1% chance)
2026-02-13 14:04:08 [[32minfo[39m]: Transaction successful: Shadow GÂ∆ Kode, 100 credits (49.1% chance)
2026-02-13 14:04:08 [[32minfo[39m]: Transaction successful: Shadow GÂ∆ Kode, 100 credits (49.1% chance)
2026-02-13 14:04:08 [[32minfo[39m]: Transaction successful: Shadow GÂ∆ Kode, 100 credits (49.1% chance)
2026-02-13 14:04:08 [[32minfo[39m]: Transaction successful: Shadow GÂ∆ Kode, 100 credits (49.1% chance)
2026-02-13 14:04:08 [[32minfo[39m]: Transaction successful: Shadow GÂ∆ Kode, 100 credits (49.1% chance)
2026-02-13 14:04:08 [[32minfo[39m]: Transaction successful: Shadow GÂ∆ Kode, 100 credits (49.1% chance)
2026-02-13 14:04:08 [[32minfo[39m]: Transaction failed: Shadow GÂ∆ Kode, 100 credits (49.1% chance)
2026-02-13 14:04:08 [[32minfo[39m]: Transaction failed: Shadow GÂ∆ Kode, 100 credits (49.1% chance)
2026-02-13 14:04:08 [[32minfo[39m]: Transaction failed: Shadow GÂ∆ Kode, 100 credits (49.1% chance)
2026-02-13 14:04:08 [[32minfo[39m]: Transaction failed: Shadow GÂ∆ Kode, 100 credits (49.1% chance)
2026-02-13 14:04:08 [[32minfo[39m]: Transaction failed: Shadow GÂ∆ Kode, 100 credits (49.1% chance)
2026-02-13 14:04:08 [[32minfo[39m]: Transaction successful: Shadow GÂ∆ Kode, 100 credits (49.1% chance)
2026-02-13 14:04:08 [[32minfo[39m]: Transaction failed: Shadow GÂ∆ Kode, 100 credits (49.1% chance)
2026-02-13 14:04:08 [[32minfo[39m]: Transaction successful: Shadow GÂ∆ Kode, 100 credits (49.1% chance)
2026-02-13 14:04:08 [[32minfo[39m]: Transaction failed: Shadow GÂ∆ Kode, 100 credits (49.1% chance)
2026-02-13 14:04:08 [[32minfo[39m]: Transaction failed: Shadow GÂ∆ Kode, 100 credits (49.1% chance)
2026-02-13 14:04:08 [[32minfo[39m]: Transaction failed: Shadow GÂ∆ Kode, 100 credits (49.1% chance)
2026-02-13 14:04:08 [[32minfo[39m]: Transaction successful: Shadow GÂ∆ Kode, 100 credits (49.1% chance)
2026-02-13 14:04:08 [[32minfo[39m]: Transaction failed: Shadow GÂ∆ Kode, 100 credits (49.1% chance)
2026-02-13 14:04:08 [[32minfo[39m]: Transaction failed: Shadow GÂ∆ Kode, 100 credits (49.1% chance)
2026-02-13 14:04:08 [[32minfo[39m]: Transaction failed: Shadow GÂ∆ Kode, 100 credits (49.1% chance)
2026-02-13 14:04:08 [[32minfo[39m]: Transaction failed: Shadow GÂ∆ Kode, 100 credits (49.1% chance)
2026-02-13 14:04:08 [[32minfo[39m]: Transaction failed: Shadow GÂ∆ Kode, 100 credits (49.1% chance)
2026-02-13 14:04:08 [[32minfo[39m]: Transaction successful: Shadow GÂ∆ Kode, 100 credits (49.1% chance)
2026-02-13 14:04:08 [[32minfo[39m]: Transaction failed: Shadow GÂ∆ Kode, 100 credits (49.1% chance)
2026-02-13 14:04:08 [[32minfo[39m]: Transaction failed: Shadow GÂ∆ Kode, 100 credits (49.1% chance)
2026-02-13 14:04:08 [[32minfo[39m]: Transaction failed: Shadow GÂ∆ Kode, 100 credits (49.1% chance)
2026-02-13 14:04:08 [[32minfo[39m]: Transaction successful: Shadow GÂ∆ Kode, 100 credits (49.1% chance)
2026-02-13 14:04:08 [[32minfo[39m]: Transaction successful: Shadow GÂ∆ Kode, 100 credits (49.1% chance)
2026-02-13 14:04:08 [[32minfo[39m]: Transaction successful: Shadow GÂ∆ Kode, 100 credits (49.1% chance)
2026-02-13 14:04:08 [[32minfo[39m]: Transaction successful: Shadow GÂ∆ Kode, 100 credits (49.1% chance)
2026-02-13 14:04:08 [[32minfo[39m]: Transaction successful: Shadow GÂ∆ Kode, 100 credits (49.1% chance)
2026-02-13 14:04:08 [[32minfo[39m]: Transaction successful: Shadow GÂ∆ Kode, 100 credits (49.1% chance)
2026-02-13 14:04:08 [[32minfo[39m]: Transaction successful: Shadow GÂ∆ Kode, 100 credits (49.1% chance)
2026-02-13 14:04:08 [[32minfo[39m]: Transaction failed: Shadow GÂ∆ Kode, 100 credits (49.1% chance)
2026-02-13 14:04:08 [[32minfo[39m]: Transaction failed: Shadow GÂ∆ Kode, 100 credits (49.1% chance)
2026-02-13 14:04:08 [[32minfo[39m]: Transaction successful: Shadow GÂ∆ Kode, 100 credits (49.1% chance)
2026-02-13 14:04:08 [[32minfo[39m]: Transaction failed: Shadow GÂ∆ Kode, 100 credits (49.1% chance)
2026-02-13 14:04:08 [[32minfo[39m]: Transaction failed: Shadow GÂ∆ Kode, 100 credits (49.1% chance)
2026-02-13 14:04:08 [[32minfo[39m]: Transaction failed: Shadow GÂ∆ Kode, 100 credits (49.1% chance)
2026-02-13 14:04:08 [[32minfo[39m]: Transaction failed: Shadow GÂ∆ Kode, 100 credits (49.1% chance)
2026-02-13 14:04:08 [[32minfo[39m]: Transaction successful: Shadow GÂ∆ Kode, 100 credits (49.1% chance)
2026-02-13 14:04:08 [[32minfo[39m]: Transaction successful: Shadow GÂ∆ Kode, 100 credits (49.1% chance)
2026-02-13 14:04:08 [[32minfo[39m]: Transaction failed: Shadow GÂ∆ Kode, 100 credits (49.1% chance)
2026-02-13 14:04:08 [[32minfo[39m]: Transaction failed: Shadow GÂ∆ Kode, 100 credits (49.1% chance)
2026-02-13 14:04:08 [[32minfo[39m]: Transaction failed: Shadow GÂ∆ Kode, 100 credits (49.1% chance)
2026-02-13 14:04:08 [[32minfo[39m]: Transaction failed: Shadow GÂ∆ Kode, 100 credits (49.1% chance)
2026-02-13 14:04:08 [[32minfo[39m]: Transaction failed: Shadow GÂ∆ Kode, 100 credits (49.1% chance)
2026-02-13 14:04:08 [[32minfo[39m]: Transaction failed: Shadow GÂ∆ Kode, 100 credits (49.1% chance)
2026-02-13 14:04:08 [[32minfo[39m]: Transaction failed: Shadow GÂ∆ Kode, 100 credits (49.1% chance)
2026-02-13 14:04:08 [[32minfo[39m]: Transaction successful: Shadow GÂ∆ Kode, 100 credits (49.1% chance)
2026-02-13 14:04:08 [[32minfo[39m]: Transaction failed: Shadow GÂ∆ Kode, 100 credits (49.1% chance)
2026-02-13 14:04:08 [[32minfo[39m]: Transaction successful: Shadow GÂ∆ Kode, 100 credits (49.1% chance)
2026-02-13 14:04:08 [[32minfo[39m]: Transaction successful: Shadow GÂ∆ Kode, 100 credits (49.1% chance)
2026-02-13 14:04:08 [[32minfo[39m]: Transaction successful: Shadow GÂ∆ Kode, 100 credits (49.1% chance)
2026-02-13 14:04:08 [[32minfo[39m]: Transaction failed: Shadow GÂ∆ Kode, 100 credits (49.1% chance)
2026-02-13 14:04:08 [[32minfo[39m]: Transaction successful: Shadow GÂ∆ Kode, 100 credits (49.1% chance)
2026-02-13 14:04:08 [[32minfo[39m]: Transaction successful: Shadow GÂ∆ Kode, 100 credits (49.1% chance)
2026-02-13 14:04:08 [[32minfo[39m]: Transaction failed: Shadow GÂ∆ Kode, 100 credits (49.1% chance)
2026-02-13 14:04:08 [[32minfo[39m]: Transaction successful: Shadow GÂ∆ Kode, 100 credits (49.1% chance)
2026-02-13 14:04:08 [[32minfo[39m]: Transaction failed: Shadow GÂ∆ Kode, 100 credits (49.1% chance)
2026-02-13 14:04:08 [[32minfo[39m]: Transaction failed: Shadow GÂ∆ Kode, 100 credits (49.1% chance)
2026-02-13 14:04:08 [[32minfo[39m]: Transaction failed: Shadow GÂ∆ Kode, 100 credits (49.1% chance)
2026-02-13 14:04:08 [[32minfo[39m]: Transaction failed: Shadow GÂ∆ Kode, 100 credits (49.1% chance)
2026-02-13 14:04:08 [[32minfo[39m]: Transaction failed: Shadow GÂ∆ Kode, 100 credits (49.1% chance)
2026-02-13 14:04:08 [[32minfo[39m]: Transaction failed: Shadow GÂ∆ Kode, 100 credits (49.1% chance)
2026-02-13 14:04:08 [[32minfo[39m]: Transaction successful: Shadow GÂ∆ Kode, 100 credits (49.1% chance)
2026-02-13 14:04:08 [[32minfo[39m]: Transaction failed: Shadow GÂ∆ Kode, 100 credits (49.1% chance)
2026-02-13 14:04:08 [[32minfo[39m]: Transaction failed: Shadow GÂ∆ Kode, 100 credits (49.1% chance)
2026-02-13 14:04:08 [[32minfo[39m]: Transaction failed: Shadow GÂ∆ Kode, 100 credits (49.1% chance)
2026-02-13 14:04:08 [[32minfo[39m]: Transaction successful: Shadow GÂ∆ Kode, 100 credits (49.1% chance)
2026-02-13 14:04:08 [[32minfo[39m]: Transaction failed: Shadow GÂ∆ Kode, 100 credits (49.1% chance)
2026-02-13 14:04:08 [[32minfo[39m]: Transaction successful: Shadow GÂ∆ Kode, 100 credits (49.1% chance)
2026-02-13 14:04:08 [[32minfo[39m]: Transaction failed: Shadow GÂ∆ Kode, 100 credits (49.1% chance)
2026-02-13 14:04:08 [[32minfo[39m]: Transaction failed: Shadow GÂ∆ Kode, 100 credits (49.1% chance)
2026-02-13 14:04:08 [[32minfo[39m]: Transaction successful: Shadow GÂ∆ Kode, 100 credits (49.1% chance)
2026-02-13 14:04:08 [[32minfo[39m]: Transaction failed: Shadow GÂ∆ Kode, 100 credits (49.1% chance)
2026-02-13 14:04:08 [[32minfo[39m]: Transaction failed: Shadow GÂ∆ Kode, 100 credits (49.1% chance)
2026-02-13 14:04:08 [[32minfo[39m]: Transaction successful: Shadow GÂ∆ Kode, 100 credits (49.1% chance)
2026-02-13 14:04:08 [[32minfo[39m]: Transaction successful: Shadow GÂ∆ Kode, 100 credits (49.1% chance)
2026-02-13 14:04:08 [[32minfo[39m]: Transaction successful: Shadow GÂ∆ Kode, 100 credits (49.1% chance)
2026-02-13 14:04:08 [[32minfo[39m]: Transaction successful: Shadow GÂ∆ Kode, 100 credits (49.1% chance)
2026-02-13 14:04:08 [[32minfo[39m]: Transaction successful: Shadow GÂ∆ Kode, 100 credits (49.1% chance)
2026-02-13 14:04:08 [[32minfo[39m]: Transaction failed: Shadow GÂ∆ Kode, 100 credits (49.1% chance)
2026-02-13 14:04:08 [[32minfo[39m]: Transaction successful: Shadow GÂ∆ Kode, 100 credits (49.1% chance)
2026-02-13 14:04:08 [[32minfo[39m]: Transaction failed: Shadow GÂ∆ Kode, 100 credits (49.1% chance)
2026-02-13 14:04:08 [[32minfo[39m]: Transaction failed: Shadow GÂ∆ Kode, 100 credits (49.1% chance)
2026-02-13 14:04:08 [[32minfo[39m]: Transaction successful: Shadow GÂ∆ Kode, 100 credits (49.1% chance)
2026-02-13 14:04:08 [[32minfo[39m]: Transaction failed: Shadow GÂ∆ Kode, 100 credits (49.1% chance)
2026-02-13 14:04:08 [[32minfo[39m]: Transaction successful: Shadow GÂ∆ Kode, 100 credits (49.1% chance)
2026-02-13 14:04:08 [[32minfo[39m]: Transaction failed: Shadow GÂ∆ Kode, 100 credits (49.1% chance)
2026-02-13 14:04:08 [[32minfo[39m]: Transaction failed: Shadow GÂ∆ Kode, 100 credits (49.1% chance)
2026-02-13 14:04:08 [[32minfo[39m]: Transaction successful: Shadow GÂ∆ Kode, 100 credits (49.1% chance)
2026-02-13 14:04:08 [[32minfo[39m]: Transaction failed: Shadow GÂ∆ Kode, 100 credits (49.1% chance)
2026-02-13 14:04:08 [[32minfo[39m]: Transaction successful: Shadow GÂ∆ Kode, 100 credits (49.1% chance)
2026-02-13 14:04:08 [[32minfo[39m]: Transaction failed: Shadow GÂ∆ Kode, 100 credits (49.1% chance)
2026-02-13 14:04:08 [[32minfo[39m]: Transaction successful: Shadow GÂ∆ Kode, 100 credits (49.1% chance)
2026-02-13 14:04:08 [[32minfo[39m]: Transaction failed: Shadow GÂ∆ Kode, 100 credits (49.1% chance)
2026-02-13 14:04:08 [[32minfo[39m]: Initializing 2 agents with initial balance 1000000
2026-02-13 14:04:08 [[32minfo[39m]: Successfully initialized 2 agents
2026-02-13 14:04:08 [[32minfo[39m]: Transaction failed: Ghost GÂ∆ Crash, 100 credits (51.5% chance)
2026-02-13 14:04:08 [[32minfo[39m]: Transaction failed: Ghost GÂ∆ Crash, 100 credits (51.5% chance)
2026-02-13 14:04:08 [[32minfo[39m]: Transaction successful: Ghost GÂ∆ Crash, 100 credits (51.5% chance)
2026-02-13 14:04:08 [[32minfo[39m]: Transaction successful: Ghost GÂ∆ Crash, 100 credits (51.5% chance)
2026-02-13 14:04:08 [[32minfo[39m]: Transaction successful: Ghost GÂ∆ Crash, 100 credits (51.5% chance)
2026-02-13 14:04:08 [[32minfo[39m]: Transaction successful: Ghost GÂ∆ Crash, 100 credits (51.5% chance)
2026-02-13 14:04:08 [[32minfo[39m]: Transaction successful: Ghost GÂ∆ Crash, 100 credits (51.5% chance)
2026-02-13 14:04:08 [[32minfo[39m]: Transaction successful: Ghost GÂ∆ Crash, 100 credits (51.5% chance)
2026-02-13 14:04:08 [[32minfo[39m]: Transaction successful: Ghost GÂ∆ Crash, 100 credits (51.5% chance)
2026-02-13 14:04:08 [[32minfo[39m]: Transaction successful: Ghost GÂ∆ Crash, 100 credits (51.5% chance)
2026-02-13 14:04:08 [[32minfo[39m]: Transaction failed: Ghost GÂ∆ Crash, 100 credits (51.5% chance)
2026-02-13 14:04:08 [[32minfo[39m]: Transaction successful: Ghost GÂ∆ Crash, 100 credits (51.5% chance)
2026-02-13 14:04:08 [[32minfo[39m]: Transaction failed: Ghost GÂ∆ Crash, 100 credits (51.5% chance)
2026-02-13 14:04:08 [[32minfo[39m]: Transaction failed: Ghost GÂ∆ Crash, 100 credits (51.5% chance)
2026-02-13 14:04:08 [[32minfo[39m]: Transaction successful: Ghost GÂ∆ Crash, 100 credits (51.5% chance)
2026-02-13 14:04:08 [[32minfo[39m]: Transaction failed: Ghost GÂ∆ Crash, 100 credits (51.5% chance)
2026-02-13 14:04:08 [[32minfo[39m]: Transaction successful: Ghost GÂ∆ Crash, 100 credits (51.5% chance)
2026-02-13 14:04:08 [[32minfo[39m]: Transaction failed: Ghost GÂ∆ Crash, 100 credits (51.5% chance)
2026-02-13 14:04:08 [[32minfo[39m]: Transaction successful: Ghost GÂ∆ Crash, 100 credits (51.5% chance)
2026-02-13 14:04:08 [[32minfo[39m]: Transaction successful: Ghost GÂ∆ Crash, 100 credits (51.5% chance)
2026-02-13 14:04:08 [[32minfo[39m]: Transaction failed: Ghost GÂ∆ Crash, 100 credits (51.5% chance)
2026-02-13 14:04:08 [[32minfo[39m]: Transaction failed: Ghost GÂ∆ Crash, 100 credits (51.5% chance)
2026-02-13 14:04:08 [[32minfo[39m]: Transaction failed: Ghost GÂ∆ Crash, 100 credits (51.5% chance)
2026-02-13 14:04:08 [[32minfo[39m]: Transaction failed: Ghost GÂ∆ Crash, 100 credits (51.5% chance)
2026-02-13 14:04:08 [[32minfo[39m]: Transaction failed: Ghost GÂ∆ Crash, 100 credits (51.5% chance)
2026-02-13 14:04:08 [[32minfo[39m]: Transaction failed: Ghost GÂ∆ Crash, 100 credits (51.5% chance)
2026-02-13 14:04:08 [[32minfo[39m]: Transaction successful: Ghost GÂ∆ Crash, 100 credits (51.5% chance)
2026-02-13 14:04:08 [[32minfo[39m]: Transaction failed: Ghost GÂ∆ Crash, 100 credits (51.5% chance)
2026-02-13 14:04:08 [[32minfo[39m]: Transaction failed: Ghost GÂ∆ Crash, 100 credits (51.5% chance)
2026-02-13 14:04:08 [[32minfo[39m]: Transaction failed: Ghost GÂ∆ Crash, 100 credits (51.5% chance)
2026-02-13 14:04:08 [[32minfo[39m]: Transaction successful: Ghost GÂ∆ Crash, 100 credits (51.5% chance)
2026-02-13 14:04:08 [[32minfo[39m]: Transaction successful: Ghost GÂ∆ Crash, 100 credits (51.5% chance)
2026-02-13 14:04:08 [[32minfo[39m]: Transaction successful: Ghost GÂ∆ Crash, 100 credits (51.5% chance)
2026-02-13 14:04:08 [[32minfo[39m]: Transaction failed: Ghost GÂ∆ Crash, 100 credits (51.5% chance)
2026-02-13 14:04:08 [[32minfo[39m]: Transaction successful: Ghost GÂ∆ Crash, 100 credits (51.5% chance)
2026-02-13 14:04:08 [[32minfo[39m]: Transaction successful: Ghost GÂ∆ Crash, 100 credits (51.5% chance)
2026-02-13 14:04:08 [[32minfo[39m]: Transaction successful: Ghost GÂ∆ Crash, 100 credits (51.5% chance)
2026-02-13 14:04:08 [[32minfo[39m]: Transaction successful: Ghost GÂ∆ Crash, 100 credits (51.5% chance)
2026-02-13 14:04:08 [[32minfo[39m]: Transaction failed: Ghost GÂ∆ Crash, 100 credits (51.5% chance)
2026-02-13 14:04:08 [[32minfo[39m]: Transaction failed: Ghost GÂ∆ Crash, 100 credits (51.5% chance)
2026-02-13 14:04:08 [[32minfo[39m]: Transaction successful: Ghost GÂ∆ Crash, 100 credits (51.5% chance)
2026-02-13 14:04:08 [[32minfo[39m]: Transaction failed: Ghost GÂ∆ Crash, 100 credits (51.5% chance)
2026-02-13 14:04:08 [[32minfo[39m]: Transaction failed: Ghost GÂ∆ Crash, 100 credits (51.5% chance)
2026-02-13 14:04:08 [[32minfo[39m]: Transaction failed: Ghost GÂ∆ Crash, 100 credits (51.5% chance)
2026-02-13 14:04:08 [[32minfo[39m]: Transaction failed: Ghost GÂ∆ Crash, 100 credits (51.5% chance)
2026-02-13 14:04:08 [[32minfo[39m]: Transaction successful: Ghost GÂ∆ Crash, 100 credits (51.5% chance)
2026-02-13 14:04:08 [[32minfo[39m]: Transaction successful: Ghost GÂ∆ Crash, 100 credits (51.5% chance)
2026-02-13 14:04:08 [[32minfo[39m]: Transaction successful: Ghost GÂ∆ Crash, 100 credits (51.5% chance)
2026-02-13 14:04:08 [[32minfo[39m]: Transaction failed: Ghost GÂ∆ Crash, 100 credits (51.5% chance)
2026-02-13 14:04:08 [[32minfo[39m]: Transaction successful: Ghost GÂ∆ Crash, 100 credits (51.5% chance)
2026-02-13 14:04:08 [[32minfo[39m]: Transaction successful: Ghost GÂ∆ Crash, 100 credits (51.5% chance)
2026-02-13 14:04:08 [[32minfo[39m]: Transaction successful: Ghost GÂ∆ Crash, 100 credits (51.5% chance)
2026-02-13 14:04:08 [[32minfo[39m]: Transaction failed: Ghost GÂ∆ Crash, 100 credits (51.5% chance)
2026-02-13 14:04:08 [[32minfo[39m]: Transaction successful: Ghost GÂ∆ Crash, 100 credits (51.5% chance)
2026-02-13 14:04:08 [[32minfo[39m]: Transaction successful: Ghost GÂ∆ Crash, 100 credits (51.5% chance)
2026-02-13 14:04:08 [[32minfo[39m]: Transaction failed: Ghost GÂ∆ Crash, 100 credits (51.5% chance)
2026-02-13 14:04:08 [[32minfo[39m]: Transaction failed: Ghost GÂ∆ Crash, 100 credits (51.5% chance)
2026-02-13 14:04:08 [[32minfo[39m]: Transaction successful: Ghost GÂ∆ Crash, 100 credits (51.5% chance)
2026-02-13 14:04:08 [[32minfo[39m]: Transaction failed: Ghost GÂ∆ Crash, 100 credits (51.5% chance)
2026-02-13 14:04:08 [[32minfo[39m]: Transaction failed: Ghost GÂ∆ Crash, 100 credits (51.5% chance)
2026-02-13 14:04:08 [[32minfo[39m]: Transaction successful: Ghost GÂ∆ Crash, 100 credits (51.5% chance)
2026-02-13 14:04:08 [[32minfo[39m]: Transaction failed: Ghost GÂ∆ Crash, 100 credits (51.5% chance)
2026-02-13 14:04:08 [[32minfo[39m]: Transaction failed: Ghost GÂ∆ Crash, 100 credits (51.5% chance)
2026-02-13 14:04:08 [[32minfo[39m]: Transaction successful: Ghost GÂ∆ Crash, 100 credits (51.5% chance)
2026-02-13 14:04:08 [[32minfo[39m]: Transaction successful: Ghost GÂ∆ Crash, 100 credits (51.5% chance)
2026-02-13 14:04:08 [[32minfo[39m]: Transaction failed: Ghost GÂ∆ Crash, 100 credits (51.5% chance)
2026-02-13 14:04:08 [[32minfo[39m]: Transaction successful: Ghost GÂ∆ Crash, 100 credits (51.5% chance)
2026-02-13 14:04:08 [[32minfo[39m]: Transaction successful: Ghost GÂ∆ Crash, 100 credits (51.5% chance)
2026-02-13 14:04:08 [[32minfo[39m]: Transaction failed: Ghost GÂ∆ Crash, 100 credits (51.5% chance)
2026-02-13 14:04:08 [[32minfo[39m]: Transaction failed: Ghost GÂ∆ Crash, 100 credits (51.5% chance)
2026-02-13 14:04:08 [[32minfo[39m]: Transaction failed: Ghost GÂ∆ Crash, 100 credits (51.5% chance)
2026-02-13 14:04:08 [[32minfo[39m]: Transaction successful: Ghost GÂ∆ Crash, 100 credits (51.5% chance)
2026-02-13 14:04:08 [[32minfo[39m]: Transaction failed: Ghost GÂ∆ Crash, 100 credits (51.5% chance)
2026-02-13 14:04:08 [[32minfo[39m]: Transaction successful: Ghost GÂ∆ Crash, 100 credits (51.5% chance)
2026-02-13 14:04:08 [[32minfo[39m]: Transaction successful: Ghost GÂ∆ Crash, 100 credits (51.5% chance)
2026-02-13 14:04:08 [[32minfo[39m]: Transaction successful: Ghost GÂ∆ Crash, 100 credits (51.5% chance)
2026-02-13 14:04:08 [[32minfo[39m]: Transaction failed: Ghost GÂ∆ Crash, 100 credits (51.5% chance)
2026-02-13 14:04:08 [[32minfo[39m]: Transaction failed: Ghost GÂ∆ Crash, 100 credits (51.5% chance)
2026-02-13 14:04:08 [[32minfo[39m]: Transaction successful: Ghost GÂ∆ Crash, 100 credits (51.5% chance)
2026-02-13 14:04:08 [[32minfo[39m]: Transaction failed: Ghost GÂ∆ Crash, 100 credits (51.5% chance)
2026-02-13 14:04:08 [[32minfo[39m]: Transaction failed: Ghost GÂ∆ Crash, 100 credits (51.5% chance)
2026-02-13 14:04:08 [[32minfo[39m]: Transaction successful: Ghost GÂ∆ Crash, 100 credits (51.5% chance)
2026-02-13 14:04:08 [[32minfo[39m]: Transaction failed: Ghost GÂ∆ Crash, 100 credits (51.5% chance)
2026-02-13 14:04:08 [[32minfo[39m]: Transaction failed: Ghost GÂ∆ Crash, 100 credits (51.5% chance)
2026-02-13 14:04:08 [[32minfo[39m]: Transaction successful: Ghost GÂ∆ Crash, 100 credits (51.5% chance)
2026-02-13 14:04:08 [[32minfo[39m]: Transaction failed: Ghost GÂ∆ Crash, 100 credits (51.5% chance)
2026-02-13 14:04:08 [[32minfo[39m]: Transaction failed: Ghost GÂ∆ Crash, 100 credits (51.5% chance)
2026-02-13 14:04:08 [[32minfo[39m]: Transaction failed: Ghost GÂ∆ Crash, 100 credits (51.5% chance)
2026-02-13 14:04:08 [[32minfo[39m]: Transaction failed: Ghost GÂ∆ Crash, 100 credits (51.5% chance)
2026-02-13 14:04:08 [[32minfo[39m]: Transaction failed: Ghost GÂ∆ Crash, 100 credits (51.5% chance)
2026-02-13 14:04:08 [[32minfo[39m]: Transaction successful: Ghost GÂ∆ Crash, 100 credits (51.5% chance)
2026-02-13 14:04:08 [[32minfo[39m]: Transaction successful: Ghost GÂ∆ Crash, 100 credits (51.5% chance)
2026-02-13 14:04:08 [[32minfo[39m]: Transaction failed: Ghost GÂ∆ Crash, 100 credits (51.5% chance)
2026-02-13 14:04:08 [[32minfo[39m]: Transaction successful: Ghost GÂ∆ Crash, 100 credits (51.5% chance)
2026-02-13 14:04:08 [[32minfo[39m]: Transaction successful: Ghost GÂ∆ Crash, 100 credits (51.5% chance)
2026-02-13 14:04:08 [[32minfo[39m]: Transaction successful: Ghost GÂ∆ Crash, 100 credits (51.5% chance)
2026-02-13 14:04:08 [[32minfo[39m]: Transaction failed: Ghost GÂ∆ Crash, 100 credits (51.5% chance)
2026-02-13 14:04:08 [[32minfo[39m]: Transaction successful: Ghost GÂ∆ Crash, 100 credits (51.5% chance)
2026-02-13 14:04:08 [[32minfo[39m]: Transaction failed: Ghost GÂ∆ Crash, 100 credits (51.5% chance)
2026-02-13 14:04:08 [[32minfo[39m]: Transaction failed: Ghost GÂ∆ Crash, 100 credits (51.5% chance)
2026-02-13 14:04:08 [[32minfo[39m]: Initializing 2 agents with initial balance 1000000
2026-02-13 14:04:08 [[32minfo[39m]: Successfully initialized 2 agents
2026-02-13 14:04:08 [[32minfo[39m]: Transaction successful: Maze GÂ∆ Jinx, 100 credits (52.7% chance)
2026-02-13 14:04:08 [[32minfo[39m]: Transaction failed: Maze GÂ∆ Jinx, 100 credits (52.7% chance)
2026-02-13 14:04:08 [[32minfo[39m]: Transaction failed: Maze GÂ∆ Jinx, 100 credits (52.7% chance)
2026-02-13 14:04:08 [[32minfo[39m]: Transaction successful: Maze GÂ∆ Jinx, 100 credits (52.7% chance)
2026-02-13 14:04:08 [[32minfo[39m]: Transaction successful: Maze GÂ∆ Jinx, 100 credits (52.7% chance)
2026-02-13 14:04:08 [[32minfo[39m]: Transaction successful: Maze GÂ∆ Jinx, 100 credits (52.7% chance)
2026-02-13 14:04:08 [[32minfo[39m]: Transaction successful: Maze GÂ∆ Jinx, 100 credits (52.7% chance)
2026-02-13 14:04:08 [[32minfo[39m]: Transaction failed: Maze GÂ∆ Jinx, 100 credits (52.7% chance)
2026-02-13 14:04:08 [[32minfo[39m]: Transaction failed: Maze GÂ∆ Jinx, 100 credits (52.7% chance)
2026-02-13 14:04:08 [[32minfo[39m]: Transaction failed: Maze GÂ∆ Jinx, 100 credits (52.7% chance)
2026-02-13 14:04:08 [[32minfo[39m]: Transaction successful: Maze GÂ∆ Jinx, 100 credits (52.7% chance)
2026-02-13 14:04:08 [[32minfo[39m]: Transaction failed: Maze GÂ∆ Jinx, 100 credits (52.7% chance)
2026-02-13 14:04:08 [[32minfo[39m]: Transaction successful: Maze GÂ∆ Jinx, 100 credits (52.7% chance)
2026-02-13 14:04:08 [[32minfo[39m]: Transaction successful: Maze GÂ∆ Jinx, 100 credits (52.7% chance)
2026-02-13 14:04:08 [[32minfo[39m]: Transaction successful: Maze GÂ∆ Jinx, 100 credits (52.7% chance)
2026-02-13 14:04:08 [[32minfo[39m]: Transaction successful: Maze GÂ∆ Jinx, 100 credits (52.7% chance)
2026-02-13 14:04:08 [[32minfo[39m]: Transaction successful: Maze GÂ∆ Jinx, 100 credits (52.7% chance)
2026-02-13 14:04:08 [[32minfo[39m]: Transaction successful: Maze GÂ∆ Jinx, 100 credits (52.7% chance)
2026-02-13 14:04:08 [[32minfo[39m]: Transaction successful: Maze GÂ∆ Jinx, 100 credits (52.7% chance)
2026-02-13 14:04:08 [[32minfo[39m]: Transaction successful: Maze GÂ∆ Jinx, 100 credits (52.7% chance)
2026-02-13 14:04:08 [[32minfo[39m]: Transaction successful: Maze GÂ∆ Jinx, 100 credits (52.7% chance)
2026-02-13 14:04:08 [[32minfo[39m]: Transaction successful: Maze GÂ∆ Jinx, 100 credits (52.7% chance)
2026-02-13 14:04:08 [[32minfo[39m]: Transaction failed: Maze GÂ∆ Jinx, 100 credits (52.7% chance)
2026-02-13 14:04:08 [[32minfo[39m]: Transaction failed: Maze GÂ∆ Jinx, 100 credits (52.7% chance)
2026-02-13 14:04:08 [[32minfo[39m]: Transaction successful: Maze GÂ∆ Jinx, 100 credits (52.7% chance)
2026-02-13 14:04:08 [[32minfo[39m]: Transaction failed: Maze GÂ∆ Jinx, 100 credits (52.7% chance)
2026-02-13 14:04:08 [[32minfo[39m]: Transaction successful: Maze GÂ∆ Jinx, 100 credits (52.7% chance)
2026-02-13 14:04:08 [[32minfo[39m]: Transaction successful: Maze GÂ∆ Jinx, 100 credits (52.7% chance)
2026-02-13 14:04:08 [[32minfo[39m]: Transaction successful: Maze GÂ∆ Jinx, 100 credits (52.7% chance)
2026-02-13 14:04:08 [[32minfo[39m]: Transaction successful: Maze GÂ∆ Jinx, 100 credits (52.7% chance)
2026-02-13 14:04:08 [[32minfo[39m]: Transaction failed: Maze GÂ∆ Jinx, 100 credits (52.7% chance)
2026-02-13 14:04:08 [[32minfo[39m]: Transaction successful: Maze GÂ∆ Jinx, 100 credits (52.7% chance)
2026-02-13 14:04:08 [[32minfo[39m]: Transaction failed: Maze GÂ∆ Jinx, 100 credits (52.7% chance)
2026-02-13 14:04:08 [[32minfo[39m]: Transaction successful: Maze GÂ∆ Jinx, 100 credits (52.7% chance)
2026-02-13 14:04:08 [[32minfo[39m]: Transaction successful: Maze GÂ∆ Jinx, 100 credits (52.7% chance)
2026-02-13 14:04:08 [[32minfo[39m]: Transaction successful: Maze GÂ∆ Jinx, 100 credits (52.7% chance)
2026-02-13 14:04:08 [[32minfo[39m]: Transaction failed: Maze GÂ∆ Jinx, 100 credits (52.7% chance)
2026-02-13 14:04:08 [[32minfo[39m]: Transaction successful: Maze GÂ∆ Jinx, 100 credits (52.7% chance)
2026-02-13 14:04:08 [[32minfo[39m]: Transaction failed: Maze GÂ∆ Jinx, 100 credits (52.7% chance)
2026-02-13 14:04:08 [[32minfo[39m]: Transaction failed: Maze GÂ∆ Jinx, 100 credits (52.7% chance)
2026-02-13 14:04:08 [[32minfo[39m]: Transaction successful: Maze GÂ∆ Jinx, 100 credits (52.7% chance)
2026-02-13 14:04:08 [[32minfo[39m]: Transaction failed: Maze GÂ∆ Jinx, 100 credits (52.7% chance)
2026-02-13 14:04:08 [[32minfo[39m]: Transaction successful: Maze GÂ∆ Jinx, 100 credits (52.7% chance)
2026-02-13 14:04:08 [[32minfo[39m]: Transaction failed: Maze GÂ∆ Jinx, 100 credits (52.7% chance)
2026-02-13 14:04:08 [[32minfo[39m]: Transaction successful: Maze GÂ∆ Jinx, 100 credits (52.7% chance)
2026-02-13 14:04:08 [[32minfo[39m]: Transaction failed: Maze GÂ∆ Jinx, 100 credits (52.7% chance)
2026-02-13 14:04:08 [[32minfo[39m]: Transaction successful: Maze GÂ∆ Jinx, 100 credits (52.7% chance)
2026-02-13 14:04:08 [[32minfo[39m]: Transaction successful: Maze GÂ∆ Jinx, 100 credits (52.7% chance)
2026-02-13 14:04:08 [[32minfo[39m]: Transaction successful: Maze GÂ∆ Jinx, 100 credits (52.7% chance)
2026-02-13 14:04:08 [[32minfo[39m]: Transaction successful: Maze GÂ∆ Jinx, 100 credits (52.7% chance)
2026-02-13 14:04:08 [[32minfo[39m]: Transaction successful: Maze GÂ∆ Jinx, 100 credits (52.7% chance)
2026-02-13 14:04:08 [[32minfo[39m]: Transaction successful: Maze GÂ∆ Jinx, 100 credits (52.7% chance)
2026-02-13 14:04:08 [[32minfo[39m]: Transaction failed: Maze GÂ∆ Jinx, 100 credits (52.7% chance)
2026-02-13 14:04:08 [[32minfo[39m]: Transaction failed: Maze GÂ∆ Jinx, 100 credits (52.7% chance)
2026-02-13 14:04:08 [[32minfo[39m]: Transaction successful: Maze GÂ∆ Jinx, 100 credits (52.7% chance)
2026-02-13 14:04:08 [[32minfo[39m]: Transaction successful: Maze GÂ∆ Jinx, 100 credits (52.7% chance)
2026-02-13 14:04:08 [[32minfo[39m]: Transaction successful: Maze GÂ∆ Jinx, 100 credits (52.7% chance)
2026-02-13 14:04:08 [[32minfo[39m]: Transaction failed: Maze GÂ∆ Jinx, 100 credits (52.7% chance)
2026-02-13 14:04:08 [[32minfo[39m]: Transaction failed: Maze GÂ∆ Jinx, 100 credits (52.7% chance)
2026-02-13 14:04:08 [[32minfo[39m]: Transaction successful: Maze GÂ∆ Jinx, 100 credits (52.7% chance)
2026-02-13 14:04:08 [[32minfo[39m]: Transaction successful: Maze GÂ∆ Jinx, 100 credits (52.7% chance)
2026-02-13 14:04:08 [[32minfo[39m]: Transaction failed: Maze GÂ∆ Jinx, 100 credits (52.7% chance)
2026-02-13 14:04:08 [[32minfo[39m]: Transaction failed: Maze GÂ∆ Jinx, 100 credits (52.7% chance)
2026-02-13 14:04:08 [[32minfo[39m]: Transaction failed: Maze GÂ∆ Jinx, 100 credits (52.7% chance)
2026-02-13 14:04:08 [[32minfo[39m]: Transaction successful: Maze GÂ∆ Jinx, 100 credits (52.7% chance)
2026-02-13 14:04:08 [[32minfo[39m]: Transaction successful: Maze GÂ∆ Jinx, 100 credits (52.7% chance)
2026-02-13 14:04:08 [[32minfo[39m]: Transaction failed: Maze GÂ∆ Jinx, 100 credits (52.7% chance)
2026-02-13 14:04:08 [[32minfo[39m]: Transaction failed: Maze GÂ∆ Jinx, 100 credits (52.7% chance)
2026-02-13 14:04:08 [[32minfo[39m]: Transaction successful: Maze GÂ∆ Jinx, 100 credits (52.7% chance)
2026-02-13 14:04:08 [[32minfo[39m]: Transaction failed: Maze GÂ∆ Jinx, 100 credits (52.7% chance)
2026-02-13 14:04:08 [[32minfo[39m]: Transaction failed: Maze GÂ∆ Jinx, 100 credits (52.7% chance)
2026-02-13 14:04:08 [[32minfo[39m]: Transaction failed: Maze GÂ∆ Jinx, 100 credits (52.7% chance)
2026-02-13 14:04:08 [[32minfo[39m]: Transaction failed: Maze GÂ∆ Jinx, 100 credits (52.7% chance)
2026-02-13 14:04:08 [[32minfo[39m]: Transaction failed: Maze GÂ∆ Jinx, 100 credits (52.7% chance)
2026-02-13 14:04:08 [[32minfo[39m]: Transaction failed: Maze GÂ∆ Jinx, 100 credits (52.7% chance)
2026-02-13 14:04:08 [[32minfo[39m]: Transaction failed: Maze GÂ∆ Jinx, 100 credits (52.7% chance)
2026-02-13 14:04:08 [[32minfo[39m]: Transaction failed: Maze GÂ∆ Jinx, 100 credits (52.7% chance)
2026-02-13 14:04:08 [[32minfo[39m]: Transaction failed: Maze GÂ∆ Jinx, 100 credits (52.7% chance)
2026-02-13 14:04:08 [[32minfo[39m]: Transaction failed: Maze GÂ∆ Jinx, 100 credits (52.7% chance)
2026-02-13 14:04:08 [[32minfo[39m]: Transaction failed: Maze GÂ∆ Jinx, 100 credits (52.7% chance)
2026-02-13 14:04:08 [[32minfo[39m]: Transaction failed: Maze GÂ∆ Jinx, 100 credits (52.7% chance)
2026-02-13 14:04:08 [[32minfo[39m]: Transaction failed: Maze GÂ∆ Jinx, 100 credits (52.7% chance)
2026-02-13 14:04:08 [[32minfo[39m]: Transaction failed: Maze GÂ∆ Jinx, 100 credits (52.7% chance)
2026-02-13 14:04:08 [[32minfo[39m]: Transaction successful: Maze GÂ∆ Jinx, 100 credits (52.7% chance)
2026-02-13 14:04:08 [[32minfo[39m]: Transaction successful: Maze GÂ∆ Jinx, 100 credits (52.7% chance)
2026-02-13 14:04:08 [[32minfo[39m]: Transaction failed: Maze GÂ∆ Jinx, 100 credits (52.7% chance)
2026-02-13 14:04:08 [[32minfo[39m]: Transaction failed: Maze GÂ∆ Jinx, 100 credits (52.7% chance)
2026-02-13 14:04:08 [[32minfo[39m]: Transaction successful: Maze GÂ∆ Jinx, 100 credits (52.7% chance)
2026-02-13 14:04:08 [[32minfo[39m]: Transaction successful: Maze GÂ∆ Jinx, 100 credits (52.7% chance)
2026-02-13 14:04:08 [[32minfo[39m]: Transaction successful: Maze GÂ∆ Jinx, 100 credits (52.7% chance)
2026-02-13 14:04:08 [[32minfo[39m]: Transaction successful: Maze GÂ∆ Jinx, 100 credits (52.7% chance)
2026-02-13 14:04:08 [[32minfo[39m]: Transaction failed: Maze GÂ∆ Jinx, 100 credits (52.7% chance)
2026-02-13 14:04:08 [[32minfo[39m]: Transaction failed: Maze GÂ∆ Jinx, 100 credits (52.7% chance)
2026-02-13 14:04:08 [[32minfo[39m]: Transaction successful: Maze GÂ∆ Jinx, 100 credits (52.7% chance)
2026-02-13 14:04:08 [[32minfo[39m]: Transaction successful: Maze GÂ∆ Jinx, 100 credits (52.7% chance)
2026-02-13 14:04:08 [[32minfo[39m]: Transaction successful: Maze GÂ∆ Jinx, 100 credits (52.7% chance)
2026-02-13 14:04:08 [[32minfo[39m]: Transaction failed: Maze GÂ∆ Jinx, 100 credits (52.7% chance)
2026-02-13 14:04:08 [[32minfo[39m]: Transaction successful: Maze GÂ∆ Jinx, 100 credits (52.7% chance)
2026-02-13 14:04:08 [[32minfo[39m]: Transaction failed: Maze GÂ∆ Jinx, 100 credits (52.7% chance)
2026-02-13 14:04:08 [[32minfo[39m]: Transaction successful: Maze GÂ∆ Jinx, 100 credits (52.7% chance)
2026-02-13 14:04:08 [[32minfo[39m]: Initializing 2 agents with initial balance 1000000
2026-02-13 14:04:08 [[32minfo[39m]: Successfully initialized 2 agents
2026-02-13 14:04:08 [[32minfo[39m]: Transaction failed: Spike GÂ∆ Hex, 100 credits (53.3% chance)
2026-02-13 14:04:08 [[32minfo[39m]: Transaction failed: Spike GÂ∆ Hex, 100 credits (53.3% chance)
2026-02-13 14:04:08 [[32minfo[39m]: Transaction successful: Spike GÂ∆ Hex, 100 credits (53.3% chance)
2026-02-13 14:04:08 [[32minfo[39m]: Transaction failed: Spike GÂ∆ Hex, 100 credits (53.3% chance)
2026-02-13 14:04:08 [[32minfo[39m]: Transaction successful: Spike GÂ∆ Hex, 100 credits (53.3% chance)
2026-02-13 14:04:08 [[32minfo[39m]: Transaction failed: Spike GÂ∆ Hex, 100 credits (53.3% chance)
2026-02-13 14:04:08 [[32minfo[39m]: Transaction failed: Spike GÂ∆ Hex, 100 credits (53.3% chance)
2026-02-13 14:04:08 [[32minfo[39m]: Transaction successful: Spike GÂ∆ Hex, 100 credits (53.3% chance)
2026-02-13 14:04:08 [[32minfo[39m]: Transaction failed: Spike GÂ∆ Hex, 100 credits (53.3% chance)
2026-02-13 14:04:08 [[32minfo[39m]: Transaction successful: Spike GÂ∆ Hex, 100 credits (53.3% chance)
2026-02-13 14:04:08 [[32minfo[39m]: Transaction failed: Spike GÂ∆ Hex, 100 credits (53.3% chance)
2026-02-13 14:04:08 [[32minfo[39m]: Transaction failed: Spike GÂ∆ Hex, 100 credits (53.3% chance)
2026-02-13 14:04:08 [[32minfo[39m]: Transaction failed: Spike GÂ∆ Hex, 100 credits (53.3% chance)
2026-02-13 14:04:08 [[32minfo[39m]: Transaction successful: Spike GÂ∆ Hex, 100 credits (53.3% chance)
2026-02-13 14:04:08 [[32minfo[39m]: Transaction successful: Spike GÂ∆ Hex, 100 credits (53.3% chance)
2026-02-13 14:04:08 [[32minfo[39m]: Transaction failed: Spike GÂ∆ Hex, 100 credits (53.3% chance)
2026-02-13 14:04:08 [[32minfo[39m]: Transaction successful: Spike GÂ∆ Hex, 100 credits (53.3% chance)
2026-02-13 14:04:08 [[32minfo[39m]: Transaction failed: Spike GÂ∆ Hex, 100 credits (53.3% chance)
2026-02-13 14:04:08 [[32minfo[39m]: Transaction successful: Spike GÂ∆ Hex, 100 credits (53.3% chance)
2026-02-13 14:04:08 [[32minfo[39m]: Transaction failed: Spike GÂ∆ Hex, 100 credits (53.3% chance)
2026-02-13 14:04:08 [[32minfo[39m]: Transaction failed: Spike GÂ∆ Hex, 100 credits (53.3% chance)
2026-02-13 14:04:08 [[32minfo[39m]: Transaction successful: Spike GÂ∆ Hex, 100 credits (53.3% chance)
2026-02-13 14:04:08 [[32minfo[39m]: Transaction successful: Spike GÂ∆ Hex, 100 credits (53.3% chance)
2026-02-13 14:04:08 [[32minfo[39m]: Transaction failed: Spike GÂ∆ Hex, 100 credits (53.3% chance)
2026-02-13 14:04:08 [[32minfo[39m]: Transaction failed: Spike GÂ∆ Hex, 100 credits (53.3% chance)
2026-02-13 14:04:08 [[32minfo[39m]: Transaction failed: Spike GÂ∆ Hex, 100 credits (53.3% chance)
2026-02-13 14:04:08 [[32minfo[39m]: Transaction failed: Spike GÂ∆ Hex, 100 credits (53.3% chance)
2026-02-13 14:04:08 [[32minfo[39m]: Transaction failed: Spike GÂ∆ Hex, 100 credits (53.3% chance)
2026-02-13 14:04:08 [[32minfo[39m]: Transaction successful: Spike GÂ∆ Hex, 100 credits (53.3% chance)
2026-02-13 14:04:08 [[32minfo[39m]: Transaction successful: Spike GÂ∆ Hex, 100 credits (53.3% chance)
2026-02-13 14:04:08 [[32minfo[39m]: Transaction successful: Spike GÂ∆ Hex, 100 credits (53.3% chance)
2026-02-13 14:04:08 [[32minfo[39m]: Transaction successful: Spike GÂ∆ Hex, 100 credits (53.3% chance)
2026-02-13 14:04:08 [[32minfo[39m]: Transaction successful: Spike GÂ∆ Hex, 100 credits (53.3% chance)
2026-02-13 14:04:08 [[32minfo[39m]: Transaction successful: Spike GÂ∆ Hex, 100 credits (53.3% chance)
2026-02-13 14:04:08 [[32minfo[39m]: Transaction successful: Spike GÂ∆ Hex, 100 credits (53.3% chance)
2026-02-13 14:04:08 [[32minfo[39m]: Transaction failed: Spike GÂ∆ Hex, 100 credits (53.3% chance)
2026-02-13 14:04:08 [[32minfo[39m]: Transaction failed: Spike GÂ∆ Hex, 100 credits (53.3% chance)
2026-02-13 14:04:08 [[32minfo[39m]: Transaction successful: Spike GÂ∆ Hex, 100 credits (53.3% chance)
2026-02-13 14:04:08 [[32minfo[39m]: Transaction successful: Spike GÂ∆ Hex, 100 credits (53.3% chance)
2026-02-13 14:04:08 [[32minfo[39m]: Transaction successful: Spike GÂ∆ Hex, 100 credits (53.3% chance)
2026-02-13 14:04:08 [[32minfo[39m]: Transaction failed: Spike GÂ∆ Hex, 100 credits (53.3% chance)
2026-02-13 14:04:08 [[32minfo[39m]: Transaction successful: Spike GÂ∆ Hex, 100 credits (53.3% chance)
2026-02-13 14:04:08 [[32minfo[39m]: Transaction successful: Spike GÂ∆ Hex, 100 credits (53.3% chance)
2026-02-13 14:04:08 [[32minfo[39m]: Transaction failed: Spike GÂ∆ Hex, 100 credits (53.3% chance)
2026-02-13 14:04:08 [[32minfo[39m]: Transaction failed: Spike GÂ∆ Hex, 100 credits (53.3% chance)
2026-02-13 14:04:08 [[32minfo[39m]: Transaction failed: Spike GÂ∆ Hex, 100 credits (53.3% chance)
2026-02-13 14:04:08 [[32minfo[39m]: Transaction failed: Spike GÂ∆ Hex, 100 credits (53.3% chance)
2026-02-13 14:04:08 [[32minfo[39m]: Transaction failed: Spike GÂ∆ Hex, 100 credits (53.3% chance)
2026-02-13 14:04:08 [[32minfo[39m]: Transaction successful: Spike GÂ∆ Hex, 100 credits (53.3% chance)
2026-02-13 14:04:08 [[32minfo[39m]: Transaction successful: Spike GÂ∆ Hex, 100 credits (53.3% chance)
2026-02-13 14:04:08 [[32minfo[39m]: Transaction failed: Spike GÂ∆ Hex, 100 credits (53.3% chance)
2026-02-13 14:04:08 [[32minfo[39m]: Transaction successful: Spike GÂ∆ Hex, 100 credits (53.3% chance)
2026-02-13 14:04:08 [[32minfo[39m]: Transaction successful: Spike GÂ∆ Hex, 100 credits (53.3% chance)
2026-02-13 14:04:08 [[32minfo[39m]: Transaction failed: Spike GÂ∆ Hex, 100 credits (53.3% chance)
2026-02-13 14:04:08 [[32minfo[39m]: Transaction successful: Spike GÂ∆ Hex, 100 credits (53.3% chance)
2026-02-13 14:04:08 [[32minfo[39m]: Transaction successful: Spike GÂ∆ Hex, 100 credits (53.3% chance)
2026-02-13 14:04:08 [[32minfo[39m]: Transaction successful: Spike GÂ∆ Hex, 100 credits (53.3% chance)
2026-02-13 14:04:08 [[32minfo[39m]: Transaction successful: Spike GÂ∆ Hex, 100 credits (53.3% chance)
2026-02-13 14:04:08 [[32minfo[39m]: Transaction successful: Spike GÂ∆ Hex, 100 credits (53.3% chance)
2026-02-13 14:04:08 [[32minfo[39m]: Transaction successful: Spike GÂ∆ Hex, 100 credits (53.3% chance)
2026-02-13 14:04:08 [[32minfo[39m]: Transaction failed: Spike GÂ∆ Hex, 100 credits (53.3% chance)
2026-02-13 14:04:08 [[32minfo[39m]: Transaction successful: Spike GÂ∆ Hex, 100 credits (53.3% chance)
2026-02-13 14:04:08 [[32minfo[39m]: Transaction failed: Spike GÂ∆ Hex, 100 credits (53.3% chance)
2026-02-13 14:04:08 [[32minfo[39m]: Transaction failed: Spike GÂ∆ Hex, 100 credits (53.3% chance)
2026-02-13 14:04:08 [[32minfo[39m]: Transaction successful: Spike GÂ∆ Hex, 100 credits (53.3% chance)
2026-02-13 14:04:08 [[32minfo[39m]: Transaction successful: Spike GÂ∆ Hex, 100 credits (53.3% chance)
2026-02-13 14:04:08 [[32minfo[39m]: Transaction successful: Spike GÂ∆ Hex, 100 credits (53.3% chance)
2026-02-13 14:04:08 [[32minfo[39m]: Transaction successful: Spike GÂ∆ Hex, 100 credits (53.3% chance)
2026-02-13 14:04:08 [[32minfo[39m]: Transaction failed: Spike GÂ∆ Hex, 100 credits (53.3% chance)
2026-02-13 14:04:08 [[32minfo[39m]: Transaction successful: Spike GÂ∆ Hex, 100 credits (53.3% chance)
2026-02-13 14:04:08 [[32minfo[39m]: Transaction successful: Spike GÂ∆ Hex, 100 credits (53.3% chance)
2026-02-13 14:04:08 [[32minfo[39m]: Transaction successful: Spike GÂ∆ Hex, 100 credits (53.3% chance)
2026-02-13 14:04:08 [[32minfo[39m]: Transaction failed: Spike GÂ∆ Hex, 100 credits (53.3% chance)
2026-02-13 14:04:08 [[32minfo[39m]: Transaction successful: Spike GÂ∆ Hex, 100 credits (53.3% chance)
2026-02-13 14:04:08 [[32minfo[39m]: Transaction successful: Spike GÂ∆ Hex, 100 credits (53.3% chance)
2026-02-13 14:04:08 [[32minfo[39m]: Transaction failed: Spike GÂ∆ Hex, 100 credits (53.3% chance)
2026-02-13 14:04:08 [[32minfo[39m]: Transaction failed: Spike GÂ∆ Hex, 100 credits (53.3% chance)
2026-02-13 14:04:08 [[32minfo[39m]: Transaction failed: Spike GÂ∆ Hex, 100 credits (53.3% chance)
2026-02-13 14:04:08 [[32minfo[39m]: Transaction successful: Spike GÂ∆ Hex, 100 credits (53.3% chance)
2026-02-13 14:04:08 [[32minfo[39m]: Transaction failed: Spike GÂ∆ Hex, 100 credits (53.3% chance)
2026-02-13 14:04:08 [[32minfo[39m]: Transaction successful: Spike GÂ∆ Hex, 100 credits (53.3% chance)
2026-02-13 14:04:08 [[32minfo[39m]: Transaction failed: Spike GÂ∆ Hex, 100 credits (53.3% chance)
2026-02-13 14:04:08 [[32minfo[39m]: Transaction failed: Spike GÂ∆ Hex, 100 credits (53.3% chance)
2026-02-13 14:04:08 [[32minfo[39m]: Transaction successful: Spike GÂ∆ Hex, 100 credits (53.3% chance)
2026-02-13 14:04:08 [[32minfo[39m]: Transaction successful: Spike GÂ∆ Hex, 100 credits (53.3% chance)
2026-02-13 14:04:08 [[32minfo[39m]: Transaction failed: Spike GÂ∆ Hex, 100 credits (53.3% chance)
2026-02-13 14:04:08 [[32minfo[39m]: Transaction successful: Spike GÂ∆ Hex, 100 credits (53.3% chance)
2026-02-13 14:04:08 [[32minfo[39m]: Transaction successful: Spike GÂ∆ Hex, 100 credits (53.3% chance)
2026-02-13 14:04:08 [[32minfo[39m]: Transaction failed: Spike GÂ∆ Hex, 100 credits (53.3% chance)
2026-02-13 14:04:08 [[32minfo[39m]: Transaction successful: Spike GÂ∆ Hex, 100 credits (53.3% chance)
2026-02-13 14:04:08 [[32minfo[39m]: Transaction failed: Spike GÂ∆ Hex, 100 credits (53.3% chance)
2026-02-13 14:04:08 [[32minfo[39m]: Transaction successful: Spike GÂ∆ Hex, 100 credits (53.3% chance)
2026-02-13 14:04:08 [[32minfo[39m]: Transaction failed: Spike GÂ∆ Hex, 100 credits (53.3% chance)
2026-02-13 14:04:08 [[32minfo[39m]: Transaction failed: Spike GÂ∆ Hex, 100 credits (53.3% chance)
2026-02-13 14:04:08 [[32minfo[39m]: Transaction successful: Spike GÂ∆ Hex, 100 credits (53.3% chance)
2026-02-13 14:04:08 [[32minfo[39m]: Transaction successful: Spike GÂ∆ Hex, 100 credits (53.3% chance)
2026-02-13 14:04:08 [[32minfo[39m]: Transaction successful: Spike GÂ∆ Hex, 100 credits (53.3% chance)
2026-02-13 14:04:08 [[32minfo[39m]: Transaction failed: Spike GÂ∆ Hex, 100 credits (53.3% chance)
2026-02-13 14:04:08 [[32minfo[39m]: Transaction failed: Spike GÂ∆ Hex, 100 credits (53.3% chance)
2026-02-13 14:04:08 [[32minfo[39m]: Transaction successful: Spike GÂ∆ Hex, 100 credits (53.3% chance)
2026-02-13 14:04:08 [[32minfo[39m]: Initializing 2 agents with initial balance 1000000
2026-02-13 14:04:08 [[32minfo[39m]: Successfully initialized 2 agents
2026-02-13 14:04:08 [[32minfo[39m]: Transaction successful: Shadow GÂ∆ Razor, 100 credits (53.6% chance)
2026-02-13 14:04:08 [[32minfo[39m]: Transaction failed: Shadow GÂ∆ Razor, 100 credits (53.6% chance)
2026-02-13 14:04:08 [[32minfo[39m]: Transaction successful: Shadow GÂ∆ Razor, 100 credits (53.6% chance)
2026-02-13 14:04:08 [[32minfo[39m]: Transaction successful: Shadow GÂ∆ Razor, 100 credits (53.6% chance)
2026-02-13 14:04:08 [[32minfo[39m]: Transaction successful: Shadow GÂ∆ Razor, 100 credits (53.6% chance)
2026-02-13 14:04:08 [[32minfo[39m]: Transaction successful: Shadow GÂ∆ Razor, 100 credits (53.6% chance)
2026-02-13 14:04:08 [[32minfo[39m]: Transaction failed: Shadow GÂ∆ Razor, 100 credits (53.6% chance)
2026-02-13 14:04:08 [[32minfo[39m]: Transaction successful: Shadow GÂ∆ Razor, 100 credits (53.6% chance)
2026-02-13 14:04:08 [[32minfo[39m]: Transaction successful: Shadow GÂ∆ Razor, 100 credits (53.6% chance)
2026-02-13 14:04:08 [[32minfo[39m]: Transaction failed: Shadow GÂ∆ Razor, 100 credits (53.6% chance)
2026-02-13 14:04:08 [[32minfo[39m]: Transaction successful: Shadow GÂ∆ Razor, 100 credits (53.6% chance)
2026-02-13 14:04:08 [[32minfo[39m]: Transaction failed: Shadow GÂ∆ Razor, 100 credits (53.6% chance)
2026-02-13 14:04:08 [[32minfo[39m]: Transaction successful: Shadow GÂ∆ Razor, 100 credits (53.6% chance)
2026-02-13 14:04:08 [[32minfo[39m]: Transaction failed: Shadow GÂ∆ Razor, 100 credits (53.6% chance)
2026-02-13 14:04:08 [[32minfo[39m]: Transaction failed: Shadow GÂ∆ Razor, 100 credits (53.6% chance)
2026-02-13 14:04:08 [[32minfo[39m]: Transaction failed: Shadow GÂ∆ Razor, 100 credits (53.6% chance)
2026-02-13 14:04:08 [[32minfo[39m]: Transaction successful: Shadow GÂ∆ Razor, 100 credits (53.6% chance)
2026-02-13 14:04:08 [[32minfo[39m]: Transaction failed: Shadow GÂ∆ Razor, 100 credits (53.6% chance)
2026-02-13 14:04:08 [[32minfo[39m]: Transaction successful: Shadow GÂ∆ Razor, 100 credits (53.6% chance)
2026-02-13 14:04:08 [[32minfo[39m]: Transaction failed: Shadow GÂ∆ Razor, 100 credits (53.6% chance)
2026-02-13 14:04:08 [[32minfo[39m]: Transaction successful: Shadow GÂ∆ Razor, 100 credits (53.6% chance)
2026-02-13 14:04:08 [[32minfo[39m]: Transaction successful: Shadow GÂ∆ Razor, 100 credits (53.6% chance)
2026-02-13 14:04:08 [[32minfo[39m]: Transaction successful: Shadow GÂ∆ Razor, 100 credits (53.6% chance)
2026-02-13 14:04:08 [[32minfo[39m]: Transaction failed: Shadow GÂ∆ Razor, 100 credits (53.6% chance)
2026-02-13 14:04:08 [[32minfo[39m]: Transaction failed: Shadow GÂ∆ Razor, 100 credits (53.6% chance)
2026-02-13 14:04:08 [[32minfo[39m]: Transaction successful: Shadow GÂ∆ Razor, 100 credits (53.6% chance)
2026-02-13 14:04:08 [[32minfo[39m]: Transaction failed: Shadow GÂ∆ Razor, 100 credits (53.6% chance)
2026-02-13 14:04:08 [[32minfo[39m]: Transaction failed: Shadow GÂ∆ Razor, 100 credits (53.6% chance)
2026-02-13 14:04:08 [[32minfo[39m]: Transaction failed: Shadow GÂ∆ Razor, 100 credits (53.6% chance)
2026-02-13 14:04:08 [[32minfo[39m]: Transaction failed: Shadow GÂ∆ Razor, 100 credits (53.6% chance)
2026-02-13 14:04:08 [[32minfo[39m]: Transaction successful: Shadow GÂ∆ Razor, 100 credits (53.6% chance)
2026-02-13 14:04:08 [[32minfo[39m]: Transaction failed: Shadow GÂ∆ Razor, 100 credits (53.6% chance)
2026-02-13 14:04:08 [[32minfo[39m]: Transaction successful: Shadow GÂ∆ Razor, 100 credits (53.6% chance)
2026-02-13 14:04:08 [[32minfo[39m]: Transaction successful: Shadow GÂ∆ Razor, 100 credits (53.6% chance)
2026-02-13 14:04:08 [[32minfo[39m]: Transaction failed: Shadow GÂ∆ Razor, 100 credits (53.6% chance)
2026-02-13 14:04:08 [[32minfo[39m]: Transaction successful: Shadow GÂ∆ Razor, 100 credits (53.6% chance)
2026-02-13 14:04:08 [[32minfo[39m]: Transaction successful: Shadow GÂ∆ Razor, 100 credits (53.6% chance)
2026-02-13 14:04:08 [[32minfo[39m]: Transaction successful: Shadow GÂ∆ Razor, 100 credits (53.6% chance)
2026-02-13 14:04:08 [[32minfo[39m]: Transaction successful: Shadow GÂ∆ Razor, 100 credits (53.6% chance)
2026-02-13 14:04:08 [[32minfo[39m]: Transaction successful: Shadow GÂ∆ Razor, 100 credits (53.6% chance)
2026-02-13 14:04:08 [[32minfo[39m]: Transaction successful: Shadow GÂ∆ Razor, 100 credits (53.6% chance)
2026-02-13 14:04:08 [[32minfo[39m]: Transaction successful: Shadow GÂ∆ Razor, 100 credits (53.6% chance)
2026-02-13 14:04:08 [[32minfo[39m]: Transaction successful: Shadow GÂ∆ Razor, 100 credits (53.6% chance)
2026-02-13 14:04:08 [[32minfo[39m]: Transaction successful: Shadow GÂ∆ Razor, 100 credits (53.6% chance)
2026-02-13 14:04:08 [[32minfo[39m]: Transaction successful: Shadow GÂ∆ Razor, 100 credits (53.6% chance)
2026-02-13 14:04:08 [[32minfo[39m]: Transaction successful: Shadow GÂ∆ Razor, 100 credits (53.6% chance)
2026-02-13 14:04:08 [[32minfo[39m]: Transaction successful: Shadow GÂ∆ Razor, 100 credits (53.6% chance)
2026-02-13 14:04:08 [[32minfo[39m]: Transaction successful: Shadow GÂ∆ Razor, 100 credits (53.6% chance)
2026-02-13 14:04:08 [[32minfo[39m]: Transaction successful: Shadow GÂ∆ Razor, 100 credits (53.6% chance)
2026-02-13 14:04:08 [[32minfo[39m]: Transaction successful: Shadow GÂ∆ Razor, 100 credits (53.6% chance)
2026-02-13 14:04:08 [[32minfo[39m]: Transaction failed: Shadow GÂ∆ Razor, 100 credits (53.6% chance)
2026-02-13 14:04:08 [[32minfo[39m]: Transaction successful: Shadow GÂ∆ Razor, 100 credits (53.6% chance)
2026-02-13 14:04:08 [[32minfo[39m]: Transaction successful: Shadow GÂ∆ Razor, 100 credits (53.6% chance)
2026-02-13 14:04:08 [[32minfo[39m]: Transaction successful: Shadow GÂ∆ Razor, 100 credits (53.6% chance)
2026-02-13 14:04:08 [[32minfo[39m]: Transaction failed: Shadow GÂ∆ Razor, 100 credits (53.6% chance)
2026-02-13 14:04:08 [[32minfo[39m]: Transaction failed: Shadow GÂ∆ Razor, 100 credits (53.6% chance)
2026-02-13 14:04:08 [[32minfo[39m]: Transaction failed: Shadow GÂ∆ Razor, 100 credits (53.6% chance)
2026-02-13 14:04:08 [[32minfo[39m]: Transaction failed: Shadow GÂ∆ Razor, 100 credits (53.6% chance)
2026-02-13 14:04:08 [[32minfo[39m]: Transaction failed: Shadow GÂ∆ Razor, 100 credits (53.6% chance)
2026-02-13 14:04:08 [[32minfo[39m]: Transaction successful: Shadow GÂ∆ Razor, 100 credits (53.6% chance)
2026-02-13 14:04:08 [[32minfo[39m]: Transaction failed: Shadow GÂ∆ Razor, 100 credits (53.6% chance)
2026-02-13 14:04:08 [[32minfo[39m]: Transaction failed: Shadow GÂ∆ Razor, 100 credits (53.6% chance)
2026-02-13 14:04:08 [[32minfo[39m]: Transaction successful: Shadow GÂ∆ Razor, 100 credits (53.6% chance)
2026-02-13 14:04:08 [[32minfo[39m]: Transaction failed: Shadow GÂ∆ Razor, 100 credits (53.6% chance)
2026-02-13 14:04:08 [[32minfo[39m]: Transaction successful: Shadow GÂ∆ Razor, 100 credits (53.6% chance)
2026-02-13 14:04:08 [[32minfo[39m]: Transaction successful: Shadow GÂ∆ Razor, 100 credits (53.6% chance)
2026-02-13 14:04:08 [[32minfo[39m]: Transaction successful: Shadow GÂ∆ Razor, 100 credits (53.6% chance)
2026-02-13 14:04:08 [[32minfo[39m]: Transaction failed: Shadow GÂ∆ Razor, 100 credits (53.6% chance)
2026-02-13 14:04:08 [[32minfo[39m]: Transaction successful: Shadow GÂ∆ Razor, 100 credits (53.6% chance)
2026-02-13 14:04:08 [[32minfo[39m]: Transaction successful: Shadow GÂ∆ Razor, 100 credits (53.6% chance)
2026-02-13 14:04:08 [[32minfo[39m]: Transaction failed: Shadow GÂ∆ Razor, 100 credits (53.6% chance)
2026-02-13 14:04:08 [[32minfo[39m]: Transaction failed: Shadow GÂ∆ Razor, 100 credits (53.6% chance)
2026-02-13 14:04:08 [[32minfo[39m]: Transaction successful: Shadow GÂ∆ Razor, 100 credits (53.6% chance)
2026-02-13 14:04:08 [[32minfo[39m]: Transaction successful: Shadow GÂ∆ Razor, 100 credits (53.6% chance)
2026-02-13 14:04:08 [[32minfo[39m]: Transaction failed: Shadow GÂ∆ Razor, 100 credits (53.6% chance)
2026-02-13 14:04:08 [[32minfo[39m]: Transaction successful: Shadow GÂ∆ Razor, 100 credits (53.6% chance)
2026-02-13 14:04:08 [[32minfo[39m]: Transaction successful: Shadow GÂ∆ Razor, 100 credits (53.6% chance)
2026-02-13 14:04:08 [[32minfo[39m]: Transaction failed: Shadow GÂ∆ Razor, 100 credits (53.6% chance)
2026-02-13 14:04:08 [[32minfo[39m]: Transaction successful: Shadow GÂ∆ Razor, 100 credits (53.6% chance)
2026-02-13 14:04:08 [[32minfo[39m]: Transaction failed: Shadow GÂ∆ Razor, 100 credits (53.6% chance)
2026-02-13 14:04:08 [[32minfo[39m]: Transaction successful: Shadow GÂ∆ Razor, 100 credits (53.6% chance)
2026-02-13 14:04:08 [[32minfo[39m]: Transaction successful: Shadow GÂ∆ Razor, 100 credits (53.6% chance)
2026-02-13 14:04:08 [[32minfo[39m]: Transaction failed: Shadow GÂ∆ Razor, 100 credits (53.6% chance)
2026-02-13 14:04:08 [[32minfo[39m]: Transaction failed: Shadow GÂ∆ Razor, 100 credits (53.6% chance)
2026-02-13 14:04:08 [[32minfo[39m]: Transaction successful: Shadow GÂ∆ Razor, 100 credits (53.6% chance)
2026-02-13 14:04:08 [[32minfo[39m]: Transaction failed: Shadow GÂ∆ Razor, 100 credits (53.6% chance)
2026-02-13 14:04:08 [[32minfo[39m]: Transaction failed: Shadow GÂ∆ Razor, 100 credits (53.6% chance)
2026-02-13 14:04:08 [[32minfo[39m]: Transaction successful: Shadow GÂ∆ Razor, 100 credits (53.6% chance)
2026-02-13 14:04:08 [[32minfo[39m]: Transaction successful: Shadow GÂ∆ Razor, 100 credits (53.6% chance)
2026-02-13 14:04:08 [[32minfo[39m]: Transaction successful: Shadow GÂ∆ Razor, 100 credits (53.6% chance)
2026-02-13 14:04:08 [[32minfo[39m]: Transaction successful: Shadow GÂ∆ Razor, 100 credits (53.6% chance)
2026-02-13 14:04:08 [[32minfo[39m]: Transaction successful: Shadow GÂ∆ Razor, 100 credits (53.6% chance)
2026-02-13 14:04:08 [[32minfo[39m]: Transaction failed: Shadow GÂ∆ Razor, 100 credits (53.6% chance)
2026-02-13 14:04:08 [[32minfo[39m]: Transaction failed: Shadow GÂ∆ Razor, 100 credits (53.6% chance)
2026-02-13 14:04:08 [[32minfo[39m]: Transaction successful: Shadow GÂ∆ Razor, 100 credits (53.6% chance)
2026-02-13 14:04:08 [[32minfo[39m]: Transaction successful: Shadow GÂ∆ Razor, 100 credits (53.6% chance)
2026-02-13 14:04:08 [[32minfo[39m]: Transaction successful: Shadow GÂ∆ Razor, 100 credits (53.6% chance)
2026-02-13 14:04:08 [[32minfo[39m]: Transaction failed: Shadow GÂ∆ Razor, 100 credits (53.6% chance)
2026-02-13 14:04:08 [[32minfo[39m]: Transaction failed: Shadow GÂ∆ Razor, 100 credits (53.6% chance)
2026-02-13 14:04:08 [[32minfo[39m]: Transaction failed: Shadow GÂ∆ Razor, 100 credits (53.6% chance)
2026-02-13 14:04:08 [[32minfo[39m]: Initializing 2 agents with initial balance 1000000
2026-02-13 14:04:08 [[32minfo[39m]: Successfully initialized 2 agents
2026-02-13 14:04:08 [[32minfo[39m]: Transaction failed: Raven GÂ∆ Echo, 100 credits (53.8% chance)
2026-02-13 14:04:08 [[32minfo[39m]: Transaction successful: Raven GÂ∆ Echo, 100 credits (53.8% chance)
2026-02-13 14:04:08 [[32minfo[39m]: Transaction successful: Raven GÂ∆ Echo, 100 credits (53.8% chance)
2026-02-13 14:04:08 [[32minfo[39m]: Transaction failed: Raven GÂ∆ Echo, 100 credits (53.8% chance)
2026-02-13 14:04:08 [[32minfo[39m]: Transaction successful: Raven GÂ∆ Echo, 100 credits (53.8% chance)
2026-02-13 14:04:08 [[32minfo[39m]: Transaction successful: Raven GÂ∆ Echo, 100 credits (53.8% chance)
2026-02-13 14:04:08 [[32minfo[39m]: Transaction failed: Raven GÂ∆ Echo, 100 credits (53.8% chance)
2026-02-13 14:04:08 [[32minfo[39m]: Transaction failed: Raven GÂ∆ Echo, 100 credits (53.8% chance)
2026-02-13 14:04:08 [[32minfo[39m]: Transaction successful: Raven GÂ∆ Echo, 100 credits (53.8% chance)
2026-02-13 14:04:08 [[32minfo[39m]: Transaction successful: Raven GÂ∆ Echo, 100 credits (53.8% chance)
2026-02-13 14:04:08 [[32minfo[39m]: Transaction failed: Raven GÂ∆ Echo, 100 credits (53.8% chance)
2026-02-13 14:04:08 [[32minfo[39m]: Transaction failed: Raven GÂ∆ Echo, 100 credits (53.8% chance)
2026-02-13 14:04:08 [[32minfo[39m]: Transaction failed: Raven GÂ∆ Echo, 100 credits (53.8% chance)
2026-02-13 14:04:08 [[32minfo[39m]: Transaction successful: Raven GÂ∆ Echo, 100 credits (53.8% chance)
2026-02-13 14:04:08 [[32minfo[39m]: Transaction successful: Raven GÂ∆ Echo, 100 credits (53.8% chance)
2026-02-13 14:04:08 [[32minfo[39m]: Transaction failed: Raven GÂ∆ Echo, 100 credits (53.8% chance)
2026-02-13 14:04:08 [[32minfo[39m]: Transaction failed: Raven GÂ∆ Echo, 100 credits (53.8% chance)
2026-02-13 14:04:08 [[32minfo[39m]: Transaction successful: Raven GÂ∆ Echo, 100 credits (53.8% chance)
2026-02-13 14:04:08 [[32minfo[39m]: Transaction failed: Raven GÂ∆ Echo, 100 credits (53.8% chance)
2026-02-13 14:04:08 [[32minfo[39m]: Transaction successful: Raven GÂ∆ Echo, 100 credits (53.8% chance)
2026-02-13 14:04:08 [[32minfo[39m]: Transaction failed: Raven GÂ∆ Echo, 100 credits (53.8% chance)
2026-02-13 14:04:08 [[32minfo[39m]: Transaction failed: Raven GÂ∆ Echo, 100 credits (53.8% chance)
2026-02-13 14:04:08 [[32minfo[39m]: Transaction failed: Raven GÂ∆ Echo, 100 credits (53.8% chance)
2026-02-13 14:04:08 [[32minfo[39m]: Transaction failed: Raven GÂ∆ Echo, 100 credits (53.8% chance)
2026-02-13 14:04:08 [[32minfo[39m]: Transaction failed: Raven GÂ∆ Echo, 100 credits (53.8% chance)
2026-02-13 14:04:08 [[32minfo[39m]: Transaction successful: Raven GÂ∆ Echo, 100 credits (53.8% chance)
2026-02-13 14:04:08 [[32minfo[39m]: Transaction failed: Raven GÂ∆ Echo, 100 credits (53.8% chance)
2026-02-13 14:04:08 [[32minfo[39m]: Transaction successful: Raven GÂ∆ Echo, 100 credits (53.8% chance)
2026-02-13 14:04:08 [[32minfo[39m]: Transaction failed: Raven GÂ∆ Echo, 100 credits (53.8% chance)
2026-02-13 14:04:08 [[32minfo[39m]: Transaction failed: Raven GÂ∆ Echo, 100 credits (53.8% chance)
2026-02-13 14:04:08 [[32minfo[39m]: Transaction failed: Raven GÂ∆ Echo, 100 credits (53.8% chance)
2026-02-13 14:04:08 [[32minfo[39m]: Transaction successful: Raven GÂ∆ Echo, 100 credits (53.8% chance)
2026-02-13 14:04:08 [[32minfo[39m]: Transaction failed: Raven GÂ∆ Echo, 100 credits (53.8% chance)
2026-02-13 14:04:08 [[32minfo[39m]: Transaction failed: Raven GÂ∆ Echo, 100 credits (53.8% chance)
2026-02-13 14:04:08 [[32minfo[39m]: Transaction failed: Raven GÂ∆ Echo, 100 credits (53.8% chance)
2026-02-13 14:04:08 [[32minfo[39m]: Transaction successful: Raven GÂ∆ Echo, 100 credits (53.8% chance)
2026-02-13 14:04:08 [[32minfo[39m]: Transaction successful: Raven GÂ∆ Echo, 100 credits (53.8% chance)
2026-02-13 14:04:08 [[32minfo[39m]: Transaction successful: Raven GÂ∆ Echo, 100 credits (53.8% chance)
2026-02-13 14:04:08 [[32minfo[39m]: Transaction failed: Raven GÂ∆ Echo, 100 credits (53.8% chance)
2026-02-13 14:04:08 [[32minfo[39m]: Transaction failed: Raven GÂ∆ Echo, 100 credits (53.8% chance)
2026-02-13 14:04:08 [[32minfo[39m]: Transaction successful: Raven GÂ∆ Echo, 100 credits (53.8% chance)
2026-02-13 14:04:08 [[32minfo[39m]: Transaction successful: Raven GÂ∆ Echo, 100 credits (53.8% chance)
2026-02-13 14:04:08 [[32minfo[39m]: Transaction successful: Raven GÂ∆ Echo, 100 credits (53.8% chance)
2026-02-13 14:04:08 [[32minfo[39m]: Transaction failed: Raven GÂ∆ Echo, 100 credits (53.8% chance)
2026-02-13 14:04:08 [[32minfo[39m]: Transaction successful: Raven GÂ∆ Echo, 100 credits (53.8% chance)
2026-02-13 14:04:08 [[32minfo[39m]: Transaction successful: Raven GÂ∆ Echo, 100 credits (53.8% chance)
2026-02-13 14:04:08 [[32minfo[39m]: Transaction failed: Raven GÂ∆ Echo, 100 credits (53.8% chance)
2026-02-13 14:04:08 [[32minfo[39m]: Transaction successful: Raven GÂ∆ Echo, 100 credits (53.8% chance)
2026-02-13 14:04:08 [[32minfo[39m]: Transaction failed: Raven GÂ∆ Echo, 100 credits (53.8% chance)
2026-02-13 14:04:08 [[32minfo[39m]: Transaction failed: Raven GÂ∆ Echo, 100 credits (53.8% chance)
2026-02-13 14:04:08 [[32minfo[39m]: Transaction failed: Raven GÂ∆ Echo, 100 credits (53.8% chance)
2026-02-13 14:04:08 [[32minfo[39m]: Transaction successful: Raven GÂ∆ Echo, 100 credits (53.8% chance)
2026-02-13 14:04:08 [[32minfo[39m]: Transaction successful: Raven GÂ∆ Echo, 100 credits (53.8% chance)
2026-02-13 14:04:08 [[32minfo[39m]: Transaction successful: Raven GÂ∆ Echo, 100 credits (53.8% chance)
2026-02-13 14:04:08 [[32minfo[39m]: Transaction successful: Raven GÂ∆ Echo, 100 credits (53.8% chance)
2026-02-13 14:04:08 [[32minfo[39m]: Transaction successful: Raven GÂ∆ Echo, 100 credits (53.8% chance)
2026-02-13 14:04:08 [[32minfo[39m]: Transaction successful: Raven GÂ∆ Echo, 100 credits (53.8% chance)
2026-02-13 14:04:08 [[32minfo[39m]: Transaction failed: Raven GÂ∆ Echo, 100 credits (53.8% chance)
2026-02-13 14:04:08 [[32minfo[39m]: Transaction successful: Raven GÂ∆ Echo, 100 credits (53.8% chance)
2026-02-13 14:04:08 [[32minfo[39m]: Transaction successful: Raven GÂ∆ Echo, 100 credits (53.8% chance)
2026-02-13 14:04:08 [[32minfo[39m]: Transaction failed: Raven GÂ∆ Echo, 100 credits (53.8% chance)
2026-02-13 14:04:08 [[32minfo[39m]: Transaction successful: Raven GÂ∆ Echo, 100 credits (53.8% chance)
2026-02-13 14:04:08 [[32minfo[39m]: Transaction successful: Raven GÂ∆ Echo, 100 credits (53.8% chance)
2026-02-13 14:04:08 [[32minfo[39m]: Transaction failed: Raven GÂ∆ Echo, 100 credits (53.8% chance)
2026-02-13 14:04:08 [[32minfo[39m]: Transaction failed: Raven GÂ∆ Echo, 100 credits (53.8% chance)
2026-02-13 14:04:08 [[32minfo[39m]: Transaction successful: Raven GÂ∆ Echo, 100 credits (53.8% chance)
2026-02-13 14:04:08 [[32minfo[39m]: Transaction successful: Raven GÂ∆ Echo, 100 credits (53.8% chance)
2026-02-13 14:04:08 [[32minfo[39m]: Transaction failed: Raven GÂ∆ Echo, 100 credits (53.8% chance)
2026-02-13 14:04:08 [[32minfo[39m]: Transaction failed: Raven GÂ∆ Echo, 100 credits (53.8% chance)
2026-02-13 14:04:08 [[32minfo[39m]: Transaction failed: Raven GÂ∆ Echo, 100 credits (53.8% chance)
2026-02-13 14:04:08 [[32minfo[39m]: Transaction successful: Raven GÂ∆ Echo, 100 credits (53.8% chance)
2026-02-13 14:04:08 [[32minfo[39m]: Transaction successful: Raven GÂ∆ Echo, 100 credits (53.8% chance)
2026-02-13 14:04:08 [[32minfo[39m]: Transaction successful: Raven GÂ∆ Echo, 100 credits (53.8% chance)
2026-02-13 14:04:08 [[32minfo[39m]: Transaction failed: Raven GÂ∆ Echo, 100 credits (53.8% chance)
2026-02-13 14:04:08 [[32minfo[39m]: Transaction failed: Raven GÂ∆ Echo, 100 credits (53.8% chance)
2026-02-13 14:04:08 [[32minfo[39m]: Transaction failed: Raven GÂ∆ Echo, 100 credits (53.8% chance)
2026-02-13 14:04:08 [[32minfo[39m]: Transaction failed: Raven GÂ∆ Echo, 100 credits (53.8% chance)
2026-02-13 14:04:08 [[32minfo[39m]: Transaction successful: Raven GÂ∆ Echo, 100 credits (53.8% chance)
2026-02-13 14:04:08 [[32minfo[39m]: Transaction failed: Raven GÂ∆ Echo, 100 credits (53.8% chance)
2026-02-13 14:04:08 [[32minfo[39m]: Transaction successful: Raven GÂ∆ Echo, 100 credits (53.8% chance)
2026-02-13 14:04:08 [[32minfo[39m]: Transaction failed: Raven GÂ∆ Echo, 100 credits (53.8% chance)
2026-02-13 14:04:08 [[32minfo[39m]: Transaction failed: Raven GÂ∆ Echo, 100 credits (53.8% chance)
2026-02-13 14:04:08 [[32minfo[39m]: Transaction failed: Raven GÂ∆ Echo, 100 credits (53.8% chance)
2026-02-13 14:04:08 [[32minfo[39m]: Transaction successful: Raven GÂ∆ Echo, 100 credits (53.8% chance)
2026-02-13 14:04:08 [[32minfo[39m]: Transaction successful: Raven GÂ∆ Echo, 100 credits (53.8% chance)
2026-02-13 14:04:08 [[32minfo[39m]: Transaction failed: Raven GÂ∆ Echo, 100 credits (53.8% chance)
2026-02-13 14:04:08 [[32minfo[39m]: Transaction successful: Raven GÂ∆ Echo, 100 credits (53.8% chance)
2026-02-13 14:04:08 [[32minfo[39m]: Transaction successful: Raven GÂ∆ Echo, 100 credits (53.8% chance)
2026-02-13 14:04:08 [[32minfo[39m]: Transaction failed: Raven GÂ∆ Echo, 100 credits (53.8% chance)
2026-02-13 14:04:08 [[32minfo[39m]: Transaction successful: Raven GÂ∆ Echo, 100 credits (53.8% chance)
2026-02-13 14:04:08 [[32minfo[39m]: Transaction successful: Raven GÂ∆ Echo, 100 credits (53.8% chance)
2026-02-13 14:04:08 [[32minfo[39m]: Transaction failed: Raven GÂ∆ Echo, 100 credits (53.8% chance)
2026-02-13 14:04:08 [[32minfo[39m]: Transaction successful: Raven GÂ∆ Echo, 100 credits (53.8% chance)
2026-02-13 14:04:08 [[32minfo[39m]: Transaction successful: Raven GÂ∆ Echo, 100 credits (53.8% chance)
2026-02-13 14:04:08 [[32minfo[39m]: Transaction successful: Raven GÂ∆ Echo, 100 credits (53.8% chance)
2026-02-13 14:04:08 [[32minfo[39m]: Transaction successful: Raven GÂ∆ Echo, 100 credits (53.8% chance)
2026-02-13 14:04:08 [[32minfo[39m]: Transaction successful: Raven GÂ∆ Echo, 100 credits (53.8% chance)
2026-02-13 14:04:08 [[32minfo[39m]: Transaction successful: Raven GÂ∆ Echo, 100 credits (53.8% chance)
2026-02-13 14:04:08 [[32minfo[39m]: Transaction successful: Raven GÂ∆ Echo, 100 credits (53.8% chance)
2026-02-13 14:04:08 [[32minfo[39m]: Transaction successful: Raven GÂ∆ Echo, 100 credits (53.8% chance)
2026-02-13 14:04:08 [[32minfo[39m]: Initializing 2 agents with initial balance 1000000
2026-02-13 14:04:08 [[32minfo[39m]: Successfully initialized 2 agents
2026-02-13 14:04:08 [[32minfo[39m]: Transaction failed: Cipher GÂ∆ Trace, 100 credits (49.7% chance)
2026-02-13 14:04:08 [[32minfo[39m]: Transaction failed: Cipher GÂ∆ Trace, 100 credits (49.7% chance)
2026-02-13 14:04:08 [[32minfo[39m]: Transaction successful: Cipher GÂ∆ Trace, 100 credits (49.7% chance)
2026-02-13 14:04:08 [[32minfo[39m]: Transaction failed: Cipher GÂ∆ Trace, 100 credits (49.7% chance)
2026-02-13 14:04:08 [[32minfo[39m]: Transaction failed: Cipher GÂ∆ Trace, 100 credits (49.7% chance)
2026-02-13 14:04:08 [[32minfo[39m]: Transaction successful: Cipher GÂ∆ Trace, 100 credits (49.7% chance)
2026-02-13 14:04:08 [[32minfo[39m]: Transaction successful: Cipher GÂ∆ Trace, 100 credits (49.7% chance)
2026-02-13 14:04:08 [[32minfo[39m]: Transaction successful: Cipher GÂ∆ Trace, 100 credits (49.7% chance)
2026-02-13 14:04:08 [[32minfo[39m]: Transaction failed: Cipher GÂ∆ Trace, 100 credits (49.7% chance)
2026-02-13 14:04:08 [[32minfo[39m]: Transaction successful: Cipher GÂ∆ Trace, 100 credits (49.7% chance)
2026-02-13 14:04:08 [[32minfo[39m]: Transaction successful: Cipher GÂ∆ Trace, 100 credits (49.7% chance)
2026-02-13 14:04:08 [[32minfo[39m]: Transaction failed: Cipher GÂ∆ Trace, 100 credits (49.7% chance)
2026-02-13 14:04:08 [[32minfo[39m]: Transaction failed: Cipher GÂ∆ Trace, 100 credits (49.7% chance)
2026-02-13 14:04:08 [[32minfo[39m]: Transaction failed: Cipher GÂ∆ Trace, 100 credits (49.7% chance)
2026-02-13 14:04:08 [[32minfo[39m]: Transaction failed: Cipher GÂ∆ Trace, 100 credits (49.7% chance)
2026-02-13 14:04:08 [[32minfo[39m]: Transaction failed: Cipher GÂ∆ Trace, 100 credits (49.7% chance)
2026-02-13 14:04:08 [[32minfo[39m]: Transaction failed: Cipher GÂ∆ Trace, 100 credits (49.7% chance)
2026-02-13 14:04:08 [[32minfo[39m]: Transaction successful: Cipher GÂ∆ Trace, 100 credits (49.7% chance)
2026-02-13 14:04:08 [[32minfo[39m]: Transaction failed: Cipher GÂ∆ Trace, 100 credits (49.7% chance)
2026-02-13 14:04:08 [[32minfo[39m]: Transaction successful: Cipher GÂ∆ Trace, 100 credits (49.7% chance)
2026-02-13 14:04:08 [[32minfo[39m]: Transaction failed: Cipher GÂ∆ Trace, 100 credits (49.7% chance)
2026-02-13 14:04:08 [[32minfo[39m]: Transaction failed: Cipher GÂ∆ Trace, 100 credits (49.7% chance)
2026-02-13 14:04:08 [[32minfo[39m]: Transaction successful: Cipher GÂ∆ Trace, 100 credits (49.7% chance)
2026-02-13 14:04:08 [[32minfo[39m]: Transaction successful: Cipher GÂ∆ Trace, 100 credits (49.7% chance)
2026-02-13 14:04:08 [[32minfo[39m]: Transaction failed: Cipher GÂ∆ Trace, 100 credits (49.7% chance)
2026-02-13 14:04:08 [[32minfo[39m]: Transaction failed: Cipher GÂ∆ Trace, 100 credits (49.7% chance)
2026-02-13 14:04:08 [[32minfo[39m]: Transaction failed: Cipher GÂ∆ Trace, 100 credits (49.7% chance)
2026-02-13 14:04:08 [[32minfo[39m]: Transaction failed: Cipher GÂ∆ Trace, 100 credits (49.7% chance)
2026-02-13 14:04:08 [[32minfo[39m]: Transaction successful: Cipher GÂ∆ Trace, 100 credits (49.7% chance)
2026-02-13 14:04:08 [[32minfo[39m]: Transaction failed: Cipher GÂ∆ Trace, 100 credits (49.7% chance)
2026-02-13 14:04:08 [[32minfo[39m]: Transaction failed: Cipher GÂ∆ Trace, 100 credits (49.7% chance)
2026-02-13 14:04:08 [[32minfo[39m]: Transaction failed: Cipher GÂ∆ Trace, 100 credits (49.7% chance)
2026-02-13 14:04:08 [[32minfo[39m]: Transaction successful: Cipher GÂ∆ Trace, 100 credits (49.7% chance)
2026-02-13 14:04:08 [[32minfo[39m]: Transaction successful: Cipher GÂ∆ Trace, 100 credits (49.7% chance)
2026-02-13 14:04:08 [[32minfo[39m]: Transaction successful: Cipher GÂ∆ Trace, 100 credits (49.7% chance)
2026-02-13 14:04:08 [[32minfo[39m]: Transaction successful: Cipher GÂ∆ Trace, 100 credits (49.7% chance)
2026-02-13 14:04:08 [[32minfo[39m]: Transaction failed: Cipher GÂ∆ Trace, 100 credits (49.7% chance)
2026-02-13 14:04:08 [[32minfo[39m]: Transaction failed: Cipher GÂ∆ Trace, 100 credits (49.7% chance)
2026-02-13 14:04:08 [[32minfo[39m]: Transaction successful: Cipher GÂ∆ Trace, 100 credits (49.7% chance)
2026-02-13 14:04:08 [[32minfo[39m]: Transaction successful: Cipher GÂ∆ Trace, 100 credits (49.7% chance)
2026-02-13 14:04:08 [[32minfo[39m]: Transaction successful: Cipher GÂ∆ Trace, 100 credits (49.7% chance)
2026-02-13 14:04:08 [[32minfo[39m]: Transaction failed: Cipher GÂ∆ Trace, 100 credits (49.7% chance)
2026-02-13 14:04:08 [[32minfo[39m]: Transaction failed: Cipher GÂ∆ Trace, 100 credits (49.7% chance)
2026-02-13 14:04:08 [[32minfo[39m]: Transaction failed: Cipher GÂ∆ Trace, 100 credits (49.7% chance)
2026-02-13 14:04:08 [[32minfo[39m]: Transaction successful: Cipher GÂ∆ Trace, 100 credits (49.7% chance)
2026-02-13 14:04:08 [[32minfo[39m]: Transaction failed: Cipher GÂ∆ Trace, 100 credits (49.7% chance)
2026-02-13 14:04:08 [[32minfo[39m]: Transaction successful: Cipher GÂ∆ Trace, 100 credits (49.7% chance)
2026-02-13 14:04:08 [[32minfo[39m]: Transaction failed: Cipher GÂ∆ Trace, 100 credits (49.7% chance)
2026-02-13 14:04:08 [[32minfo[39m]: Transaction failed: Cipher GÂ∆ Trace, 100 credits (49.7% chance)
2026-02-13 14:04:08 [[32minfo[39m]: Transaction successful: Cipher GÂ∆ Trace, 100 credits (49.7% chance)
2026-02-13 14:04:08 [[32minfo[39m]: Transaction successful: Cipher GÂ∆ Trace, 100 credits (49.7% chance)
2026-02-13 14:04:08 [[32minfo[39m]: Transaction failed: Cipher GÂ∆ Trace, 100 credits (49.7% chance)
2026-02-13 14:04:08 [[32minfo[39m]: Transaction successful: Cipher GÂ∆ Trace, 100 credits (49.7% chance)
2026-02-13 14:04:08 [[32minfo[39m]: Transaction successful: Cipher GÂ∆ Trace, 100 credits (49.7% chance)
2026-02-13 14:04:08 [[32minfo[39m]: Transaction successful: Cipher GÂ∆ Trace, 100 credits (49.7% chance)
2026-02-13 14:04:08 [[32minfo[39m]: Transaction successful: Cipher GÂ∆ Trace, 100 credits (49.7% chance)
2026-02-13 14:04:08 [[32minfo[39m]: Transaction failed: Cipher GÂ∆ Trace, 100 credits (49.7% chance)
2026-02-13 14:04:08 [[32minfo[39m]: Transaction successful: Cipher GÂ∆ Trace, 100 credits (49.7% chance)
2026-02-13 14:04:08 [[32minfo[39m]: Transaction successful: Cipher GÂ∆ Trace, 100 credits (49.7% chance)
2026-02-13 14:04:08 [[32minfo[39m]: Transaction successful: Cipher GÂ∆ Trace, 100 credits (49.7% chance)
2026-02-13 14:04:08 [[32minfo[39m]: Transaction failed: Cipher GÂ∆ Trace, 100 credits (49.7% chance)
2026-02-13 14:04:08 [[32minfo[39m]: Transaction successful: Cipher GÂ∆ Trace, 100 credits (49.7% chance)
2026-02-13 14:04:08 [[32minfo[39m]: Transaction successful: Cipher GÂ∆ Trace, 100 credits (49.7% chance)
2026-02-13 14:04:08 [[32minfo[39m]: Transaction failed: Cipher GÂ∆ Trace, 100 credits (49.7% chance)
2026-02-13 14:04:08 [[32minfo[39m]: Transaction successful: Cipher GÂ∆ Trace, 100 credits (49.7% chance)
2026-02-13 14:04:08 [[32minfo[39m]: Transaction failed: Cipher GÂ∆ Trace, 100 credits (49.7% chance)
2026-02-13 14:04:08 [[32minfo[39m]: Transaction successful: Cipher GÂ∆ Trace, 100 credits (49.7% chance)
2026-02-13 14:04:08 [[32minfo[39m]: Transaction successful: Cipher GÂ∆ Trace, 100 credits (49.7% chance)
2026-02-13 14:04:08 [[32minfo[39m]: Transaction failed: Cipher GÂ∆ Trace, 100 credits (49.7% chance)
2026-02-13 14:04:08 [[32minfo[39m]: Transaction failed: Cipher GÂ∆ Trace, 100 credits (49.7% chance)
2026-02-13 14:04:08 [[32minfo[39m]: Transaction successful: Cipher GÂ∆ Trace, 100 credits (49.7% chance)
2026-02-13 14:04:08 [[32minfo[39m]: Transaction failed: Cipher GÂ∆ Trace, 100 credits (49.7% chance)
2026-02-13 14:04:08 [[32minfo[39m]: Transaction successful: Cipher GÂ∆ Trace, 100 credits (49.7% chance)
2026-02-13 14:04:08 [[32minfo[39m]: Transaction failed: Cipher GÂ∆ Trace, 100 credits (49.7% chance)
2026-02-13 14:04:08 [[32minfo[39m]: Transaction successful: Cipher GÂ∆ Trace, 100 credits (49.7% chance)
2026-02-13 14:04:08 [[32minfo[39m]: Transaction successful: Cipher GÂ∆ Trace, 100 credits (49.7% chance)
2026-02-13 14:04:08 [[32minfo[39m]: Transaction successful: Cipher GÂ∆ Trace, 100 credits (49.7% chance)
2026-02-13 14:04:08 [[32minfo[39m]: Transaction successful: Cipher GÂ∆ Trace, 100 credits (49.7% chance)
2026-02-13 14:04:08 [[32minfo[39m]: Transaction failed: Cipher GÂ∆ Trace, 100 credits (49.7% chance)
2026-02-13 14:04:08 [[32minfo[39m]: Transaction successful: Cipher GÂ∆ Trace, 100 credits (49.7% chance)
2026-02-13 14:04:08 [[32minfo[39m]: Transaction successful: Cipher GÂ∆ Trace, 100 credits (49.7% chance)
2026-02-13 14:04:08 [[32minfo[39m]: Transaction successful: Cipher GÂ∆ Trace, 100 credits (49.7% chance)
2026-02-13 14:04:08 [[32minfo[39m]: Transaction successful: Cipher GÂ∆ Trace, 100 credits (49.7% chance)
2026-02-13 14:04:08 [[32minfo[39m]: Transaction successful: Cipher GÂ∆ Trace, 100 credits (49.7% chance)
2026-02-13 14:04:08 [[32minfo[39m]: Transaction failed: Cipher GÂ∆ Trace, 100 credits (49.7% chance)
2026-02-13 14:04:08 [[32minfo[39m]: Transaction successful: Cipher GÂ∆ Trace, 100 credits (49.7% chance)
2026-02-13 14:04:08 [[32minfo[39m]: Transaction successful: Cipher GÂ∆ Trace, 100 credits (49.7% chance)
2026-02-13 14:04:08 [[32minfo[39m]: Transaction successful: Cipher GÂ∆ Trace, 100 credits (49.7% chance)
2026-02-13 14:04:08 [[32minfo[39m]: Transaction successful: Cipher GÂ∆ Trace, 100 credits (49.7% chance)
2026-02-13 14:04:08 [[32minfo[39m]: Transaction failed: Cipher GÂ∆ Trace, 100 credits (49.7% chance)
2026-02-13 14:04:08 [[32minfo[39m]: Transaction failed: Cipher GÂ∆ Trace, 100 credits (49.7% chance)
2026-02-13 14:04:08 [[32minfo[39m]: Transaction successful: Cipher GÂ∆ Trace, 100 credits (49.7% chance)
2026-02-13 14:04:08 [[32minfo[39m]: Transaction failed: Cipher GÂ∆ Trace, 100 credits (49.7% chance)
2026-02-13 14:04:08 [[32minfo[39m]: Transaction successful: Cipher GÂ∆ Trace, 100 credits (49.7% chance)
2026-02-13 14:04:08 [[32minfo[39m]: Transaction successful: Cipher GÂ∆ Trace, 100 credits (49.7% chance)
2026-02-13 14:04:08 [[32minfo[39m]: Transaction failed: Cipher GÂ∆ Trace, 100 credits (49.7% chance)
2026-02-13 14:04:08 [[32minfo[39m]: Transaction successful: Cipher GÂ∆ Trace, 100 credits (49.7% chance)
2026-02-13 14:04:08 [[32minfo[39m]: Transaction failed: Cipher GÂ∆ Trace, 100 credits (49.7% chance)
2026-02-13 14:04:08 [[32minfo[39m]: Transaction successful: Cipher GÂ∆ Trace, 100 credits (49.7% chance)
2026-02-13 14:04:08 [[32minfo[39m]: Transaction successful: Cipher GÂ∆ Trace, 100 credits (49.7% chance)
2026-02-13 14:04:08 [[32minfo[39m]: Initializing 2 agents with initial balance 1000000
2026-02-13 14:04:08 [[32minfo[39m]: Successfully initialized 2 agents
2026-02-13 14:04:08 [[32minfo[39m]: Transaction failed: Wraith GÂ∆ Crash, 100 credits (51.8% chance)
2026-02-13 14:04:08 [[32minfo[39m]: Transaction successful: Wraith GÂ∆ Crash, 100 credits (51.8% chance)
2026-02-13 14:04:08 [[32minfo[39m]: Transaction successful: Wraith GÂ∆ Crash, 100 credits (51.8% chance)
2026-02-13 14:04:08 [[32minfo[39m]: Transaction successful: Wraith GÂ∆ Crash, 100 credits (51.8% chance)
2026-02-13 14:04:08 [[32minfo[39m]: Transaction successful: Wraith GÂ∆ Crash, 100 credits (51.8% chance)
2026-02-13 14:04:08 [[32minfo[39m]: Transaction successful: Wraith GÂ∆ Crash, 100 credits (51.8% chance)
2026-02-13 14:04:08 [[32minfo[39m]: Transaction successful: Wraith GÂ∆ Crash, 100 credits (51.8% chance)
2026-02-13 14:04:08 [[32minfo[39m]: Transaction successful: Wraith GÂ∆ Crash, 100 credits (51.8% chance)
2026-02-13 14:04:08 [[32minfo[39m]: Transaction successful: Wraith GÂ∆ Crash, 100 credits (51.8% chance)
2026-02-13 14:04:08 [[32minfo[39m]: Transaction successful: Wraith GÂ∆ Crash, 100 credits (51.8% chance)
2026-02-13 14:04:08 [[32minfo[39m]: Transaction failed: Wraith GÂ∆ Crash, 100 credits (51.8% chance)
2026-02-13 14:04:08 [[32minfo[39m]: Transaction failed: Wraith GÂ∆ Crash, 100 credits (51.8% chance)
2026-02-13 14:04:08 [[32minfo[39m]: Transaction successful: Wraith GÂ∆ Crash, 100 credits (51.8% chance)
2026-02-13 14:04:08 [[32minfo[39m]: Transaction failed: Wraith GÂ∆ Crash, 100 credits (51.8% chance)
2026-02-13 14:04:08 [[32minfo[39m]: Transaction failed: Wraith GÂ∆ Crash, 100 credits (51.8% chance)
2026-02-13 14:04:08 [[32minfo[39m]: Transaction successful: Wraith GÂ∆ Crash, 100 credits (51.8% chance)
2026-02-13 14:04:08 [[32minfo[39m]: Transaction successful: Wraith GÂ∆ Crash, 100 credits (51.8% chance)
2026-02-13 14:04:08 [[32minfo[39m]: Transaction failed: Wraith GÂ∆ Crash, 100 credits (51.8% chance)
2026-02-13 14:04:08 [[32minfo[39m]: Transaction failed: Wraith GÂ∆ Crash, 100 credits (51.8% chance)
2026-02-13 14:04:08 [[32minfo[39m]: Transaction successful: Wraith GÂ∆ Crash, 100 credits (51.8% chance)
2026-02-13 14:04:08 [[32minfo[39m]: Transaction failed: Wraith GÂ∆ Crash, 100 credits (51.8% chance)
2026-02-13 14:04:08 [[32minfo[39m]: Transaction failed: Wraith GÂ∆ Crash, 100 credits (51.8% chance)
2026-02-13 14:04:08 [[32minfo[39m]: Transaction successful: Wraith GÂ∆ Crash, 100 credits (51.8% chance)
2026-02-13 14:04:08 [[32minfo[39m]: Transaction successful: Wraith GÂ∆ Crash, 100 credits (51.8% chance)
2026-02-13 14:04:08 [[32minfo[39m]: Transaction failed: Wraith GÂ∆ Crash, 100 credits (51.8% chance)
2026-02-13 14:04:08 [[32minfo[39m]: Transaction failed: Wraith GÂ∆ Crash, 100 credits (51.8% chance)
2026-02-13 14:04:08 [[32minfo[39m]: Transaction failed: Wraith GÂ∆ Crash, 100 credits (51.8% chance)
2026-02-13 14:04:08 [[32minfo[39m]: Transaction successful: Wraith GÂ∆ Crash, 100 credits (51.8% chance)
2026-02-13 14:04:08 [[32minfo[39m]: Transaction successful: Wraith GÂ∆ Crash, 100 credits (51.8% chance)
2026-02-13 14:04:08 [[32minfo[39m]: Transaction failed: Wraith GÂ∆ Crash, 100 credits (51.8% chance)
2026-02-13 14:04:08 [[32minfo[39m]: Transaction failed: Wraith GÂ∆ Crash, 100 credits (51.8% chance)
2026-02-13 14:04:08 [[32minfo[39m]: Transaction failed: Wraith GÂ∆ Crash, 100 credits (51.8% chance)
2026-02-13 14:04:08 [[32minfo[39m]: Transaction successful: Wraith GÂ∆ Crash, 100 credits (51.8% chance)
2026-02-13 14:04:08 [[32minfo[39m]: Transaction failed: Wraith GÂ∆ Crash, 100 credits (51.8% chance)
2026-02-13 14:04:08 [[32minfo[39m]: Transaction successful: Wraith GÂ∆ Crash, 100 credits (51.8% chance)
2026-02-13 14:04:08 [[32minfo[39m]: Transaction successful: Wraith GÂ∆ Crash, 100 credits (51.8% chance)
2026-02-13 14:04:08 [[32minfo[39m]: Transaction successful: Wraith GÂ∆ Crash, 100 credits (51.8% chance)
2026-02-13 14:04:08 [[32minfo[39m]: Transaction successful: Wraith GÂ∆ Crash, 100 credits (51.8% chance)
2026-02-13 14:04:08 [[32minfo[39m]: Transaction failed: Wraith GÂ∆ Crash, 100 credits (51.8% chance)
2026-02-13 14:04:08 [[32minfo[39m]: Transaction successful: Wraith GÂ∆ Crash, 100 credits (51.8% chance)
2026-02-13 14:04:08 [[32minfo[39m]: Transaction successful: Wraith GÂ∆ Crash, 100 credits (51.8% chance)
2026-02-13 14:04:08 [[32minfo[39m]: Transaction failed: Wraith GÂ∆ Crash, 100 credits (51.8% chance)
2026-02-13 14:04:08 [[32minfo[39m]: Transaction failed: Wraith GÂ∆ Crash, 100 credits (51.8% chance)
2026-02-13 14:04:08 [[32minfo[39m]: Transaction successful: Wraith GÂ∆ Crash, 100 credits (51.8% chance)
2026-02-13 14:04:08 [[32minfo[39m]: Transaction successful: Wraith GÂ∆ Crash, 100 credits (51.8% chance)
2026-02-13 14:04:08 [[32minfo[39m]: Transaction successful: Wraith GÂ∆ Crash, 100 credits (51.8% chance)
2026-02-13 14:04:08 [[32minfo[39m]: Transaction failed: Wraith GÂ∆ Crash, 100 credits (51.8% chance)
2026-02-13 14:04:08 [[32minfo[39m]: Transaction successful: Wraith GÂ∆ Crash, 100 credits (51.8% chance)
2026-02-13 14:04:08 [[32minfo[39m]: Transaction failed: Wraith GÂ∆ Crash, 100 credits (51.8% chance)
2026-02-13 14:04:08 [[32minfo[39m]: Transaction failed: Wraith GÂ∆ Crash, 100 credits (51.8% chance)
2026-02-13 14:04:08 [[32minfo[39m]: Transaction failed: Wraith GÂ∆ Crash, 100 credits (51.8% chance)
2026-02-13 14:04:08 [[32minfo[39m]: Transaction successful: Wraith GÂ∆ Crash, 100 credits (51.8% chance)
2026-02-13 14:04:08 [[32minfo[39m]: Transaction failed: Wraith GÂ∆ Crash, 100 credits (51.8% chance)
2026-02-13 14:04:08 [[32minfo[39m]: Transaction successful: Wraith GÂ∆ Crash, 100 credits (51.8% chance)
2026-02-13 14:04:08 [[32minfo[39m]: Transaction successful: Wraith GÂ∆ Crash, 100 credits (51.8% chance)
2026-02-13 14:04:08 [[32minfo[39m]: Transaction failed: Wraith GÂ∆ Crash, 100 credits (51.8% chance)
2026-02-13 14:04:08 [[32minfo[39m]: Transaction successful: Wraith GÂ∆ Crash, 100 credits (51.8% chance)
2026-02-13 14:04:08 [[32minfo[39m]: Transaction successful: Wraith GÂ∆ Crash, 100 credits (51.8% chance)
2026-02-13 14:04:08 [[32minfo[39m]: Transaction successful: Wraith GÂ∆ Crash, 100 credits (51.8% chance)
2026-02-13 14:04:08 [[32minfo[39m]: Transaction successful: Wraith GÂ∆ Crash, 100 credits (51.8% chance)
2026-02-13 14:04:08 [[32minfo[39m]: Transaction failed: Wraith GÂ∆ Crash, 100 credits (51.8% chance)
2026-02-13 14:04:08 [[32minfo[39m]: Transaction failed: Wraith GÂ∆ Crash, 100 credits (51.8% chance)
2026-02-13 14:04:08 [[32minfo[39m]: Transaction successful: Wraith GÂ∆ Crash, 100 credits (51.8% chance)
2026-02-13 14:04:08 [[32minfo[39m]: Transaction failed: Wraith GÂ∆ Crash, 100 credits (51.8% chance)
2026-02-13 14:04:08 [[32minfo[39m]: Transaction successful: Wraith GÂ∆ Crash, 100 credits (51.8% chance)
2026-02-13 14:04:08 [[32minfo[39m]: Transaction successful: Wraith GÂ∆ Crash, 100 credits (51.8% chance)
2026-02-13 14:04:08 [[32minfo[39m]: Transaction failed: Wraith GÂ∆ Crash, 100 credits (51.8% chance)
2026-02-13 14:04:08 [[32minfo[39m]: Transaction successful: Wraith GÂ∆ Crash, 100 credits (51.8% chance)
2026-02-13 14:04:08 [[32minfo[39m]: Transaction successful: Wraith GÂ∆ Crash, 100 credits (51.8% chance)
2026-02-13 14:04:08 [[32minfo[39m]: Transaction successful: Wraith GÂ∆ Crash, 100 credits (51.8% chance)
2026-02-13 14:04:08 [[32minfo[39m]: Transaction failed: Wraith GÂ∆ Crash, 100 credits (51.8% chance)
2026-02-13 14:04:08 [[32minfo[39m]: Transaction failed: Wraith GÂ∆ Crash, 100 credits (51.8% chance)
2026-02-13 14:04:08 [[32minfo[39m]: Transaction failed: Wraith GÂ∆ Crash, 100 credits (51.8% chance)
2026-02-13 14:04:08 [[32minfo[39m]: Transaction successful: Wraith GÂ∆ Crash, 100 credits (51.8% chance)
2026-02-13 14:04:08 [[32minfo[39m]: Transaction successful: Wraith GÂ∆ Crash, 100 credits (51.8% chance)
2026-02-13 14:04:08 [[32minfo[39m]: Transaction successful: Wraith GÂ∆ Crash, 100 credits (51.8% chance)
2026-02-13 14:04:08 [[32minfo[39m]: Transaction failed: Wraith GÂ∆ Crash, 100 credits (51.8% chance)
2026-02-13 14:04:08 [[32minfo[39m]: Transaction successful: Wraith GÂ∆ Crash, 100 credits (51.8% chance)
2026-02-13 14:04:08 [[32minfo[39m]: Transaction successful: Wraith GÂ∆ Crash, 100 credits (51.8% chance)
2026-02-13 14:04:08 [[32minfo[39m]: Transaction failed: Wraith GÂ∆ Crash, 100 credits (51.8% chance)
2026-02-13 14:04:08 [[32minfo[39m]: Transaction successful: Wraith GÂ∆ Crash, 100 credits (51.8% chance)
2026-02-13 14:04:08 [[32minfo[39m]: Transaction successful: Wraith GÂ∆ Crash, 100 credits (51.8% chance)
2026-02-13 14:04:08 [[32minfo[39m]: Transaction successful: Wraith GÂ∆ Crash, 100 credits (51.8% chance)
2026-02-13 14:04:08 [[32minfo[39m]: Transaction successful: Wraith GÂ∆ Crash, 100 credits (51.8% chance)
2026-02-13 14:04:08 [[32minfo[39m]: Transaction successful: Wraith GÂ∆ Crash, 100 credits (51.8% chance)
2026-02-13 14:04:08 [[32minfo[39m]: Transaction successful: Wraith GÂ∆ Crash, 100 credits (51.8% chance)
2026-02-13 14:04:08 [[32minfo[39m]: Transaction successful: Wraith GÂ∆ Crash, 100 credits (51.8% chance)
2026-02-13 14:04:08 [[32minfo[39m]: Transaction successful: Wraith GÂ∆ Crash, 100 credits (51.8% chance)
2026-02-13 14:04:08 [[32minfo[39m]: Transaction successful: Wraith GÂ∆ Crash, 100 credits (51.8% chance)
2026-02-13 14:04:08 [[32minfo[39m]: Transaction failed: Wraith GÂ∆ Crash, 100 credits (51.8% chance)
2026-02-13 14:04:08 [[32minfo[39m]: Transaction failed: Wraith GÂ∆ Crash, 100 credits (51.8% chance)
2026-02-13 14:04:08 [[32minfo[39m]: Transaction failed: Wraith GÂ∆ Crash, 100 credits (51.8% chance)
2026-02-13 14:04:08 [[32minfo[39m]: Transaction successful: Wraith GÂ∆ Crash, 100 credits (51.8% chance)
2026-02-13 14:04:08 [[32minfo[39m]: Transaction failed: Wraith GÂ∆ Crash, 100 credits (51.8% chance)
2026-02-13 14:04:08 [[32minfo[39m]: Transaction failed: Wraith GÂ∆ Crash, 100 credits (51.8% chance)
2026-02-13 14:04:08 [[32minfo[39m]: Transaction successful: Wraith GÂ∆ Crash, 100 credits (51.8% chance)
2026-02-13 14:04:08 [[32minfo[39m]: Transaction failed: Wraith GÂ∆ Crash, 100 credits (51.8% chance)
2026-02-13 14:04:08 [[32minfo[39m]: Transaction failed: Wraith GÂ∆ Crash, 100 credits (51.8% chance)
2026-02-13 14:04:08 [[32minfo[39m]: Transaction failed: Wraith GÂ∆ Crash, 100 credits (51.8% chance)
2026-02-13 14:04:08 [[32minfo[39m]: Transaction successful: Wraith GÂ∆ Crash, 100 credits (51.8% chance)
2026-02-13 14:04:08 [[32minfo[39m]: Initializing 2 agents with initial balance 1000000
2026-02-13 14:04:08 [[32minfo[39m]: Successfully initialized 2 agents
2026-02-13 14:04:08 [[32minfo[39m]: Transaction failed: Cipher GÂ∆ Dagger, 100 credits (52.9% chance)
2026-02-13 14:04:08 [[32minfo[39m]: Transaction failed: Cipher GÂ∆ Dagger, 100 credits (52.9% chance)
2026-02-13 14:04:08 [[32minfo[39m]: Transaction successful: Cipher GÂ∆ Dagger, 100 credits (52.9% chance)
2026-02-13 14:04:08 [[32minfo[39m]: Transaction failed: Cipher GÂ∆ Dagger, 100 credits (52.9% chance)
2026-02-13 14:04:08 [[32minfo[39m]: Transaction successful: Cipher GÂ∆ Dagger, 100 credits (52.9% chance)
2026-02-13 14:04:08 [[32minfo[39m]: Transaction successful: Cipher GÂ∆ Dagger, 100 credits (52.9% chance)
2026-02-13 14:04:08 [[32minfo[39m]: Transaction failed: Cipher GÂ∆ Dagger, 100 credits (52.9% chance)
2026-02-13 14:04:08 [[32minfo[39m]: Transaction failed: Cipher GÂ∆ Dagger, 100 credits (52.9% chance)
2026-02-13 14:04:08 [[32minfo[39m]: Transaction successful: Cipher GÂ∆ Dagger, 100 credits (52.9% chance)
2026-02-13 14:04:08 [[32minfo[39m]: Transaction successful: Cipher GÂ∆ Dagger, 100 credits (52.9% chance)
2026-02-13 14:04:08 [[32minfo[39m]: Transaction failed: Cipher GÂ∆ Dagger, 100 credits (52.9% chance)
2026-02-13 14:04:08 [[32minfo[39m]: Transaction failed: Cipher GÂ∆ Dagger, 100 credits (52.9% chance)
2026-02-13 14:04:08 [[32minfo[39m]: Transaction successful: Cipher GÂ∆ Dagger, 100 credits (52.9% chance)
2026-02-13 14:04:08 [[32minfo[39m]: Transaction successful: Cipher GÂ∆ Dagger, 100 credits (52.9% chance)
2026-02-13 14:04:08 [[32minfo[39m]: Transaction successful: Cipher GÂ∆ Dagger, 100 credits (52.9% chance)
2026-02-13 14:04:08 [[32minfo[39m]: Transaction successful: Cipher GÂ∆ Dagger, 100 credits (52.9% chance)
2026-02-13 14:04:08 [[32minfo[39m]: Transaction failed: Cipher GÂ∆ Dagger, 100 credits (52.9% chance)
2026-02-13 14:04:08 [[32minfo[39m]: Transaction successful: Cipher GÂ∆ Dagger, 100 credits (52.9% chance)
2026-02-13 14:04:08 [[32minfo[39m]: Transaction successful: Cipher GÂ∆ Dagger, 100 credits (52.9% chance)
2026-02-13 14:04:08 [[32minfo[39m]: Transaction successful: Cipher GÂ∆ Dagger, 100 credits (52.9% chance)
2026-02-13 14:04:08 [[32minfo[39m]: Transaction successful: Cipher GÂ∆ Dagger, 100 credits (52.9% chance)
2026-02-13 14:04:08 [[32minfo[39m]: Transaction successful: Cipher GÂ∆ Dagger, 100 credits (52.9% chance)
2026-02-13 14:04:08 [[32minfo[39m]: Transaction successful: Cipher GÂ∆ Dagger, 100 credits (52.9% chance)
2026-02-13 14:04:08 [[32minfo[39m]: Transaction failed: Cipher GÂ∆ Dagger, 100 credits (52.9% chance)
2026-02-13 14:04:08 [[32minfo[39m]: Transaction successful: Cipher GÂ∆ Dagger, 100 credits (52.9% chance)
2026-02-13 14:04:08 [[32minfo[39m]: Transaction failed: Cipher GÂ∆ Dagger, 100 credits (52.9% chance)
2026-02-13 14:04:08 [[32minfo[39m]: Transaction successful: Cipher GÂ∆ Dagger, 100 credits (52.9% chance)
2026-02-13 14:04:08 [[32minfo[39m]: Transaction successful: Cipher GÂ∆ Dagger, 100 credits (52.9% chance)
2026-02-13 14:04:08 [[32minfo[39m]: Transaction successful: Cipher GÂ∆ Dagger, 100 credits (52.9% chance)
2026-02-13 14:04:08 [[32minfo[39m]: Transaction failed: Cipher GÂ∆ Dagger, 100 credits (52.9% chance)
2026-02-13 14:04:08 [[32minfo[39m]: Transaction failed: Cipher GÂ∆ Dagger, 100 credits (52.9% chance)
2026-02-13 14:04:08 [[32minfo[39m]: Transaction failed: Cipher GÂ∆ Dagger, 100 credits (52.9% chance)
2026-02-13 14:04:08 [[32minfo[39m]: Transaction successful: Cipher GÂ∆ Dagger, 100 credits (52.9% chance)
2026-02-13 14:04:08 [[32minfo[39m]: Transaction failed: Cipher GÂ∆ Dagger, 100 credits (52.9% chance)
2026-02-13 14:04:08 [[32minfo[39m]: Transaction failed: Cipher GÂ∆ Dagger, 100 credits (52.9% chance)
2026-02-13 14:04:08 [[32minfo[39m]: Transaction successful: Cipher GÂ∆ Dagger, 100 credits (52.9% chance)
2026-02-13 14:04:08 [[32minfo[39m]: Transaction failed: Cipher GÂ∆ Dagger, 100 credits (52.9% chance)
2026-02-13 14:04:08 [[32minfo[39m]: Transaction successful: Cipher GÂ∆ Dagger, 100 credits (52.9% chance)
2026-02-13 14:04:08 [[32minfo[39m]: Transaction successful: Cipher GÂ∆ Dagger, 100 credits (52.9% chance)
2026-02-13 14:04:08 [[32minfo[39m]: Transaction failed: Cipher GÂ∆ Dagger, 100 credits (52.9% chance)
2026-02-13 14:04:08 [[32minfo[39m]: Transaction successful: Cipher GÂ∆ Dagger, 100 credits (52.9% chance)
2026-02-13 14:04:08 [[32minfo[39m]: Transaction failed: Cipher GÂ∆ Dagger, 100 credits (52.9% chance)
2026-02-13 14:04:08 [[32minfo[39m]: Transaction successful: Cipher GÂ∆ Dagger, 100 credits (52.9% chance)
2026-02-13 14:04:08 [[32minfo[39m]: Transaction failed: Cipher GÂ∆ Dagger, 100 credits (52.9% chance)
2026-02-13 14:04:08 [[32minfo[39m]: Transaction failed: Cipher GÂ∆ Dagger, 100 credits (52.9% chance)
2026-02-13 14:04:08 [[32minfo[39m]: Transaction failed: Cipher GÂ∆ Dagger, 100 credits (52.9% chance)
2026-02-13 14:04:08 [[32minfo[39m]: Transaction successful: Cipher GÂ∆ Dagger, 100 credits (52.9% chance)
2026-02-13 14:04:08 [[32minfo[39m]: Transaction failed: Cipher GÂ∆ Dagger, 100 credits (52.9% chance)
2026-02-13 14:04:08 [[32minfo[39m]: Transaction successful: Cipher GÂ∆ Dagger, 100 credits (52.9% chance)
2026-02-13 14:04:08 [[32minfo[39m]: Transaction successful: Cipher GÂ∆ Dagger, 100 credits (52.9% chance)
2026-02-13 14:04:08 [[32minfo[39m]: Transaction successful: Cipher GÂ∆ Dagger, 100 credits (52.9% chance)
2026-02-13 14:04:08 [[32minfo[39m]: Transaction failed: Cipher GÂ∆ Dagger, 100 credits (52.9% chance)
2026-02-13 14:04:08 [[32minfo[39m]: Transaction failed: Cipher GÂ∆ Dagger, 100 credits (52.9% chance)
2026-02-13 14:04:08 [[32minfo[39m]: Transaction failed: Cipher GÂ∆ Dagger, 100 credits (52.9% chance)
2026-02-13 14:04:08 [[32minfo[39m]: Transaction failed: Cipher GÂ∆ Dagger, 100 credits (52.9% chance)
2026-02-13 14:04:08 [[32minfo[39m]: Transaction failed: Cipher GÂ∆ Dagger, 100 credits (52.9% chance)
2026-02-13 14:04:08 [[32minfo[39m]: Transaction successful: Cipher GÂ∆ Dagger, 100 credits (52.9% chance)
2026-02-13 14:04:08 [[32minfo[39m]: Transaction failed: Cipher GÂ∆ Dagger, 100 credits (52.9% chance)
2026-02-13 14:04:08 [[32minfo[39m]: Transaction failed: Cipher GÂ∆ Dagger, 100 credits (52.9% chance)
2026-02-13 14:04:08 [[32minfo[39m]: Transaction failed: Cipher GÂ∆ Dagger, 100 credits (52.9% chance)
2026-02-13 14:04:08 [[32minfo[39m]: Transaction failed: Cipher GÂ∆ Dagger, 100 credits (52.9% chance)
2026-02-13 14:04:08 [[32minfo[39m]: Transaction successful: Cipher GÂ∆ Dagger, 100 credits (52.9% chance)
2026-02-13 14:04:08 [[32minfo[39m]: Transaction successful: Cipher GÂ∆ Dagger, 100 credits (52.9% chance)
2026-02-13 14:04:08 [[32minfo[39m]: Transaction failed: Cipher GÂ∆ Dagger, 100 credits (52.9% chance)
2026-02-13 14:04:08 [[32minfo[39m]: Transaction failed: Cipher GÂ∆ Dagger, 100 credits (52.9% chance)
2026-02-13 14:04:08 [[32minfo[39m]: Transaction successful: Cipher GÂ∆ Dagger, 100 credits (52.9% chance)
2026-02-13 14:04:08 [[32minfo[39m]: Transaction failed: Cipher GÂ∆ Dagger, 100 credits (52.9% chance)
2026-02-13 14:04:08 [[32minfo[39m]: Transaction successful: Cipher GÂ∆ Dagger, 100 credits (52.9% chance)
2026-02-13 14:04:08 [[32minfo[39m]: Transaction successful: Cipher GÂ∆ Dagger, 100 credits (52.9% chance)
2026-02-13 14:04:08 [[32minfo[39m]: Transaction failed: Cipher GÂ∆ Dagger, 100 credits (52.9% chance)
2026-02-13 14:04:08 [[32minfo[39m]: Transaction successful: Cipher GÂ∆ Dagger, 100 credits (52.9% chance)
2026-02-13 14:04:08 [[32minfo[39m]: Transaction successful: Cipher GÂ∆ Dagger, 100 credits (52.9% chance)
2026-02-13 14:04:08 [[32minfo[39m]: Transaction failed: Cipher GÂ∆ Dagger, 100 credits (52.9% chance)
2026-02-13 14:04:08 [[32minfo[39m]: Transaction successful: Cipher GÂ∆ Dagger, 100 credits (52.9% chance)
2026-02-13 14:04:08 [[32minfo[39m]: Transaction successful: Cipher GÂ∆ Dagger, 100 credits (52.9% chance)
2026-02-13 14:04:08 [[32minfo[39m]: Transaction failed: Cipher GÂ∆ Dagger, 100 credits (52.9% chance)
2026-02-13 14:04:08 [[32minfo[39m]: Transaction failed: Cipher GÂ∆ Dagger, 100 credits (52.9% chance)
2026-02-13 14:04:08 [[32minfo[39m]: Transaction successful: Cipher GÂ∆ Dagger, 100 credits (52.9% chance)
2026-02-13 14:04:08 [[32minfo[39m]: Transaction successful: Cipher GÂ∆ Dagger, 100 credits (52.9% chance)
2026-02-13 14:04:08 [[32minfo[39m]: Transaction successful: Cipher GÂ∆ Dagger, 100 credits (52.9% chance)
2026-02-13 14:04:08 [[32minfo[39m]: Transaction successful: Cipher GÂ∆ Dagger, 100 credits (52.9% chance)
2026-02-13 14:04:08 [[32minfo[39m]: Transaction successful: Cipher GÂ∆ Dagger, 100 credits (52.9% chance)
2026-02-13 14:04:08 [[32minfo[39m]: Transaction successful: Cipher GÂ∆ Dagger, 100 credits (52.9% chance)
2026-02-13 14:04:08 [[32minfo[39m]: Transaction successful: Cipher GÂ∆ Dagger, 100 credits (52.9% chance)
2026-02-13 14:04:08 [[32minfo[39m]: Transaction successful: Cipher GÂ∆ Dagger, 100 credits (52.9% chance)
2026-02-13 14:04:08 [[32minfo[39m]: Transaction successful: Cipher GÂ∆ Dagger, 100 credits (52.9% chance)
2026-02-13 14:04:08 [[32minfo[39m]: Transaction failed: Cipher GÂ∆ Dagger, 100 credits (52.9% chance)
2026-02-13 14:04:08 [[32minfo[39m]: Transaction successful: Cipher GÂ∆ Dagger, 100 credits (52.9% chance)
2026-02-13 14:04:08 [[32minfo[39m]: Transaction failed: Cipher GÂ∆ Dagger, 100 credits (52.9% chance)
2026-02-13 14:04:08 [[32minfo[39m]: Transaction successful: Cipher GÂ∆ Dagger, 100 credits (52.9% chance)
2026-02-13 14:04:08 [[32minfo[39m]: Transaction failed: Cipher GÂ∆ Dagger, 100 credits (52.9% chance)
2026-02-13 14:04:08 [[32minfo[39m]: Transaction failed: Cipher GÂ∆ Dagger, 100 credits (52.9% chance)
2026-02-13 14:04:08 [[32minfo[39m]: Transaction failed: Cipher GÂ∆ Dagger, 100 credits (52.9% chance)
2026-02-13 14:04:08 [[32minfo[39m]: Transaction failed: Cipher GÂ∆ Dagger, 100 credits (52.9% chance)
2026-02-13 14:04:08 [[32minfo[39m]: Transaction successful: Cipher GÂ∆ Dagger, 100 credits (52.9% chance)
2026-02-13 14:04:08 [[32minfo[39m]: Transaction failed: Cipher GÂ∆ Dagger, 100 credits (52.9% chance)
2026-02-13 14:04:08 [[32minfo[39m]: Transaction failed: Cipher GÂ∆ Dagger, 100 credits (52.9% chance)
2026-02-13 14:04:08 [[32minfo[39m]: Transaction failed: Cipher GÂ∆ Dagger, 100 credits (52.9% chance)
2026-02-13 14:04:08 [[32minfo[39m]: Transaction failed: Cipher GÂ∆ Dagger, 100 credits (52.9% chance)
2026-02-13 14:04:08 [[32minfo[39m]: Transaction successful: Cipher GÂ∆ Dagger, 100 credits (52.9% chance)
2026-02-13 14:04:08 [[32minfo[39m]: Initializing 2 agents with initial balance 1000000
2026-02-13 14:04:08 [[32minfo[39m]: Successfully initialized 2 agents
2026-02-13 14:04:08 [[32minfo[39m]: Transaction failed: Jinx GÂ∆ Neon, 100 credits (53.4% chance)
2026-02-13 14:04:08 [[32minfo[39m]: Transaction successful: Jinx GÂ∆ Neon, 100 credits (53.4% chance)
2026-02-13 14:04:08 [[32minfo[39m]: Transaction failed: Jinx GÂ∆ Neon, 100 credits (53.4% chance)
2026-02-13 14:04:08 [[32minfo[39m]: Transaction failed: Jinx GÂ∆ Neon, 100 credits (53.4% chance)
2026-02-13 14:04:08 [[32minfo[39m]: Transaction failed: Jinx GÂ∆ Neon, 100 credits (53.4% chance)
2026-02-13 14:04:08 [[32minfo[39m]: Transaction failed: Jinx GÂ∆ Neon, 100 credits (53.4% chance)
2026-02-13 14:04:08 [[32minfo[39m]: Transaction failed: Jinx GÂ∆ Neon, 100 credits (53.4% chance)
2026-02-13 14:04:08 [[32minfo[39m]: Transaction failed: Jinx GÂ∆ Neon, 100 credits (53.4% chance)
2026-02-13 14:04:08 [[32minfo[39m]: Transaction failed: Jinx GÂ∆ Neon, 100 credits (53.4% chance)
2026-02-13 14:04:08 [[32minfo[39m]: Transaction successful: Jinx GÂ∆ Neon, 100 credits (53.4% chance)
2026-02-13 14:04:08 [[32minfo[39m]: Transaction successful: Jinx GÂ∆ Neon, 100 credits (53.4% chance)
2026-02-13 14:04:08 [[32minfo[39m]: Transaction successful: Jinx GÂ∆ Neon, 100 credits (53.4% chance)
2026-02-13 14:04:08 [[32minfo[39m]: Transaction successful: Jinx GÂ∆ Neon, 100 credits (53.4% chance)
2026-02-13 14:04:08 [[32minfo[39m]: Transaction failed: Jinx GÂ∆ Neon, 100 credits (53.4% chance)
2026-02-13 14:04:08 [[32minfo[39m]: Transaction successful: Jinx GÂ∆ Neon, 100 credits (53.4% chance)
2026-02-13 14:04:08 [[32minfo[39m]: Transaction successful: Jinx GÂ∆ Neon, 100 credits (53.4% chance)
2026-02-13 14:04:08 [[32minfo[39m]: Transaction successful: Jinx GÂ∆ Neon, 100 credits (53.4% chance)
2026-02-13 14:04:08 [[32minfo[39m]: Transaction successful: Jinx GÂ∆ Neon, 100 credits (53.4% chance)
2026-02-13 14:04:08 [[32minfo[39m]: Transaction failed: Jinx GÂ∆ Neon, 100 credits (53.4% chance)
2026-02-13 14:04:08 [[32minfo[39m]: Transaction successful: Jinx GÂ∆ Neon, 100 credits (53.4% chance)
2026-02-13 14:04:08 [[32minfo[39m]: Transaction failed: Jinx GÂ∆ Neon, 100 credits (53.4% chance)
2026-02-13 14:04:08 [[32minfo[39m]: Transaction failed: Jinx GÂ∆ Neon, 100 credits (53.4% chance)
2026-02-13 14:04:08 [[32minfo[39m]: Transaction failed: Jinx GÂ∆ Neon, 100 credits (53.4% chance)
2026-02-13 14:04:08 [[32minfo[39m]: Transaction failed: Jinx GÂ∆ Neon, 100 credits (53.4% chance)
2026-02-13 14:04:08 [[32minfo[39m]: Transaction failed: Jinx GÂ∆ Neon, 100 credits (53.4% chance)
2026-02-13 14:04:08 [[32minfo[39m]: Transaction failed: Jinx GÂ∆ Neon, 100 credits (53.4% chance)
2026-02-13 14:04:08 [[32minfo[39m]: Transaction successful: Jinx GÂ∆ Neon, 100 credits (53.4% chance)
2026-02-13 14:04:08 [[32minfo[39m]: Transaction failed: Jinx GÂ∆ Neon, 100 credits (53.4% chance)
2026-02-13 14:04:08 [[32minfo[39m]: Transaction successful: Jinx GÂ∆ Neon, 100 credits (53.4% chance)
2026-02-13 14:04:08 [[32minfo[39m]: Transaction successful: Jinx GÂ∆ Neon, 100 credits (53.4% chance)
2026-02-13 14:04:08 [[32minfo[39m]: Transaction failed: Jinx GÂ∆ Neon, 100 credits (53.4% chance)
2026-02-13 14:04:08 [[32minfo[39m]: Transaction successful: Jinx GÂ∆ Neon, 100 credits (53.4% chance)
2026-02-13 14:04:08 [[32minfo[39m]: Transaction successful: Jinx GÂ∆ Neon, 100 credits (53.4% chance)
2026-02-13 14:04:08 [[32minfo[39m]: Transaction failed: Jinx GÂ∆ Neon, 100 credits (53.4% chance)
2026-02-13 14:04:08 [[32minfo[39m]: Transaction successful: Jinx GÂ∆ Neon, 100 credits (53.4% chance)
2026-02-13 14:04:08 [[32minfo[39m]: Transaction failed: Jinx GÂ∆ Neon, 100 credits (53.4% chance)
2026-02-13 14:04:08 [[32minfo[39m]: Transaction successful: Jinx GÂ∆ Neon, 100 credits (53.4% chance)
2026-02-13 14:04:08 [[32minfo[39m]: Transaction failed: Jinx GÂ∆ Neon, 100 credits (53.4% chance)
2026-02-13 14:04:08 [[32minfo[39m]: Transaction successful: Jinx GÂ∆ Neon, 100 credits (53.4% chance)
2026-02-13 14:04:08 [[32minfo[39m]: Transaction failed: Jinx GÂ∆ Neon, 100 credits (53.4% chance)
2026-02-13 14:04:08 [[32minfo[39m]: Transaction failed: Jinx GÂ∆ Neon, 100 credits (53.4% chance)
2026-02-13 14:04:08 [[32minfo[39m]: Transaction successful: Jinx GÂ∆ Neon, 100 credits (53.4% chance)
2026-02-13 14:04:08 [[32minfo[39m]: Transaction successful: Jinx GÂ∆ Neon, 100 credits (53.4% chance)
2026-02-13 14:04:08 [[32minfo[39m]: Transaction successful: Jinx GÂ∆ Neon, 100 credits (53.4% chance)
2026-02-13 14:04:08 [[32minfo[39m]: Transaction successful: Jinx GÂ∆ Neon, 100 credits (53.4% chance)
2026-02-13 14:04:08 [[32minfo[39m]: Transaction failed: Jinx GÂ∆ Neon, 100 credits (53.4% chance)
2026-02-13 14:04:08 [[32minfo[39m]: Transaction successful: Jinx GÂ∆ Neon, 100 credits (53.4% chance)
2026-02-13 14:04:08 [[32minfo[39m]: Transaction failed: Jinx GÂ∆ Neon, 100 credits (53.4% chance)
2026-02-13 14:04:08 [[32minfo[39m]: Transaction successful: Jinx GÂ∆ Neon, 100 credits (53.4% chance)
2026-02-13 14:04:08 [[32minfo[39m]: Transaction failed: Jinx GÂ∆ Neon, 100 credits (53.4% chance)
2026-02-13 14:04:08 [[32minfo[39m]: Transaction failed: Jinx GÂ∆ Neon, 100 credits (53.4% chance)
2026-02-13 14:04:08 [[32minfo[39m]: Transaction successful: Jinx GÂ∆ Neon, 100 credits (53.4% chance)
2026-02-13 14:04:08 [[32minfo[39m]: Transaction successful: Jinx GÂ∆ Neon, 100 credits (53.4% chance)
2026-02-13 14:04:08 [[32minfo[39m]: Transaction successful: Jinx GÂ∆ Neon, 100 credits (53.4% chance)
2026-02-13 14:04:08 [[32minfo[39m]: Transaction successful: Jinx GÂ∆ Neon, 100 credits (53.4% chance)
2026-02-13 14:04:08 [[32minfo[39m]: Transaction failed: Jinx GÂ∆ Neon, 100 credits (53.4% chance)
2026-02-13 14:04:08 [[32minfo[39m]: Transaction successful: Jinx GÂ∆ Neon, 100 credits (53.4% chance)
2026-02-13 14:04:08 [[32minfo[39m]: Transaction successful: Jinx GÂ∆ Neon, 100 credits (53.4% chance)
2026-02-13 14:04:08 [[32minfo[39m]: Transaction failed: Jinx GÂ∆ Neon, 100 credits (53.4% chance)
2026-02-13 14:04:08 [[32minfo[39m]: Transaction failed: Jinx GÂ∆ Neon, 100 credits (53.4% chance)
2026-02-13 14:04:08 [[32minfo[39m]: Transaction failed: Jinx GÂ∆ Neon, 100 credits (53.4% chance)
2026-02-13 14:04:08 [[32minfo[39m]: Transaction successful: Jinx GÂ∆ Neon, 100 credits (53.4% chance)
2026-02-13 14:04:08 [[32minfo[39m]: Transaction failed: Jinx GÂ∆ Neon, 100 credits (53.4% chance)
2026-02-13 14:04:08 [[32minfo[39m]: Transaction failed: Jinx GÂ∆ Neon, 100 credits (53.4% chance)
2026-02-13 14:04:08 [[32minfo[39m]: Transaction failed: Jinx GÂ∆ Neon, 100 credits (53.4% chance)
2026-02-13 14:04:08 [[32minfo[39m]: Transaction successful: Jinx GÂ∆ Neon, 100 credits (53.4% chance)
2026-02-13 14:04:08 [[32minfo[39m]: Transaction successful: Jinx GÂ∆ Neon, 100 credits (53.4% chance)
2026-02-13 14:04:08 [[32minfo[39m]: Transaction failed: Jinx GÂ∆ Neon, 100 credits (53.4% chance)
2026-02-13 14:04:08 [[32minfo[39m]: Transaction successful: Jinx GÂ∆ Neon, 100 credits (53.4% chance)
2026-02-13 14:04:08 [[32minfo[39m]: Transaction failed: Jinx GÂ∆ Neon, 100 credits (53.4% chance)
2026-02-13 14:04:08 [[32minfo[39m]: Transaction failed: Jinx GÂ∆ Neon, 100 credits (53.4% chance)
2026-02-13 14:04:08 [[32minfo[39m]: Transaction failed: Jinx GÂ∆ Neon, 100 credits (53.4% chance)
2026-02-13 14:04:08 [[32minfo[39m]: Transaction successful: Jinx GÂ∆ Neon, 100 credits (53.4% chance)
2026-02-13 14:04:08 [[32minfo[39m]: Transaction failed: Jinx GÂ∆ Neon, 100 credits (53.4% chance)
2026-02-13 14:04:08 [[32minfo[39m]: Transaction successful: Jinx GÂ∆ Neon, 100 credits (53.4% chance)
2026-02-13 14:04:08 [[32minfo[39m]: Transaction failed: Jinx GÂ∆ Neon, 100 credits (53.4% chance)
2026-02-13 14:04:08 [[32minfo[39m]: Transaction successful: Jinx GÂ∆ Neon, 100 credits (53.4% chance)
2026-02-13 14:04:08 [[32minfo[39m]: Transaction failed: Jinx GÂ∆ Neon, 100 credits (53.4% chance)
2026-02-13 14:04:08 [[32minfo[39m]: Transaction successful: Jinx GÂ∆ Neon, 100 credits (53.4% chance)
2026-02-13 14:04:08 [[32minfo[39m]: Transaction failed: Jinx GÂ∆ Neon, 100 credits (53.4% chance)
2026-02-13 14:04:08 [[32minfo[39m]: Transaction successful: Jinx GÂ∆ Neon, 100 credits (53.4% chance)
2026-02-13 14:04:08 [[32minfo[39m]: Transaction successful: Jinx GÂ∆ Neon, 100 credits (53.4% chance)
2026-02-13 14:04:08 [[32minfo[39m]: Transaction successful: Jinx GÂ∆ Neon, 100 credits (53.4% chance)
2026-02-13 14:04:08 [[32minfo[39m]: Transaction successful: Jinx GÂ∆ Neon, 100 credits (53.4% chance)
2026-02-13 14:04:08 [[32minfo[39m]: Transaction failed: Jinx GÂ∆ Neon, 100 credits (53.4% chance)
2026-02-13 14:04:08 [[32minfo[39m]: Transaction failed: Jinx GÂ∆ Neon, 100 credits (53.4% chance)
2026-02-13 14:04:08 [[32minfo[39m]: Transaction successful: Jinx GÂ∆ Neon, 100 credits (53.4% chance)
2026-02-13 14:04:08 [[32minfo[39m]: Transaction failed: Jinx GÂ∆ Neon, 100 credits (53.4% chance)
2026-02-13 14:04:08 [[32minfo[39m]: Transaction failed: Jinx GÂ∆ Neon, 100 credits (53.4% chance)
2026-02-13 14:04:08 [[32minfo[39m]: Transaction failed: Jinx GÂ∆ Neon, 100 credits (53.4% chance)
2026-02-13 14:04:08 [[32minfo[39m]: Transaction successful: Jinx GÂ∆ Neon, 100 credits (53.4% chance)
2026-02-13 14:04:08 [[32minfo[39m]: Transaction successful: Jinx GÂ∆ Neon, 100 credits (53.4% chance)
2026-02-13 14:04:08 [[32minfo[39m]: Transaction successful: Jinx GÂ∆ Neon, 100 credits (53.4% chance)
2026-02-13 14:04:08 [[32minfo[39m]: Transaction failed: Jinx GÂ∆ Neon, 100 credits (53.4% chance)
2026-02-13 14:04:08 [[32minfo[39m]: Transaction successful: Jinx GÂ∆ Neon, 100 credits (53.4% chance)
2026-02-13 14:04:08 [[32minfo[39m]: Transaction successful: Jinx GÂ∆ Neon, 100 credits (53.4% chance)
2026-02-13 14:04:08 [[32minfo[39m]: Transaction failed: Jinx GÂ∆ Neon, 100 credits (53.4% chance)
2026-02-13 14:04:08 [[32minfo[39m]: Transaction failed: Jinx GÂ∆ Neon, 100 credits (53.4% chance)
2026-02-13 14:04:08 [[32minfo[39m]: Transaction failed: Jinx GÂ∆ Neon, 100 credits (53.4% chance)
2026-02-13 14:04:08 [[32minfo[39m]: Transaction successful: Jinx GÂ∆ Neon, 100 credits (53.4% chance)
2026-02-13 14:04:08 [[32minfo[39m]: Initializing 2 agents with initial balance 1000000
2026-02-13 14:04:08 [[32minfo[39m]: Successfully initialized 2 agents
2026-02-13 14:04:08 [[32minfo[39m]: Transaction successful: Raven GÂ∆ Kode, 100 credits (53.7% chance)
2026-02-13 14:04:08 [[32minfo[39m]: Transaction successful: Raven GÂ∆ Kode, 100 credits (53.7% chance)
2026-02-13 14:04:08 [[32minfo[39m]: Transaction failed: Raven GÂ∆ Kode, 100 credits (53.7% chance)
2026-02-13 14:04:08 [[32minfo[39m]: Transaction successful: Raven GÂ∆ Kode, 100 credits (53.7% chance)
2026-02-13 14:04:08 [[32minfo[39m]: Transaction successful: Raven GÂ∆ Kode, 100 credits (53.7% chance)
2026-02-13 14:04:08 [[32minfo[39m]: Transaction failed: Raven GÂ∆ Kode, 100 credits (53.7% chance)
2026-02-13 14:04:08 [[32minfo[39m]: Transaction failed: Raven GÂ∆ Kode, 100 credits (53.7% chance)
2026-02-13 14:04:08 [[32minfo[39m]: Transaction failed: Raven GÂ∆ Kode, 100 credits (53.7% chance)
2026-02-13 14:04:08 [[32minfo[39m]: Transaction failed: Raven GÂ∆ Kode, 100 credits (53.7% chance)
2026-02-13 14:04:08 [[32minfo[39m]: Transaction successful: Raven GÂ∆ Kode, 100 credits (53.7% chance)
2026-02-13 14:04:08 [[32minfo[39m]: Transaction failed: Raven GÂ∆ Kode, 100 credits (53.7% chance)
2026-02-13 14:04:08 [[32minfo[39m]: Transaction failed: Raven GÂ∆ Kode, 100 credits (53.7% chance)
2026-02-13 14:04:08 [[32minfo[39m]: Transaction successful: Raven GÂ∆ Kode, 100 credits (53.7% chance)
2026-02-13 14:04:08 [[32minfo[39m]: Transaction failed: Raven GÂ∆ Kode, 100 credits (53.7% chance)
2026-02-13 14:04:08 [[32minfo[39m]: Transaction failed: Raven GÂ∆ Kode, 100 credits (53.7% chance)
2026-02-13 14:04:08 [[32minfo[39m]: Transaction failed: Raven GÂ∆ Kode, 100 credits (53.7% chance)
2026-02-13 14:04:08 [[32minfo[39m]: Transaction successful: Raven GÂ∆ Kode, 100 credits (53.7% chance)
2026-02-13 14:04:08 [[32minfo[39m]: Transaction successful: Raven GÂ∆ Kode, 100 credits (53.7% chance)
2026-02-13 14:04:08 [[32minfo[39m]: Transaction failed: Raven GÂ∆ Kode, 100 credits (53.7% chance)
2026-02-13 14:04:08 [[32minfo[39m]: Transaction failed: Raven GÂ∆ Kode, 100 credits (53.7% chance)
2026-02-13 14:04:08 [[32minfo[39m]: Transaction successful: Raven GÂ∆ Kode, 100 credits (53.7% chance)
2026-02-13 14:04:08 [[32minfo[39m]: Transaction successful: Raven GÂ∆ Kode, 100 credits (53.7% chance)
2026-02-13 14:04:08 [[32minfo[39m]: Transaction failed: Raven GÂ∆ Kode, 100 credits (53.7% chance)
2026-02-13 14:04:08 [[32minfo[39m]: Transaction failed: Raven GÂ∆ Kode, 100 credits (53.7% chance)
2026-02-13 14:04:08 [[32minfo[39m]: Transaction failed: Raven GÂ∆ Kode, 100 credits (53.7% chance)
2026-02-13 14:04:08 [[32minfo[39m]: Transaction failed: Raven GÂ∆ Kode, 100 credits (53.7% chance)
2026-02-13 14:04:08 [[32minfo[39m]: Transaction failed: Raven GÂ∆ Kode, 100 credits (53.7% chance)
2026-02-13 14:04:08 [[32minfo[39m]: Transaction successful: Raven GÂ∆ Kode, 100 credits (53.7% chance)
2026-02-13 14:04:08 [[32minfo[39m]: Transaction failed: Raven GÂ∆ Kode, 100 credits (53.7% chance)
2026-02-13 14:04:08 [[32minfo[39m]: Transaction failed: Raven GÂ∆ Kode, 100 credits (53.7% chance)
2026-02-13 14:04:08 [[32minfo[39m]: Transaction failed: Raven GÂ∆ Kode, 100 credits (53.7% chance)
2026-02-13 14:04:08 [[32minfo[39m]: Transaction successful: Raven GÂ∆ Kode, 100 credits (53.7% chance)
2026-02-13 14:04:08 [[32minfo[39m]: Transaction successful: Raven GÂ∆ Kode, 100 credits (53.7% chance)
2026-02-13 14:04:08 [[32minfo[39m]: Transaction failed: Raven GÂ∆ Kode, 100 credits (53.7% chance)
2026-02-13 14:04:08 [[32minfo[39m]: Transaction failed: Raven GÂ∆ Kode, 100 credits (53.7% chance)
2026-02-13 14:04:08 [[32minfo[39m]: Transaction failed: Raven GÂ∆ Kode, 100 credits (53.7% chance)
2026-02-13 14:04:08 [[32minfo[39m]: Transaction failed: Raven GÂ∆ Kode, 100 credits (53.7% chance)
2026-02-13 14:04:08 [[32minfo[39m]: Transaction successful: Raven GÂ∆ Kode, 100 credits (53.7% chance)
2026-02-13 14:04:08 [[32minfo[39m]: Transaction failed: Raven GÂ∆ Kode, 100 credits (53.7% chance)
2026-02-13 14:04:08 [[32minfo[39m]: Transaction failed: Raven GÂ∆ Kode, 100 credits (53.7% chance)
2026-02-13 14:04:08 [[32minfo[39m]: Transaction successful: Raven GÂ∆ Kode, 100 credits (53.7% chance)
2026-02-13 14:04:08 [[32minfo[39m]: Transaction successful: Raven GÂ∆ Kode, 100 credits (53.7% chance)
2026-02-13 14:04:08 [[32minfo[39m]: Transaction successful: Raven GÂ∆ Kode, 100 credits (53.7% chance)
2026-02-13 14:04:08 [[32minfo[39m]: Transaction successful: Raven GÂ∆ Kode, 100 credits (53.7% chance)
2026-02-13 14:04:08 [[32minfo[39m]: Transaction failed: Raven GÂ∆ Kode, 100 credits (53.7% chance)
2026-02-13 14:04:08 [[32minfo[39m]: Transaction successful: Raven GÂ∆ Kode, 100 credits (53.7% chance)
2026-02-13 14:04:08 [[32minfo[39m]: Transaction failed: Raven GÂ∆ Kode, 100 credits (53.7% chance)
2026-02-13 14:04:08 [[32minfo[39m]: Transaction successful: Raven GÂ∆ Kode, 100 credits (53.7% chance)
2026-02-13 14:04:08 [[32minfo[39m]: Transaction successful: Raven GÂ∆ Kode, 100 credits (53.7% chance)
2026-02-13 14:04:08 [[32minfo[39m]: Transaction successful: Raven GÂ∆ Kode, 100 credits (53.7% chance)
2026-02-13 14:04:08 [[32minfo[39m]: Transaction successful: Raven GÂ∆ Kode, 100 credits (53.7% chance)
2026-02-13 14:04:08 [[32minfo[39m]: Transaction failed: Raven GÂ∆ Kode, 100 credits (53.7% chance)
2026-02-13 14:04:08 [[32minfo[39m]: Transaction successful: Raven GÂ∆ Kode, 100 credits (53.7% chance)
2026-02-13 14:04:08 [[32minfo[39m]: Transaction failed: Raven GÂ∆ Kode, 100 credits (53.7% chance)
2026-02-13 14:04:08 [[32minfo[39m]: Transaction failed: Raven GÂ∆ Kode, 100 credits (53.7% chance)
2026-02-13 14:04:08 [[32minfo[39m]: Transaction successful: Raven GÂ∆ Kode, 100 credits (53.7% chance)
2026-02-13 14:04:08 [[32minfo[39m]: Transaction failed: Raven GÂ∆ Kode, 100 credits (53.7% chance)
2026-02-13 14:04:08 [[32minfo[39m]: Transaction successful: Raven GÂ∆ Kode, 100 credits (53.7% chance)
2026-02-13 14:04:08 [[32minfo[39m]: Transaction failed: Raven GÂ∆ Kode, 100 credits (53.7% chance)
2026-02-13 14:04:08 [[32minfo[39m]: Transaction successful: Raven GÂ∆ Kode, 100 credits (53.7% chance)
2026-02-13 14:04:08 [[32minfo[39m]: Transaction successful: Raven GÂ∆ Kode, 100 credits (53.7% chance)
2026-02-13 14:04:08 [[32minfo[39m]: Transaction failed: Raven GÂ∆ Kode, 100 credits (53.7% chance)
2026-02-13 14:04:08 [[32minfo[39m]: Transaction failed: Raven GÂ∆ Kode, 100 credits (53.7% chance)
2026-02-13 14:04:08 [[32minfo[39m]: Transaction successful: Raven GÂ∆ Kode, 100 credits (53.7% chance)
2026-02-13 14:04:08 [[32minfo[39m]: Transaction successful: Raven GÂ∆ Kode, 100 credits (53.7% chance)
2026-02-13 14:04:08 [[32minfo[39m]: Transaction successful: Raven GÂ∆ Kode, 100 credits (53.7% chance)
2026-02-13 14:04:08 [[32minfo[39m]: Transaction failed: Raven GÂ∆ Kode, 100 credits (53.7% chance)
2026-02-13 14:04:08 [[32minfo[39m]: Transaction successful: Raven GÂ∆ Kode, 100 credits (53.7% chance)
2026-02-13 14:04:08 [[32minfo[39m]: Transaction successful: Raven GÂ∆ Kode, 100 credits (53.7% chance)
2026-02-13 14:04:08 [[32minfo[39m]: Transaction successful: Raven GÂ∆ Kode, 100 credits (53.7% chance)
2026-02-13 14:04:08 [[32minfo[39m]: Transaction successful: Raven GÂ∆ Kode, 100 credits (53.7% chance)
2026-02-13 14:04:08 [[32minfo[39m]: Transaction successful: Raven GÂ∆ Kode, 100 credits (53.7% chance)
2026-02-13 14:04:08 [[32minfo[39m]: Transaction successful: Raven GÂ∆ Kode, 100 credits (53.7% chance)
2026-02-13 14:04:08 [[32minfo[39m]: Transaction failed: Raven GÂ∆ Kode, 100 credits (53.7% chance)
2026-02-13 14:04:08 [[32minfo[39m]: Transaction failed: Raven GÂ∆ Kode, 100 credits (53.7% chance)
2026-02-13 14:04:08 [[32minfo[39m]: Transaction failed: Raven GÂ∆ Kode, 100 credits (53.7% chance)
2026-02-13 14:04:08 [[32minfo[39m]: Transaction failed: Raven GÂ∆ Kode, 100 credits (53.7% chance)
2026-02-13 14:04:08 [[32minfo[39m]: Transaction failed: Raven GÂ∆ Kode, 100 credits (53.7% chance)
2026-02-13 14:04:08 [[32minfo[39m]: Transaction failed: Raven GÂ∆ Kode, 100 credits (53.7% chance)
2026-02-13 14:04:08 [[32minfo[39m]: Transaction successful: Raven GÂ∆ Kode, 100 credits (53.7% chance)
2026-02-13 14:04:08 [[32minfo[39m]: Transaction failed: Raven GÂ∆ Kode, 100 credits (53.7% chance)
2026-02-13 14:04:08 [[32minfo[39m]: Transaction failed: Raven GÂ∆ Kode, 100 credits (53.7% chance)
2026-02-13 14:04:08 [[32minfo[39m]: Transaction failed: Raven GÂ∆ Kode, 100 credits (53.7% chance)
2026-02-13 14:04:08 [[32minfo[39m]: Transaction failed: Raven GÂ∆ Kode, 100 credits (53.7% chance)
2026-02-13 14:04:08 [[32minfo[39m]: Transaction successful: Raven GÂ∆ Kode, 100 credits (53.7% chance)
2026-02-13 14:04:08 [[32minfo[39m]: Transaction successful: Raven GÂ∆ Kode, 100 credits (53.7% chance)
2026-02-13 14:04:08 [[32minfo[39m]: Transaction successful: Raven GÂ∆ Kode, 100 credits (53.7% chance)
2026-02-13 14:04:08 [[32minfo[39m]: Transaction failed: Raven GÂ∆ Kode, 100 credits (53.7% chance)
2026-02-13 14:04:08 [[32minfo[39m]: Transaction successful: Raven GÂ∆ Kode, 100 credits (53.7% chance)
2026-02-13 14:04:08 [[32minfo[39m]: Transaction successful: Raven GÂ∆ Kode, 100 credits (53.7% chance)
2026-02-13 14:04:08 [[32minfo[39m]: Transaction successful: Raven GÂ∆ Kode, 100 credits (53.7% chance)
2026-02-13 14:04:08 [[32minfo[39m]: Transaction failed: Raven GÂ∆ Kode, 100 credits (53.7% chance)
2026-02-13 14:04:08 [[32minfo[39m]: Transaction successful: Raven GÂ∆ Kode, 100 credits (53.7% chance)
2026-02-13 14:04:08 [[32minfo[39m]: Transaction successful: Raven GÂ∆ Kode, 100 credits (53.7% chance)
2026-02-13 14:04:08 [[32minfo[39m]: Transaction failed: Raven GÂ∆ Kode, 100 credits (53.7% chance)
2026-02-13 14:04:08 [[32minfo[39m]: Transaction failed: Raven GÂ∆ Kode, 100 credits (53.7% chance)
2026-02-13 14:04:08 [[32minfo[39m]: Transaction successful: Raven GÂ∆ Kode, 100 credits (53.7% chance)
2026-02-13 14:04:08 [[32minfo[39m]: Transaction successful: Raven GÂ∆ Kode, 100 credits (53.7% chance)
2026-02-13 14:04:08 [[32minfo[39m]: Transaction failed: Raven GÂ∆ Kode, 100 credits (53.7% chance)
2026-02-13 14:04:08 [[32minfo[39m]: Transaction successful: Raven GÂ∆ Kode, 100 credits (53.7% chance)
2026-02-13 14:04:08 [[32minfo[39m]: Initializing 2 agents with initial balance 1000000
2026-02-13 14:04:08 [[32minfo[39m]: Successfully initialized 2 agents
2026-02-13 14:04:08 [[32minfo[39m]: Transaction failed: Vex GÂ∆ Pulse, 100 credits (53.8% chance)
2026-02-13 14:04:08 [[32minfo[39m]: Transaction successful: Vex GÂ∆ Pulse, 100 credits (53.8% chance)
2026-02-13 14:04:08 [[32minfo[39m]: Transaction successful: Vex GÂ∆ Pulse, 100 credits (53.8% chance)
2026-02-13 14:04:08 [[32minfo[39m]: Transaction successful: Vex GÂ∆ Pulse, 100 credits (53.8% chance)
2026-02-13 14:04:08 [[32minfo[39m]: Transaction failed: Vex GÂ∆ Pulse, 100 credits (53.8% chance)
2026-02-13 14:04:08 [[32minfo[39m]: Transaction failed: Vex GÂ∆ Pulse, 100 credits (53.8% chance)
2026-02-13 14:04:08 [[32minfo[39m]: Transaction successful: Vex GÂ∆ Pulse, 100 credits (53.8% chance)
2026-02-13 14:04:08 [[32minfo[39m]: Transaction failed: Vex GÂ∆ Pulse, 100 credits (53.8% chance)
2026-02-13 14:04:08 [[32minfo[39m]: Transaction failed: Vex GÂ∆ Pulse, 100 credits (53.8% chance)
2026-02-13 14:04:08 [[32minfo[39m]: Transaction successful: Vex GÂ∆ Pulse, 100 credits (53.8% chance)
2026-02-13 14:04:08 [[32minfo[39m]: Transaction successful: Vex GÂ∆ Pulse, 100 credits (53.8% chance)
2026-02-13 14:04:08 [[32minfo[39m]: Transaction successful: Vex GÂ∆ Pulse, 100 credits (53.8% chance)
2026-02-13 14:04:08 [[32minfo[39m]: Transaction successful: Vex GÂ∆ Pulse, 100 credits (53.8% chance)
2026-02-13 14:04:08 [[32minfo[39m]: Transaction successful: Vex GÂ∆ Pulse, 100 credits (53.8% chance)
2026-02-13 14:04:08 [[32minfo[39m]: Transaction successful: Vex GÂ∆ Pulse, 100 credits (53.8% chance)
2026-02-13 14:04:08 [[32minfo[39m]: Transaction successful: Vex GÂ∆ Pulse, 100 credits (53.8% chance)
2026-02-13 14:04:08 [[32minfo[39m]: Transaction failed: Vex GÂ∆ Pulse, 100 credits (53.8% chance)
2026-02-13 14:04:08 [[32minfo[39m]: Transaction failed: Vex GÂ∆ Pulse, 100 credits (53.8% chance)
2026-02-13 14:04:08 [[32minfo[39m]: Transaction failed: Vex GÂ∆ Pulse, 100 credits (53.8% chance)
2026-02-13 14:04:08 [[32minfo[39m]: Transaction successful: Vex GÂ∆ Pulse, 100 credits (53.8% chance)
2026-02-13 14:04:08 [[32minfo[39m]: Transaction failed: Vex GÂ∆ Pulse, 100 credits (53.8% chance)
2026-02-13 14:04:08 [[32minfo[39m]: Transaction failed: Vex GÂ∆ Pulse, 100 credits (53.8% chance)
2026-02-13 14:04:08 [[32minfo[39m]: Transaction successful: Vex GÂ∆ Pulse, 100 credits (53.8% chance)
2026-02-13 14:04:08 [[32minfo[39m]: Transaction failed: Vex GÂ∆ Pulse, 100 credits (53.8% chance)
2026-02-13 14:04:08 [[32minfo[39m]: Transaction successful: Vex GÂ∆ Pulse, 100 credits (53.8% chance)
2026-02-13 14:04:08 [[32minfo[39m]: Transaction failed: Vex GÂ∆ Pulse, 100 credits (53.8% chance)
2026-02-13 14:04:08 [[32minfo[39m]: Transaction failed: Vex GÂ∆ Pulse, 100 credits (53.8% chance)
2026-02-13 14:04:08 [[32minfo[39m]: Transaction successful: Vex GÂ∆ Pulse, 100 credits (53.8% chance)
2026-02-13 14:04:08 [[32minfo[39m]: Transaction failed: Vex GÂ∆ Pulse, 100 credits (53.8% chance)
2026-02-13 14:04:08 [[32minfo[39m]: Transaction failed: Vex GÂ∆ Pulse, 100 credits (53.8% chance)
2026-02-13 14:04:08 [[32minfo[39m]: Transaction successful: Vex GÂ∆ Pulse, 100 credits (53.8% chance)
2026-02-13 14:04:08 [[32minfo[39m]: Transaction failed: Vex GÂ∆ Pulse, 100 credits (53.8% chance)
2026-02-13 14:04:08 [[32minfo[39m]: Transaction successful: Vex GÂ∆ Pulse, 100 credits (53.8% chance)
2026-02-13 14:04:08 [[32minfo[39m]: Transaction successful: Vex GÂ∆ Pulse, 100 credits (53.8% chance)
2026-02-13 14:04:08 [[32minfo[39m]: Transaction successful: Vex GÂ∆ Pulse, 100 credits (53.8% chance)
2026-02-13 14:04:08 [[32minfo[39m]: Transaction failed: Vex GÂ∆ Pulse, 100 credits (53.8% chance)
2026-02-13 14:04:08 [[32minfo[39m]: Transaction failed: Vex GÂ∆ Pulse, 100 credits (53.8% chance)
2026-02-13 14:04:08 [[32minfo[39m]: Transaction successful: Vex GÂ∆ Pulse, 100 credits (53.8% chance)
2026-02-13 14:04:08 [[32minfo[39m]: Transaction failed: Vex GÂ∆ Pulse, 100 credits (53.8% chance)
2026-02-13 14:04:08 [[32minfo[39m]: Transaction failed: Vex GÂ∆ Pulse, 100 credits (53.8% chance)
2026-02-13 14:04:08 [[32minfo[39m]: Transaction failed: Vex GÂ∆ Pulse, 100 credits (53.8% chance)
2026-02-13 14:04:08 [[32minfo[39m]: Transaction successful: Vex GÂ∆ Pulse, 100 credits (53.8% chance)
2026-02-13 14:04:08 [[32minfo[39m]: Transaction successful: Vex GÂ∆ Pulse, 100 credits (53.8% chance)
2026-02-13 14:04:08 [[32minfo[39m]: Transaction failed: Vex GÂ∆ Pulse, 100 credits (53.8% chance)
2026-02-13 14:04:08 [[32minfo[39m]: Transaction successful: Vex GÂ∆ Pulse, 100 credits (53.8% chance)
2026-02-13 14:04:08 [[32minfo[39m]: Transaction failed: Vex GÂ∆ Pulse, 100 credits (53.8% chance)
2026-02-13 14:04:08 [[32minfo[39m]: Transaction failed: Vex GÂ∆ Pulse, 100 credits (53.8% chance)
2026-02-13 14:04:08 [[32minfo[39m]: Transaction successful: Vex GÂ∆ Pulse, 100 credits (53.8% chance)
2026-02-13 14:04:08 [[32minfo[39m]: Transaction successful: Vex GÂ∆ Pulse, 100 credits (53.8% chance)
2026-02-13 14:04:08 [[32minfo[39m]: Transaction failed: Vex GÂ∆ Pulse, 100 credits (53.8% chance)
2026-02-13 14:04:08 [[32minfo[39m]: Transaction successful: Vex GÂ∆ Pulse, 100 credits (53.8% chance)
2026-02-13 14:04:08 [[32minfo[39m]: Transaction successful: Vex GÂ∆ Pulse, 100 credits (53.8% chance)
2026-02-13 14:04:08 [[32minfo[39m]: Transaction successful: Vex GÂ∆ Pulse, 100 credits (53.8% chance)
2026-02-13 14:04:08 [[32minfo[39m]: Transaction successful: Vex GÂ∆ Pulse, 100 credits (53.8% chance)
2026-02-13 14:04:08 [[32minfo[39m]: Transaction failed: Vex GÂ∆ Pulse, 100 credits (53.8% chance)
2026-02-13 14:04:08 [[32minfo[39m]: Transaction failed: Vex GÂ∆ Pulse, 100 credits (53.8% chance)
2026-02-13 14:04:08 [[32minfo[39m]: Transaction successful: Vex GÂ∆ Pulse, 100 credits (53.8% chance)
2026-02-13 14:04:08 [[32minfo[39m]: Transaction failed: Vex GÂ∆ Pulse, 100 credits (53.8% chance)
2026-02-13 14:04:08 [[32minfo[39m]: Transaction failed: Vex GÂ∆ Pulse, 100 credits (53.8% chance)
2026-02-13 14:04:08 [[32minfo[39m]: Transaction failed: Vex GÂ∆ Pulse, 100 credits (53.8% chance)
2026-02-13 14:04:08 [[32minfo[39m]: Transaction successful: Vex GÂ∆ Pulse, 100 credits (53.8% chance)
2026-02-13 14:04:08 [[32minfo[39m]: Transaction successful: Vex GÂ∆ Pulse, 100 credits (53.8% chance)
2026-02-13 14:04:08 [[32minfo[39m]: Transaction failed: Vex GÂ∆ Pulse, 100 credits (53.8% chance)
2026-02-13 14:04:08 [[32minfo[39m]: Transaction failed: Vex GÂ∆ Pulse, 100 credits (53.8% chance)
2026-02-13 14:04:08 [[32minfo[39m]: Transaction successful: Vex GÂ∆ Pulse, 100 credits (53.8% chance)
2026-02-13 14:04:08 [[32minfo[39m]: Transaction failed: Vex GÂ∆ Pulse, 100 credits (53.8% chance)
2026-02-13 14:04:08 [[32minfo[39m]: Transaction failed: Vex GÂ∆ Pulse, 100 credits (53.8% chance)
2026-02-13 14:04:08 [[32minfo[39m]: Transaction successful: Vex GÂ∆ Pulse, 100 credits (53.8% chance)
2026-02-13 14:04:08 [[32minfo[39m]: Transaction failed: Vex GÂ∆ Pulse, 100 credits (53.8% chance)
2026-02-13 14:04:08 [[32minfo[39m]: Transaction failed: Vex GÂ∆ Pulse, 100 credits (53.8% chance)
2026-02-13 14:04:08 [[32minfo[39m]: Transaction failed: Vex GÂ∆ Pulse, 100 credits (53.8% chance)
2026-02-13 14:04:08 [[32minfo[39m]: Transaction failed: Vex GÂ∆ Pulse, 100 credits (53.8% chance)
2026-02-13 14:04:08 [[32minfo[39m]: Transaction failed: Vex GÂ∆ Pulse, 100 credits (53.8% chance)
2026-02-13 14:04:08 [[32minfo[39m]: Transaction successful: Vex GÂ∆ Pulse, 100 credits (53.8% chance)
2026-02-13 14:04:08 [[32minfo[39m]: Transaction successful: Vex GÂ∆ Pulse, 100 credits (53.8% chance)
2026-02-13 14:04:08 [[32minfo[39m]: Transaction failed: Vex GÂ∆ Pulse, 100 credits (53.8% chance)
2026-02-13 14:04:08 [[32minfo[39m]: Transaction failed: Vex GÂ∆ Pulse, 100 credits (53.8% chance)
2026-02-13 14:04:08 [[32minfo[39m]: Transaction failed: Vex GÂ∆ Pulse, 100 credits (53.8% chance)
2026-02-13 14:04:08 [[32minfo[39m]: Transaction failed: Vex GÂ∆ Pulse, 100 credits (53.8% chance)
2026-02-13 14:04:08 [[32minfo[39m]: Transaction failed: Vex GÂ∆ Pulse, 100 credits (53.8% chance)
2026-02-13 14:04:08 [[32minfo[39m]: Transaction successful: Vex GÂ∆ Pulse, 100 credits (53.8% chance)
2026-02-13 14:04:08 [[32minfo[39m]: Transaction failed: Vex GÂ∆ Pulse, 100 credits (53.8% chance)
2026-02-13 14:04:08 [[32minfo[39m]: Transaction failed: Vex GÂ∆ Pulse, 100 credits (53.8% chance)
2026-02-13 14:04:08 [[32minfo[39m]: Transaction successful: Vex GÂ∆ Pulse, 100 credits (53.8% chance)
2026-02-13 14:04:08 [[32minfo[39m]: Transaction failed: Vex GÂ∆ Pulse, 100 credits (53.8% chance)
2026-02-13 14:04:08 [[32minfo[39m]: Transaction failed: Vex GÂ∆ Pulse, 100 credits (53.8% chance)
2026-02-13 14:04:08 [[32minfo[39m]: Transaction failed: Vex GÂ∆ Pulse, 100 credits (53.8% chance)
2026-02-13 14:04:08 [[32minfo[39m]: Transaction successful: Vex GÂ∆ Pulse, 100 credits (53.8% chance)
2026-02-13 14:04:08 [[32minfo[39m]: Transaction failed: Vex GÂ∆ Pulse, 100 credits (53.8% chance)
2026-02-13 14:04:08 [[32minfo[39m]: Transaction failed: Vex GÂ∆ Pulse, 100 credits (53.8% chance)
2026-02-13 14:04:08 [[32minfo[39m]: Transaction successful: Vex GÂ∆ Pulse, 100 credits (53.8% chance)
2026-02-13 14:04:08 [[32minfo[39m]: Transaction failed: Vex GÂ∆ Pulse, 100 credits (53.8% chance)
2026-02-13 14:04:08 [[32minfo[39m]: Transaction failed: Vex GÂ∆ Pulse, 100 credits (53.8% chance)
2026-02-13 14:04:08 [[32minfo[39m]: Transaction successful: Vex GÂ∆ Pulse, 100 credits (53.8% chance)
2026-02-13 14:04:08 [[32minfo[39m]: Transaction failed: Vex GÂ∆ Pulse, 100 credits (53.8% chance)
2026-02-13 14:04:08 [[32minfo[39m]: Transaction successful: Vex GÂ∆ Pulse, 100 credits (53.8% chance)
2026-02-13 14:04:08 [[32minfo[39m]: Transaction successful: Vex GÂ∆ Pulse, 100 credits (53.8% chance)
2026-02-13 14:04:08 [[32minfo[39m]: Transaction successful: Vex GÂ∆ Pulse, 100 credits (53.8% chance)
2026-02-13 14:04:08 [[32minfo[39m]: Transaction successful: Vex GÂ∆ Pulse, 100 credits (53.8% chance)
2026-02-13 14:04:08 [[32minfo[39m]: Transaction successful: Vex GÂ∆ Pulse, 100 credits (53.8% chance)
2026-02-13 14:04:08 [[32minfo[39m]: Initializing 2 agents with initial balance 1000000
2026-02-13 14:04:08 [[32minfo[39m]: Successfully initialized 2 agents
2026-02-13 14:04:08 [[32minfo[39m]: Transaction failed: Lynx GÂ∆ Kode, 100 credits (83.9% chance)
2026-02-13 14:04:08 [[32minfo[39m]: Transaction successful: Lynx GÂ∆ Kode, 100 credits (83.9% chance)
2026-02-13 14:04:08 [[32minfo[39m]: Transaction successful: Lynx GÂ∆ Kode, 100 credits (83.9% chance)
2026-02-13 14:04:08 [[32minfo[39m]: Transaction successful: Lynx GÂ∆ Kode, 100 credits (83.9% chance)
2026-02-13 14:04:08 [[32minfo[39m]: Transaction successful: Lynx GÂ∆ Kode, 100 credits (83.9% chance)
2026-02-13 14:04:08 [[32minfo[39m]: Transaction successful: Lynx GÂ∆ Kode, 100 credits (83.9% chance)
2026-02-13 14:04:08 [[32minfo[39m]: Transaction failed: Lynx GÂ∆ Kode, 100 credits (83.9% chance)
2026-02-13 14:04:08 [[32minfo[39m]: Transaction successful: Lynx GÂ∆ Kode, 100 credits (83.9% chance)
2026-02-13 14:04:08 [[32minfo[39m]: Transaction failed: Lynx GÂ∆ Kode, 100 credits (83.9% chance)
2026-02-13 14:04:08 [[32minfo[39m]: Transaction successful: Lynx GÂ∆ Kode, 100 credits (83.9% chance)
2026-02-13 14:04:08 [[32minfo[39m]: Transaction successful: Lynx GÂ∆ Kode, 100 credits (83.9% chance)
2026-02-13 14:04:08 [[32minfo[39m]: Transaction failed: Lynx GÂ∆ Kode, 100 credits (83.9% chance)
2026-02-13 14:04:08 [[32minfo[39m]: Transaction successful: Lynx GÂ∆ Kode, 100 credits (83.9% chance)
2026-02-13 14:04:08 [[32minfo[39m]: Transaction successful: Lynx GÂ∆ Kode, 100 credits (83.9% chance)
2026-02-13 14:04:08 [[32minfo[39m]: Transaction failed: Lynx GÂ∆ Kode, 100 credits (83.9% chance)
2026-02-13 14:04:08 [[32minfo[39m]: Transaction failed: Lynx GÂ∆ Kode, 100 credits (83.9% chance)
2026-02-13 14:04:08 [[32minfo[39m]: Transaction failed: Lynx GÂ∆ Kode, 100 credits (83.9% chance)
2026-02-13 14:04:08 [[32minfo[39m]: Transaction successful: Lynx GÂ∆ Kode, 100 credits (83.9% chance)
2026-02-13 14:04:08 [[32minfo[39m]: Transaction successful: Lynx GÂ∆ Kode, 100 credits (83.9% chance)
2026-02-13 14:04:08 [[32minfo[39m]: Transaction successful: Lynx GÂ∆ Kode, 100 credits (83.9% chance)
2026-02-13 14:04:08 [[32minfo[39m]: Transaction successful: Lynx GÂ∆ Kode, 100 credits (83.9% chance)
2026-02-13 14:04:08 [[32minfo[39m]: Transaction successful: Lynx GÂ∆ Kode, 100 credits (83.9% chance)
2026-02-13 14:04:08 [[32minfo[39m]: Transaction successful: Lynx GÂ∆ Kode, 100 credits (83.9% chance)
2026-02-13 14:04:08 [[32minfo[39m]: Transaction successful: Lynx GÂ∆ Kode, 100 credits (83.9% chance)
2026-02-13 14:04:08 [[32minfo[39m]: Transaction successful: Lynx GÂ∆ Kode, 100 credits (83.9% chance)
2026-02-13 14:04:08 [[32minfo[39m]: Transaction successful: Lynx GÂ∆ Kode, 100 credits (83.9% chance)
2026-02-13 14:04:08 [[32minfo[39m]: Transaction successful: Lynx GÂ∆ Kode, 100 credits (83.9% chance)
2026-02-13 14:04:08 [[32minfo[39m]: Transaction failed: Lynx GÂ∆ Kode, 100 credits (83.9% chance)
2026-02-13 14:04:08 [[32minfo[39m]: Transaction successful: Lynx GÂ∆ Kode, 100 credits (83.9% chance)
2026-02-13 14:04:08 [[32minfo[39m]: Transaction successful: Lynx GÂ∆ Kode, 100 credits (83.9% chance)
2026-02-13 14:04:08 [[32minfo[39m]: Transaction successful: Lynx GÂ∆ Kode, 100 credits (83.9% chance)
2026-02-13 14:04:08 [[32minfo[39m]: Transaction successful: Lynx GÂ∆ Kode, 100 credits (83.9% chance)
2026-02-13 14:04:08 [[32minfo[39m]: Transaction failed: Lynx GÂ∆ Kode, 100 credits (83.9% chance)
2026-02-13 14:04:08 [[32minfo[39m]: Transaction successful: Lynx GÂ∆ Kode, 100 credits (83.9% chance)
2026-02-13 14:04:08 [[32minfo[39m]: Transaction successful: Lynx GÂ∆ Kode, 100 credits (83.9% chance)
2026-02-13 14:04:08 [[32minfo[39m]: Transaction successful: Lynx GÂ∆ Kode, 100 credits (83.9% chance)
2026-02-13 14:04:08 [[32minfo[39m]: Transaction failed: Lynx GÂ∆ Kode, 100 credits (83.9% chance)
2026-02-13 14:04:08 [[32minfo[39m]: Transaction successful: Lynx GÂ∆ Kode, 100 credits (83.9% chance)
2026-02-13 14:04:08 [[32minfo[39m]: Transaction successful: Lynx GÂ∆ Kode, 100 credits (83.9% chance)
2026-02-13 14:04:08 [[32minfo[39m]: Transaction successful: Lynx GÂ∆ Kode, 100 credits (83.9% chance)
2026-02-13 14:04:08 [[32minfo[39m]: Transaction successful: Lynx GÂ∆ Kode, 100 credits (83.9% chance)
2026-02-13 14:04:08 [[32minfo[39m]: Transaction successful: Lynx GÂ∆ Kode, 100 credits (83.9% chance)
2026-02-13 14:04:08 [[32minfo[39m]: Transaction successful: Lynx GÂ∆ Kode, 100 credits (83.9% chance)
2026-02-13 14:04:08 [[32minfo[39m]: Transaction successful: Lynx GÂ∆ Kode, 100 credits (83.9% chance)
2026-02-13 14:04:08 [[32minfo[39m]: Transaction successful: Lynx GÂ∆ Kode, 100 credits (83.9% chance)
2026-02-13 14:04:08 [[32minfo[39m]: Transaction successful: Lynx GÂ∆ Kode, 100 credits (83.9% chance)
2026-02-13 14:04:08 [[32minfo[39m]: Transaction successful: Lynx GÂ∆ Kode, 100 credits (83.9% chance)
2026-02-13 14:04:08 [[32minfo[39m]: Transaction successful: Lynx GÂ∆ Kode, 100 credits (83.9% chance)
2026-02-13 14:04:08 [[32minfo[39m]: Transaction successful: Lynx GÂ∆ Kode, 100 credits (83.9% chance)
2026-02-13 14:04:08 [[32minfo[39m]: Transaction successful: Lynx GÂ∆ Kode, 100 credits (83.9% chance)
2026-02-13 14:04:08 [[32minfo[39m]: Transaction successful: Lynx GÂ∆ Kode, 100 credits (83.9% chance)
2026-02-13 14:04:08 [[32minfo[39m]: Transaction successful: Lynx GÂ∆ Kode, 100 credits (83.9% chance)
2026-02-13 14:04:08 [[32minfo[39m]: Transaction failed: Lynx GÂ∆ Kode, 100 credits (83.9% chance)
2026-02-13 14:04:08 [[32minfo[39m]: Transaction failed: Lynx GÂ∆ Kode, 100 credits (83.9% chance)
2026-02-13 14:04:08 [[32minfo[39m]: Transaction successful: Lynx GÂ∆ Kode, 100 credits (83.9% chance)
2026-02-13 14:04:08 [[32minfo[39m]: Transaction successful: Lynx GÂ∆ Kode, 100 credits (83.9% chance)
2026-02-13 14:04:08 [[32minfo[39m]: Transaction successful: Lynx GÂ∆ Kode, 100 credits (83.9% chance)
2026-02-13 14:04:08 [[32minfo[39m]: Transaction successful: Lynx GÂ∆ Kode, 100 credits (83.9% chance)
2026-02-13 14:04:08 [[32minfo[39m]: Transaction successful: Lynx GÂ∆ Kode, 100 credits (83.9% chance)
2026-02-13 14:04:08 [[32minfo[39m]: Transaction successful: Lynx GÂ∆ Kode, 100 credits (83.9% chance)
2026-02-13 14:04:08 [[32minfo[39m]: Transaction successful: Lynx GÂ∆ Kode, 100 credits (83.9% chance)
2026-02-13 14:04:08 [[32minfo[39m]: Transaction failed: Lynx GÂ∆ Kode, 100 credits (83.9% chance)
2026-02-13 14:04:08 [[32minfo[39m]: Transaction successful: Lynx GÂ∆ Kode, 100 credits (83.9% chance)
2026-02-13 14:04:08 [[32minfo[39m]: Transaction successful: Lynx GÂ∆ Kode, 100 credits (83.9% chance)
2026-02-13 14:04:08 [[32minfo[39m]: Transaction successful: Lynx GÂ∆ Kode, 100 credits (83.9% chance)
2026-02-13 14:04:08 [[32minfo[39m]: Transaction successful: Lynx GÂ∆ Kode, 100 credits (83.9% chance)
2026-02-13 14:04:08 [[32minfo[39m]: Transaction successful: Lynx GÂ∆ Kode, 100 credits (83.9% chance)
2026-02-13 14:04:08 [[32minfo[39m]: Transaction successful: Lynx GÂ∆ Kode, 100 credits (83.9% chance)
2026-02-13 14:04:08 [[32minfo[39m]: Transaction successful: Lynx GÂ∆ Kode, 100 credits (83.9% chance)
2026-02-13 14:04:08 [[32minfo[39m]: Transaction successful: Lynx GÂ∆ Kode, 100 credits (83.9% chance)
2026-02-13 14:04:08 [[32minfo[39m]: Transaction successful: Lynx GÂ∆ Kode, 100 credits (83.9% chance)
2026-02-13 14:04:08 [[32minfo[39m]: Transaction successful: Lynx GÂ∆ Kode, 100 credits (83.9% chance)
2026-02-13 14:04:08 [[32minfo[39m]: Transaction successful: Lynx GÂ∆ Kode, 100 credits (83.9% chance)
2026-02-13 14:04:08 [[32minfo[39m]: Transaction successful: Lynx GÂ∆ Kode, 100 credits (83.9% chance)
2026-02-13 14:04:08 [[32minfo[39m]: Transaction successful: Lynx GÂ∆ Kode, 100 credits (83.9% chance)
2026-02-13 14:04:08 [[32minfo[39m]: Transaction successful: Lynx GÂ∆ Kode, 100 credits (83.9% chance)
2026-02-13 14:04:08 [[32minfo[39m]: Transaction successful: Lynx GÂ∆ Kode, 100 credits (83.9% chance)
2026-02-13 14:04:08 [[32minfo[39m]: Transaction failed: Lynx GÂ∆ Kode, 100 credits (83.9% chance)
2026-02-13 14:04:08 [[32minfo[39m]: Transaction successful: Lynx GÂ∆ Kode, 100 credits (83.9% chance)
2026-02-13 14:04:08 [[32minfo[39m]: Transaction failed: Lynx GÂ∆ Kode, 100 credits (83.9% chance)
2026-02-13 14:04:08 [[32minfo[39m]: Transaction successful: Lynx GÂ∆ Kode, 100 credits (83.9% chance)
2026-02-13 14:04:08 [[32minfo[39m]: Transaction successful: Lynx GÂ∆ Kode, 100 credits (83.9% chance)
2026-02-13 14:04:08 [[32minfo[39m]: Transaction failed: Lynx GÂ∆ Kode, 100 credits (83.9% chance)
2026-02-13 14:04:08 [[32minfo[39m]: Transaction successful: Lynx GÂ∆ Kode, 100 credits (83.9% chance)
2026-02-13 14:04:08 [[32minfo[39m]: Transaction successful: Lynx GÂ∆ Kode, 100 credits (83.9% chance)
2026-02-13 14:04:08 [[32minfo[39m]: Transaction successful: Lynx GÂ∆ Kode, 100 credits (83.9% chance)
2026-02-13 14:04:08 [[32minfo[39m]: Transaction successful: Lynx GÂ∆ Kode, 100 credits (83.9% chance)
2026-02-13 14:04:08 [[32minfo[39m]: Transaction successful: Lynx GÂ∆ Kode, 100 credits (83.9% chance)
2026-02-13 14:04:08 [[32minfo[39m]: Transaction successful: Lynx GÂ∆ Kode, 100 credits (83.9% chance)
2026-02-13 14:04:08 [[32minfo[39m]: Transaction successful: Lynx GÂ∆ Kode, 100 credits (83.9% chance)
2026-02-13 14:04:08 [[32minfo[39m]: Transaction successful: Lynx GÂ∆ Kode, 100 credits (83.9% chance)
2026-02-13 14:04:08 [[32minfo[39m]: Transaction successful: Lynx GÂ∆ Kode, 100 credits (83.9% chance)
2026-02-13 14:04:08 [[32minfo[39m]: Transaction successful: Lynx GÂ∆ Kode, 100 credits (83.9% chance)
2026-02-13 14:04:08 [[32minfo[39m]: Transaction successful: Lynx GÂ∆ Kode, 100 credits (83.9% chance)
2026-02-13 14:04:08 [[32minfo[39m]: Transaction successful: Lynx GÂ∆ Kode, 100 credits (83.9% chance)
2026-02-13 14:04:08 [[32minfo[39m]: Transaction successful: Lynx GÂ∆ Kode, 100 credits (83.9% chance)
2026-02-13 14:04:08 [[32minfo[39m]: Transaction successful: Lynx GÂ∆ Kode, 100 credits (83.9% chance)
2026-02-13 14:04:08 [[32minfo[39m]: Transaction successful: Lynx GÂ∆ Kode, 100 credits (83.9% chance)
2026-02-13 14:04:08 [[32minfo[39m]: Transaction successful: Lynx GÂ∆ Kode, 100 credits (83.9% chance)
2026-02-13 14:04:08 [[32minfo[39m]: Transaction successful: Lynx GÂ∆ Kode, 100 credits (83.9% chance)
2026-02-13 14:04:08 [[32minfo[39m]: Initializing 5 agents with initial balance 106
2026-02-13 14:04:08 [[32minfo[39m]: Successfully initialized 5 agents
2026-02-13 14:04:08 [[33mwarn[39m]: Transaction validation failed: Insufficient funds
2026-02-13 14:04:08 [[32minfo[39m]: Initializing 8 agents with initial balance 111
2026-02-13 14:04:08 [[32minfo[39m]: Successfully initialized 8 agents
2026-02-13 14:04:08 [[33mwarn[39m]: Transaction validation failed: Insufficient funds
2026-02-13 14:04:08 [[32minfo[39m]: Initializing 3 agents with initial balance 4991
2026-02-13 14:04:08 [[32minfo[39m]: Successfully initialized 3 agents
2026-02-13 14:04:08 [[33mwarn[39m]: Transaction validation failed: Insufficient funds
2026-02-13 14:04:08 [[32minfo[39m]: Initializing 2 agents with initial balance 4996
2026-02-13 14:04:08 [[32minfo[39m]: Successfully initialized 2 agents
2026-02-13 14:04:08 [[33mwarn[39m]: Transaction validation failed: Insufficient funds
2026-02-13 14:04:08 [[32minfo[39m]: Initializing 4 agents with initial balance 104
2026-02-13 14:04:08 [[32minfo[39m]: Successfully initialized 4 agents
2026-02-13 14:04:08 [[33mwarn[39m]: Transaction validation failed: Insufficient funds
2026-02-13 14:04:08 [[32minfo[39m]: Initializing 3 agents with initial balance 107
2026-02-13 14:04:08 [[32minfo[39m]: Successfully initialized 3 agents
2026-02-13 14:04:08 [[33mwarn[39m]: Transaction validation failed: Insufficient funds
2026-02-13 14:04:08 [[32minfo[39m]: Initializing 7 agents with initial balance 228
2026-02-13 14:04:08 [[32minfo[39m]: Successfully initialized 7 agents
2026-02-13 14:04:08 [[33mwarn[39m]: Transaction validation failed: Insufficient funds
2026-02-13 14:04:08 [[32minfo[39m]: Initializing 7 agents with initial balance 108
2026-02-13 14:04:08 [[32minfo[39m]: Successfully initialized 7 agents
2026-02-13 14:04:08 [[33mwarn[39m]: Transaction validation failed: Insufficient funds
2026-02-13 14:04:08 [[32minfo[39m]: Initializing 2 agents with initial balance 886
2026-02-13 14:04:08 [[32minfo[39m]: Successfully initialized 2 agents
2026-02-13 14:04:08 [[33mwarn[39m]: Transaction validation failed: Insufficient funds
2026-02-13 14:04:08 [[32minfo[39m]: Initializing 6 agents with initial balance 1988
2026-02-13 14:04:08 [[32minfo[39m]: Successfully initialized 6 agents
2026-02-13 14:04:08 [[33mwarn[39m]: Transaction validation failed: Insufficient funds
2026-02-13 14:04:08 [[32minfo[39m]: Initializing 4 agents with initial balance 4432
2026-02-13 14:04:08 [[32minfo[39m]: Successfully initialized 4 agents
2026-02-13 14:04:08 [[33mwarn[39m]: Transaction validation failed: Insufficient funds
2026-02-13 14:04:08 [[32minfo[39m]: Initializing 8 agents with initial balance 2501
2026-02-13 14:04:08 [[32minfo[39m]: Successfully initialized 8 agents
2026-02-13 14:04:08 [[33mwarn[39m]: Transaction validation failed: Insufficient funds
2026-02-13 14:04:08 [[32minfo[39m]: Initializing 10 agents with initial balance 292
2026-02-13 14:04:08 [[32minfo[39m]: Successfully initialized 10 agents
2026-02-13 14:04:08 [[33mwarn[39m]: Transaction validation failed: Insufficient funds
2026-02-13 14:04:08 [[32minfo[39m]: Initializing 9 agents with initial balance 578
2026-02-13 14:04:08 [[32minfo[39m]: Successfully initialized 9 agents
2026-02-13 14:04:08 [[33mwarn[39m]: Transaction validation failed: Insufficient funds
2026-02-13 14:04:08 [[32minfo[39m]: Initializing 5 agents with initial balance 2736
2026-02-13 14:04:08 [[32minfo[39m]: Successfully initialized 5 agents
2026-02-13 14:04:08 [[33mwarn[39m]: Transaction validation failed: Insufficient funds
2026-02-13 14:04:08 [[32minfo[39m]: Initializing 3 agents with initial balance 4933
2026-02-13 14:04:08 [[32minfo[39m]: Successfully initialized 3 agents
2026-02-13 14:04:08 [[33mwarn[39m]: Transaction validation failed: Insufficient funds
2026-02-13 14:04:08 [[32minfo[39m]: Initializing 7 agents with initial balance 104
2026-02-13 14:04:08 [[32minfo[39m]: Successfully initialized 7 agents
2026-02-13 14:04:08 [[33mwarn[39m]: Transaction validation failed: Insufficient funds
2026-02-13 14:04:08 [[32minfo[39m]: Initializing 9 agents with initial balance 2545
2026-02-13 14:04:08 [[32minfo[39m]: Successfully initialized 9 agents
2026-02-13 14:04:08 [[33mwarn[39m]: Transaction validation failed: Insufficient funds
2026-02-13 14:04:08 [[32minfo[39m]: Initializing 4 agents with initial balance 1920
2026-02-13 14:04:08 [[32minfo[39m]: Successfully initialized 4 agents
2026-02-13 14:04:08 [[33mwarn[39m]: Transaction validation failed: Insufficient funds
2026-02-13 14:04:08 [[32minfo[39m]: Initializing 3 agents with initial balance 103
2026-02-13 14:04:08 [[32minfo[39m]: Successfully initialized 3 agents
2026-02-13 14:04:08 [[33mwarn[39m]: Transaction validation failed: Insufficient funds
2026-02-13 14:04:08 [[32minfo[39m]: Initializing 10 agents with initial balance 108
2026-02-13 14:04:08 [[32minfo[39m]: Successfully initialized 10 agents
2026-02-13 14:04:08 [[33mwarn[39m]: Transaction validation failed: Insufficient funds
2026-02-13 14:04:08 [[32minfo[39m]: Initializing 3 agents with initial balance 106
2026-02-13 14:04:08 [[32minfo[39m]: Successfully initialized 3 agents
2026-02-13 14:04:08 [[33mwarn[39m]: Transaction validation failed: Insufficient funds
2026-02-13 14:04:08 [[32minfo[39m]: Initializing 5 agents with initial balance 4808
2026-02-13 14:04:08 [[32minfo[39m]: Successfully initialized 5 agents
2026-02-13 14:04:08 [[33mwarn[39m]: Transaction validation failed: Insufficient funds
2026-02-13 14:04:08 [[32minfo[39m]: Initializing 5 agents with initial balance 193
2026-02-13 14:04:08 [[32minfo[39m]: Successfully initialized 5 agents
2026-02-13 14:04:08 [[33mwarn[39m]: Transaction validation failed: Insufficient funds
2026-02-13 14:04:08 [[32minfo[39m]: Initializing 9 agents with initial balance 105
2026-02-13 14:04:08 [[32minfo[39m]: Successfully initialized 9 agents
2026-02-13 14:04:08 [[33mwarn[39m]: Transaction validation failed: Insufficient funds
2026-02-13 14:04:08 [[32minfo[39m]: Initializing 8 agents with initial balance 2436
2026-02-13 14:04:08 [[32minfo[39m]: Successfully initialized 8 agents
2026-02-13 14:04:08 [[33mwarn[39m]: Transaction validation failed: Insufficient funds
2026-02-13 14:04:08 [[32minfo[39m]: Initializing 4 agents with initial balance 105
2026-02-13 14:04:08 [[32minfo[39m]: Successfully initialized 4 agents
2026-02-13 14:04:08 [[33mwarn[39m]: Transaction validation failed: Insufficient funds
2026-02-13 14:04:08 [[32minfo[39m]: Initializing 9 agents with initial balance 108
2026-02-13 14:04:08 [[32minfo[39m]: Successfully initialized 9 agents
2026-02-13 14:04:08 [[33mwarn[39m]: Transaction validation failed: Insufficient funds
2026-02-13 14:04:08 [[32minfo[39m]: Initializing 7 agents with initial balance 191
2026-02-13 14:04:08 [[32minfo[39m]: Successfully initialized 7 agents
2026-02-13 14:04:08 [[33mwarn[39m]: Transaction validation failed: Insufficient funds
2026-02-13 14:04:08 [[32minfo[39m]: Initializing 8 agents with initial balance 101
2026-02-13 14:04:08 [[32minfo[39m]: Successfully initialized 8 agents
2026-02-13 14:04:08 [[33mwarn[39m]: Transaction validation failed: Insufficient funds
2026-02-13 14:04:08 [[32minfo[39m]: Initializing 10 agents with initial balance 1219
2026-02-13 14:04:08 [[32minfo[39m]: Successfully initialized 10 agents
2026-02-13 14:04:08 [[33mwarn[39m]: Transaction validation failed: Insufficient funds
2026-02-13 14:04:08 [[32minfo[39m]: Initializing 3 agents with initial balance 4226
2026-02-13 14:04:08 [[32minfo[39m]: Successfully initialized 3 agents
2026-02-13 14:04:08 [[33mwarn[39m]: Transaction validation failed: Insufficient funds
2026-02-13 14:04:08 [[32minfo[39m]: Initializing 8 agents with initial balance 478
2026-02-13 14:04:08 [[32minfo[39m]: Successfully initialized 8 agents
2026-02-13 14:04:08 [[33mwarn[39m]: Transaction validation failed: Insufficient funds
2026-02-13 14:04:08 [[32minfo[39m]: Initializing 2 agents with initial balance 108
2026-02-13 14:04:08 [[32minfo[39m]: Successfully initialized 2 agents
2026-02-13 14:04:08 [[33mwarn[39m]: Transaction validation failed: Insufficient funds
2026-02-13 14:04:08 [[32minfo[39m]: Initializing 3 agents with initial balance 3926
2026-02-13 14:04:08 [[32minfo[39m]: Successfully initialized 3 agents
2026-02-13 14:04:08 [[33mwarn[39m]: Transaction validation failed: Insufficient funds
2026-02-13 14:04:08 [[32minfo[39m]: Initializing 5 agents with initial balance 2214
2026-02-13 14:04:08 [[32minfo[39m]: Successfully initialized 5 agents
2026-02-13 14:04:08 [[33mwarn[39m]: Transaction validation failed: Insufficient funds
2026-02-13 14:04:08 [[32minfo[39m]: Initializing 3 agents with initial balance 3103
2026-02-13 14:04:08 [[32minfo[39m]: Successfully initialized 3 agents
2026-02-13 14:04:08 [[33mwarn[39m]: Transaction validation failed: Insufficient funds
2026-02-13 14:04:08 [[32minfo[39m]: Initializing 2 agents with initial balance 4999
2026-02-13 14:04:08 [[32minfo[39m]: Successfully initialized 2 agents
2026-02-13 14:04:08 [[33mwarn[39m]: Transaction validation failed: Insufficient funds
2026-02-13 14:04:08 [[32minfo[39m]: Initializing 4 agents with initial balance 3727
2026-02-13 14:04:08 [[32minfo[39m]: Successfully initialized 4 agents
2026-02-13 14:04:08 [[33mwarn[39m]: Transaction validation failed: Insufficient funds
2026-02-13 14:04:08 [[32minfo[39m]: Initializing 10 agents with initial balance 4702
2026-02-13 14:04:08 [[32minfo[39m]: Successfully initialized 10 agents
2026-02-13 14:04:08 [[33mwarn[39m]: Transaction validation failed: Insufficient funds
2026-02-13 14:04:08 [[32minfo[39m]: Initializing 9 agents with initial balance 570
2026-02-13 14:04:08 [[32minfo[39m]: Successfully initialized 9 agents
2026-02-13 14:04:08 [[33mwarn[39m]: Transaction validation failed: Insufficient funds
2026-02-13 14:04:08 [[32minfo[39m]: Initializing 5 agents with initial balance 775
2026-02-13 14:04:08 [[32minfo[39m]: Successfully initialized 5 agents
2026-02-13 14:04:08 [[33mwarn[39m]: Transaction validation failed: Insufficient funds
2026-02-13 14:04:08 [[32minfo[39m]: Initializing 6 agents with initial balance 1917
2026-02-13 14:04:08 [[32minfo[39m]: Successfully initialized 6 agents
2026-02-13 14:04:08 [[33mwarn[39m]: Transaction validation failed: Insufficient funds
2026-02-13 14:04:08 [[32minfo[39m]: Initializing 9 agents with initial balance 110
2026-02-13 14:04:08 [[32minfo[39m]: Successfully initialized 9 agents
2026-02-13 14:04:08 [[33mwarn[39m]: Transaction validation failed: Insufficient funds
2026-02-13 14:04:08 [[32minfo[39m]: Initializing 10 agents with initial balance 2049
2026-02-13 14:04:08 [[32minfo[39m]: Successfully initialized 10 agents
2026-02-13 14:04:08 [[33mwarn[39m]: Transaction validation failed: Insufficient funds
2026-02-13 14:04:08 [[32minfo[39m]: Initializing 3 agents with initial balance 1795
2026-02-13 14:04:08 [[32minfo[39m]: Successfully initialized 3 agents
2026-02-13 14:04:08 [[33mwarn[39m]: Transaction validation failed: Insufficient funds
2026-02-13 14:04:08 [[32minfo[39m]: Initializing 5 agents with initial balance 4177
2026-02-13 14:04:08 [[32minfo[39m]: Successfully initialized 5 agents
2026-02-13 14:04:08 [[33mwarn[39m]: Transaction validation failed: Insufficient funds
2026-02-13 14:04:08 [[32minfo[39m]: Initializing 6 agents with initial balance 959
2026-02-13 14:04:08 [[32minfo[39m]: Successfully initialized 6 agents
2026-02-13 14:04:08 [[33mwarn[39m]: Transaction validation failed: Insufficient funds
2026-02-13 14:04:08 [[32minfo[39m]: Initializing 2 agents with initial balance 105
2026-02-13 14:04:08 [[32minfo[39m]: Successfully initialized 2 agents
2026-02-13 14:04:08 [[33mwarn[39m]: Transaction validation failed: Insufficient funds
2026-02-13 14:04:08 [[32minfo[39m]: Initializing 10 agents with initial balance 1493
2026-02-13 14:04:08 [[32minfo[39m]: Successfully initialized 10 agents
2026-02-13 14:04:08 [[33mwarn[39m]: Transaction validation failed: Insufficient funds
2026-02-13 14:04:08 [[32minfo[39m]: Initializing 8 agents with initial balance 101
2026-02-13 14:04:08 [[32minfo[39m]: Successfully initialized 8 agents
2026-02-13 14:04:08 [[33mwarn[39m]: Transaction validation failed: Insufficient funds
2026-02-13 14:04:08 [[32minfo[39m]: Initializing 4 agents with initial balance 3038
2026-02-13 14:04:08 [[32minfo[39m]: Successfully initialized 4 agents
2026-02-13 14:04:08 [[33mwarn[39m]: Transaction validation failed: Insufficient funds
2026-02-13 14:04:08 [[32minfo[39m]: Initializing 7 agents with initial balance 4995
2026-02-13 14:04:08 [[32minfo[39m]: Successfully initialized 7 agents
2026-02-13 14:04:08 [[33mwarn[39m]: Transaction validation failed: Insufficient funds
2026-02-13 14:04:08 [[32minfo[39m]: Initializing 2 agents with initial balance 2984
2026-02-13 14:04:08 [[32minfo[39m]: Successfully initialized 2 agents
2026-02-13 14:04:08 [[33mwarn[39m]: Transaction validation failed: Insufficient funds
2026-02-13 14:04:08 [[32minfo[39m]: Initializing 3 agents with initial balance 4915
2026-02-13 14:04:08 [[32minfo[39m]: Successfully initialized 3 agents
2026-02-13 14:04:08 [[33mwarn[39m]: Transaction validation failed: Insufficient funds
2026-02-13 14:04:08 [[32minfo[39m]: Initializing 3 agents with initial balance 2564
2026-02-13 14:04:08 [[32minfo[39m]: Successfully initialized 3 agents
2026-02-13 14:04:08 [[33mwarn[39m]: Transaction validation failed: Insufficient funds
2026-02-13 14:04:08 [[32minfo[39m]: Initializing 2 agents with initial balance 106
2026-02-13 14:04:08 [[32minfo[39m]: Successfully initialized 2 agents
2026-02-13 14:04:08 [[33mwarn[39m]: Transaction validation failed: Insufficient funds
2026-02-13 14:04:08 [[32minfo[39m]: Initializing 10 agents with initial balance 3005
2026-02-13 14:04:08 [[32minfo[39m]: Successfully initialized 10 agents
2026-02-13 14:04:08 [[33mwarn[39m]: Transaction validation failed: Insufficient funds
2026-02-13 14:04:08 [[32minfo[39m]: Initializing 5 agents with initial balance 822
2026-02-13 14:04:08 [[32minfo[39m]: Successfully initialized 5 agents
2026-02-13 14:04:08 [[33mwarn[39m]: Transaction validation failed: Insufficient funds
2026-02-13 14:04:08 [[32minfo[39m]: Initializing 4 agents with initial balance 4237
2026-02-13 14:04:08 [[32minfo[39m]: Successfully initialized 4 agents
2026-02-13 14:04:08 [[33mwarn[39m]: Transaction validation failed: Insufficient funds
2026-02-13 14:04:08 [[32minfo[39m]: Initializing 5 agents with initial balance 3153
2026-02-13 14:04:08 [[32minfo[39m]: Successfully initialized 5 agents
2026-02-13 14:04:08 [[33mwarn[39m]: Transaction validation failed: Insufficient funds
2026-02-13 14:04:08 [[32minfo[39m]: Initializing 2 agents with initial balance 4199
2026-02-13 14:04:08 [[32minfo[39m]: Successfully initialized 2 agents
2026-02-13 14:04:08 [[33mwarn[39m]: Transaction validation failed: Insufficient funds
2026-02-13 14:04:08 [[32minfo[39m]: Initializing 4 agents with initial balance 3207
2026-02-13 14:04:08 [[32minfo[39m]: Successfully initialized 4 agents
2026-02-13 14:04:08 [[33mwarn[39m]: Transaction validation failed: Insufficient funds
2026-02-13 14:04:08 [[32minfo[39m]: Initializing 8 agents with initial balance 4966
2026-02-13 14:04:08 [[32minfo[39m]: Successfully initialized 8 agents
2026-02-13 14:04:08 [[33mwarn[39m]: Transaction validation failed: Insufficient funds
2026-02-13 14:04:08 [[32minfo[39m]: Initializing 3 agents with initial balance 4836
2026-02-13 14:04:08 [[32minfo[39m]: Successfully initialized 3 agents
2026-02-13 14:04:08 [[33mwarn[39m]: Transaction validation failed: Insufficient funds
2026-02-13 14:04:08 [[32minfo[39m]: Initializing 5 agents with initial balance 3363
2026-02-13 14:04:08 [[32minfo[39m]: Successfully initialized 5 agents
2026-02-13 14:04:08 [[33mwarn[39m]: Transaction validation failed: Insufficient funds
2026-02-13 14:04:08 [[32minfo[39m]: Initializing 5 agents with initial balance 4059
2026-02-13 14:04:08 [[32minfo[39m]: Successfully initialized 5 agents
2026-02-13 14:04:08 [[33mwarn[39m]: Transaction validation failed: Insufficient funds
2026-02-13 14:04:08 [[32minfo[39m]: Initializing 4 agents with initial balance 101
2026-02-13 14:04:08 [[32minfo[39m]: Successfully initialized 4 agents
2026-02-13 14:04:08 [[33mwarn[39m]: Transaction validation failed: Insufficient funds
2026-02-13 14:04:08 [[32minfo[39m]: Initializing 6 agents with initial balance 2930
2026-02-13 14:04:08 [[32minfo[39m]: Successfully initialized 6 agents
2026-02-13 14:04:08 [[33mwarn[39m]: Transaction validation failed: Insufficient funds
2026-02-13 14:04:08 [[32minfo[39m]: Initializing 3 agents with initial balance 1341
2026-02-13 14:04:08 [[32minfo[39m]: Successfully initialized 3 agents
2026-02-13 14:04:08 [[33mwarn[39m]: Transaction validation failed: Insufficient funds
2026-02-13 14:04:08 [[32minfo[39m]: Initializing 2 agents with initial balance 3302
2026-02-13 14:04:08 [[32minfo[39m]: Successfully initialized 2 agents
2026-02-13 14:04:08 [[33mwarn[39m]: Transaction validation failed: Insufficient funds
2026-02-13 14:04:08 [[32minfo[39m]: Initializing 2 agents with initial balance 3425
2026-02-13 14:04:08 [[32minfo[39m]: Successfully initialized 2 agents
2026-02-13 14:04:08 [[33mwarn[39m]: Transaction validation failed: Insufficient funds
2026-02-13 14:04:08 [[32minfo[39m]: Initializing 5 agents with initial balance 3227
2026-02-13 14:04:08 [[32minfo[39m]: Successfully initialized 5 agents
2026-02-13 14:04:08 [[33mwarn[39m]: Transaction validation failed: Insufficient funds
2026-02-13 14:04:08 [[32minfo[39m]: Initializing 8 agents with initial balance 4993
2026-02-13 14:04:08 [[32minfo[39m]: Successfully initialized 8 agents
2026-02-13 14:04:08 [[33mwarn[39m]: Transaction validation failed: Insufficient funds
2026-02-13 14:04:08 [[32minfo[39m]: Initializing 9 agents with initial balance 2399
2026-02-13 14:04:08 [[32minfo[39m]: Successfully initialized 9 agents
2026-02-13 14:04:08 [[33mwarn[39m]: Transaction validation failed: Insufficient funds
2026-02-13 14:04:08 [[32minfo[39m]: Initializing 4 agents with initial balance 1692
2026-02-13 14:04:08 [[32minfo[39m]: Successfully initialized 4 agents
2026-02-13 14:04:08 [[33mwarn[39m]: Transaction validation failed: Insufficient funds
2026-02-13 14:04:08 [[32minfo[39m]: Initializing 4 agents with initial balance 1578
2026-02-13 14:04:08 [[32minfo[39m]: Successfully initialized 4 agents
2026-02-13 14:04:08 [[33mwarn[39m]: Transaction validation failed: Insufficient funds
2026-02-13 14:04:08 [[32minfo[39m]: Initializing 2 agents with initial balance 108
2026-02-13 14:04:08 [[32minfo[39m]: Successfully initialized 2 agents
2026-02-13 14:04:08 [[33mwarn[39m]: Transaction validation failed: Insufficient funds
2026-02-13 14:04:08 [[32minfo[39m]: Initializing 10 agents with initial balance 4990
2026-02-13 14:04:08 [[32minfo[39m]: Successfully initialized 10 agents
2026-02-13 14:04:08 [[33mwarn[39m]: Transaction validation failed: Insufficient funds
2026-02-13 14:04:08 [[32minfo[39m]: Initializing 4 agents with initial balance 1958
2026-02-13 14:04:08 [[32minfo[39m]: Successfully initialized 4 agents
2026-02-13 14:04:08 [[33mwarn[39m]: Transaction validation failed: Insufficient funds
2026-02-13 14:04:08 [[32minfo[39m]: Initializing 5 agents with initial balance 2039
2026-02-13 14:04:08 [[32minfo[39m]: Successfully initialized 5 agents
2026-02-13 14:04:08 [[33mwarn[39m]: Transaction validation failed: Insufficient funds
2026-02-13 14:04:08 [[32minfo[39m]: Initializing 3 agents with initial balance 591
2026-02-13 14:04:08 [[32minfo[39m]: Successfully initialized 3 agents
2026-02-13 14:04:08 [[33mwarn[39m]: Transaction validation failed: Insufficient funds
2026-02-13 14:04:08 [[32minfo[39m]: Initializing 2 agents with initial balance 108
2026-02-13 14:04:08 [[32minfo[39m]: Successfully initialized 2 agents
2026-02-13 14:04:08 [[33mwarn[39m]: Transaction validation failed: Insufficient funds
2026-02-13 14:04:08 [[32minfo[39m]: Initializing 2 agents with initial balance 110
2026-02-13 14:04:08 [[32minfo[39m]: Successfully initialized 2 agents
2026-02-13 14:04:08 [[33mwarn[39m]: Transaction validation failed: Insufficient funds
2026-02-13 14:04:08 [[32minfo[39m]: Initializing 9 agents with initial balance 257
2026-02-13 14:04:08 [[32minfo[39m]: Successfully initialized 9 agents
2026-02-13 14:04:08 [[33mwarn[39m]: Transaction validation failed: Insufficient funds
2026-02-13 14:04:08 [[32minfo[39m]: Initializing 10 agents with initial balance 4995
2026-02-13 14:04:08 [[32minfo[39m]: Successfully initialized 10 agents
2026-02-13 14:04:08 [[33mwarn[39m]: Transaction validation failed: Insufficient funds
2026-02-13 14:04:08 [[32minfo[39m]: Initializing 9 agents with initial balance 112
2026-02-13 14:04:08 [[32minfo[39m]: Successfully initialized 9 agents
2026-02-13 14:04:08 [[33mwarn[39m]: Transaction validation failed: Insufficient funds
2026-02-13 14:04:08 [[32minfo[39m]: Initializing 8 agents with initial balance 1924
2026-02-13 14:04:08 [[32minfo[39m]: Successfully initialized 8 agents
2026-02-13 14:04:08 [[33mwarn[39m]: Transaction validation failed: Insufficient funds
2026-02-13 14:04:08 [[32minfo[39m]: Initializing 2 agents with initial balance 4997
2026-02-13 14:04:08 [[32minfo[39m]: Successfully initialized 2 agents
2026-02-13 14:04:08 [[33mwarn[39m]: Transaction validation failed: Insufficient funds
2026-02-13 14:04:08 [[32minfo[39m]: Initializing 8 agents with initial balance 2439
2026-02-13 14:04:08 [[32minfo[39m]: Successfully initialized 8 agents
2026-02-13 14:04:08 [[33mwarn[39m]: Transaction validation failed: Insufficient funds
2026-02-13 14:04:08 [[32minfo[39m]: Initializing 5 agents with initial balance 1875
2026-02-13 14:04:08 [[32minfo[39m]: Successfully initialized 5 agents
2026-02-13 14:04:08 [[33mwarn[39m]: Transaction validation failed: Insufficient funds
2026-02-13 14:04:08 [[32minfo[39m]: Initializing 2 agents with initial balance 100
2026-02-13 14:04:08 [[32minfo[39m]: Successfully initialized 2 agents
2026-02-13 14:04:08 [[33mwarn[39m]: Transaction validation failed: Insufficient funds
2026-02-13 14:04:08 [[32minfo[39m]: Initializing 2 agents with initial balance 4991
2026-02-13 14:04:08 [[32minfo[39m]: Successfully initialized 2 agents
2026-02-13 14:04:08 [[33mwarn[39m]: Transaction validation failed: Insufficient funds
2026-02-13 14:04:08 [[32minfo[39m]: Initializing 2 agents with initial balance 3766
2026-02-13 14:04:08 [[32minfo[39m]: Successfully initialized 2 agents
2026-02-13 14:04:08 [[33mwarn[39m]: Transaction validation failed: Insufficient funds
2026-02-13 14:04:08 [[32minfo[39m]: Initializing 7 agents with initial balance 3991
2026-02-13 14:04:08 [[32minfo[39m]: Successfully initialized 7 agents
2026-02-13 14:04:08 [[33mwarn[39m]: Transaction validation failed: Insufficient funds
2026-02-13 14:04:08 [[32minfo[39m]: Initializing 2 agents with initial balance 742
2026-02-13 14:04:08 [[32minfo[39m]: Successfully initialized 2 agents
2026-02-13 14:04:08 [[33mwarn[39m]: Transaction validation failed: Insufficient funds
2026-02-13 14:04:08 [[32minfo[39m]: Initializing 2 agents with initial balance 104
2026-02-13 14:04:08 [[32minfo[39m]: Successfully initialized 2 agents
2026-02-13 14:04:08 [[33mwarn[39m]: Transaction validation failed: Insufficient funds
2026-02-13 14:04:08 [[32minfo[39m]: Initializing 9 agents with initial balance 4995
2026-02-13 14:04:08 [[32minfo[39m]: Successfully initialized 9 agents
2026-02-13 14:04:08 [[33mwarn[39m]: Transaction validation failed: Insufficient funds
2026-02-13 14:04:08 [[32minfo[39m]: Initializing 3 agents with initial balance 1715
2026-02-13 14:04:08 [[32minfo[39m]: Successfully initialized 3 agents
2026-02-13 14:04:08 [[33mwarn[39m]: Transaction validation failed: Insufficient funds
2026-02-13 14:04:08 [[32minfo[39m]: Initializing 5 agents with initial balance 4092
2026-02-13 14:04:08 [[32minfo[39m]: Successfully initialized 5 agents
2026-02-13 14:04:08 [[33mwarn[39m]: Transaction validation failed: Insufficient funds
2026-02-13 14:04:08 [[32minfo[39m]: Initializing 9 agents with initial balance 1269
2026-02-13 14:04:08 [[32minfo[39m]: Successfully initialized 9 agents
2026-02-13 14:04:08 [[32minfo[39m]: Transaction failed: Frost GÂ∆ Pulse, 100 credits (89.6% chance)
2026-02-13 14:04:08 [[32minfo[39m]: Transaction successful: Byte GÂ∆ Frost, 100 credits (88.5% chance)
2026-02-13 14:04:08 [[32minfo[39m]: Initializing 2 agents with initial balance 502
2026-02-13 14:04:08 [[32minfo[39m]: Successfully initialized 2 agents
2026-02-13 14:04:08 [[32minfo[39m]: Transaction successful: Neon GÂ∆ Spike, 100 credits (89.3% chance)
2026-02-13 14:04:08 [[32minfo[39m]: Transaction successful: Neon GÂ∆ Spike, 100 credits (89.6% chance)
2026-02-13 14:04:08 [[32minfo[39m]: Transaction successful: Neon GÂ∆ Spike, 100 credits (90.1% chance)
2026-02-13 14:04:08 [[32minfo[39m]: Transaction successful: Neon GÂ∆ Spike, 100 credits (90.6% chance)
2026-02-13 14:04:08 [[32minfo[39m]: Transaction successful: Spike GÂ∆ Neon, 100 credits (91.1% chance)
2026-02-13 14:04:08 [[32minfo[39m]: Transaction successful: Neon GÂ∆ Spike, 100 credits (91.8% chance)
2026-02-13 14:04:08 [[32minfo[39m]: Transaction successful: Spike GÂ∆ Neon, 100 credits (92.5% chance)
2026-02-13 14:04:08 [[32minfo[39m]: Transaction successful: Neon GÂ∆ Spike, 100 credits (92.8% chance)
2026-02-13 14:04:08 [[32minfo[39m]: Transaction successful: Neon GÂ∆ Spike, 86 credits (93.3% chance)
2026-02-13 14:04:08 [[32minfo[39m]: Transaction successful: Neon GÂ∆ Spike, 43 credits (94.0% chance)
2026-02-13 14:04:08 [[32minfo[39m]: Initializing 2 agents with initial balance 651
2026-02-13 14:04:08 [[32minfo[39m]: Successfully initialized 2 agents
2026-02-13 14:04:08 [[32minfo[39m]: Transaction successful: Quantum GÂ∆ Byte, 100 credits (90.2% chance)
2026-02-13 14:04:08 [[32minfo[39m]: Transaction successful: Quantum GÂ∆ Byte, 100 credits (90.9% chance)
2026-02-13 14:04:08 [[32minfo[39m]: Transaction successful: Quantum GÂ∆ Byte, 100 credits (91.7% chance)
2026-02-13 14:04:08 [[32minfo[39m]: Transaction failed: Quantum GÂ∆ Byte, 100 credits (92.5% chance)
2026-02-13 14:04:08 [[32minfo[39m]: Transaction successful: Quantum GÂ∆ Byte, 100 credits (92.3% chance)
2026-02-13 14:04:08 [[32minfo[39m]: Transaction successful: Byte GÂ∆ Quantum, 100 credits (92.7% chance)
2026-02-13 14:04:08 [[32minfo[39m]: Transaction successful: Byte GÂ∆ Quantum, 100 credits (93.3% chance)
2026-02-13 14:04:08 [[32minfo[39m]: Transaction successful: Quantum GÂ∆ Byte, 100 credits (94.1% chance)
2026-02-13 14:04:08 [[32minfo[39m]: Transaction successful: Byte GÂ∆ Quantum, 100 credits (94.4% chance)
2026-02-13 14:04:08 [[32minfo[39m]: Transaction successful: Byte GÂ∆ Quantum, 100 credits (94.6% chance)
2026-02-13 14:04:08 [[32minfo[39m]: Transaction successful: Quantum GÂ∆ Byte, 100 credits (95.0% chance)
2026-02-13 14:04:08 [[32minfo[39m]: Transaction successful: Byte GÂ∆ Quantum, 100 credits (95.0% chance)
2026-02-13 14:04:08 [[32minfo[39m]: Initializing 4 agents with initial balance 4990
2026-02-13 14:04:08 [[32minfo[39m]: Successfully initialized 4 agents
2026-02-13 14:04:08 [[32minfo[39m]: Transaction successful: Zero GÂ∆ Pulse, 100 credits (90.1% chance)
2026-02-13 14:04:08 [[32minfo[39m]: Transaction successful: Zero GÂ∆ Hex, 100 credits (90.8% chance)
2026-02-13 14:04:08 [[32minfo[39m]: Transaction successful: Cipher GÂ∆ Pulse, 100 credits (90.8% chance)
2026-02-13 14:04:08 [[32minfo[39m]: Transaction successful: Cipher GÂ∆ Hex, 100 credits (91.5% chance)
2026-02-13 14:04:08 [[32minfo[39m]: Transaction successful: Pulse GÂ∆ Zero, 100 credits (91.0% chance)
2026-02-13 14:04:08 [[32minfo[39m]: Transaction failed: Pulse GÂ∆ Zero, 100 credits (91.7% chance)
2026-02-13 14:04:08 [[32minfo[39m]: Transaction successful: Zero GÂ∆ Cipher, 100 credits (90.6% chance)
2026-02-13 14:04:08 [[32minfo[39m]: Transaction successful: Pulse GÂ∆ Hex, 100 credits (92.6% chance)
2026-02-13 14:04:08 [[32minfo[39m]: Transaction successful: Hex GÂ∆ Cipher, 100 credits (92.7% chance)
2026-02-13 14:04:08 [[32minfo[39m]: Transaction successful: Cipher GÂ∆ Zero, 100 credits (91.4% chance)
2026-02-13 14:04:08 [[32minfo[39m]: Transaction successful: Hex GÂ∆ Cipher, 100 credits (93.8% chance)
2026-02-13 14:04:08 [[32minfo[39m]: Transaction successful: Cipher GÂ∆ Pulse, 100 credits (92.7% chance)
2026-02-13 14:04:08 [[32minfo[39m]: Transaction successful: Hex GÂ∆ Zero, 100 credits (93.7% chance)
2026-02-13 14:04:08 [[32minfo[39m]: Transaction successful: Zero GÂ∆ Hex, 100 credits (94.5% chance)
2026-02-13 14:04:08 [[32minfo[39m]: Initializing 3 agents with initial balance 736
2026-02-13 14:04:08 [[32minfo[39m]: Successfully initialized 3 agents
2026-02-13 14:04:08 [[32minfo[39m]: Transaction successful: Blade GÂ∆ Vex, 100 credits (88.7% chance)
2026-02-13 14:04:08 [[32minfo[39m]: Transaction successful: Vex GÂ∆ Trace, 100 credits (90.8% chance)
2026-02-13 14:04:08 [[32minfo[39m]: Transaction successful: Vex GÂ∆ Blade, 100 credits (89.6% chance)
2026-02-13 14:04:08 [[32minfo[39m]: Transaction successful: Blade GÂ∆ Trace, 100 credits (90.8% chance)
2026-02-13 14:04:08 [[32minfo[39m]: Transaction successful: Blade GÂ∆ Vex, 100 credits (90.3% chance)
2026-02-13 14:04:08 [[32minfo[39m]: Initializing 2 agents with initial balance 3716
2026-02-13 14:04:08 [[32minfo[39m]: Successfully initialized 2 agents
2026-02-13 14:04:08 [[32minfo[39m]: Transaction successful: Pulse GÂ∆ Wraith, 100 credits (89.5% chance)
2026-02-13 14:04:08 [[32minfo[39m]: Transaction successful: Pulse GÂ∆ Wraith, 100 credits (90.3% chance)
2026-02-13 14:04:08 [[32minfo[39m]: Transaction successful: Pulse GÂ∆ Wraith, 100 credits (91.0% chance)
2026-02-13 14:04:08 [[32minfo[39m]: Transaction successful: Wraith GÂ∆ Pulse, 100 credits (91.5% chance)
2026-02-13 14:04:08 [[32minfo[39m]: Transaction successful: Pulse GÂ∆ Wraith, 100 credits (92.0% chance)
2026-02-13 14:04:08 [[32minfo[39m]: Initializing 10 agents with initial balance 508
2026-02-13 14:04:08 [[32minfo[39m]: Successfully initialized 10 agents
2026-02-13 14:04:08 [[32minfo[39m]: Transaction successful: Hex GÂ∆ Edge, 100 credits (89.7% chance)
2026-02-13 14:04:08 [[32minfo[39m]: Transaction successful: Hex GÂ∆ Quantum, 100 credits (89.6% chance)
2026-02-13 14:04:08 [[32minfo[39m]: Transaction successful: Dagger GÂ∆ Blade, 100 credits (88.9% chance)
2026-02-13 14:04:08 [[32minfo[39m]: Transaction successful: Edge GÂ∆ Spike, 100 credits (89.2% chance)
2026-02-13 14:04:08 [[32minfo[39m]: Transaction successful: Quantum GÂ∆ Frost, 100 credits (90.8% chance)
2026-02-13 14:04:08 [[32minfo[39m]: Transaction successful: Dagger GÂ∆ Hex, 100 credits (90.7% chance)
2026-02-13 14:04:08 [[32minfo[39m]: Transaction successful: Spike GÂ∆ Crash, 100 credits (89.7% chance)
2026-02-13 14:04:08 [[32minfo[39m]: Transaction successful: Apex GÂ∆ Onyx, 100 credits (90.7% chance)
2026-02-13 14:04:08 [[32minfo[39m]: Transaction successful: Edge GÂ∆ Spike, 100 credits (90.6% chance)
2026-02-13 14:04:08 [[32minfo[39m]: Transaction successful: Crash GÂ∆ Blade, 100 credits (90.0% chance)
2026-02-13 14:04:08 [[32minfo[39m]: Transaction successful: Spike GÂ∆ Onyx, 100 credits (91.1% chance)
2026-02-13 14:04:08 [[32minfo[39m]: Transaction successful: Blade GÂ∆ Spike, 100 credits (90.5% chance)
2026-02-13 14:04:08 [[32minfo[39m]: Transaction failed: Blade GÂ∆ Crash, 100 credits (90.9% chance)
2026-02-13 14:04:08 [[32minfo[39m]: Transaction successful: Apex GÂ∆ Dagger, 100 credits (90.9% chance)
2026-02-13 14:04:08 [[32minfo[39m]: Transaction successful: Frost GÂ∆ Blade, 100 credits (90.8% chance)
2026-02-13 14:04:08 [[32minfo[39m]: Transaction successful: Blade GÂ∆ Spike, 100 credits (90.6% chance)
2026-02-13 14:04:08 [[32minfo[39m]: Transaction successful: Edge GÂ∆ Dagger, 100 credits (91.4% chance)
2026-02-13 14:04:08 [[32minfo[39m]: Initializing 6 agents with initial balance 2546
2026-02-13 14:04:08 [[32minfo[39m]: Successfully initialized 6 agents
2026-02-13 14:04:08 [[32minfo[39m]: Transaction successful: Byte GÂ∆ Shadow, 100 credits (91.3% chance)
2026-02-13 14:04:08 [[32minfo[39m]: Transaction successful: Razor GÂ∆ Shadow, 100 credits (90.3% chance)
2026-02-13 14:04:08 [[32minfo[39m]: Transaction successful: Byte GÂ∆ Trace, 100 credits (91.5% chance)
2026-02-13 14:04:08 [[32minfo[39m]: Transaction failed: Blade GÂ∆ Razor, 100 credits (88.3% chance)
2026-02-13 14:04:08 [[32minfo[39m]: Transaction successful: Zero GÂ∆ Shadow, 100 credits (90.8% chance)
2026-02-13 14:04:08 [[32minfo[39m]: Transaction successful: Trace GÂ∆ Zero, 100 credits (90.1% chance)
2026-02-13 14:04:08 [[32minfo[39m]: Transaction successful: Razor GÂ∆ Blade, 100 credits (87.9% chance)
2026-02-13 14:04:08 [[32minfo[39m]: Transaction successful: Blade GÂ∆ Shadow, 100 credits (90.7% chance)
2026-02-13 14:04:08 [[32minfo[39m]: Transaction successful: Trace GÂ∆ Shadow, 100 credits (93.0% chance)
2026-02-13 14:04:08 [[32minfo[39m]: Transaction successful: Blade GÂ∆ Shadow, 100 credits (91.7% chance)
2026-02-13 14:04:08 [[32minfo[39m]: Transaction successful: Byte GÂ∆ Blade, 100 credits (90.7% chance)
2026-02-13 14:04:08 [[32minfo[39m]: Transaction failed: Byte GÂ∆ Shadow, 100 credits (94.1% chance)
2026-02-13 14:04:08 [[32minfo[39m]: Transaction successful: Razor GÂ∆ Trace, 100 credits (90.6% chance)
2026-02-13 14:04:08 [[32minfo[39m]: Transaction successful: Zero GÂ∆ Blade, 100 credits (89.7% chance)
2026-02-13 14:04:08 [[32minfo[39m]: Transaction successful: Zero GÂ∆ Blade, 100 credits (90.2% chance)
2026-02-13 14:04:08 [[32minfo[39m]: Transaction successful: Blade GÂ∆ Byte, 100 credits (90.8% chance)
2026-02-13 14:04:08 [[32minfo[39m]: Initializing 7 agents with initial balance 4167
2026-02-13 14:04:08 [[32minfo[39m]: Successfully initialized 7 agents
2026-02-13 14:04:08 [[32minfo[39m]: Transaction successful: Quantum GÂ∆ Trace, 100 credits (89.9% chance)
2026-02-13 14:04:08 [[32minfo[39m]: Initializing 10 agents with initial balance 504
2026-02-13 14:04:08 [[32minfo[39m]: Successfully initialized 10 agents
2026-02-13 14:04:08 [[32minfo[39m]: Transaction successful: Lynx GÂ∆ Nova, 100 credits (89.2% chance)
2026-02-13 14:04:08 [[32minfo[39m]: Transaction successful: Neon GÂ∆ Zero, 100 credits (90.0% chance)
2026-02-13 14:04:08 [[32minfo[39m]: Transaction successful: Jinx GÂ∆ Lynx, 100 credits (88.9% chance)
2026-02-13 14:04:08 [[32minfo[39m]: Transaction successful: Frost GÂ∆ Jinx, 100 credits (89.6% chance)
2026-02-13 14:04:08 [[32minfo[39m]: Transaction successful: Dagger GÂ∆ Neon, 100 credits (89.2% chance)
2026-02-13 14:04:08 [[32minfo[39m]: Transaction successful: Lynx GÂ∆ Neon, 100 credits (89.2% chance)
2026-02-13 14:04:08 [[32minfo[39m]: Transaction successful: Dagger GÂ∆ Lynx, 100 credits (89.3% chance)
2026-02-13 14:04:08 [[32minfo[39m]: Transaction successful: Frost GÂ∆ Lynx, 100 credits (89.6% chance)
2026-02-13 14:04:08 [[32minfo[39m]: Transaction successful: Lynx GÂ∆ Frost, 100 credits (89.8% chance)
2026-02-13 14:04:08 [[32minfo[39m]: Transaction successful: Lynx GÂ∆ Viper, 100 credits (89.9% chance)
2026-02-13 14:04:08 [[32minfo[39m]: Transaction successful: Wraith GÂ∆ Nova, 100 credits (89.7% chance)
2026-02-13 14:04:08 [[32minfo[39m]: Transaction successful: Wraith GÂ∆ Zero, 100 credits (90.4% chance)
2026-02-13 14:04:08 [[32minfo[39m]: Transaction successful: Viper GÂ∆ Zero, 100 credits (91.6% chance)
2026-02-13 14:04:08 [[32minfo[39m]: Transaction successful: Jinx GÂ∆ Dagger, 100 credits (90.2% chance)
2026-02-13 14:04:08 [[32minfo[39m]: Transaction successful: Zero GÂ∆ Dagger, 100 credits (91.9% chance)
2026-02-13 14:04:08 [[32minfo[39m]: Transaction successful: Viper GÂ∆ Wraith, 100 credits (90.0% chance)
2026-02-13 14:04:08 [[32minfo[39m]: Transaction successful: Wraith GÂ∆ Zero, 100 credits (92.3% chance)
2026-02-13 14:04:08 [[32minfo[39m]: Transaction successful: Zero GÂ∆ Neon, 100 credits (92.7% chance)
2026-02-13 14:04:08 [[32minfo[39m]: Transaction successful: Viper GÂ∆ Zero, 100 credits (93.8% chance)
2026-02-13 14:04:08 [[32minfo[39m]: Initializing 6 agents with initial balance 501
2026-02-13 14:04:08 [[32minfo[39m]: Successfully initialized 6 agents
2026-02-13 14:04:08 [[32minfo[39m]: Transaction successful: Wraith GÂ∆ Viper, 100 credits (88.8% chance)
2026-02-13 14:04:08 [[32minfo[39m]: Transaction successful: Viper GÂ∆ Spike, 100 credits (91.1% chance)
2026-02-13 14:04:08 [[32minfo[39m]: Transaction successful: Cipher GÂ∆ Flux, 100 credits (90.7% chance)
2026-02-13 14:04:08 [[32minfo[39m]: Transaction successful: Hex GÂ∆ Wraith, 100 credits (90.3% chance)
2026-02-13 14:04:08 [[32minfo[39m]: Initializing 8 agents with initial balance 919
2026-02-13 14:04:08 [[32minfo[39m]: Successfully initialized 8 agents
2026-02-13 14:04:08 [[32minfo[39m]: Transaction successful: Maze GÂ∆ Edge, 100 credits (88.9% chance)
2026-02-13 14:04:08 [[32minfo[39m]: Transaction successful: Razor GÂ∆ Frost, 100 credits (89.2% chance)
2026-02-13 14:04:08 [[32minfo[39m]: Transaction failed: Wraith GÂ∆ Maze, 100 credits (89.4% chance)
2026-02-13 14:04:08 [[32minfo[39m]: Transaction successful: Echo GÂ∆ Edge, 100 credits (89.7% chance)
2026-02-13 14:04:08 [[32minfo[39m]: Transaction successful: Razor GÂ∆ Edge, 100 credits (90.1% chance)
2026-02-13 14:04:08 [[32minfo[39m]: Transaction successful: Frost GÂ∆ Edge, 100 credits (90.9% chance)
2026-02-13 14:04:08 [[32minfo[39m]: Transaction successful: Razor GÂ∆ Wraith, 100 credits (89.0% chance)
2026-02-13 14:04:08 [[32minfo[39m]: Transaction successful: Raven GÂ∆ Wraith, 100 credits (88.3% chance)
2026-02-13 14:04:08 [[32minfo[39m]: Transaction successful: Maze GÂ∆ Razor, 100 credits (89.8% chance)
2026-02-13 14:04:08 [[32minfo[39m]: Transaction successful: Wraith GÂ∆ Echo, 100 credits (89.6% chance)
2026-02-13 14:04:08 [[32minfo[39m]: Transaction successful: Razor GÂ∆ Echo, 100 credits (91.1% chance)
2026-02-13 14:04:08 [[32minfo[39m]: Transaction successful: Frost GÂ∆ Edge, 100 credits (91.3% chance)
2026-02-13 14:04:08 [[32minfo[39m]: Initializing 4 agents with initial balance 965
2026-02-13 14:04:08 [[32minfo[39m]: Successfully initialized 4 agents
2026-02-13 14:04:08 [[32minfo[39m]: Transaction successful: Shadow GÂ∆ Blade, 100 credits (89.6% chance)
2026-02-13 14:04:08 [[32minfo[39m]: Initializing 4 agents with initial balance 509
2026-02-13 14:04:08 [[32minfo[39m]: Successfully initialized 4 agents
2026-02-13 14:04:08 [[32minfo[39m]: Transaction successful: Quantum GÂ∆ Vex, 100 credits (90.2% chance)
2026-02-13 14:04:08 [[32minfo[39m]: Transaction successful: Hex GÂ∆ Vex, 100 credits (89.9% chance)
2026-02-13 14:04:08 [[32minfo[39m]: Transaction successful: Echo GÂ∆ Hex, 100 credits (88.8% chance)
2026-02-13 14:04:08 [[32minfo[39m]: Transaction successful: Vex GÂ∆ Hex, 100 credits (91.1% chance)
2026-02-13 14:04:08 [[32minfo[39m]: Transaction successful: Echo GÂ∆ Vex, 100 credits (90.7% chance)
2026-02-13 14:04:08 [[32minfo[39m]: Transaction successful: Hex GÂ∆ Echo, 100 credits (90.5% chance)
2026-02-13 14:04:08 [[32minfo[39m]: Transaction successful: Echo GÂ∆ Vex, 100 credits (91.8% chance)
2026-02-13 14:04:08 [[32minfo[39m]: Transaction successful: Hex GÂ∆ Quantum, 100 credits (91.4% chance)
2026-02-13 14:04:08 [[32minfo[39m]: Transaction successful: Hex GÂ∆ Vex, 100 credits (93.0% chance)
2026-02-13 14:04:08 [[32minfo[39m]: Transaction successful: Vex GÂ∆ Quantum, 100 credits (92.7% chance)
2026-02-13 14:04:08 [[32minfo[39m]: Transaction successful: Echo GÂ∆ Vex, 100 credits (92.6% chance)
2026-02-13 14:04:08 [[32minfo[39m]: Transaction successful: Hex GÂ∆ Vex, 100 credits (94.0% chance)
2026-02-13 14:04:08 [[32minfo[39m]: Initializing 3 agents with initial balance 2712
2026-02-13 14:04:08 [[32minfo[39m]: Successfully initialized 3 agents
2026-02-13 14:04:08 [[32minfo[39m]: Transaction successful: Shadow GÂ∆ Crash, 100 credits (90.3% chance)
2026-02-13 14:04:08 [[32minfo[39m]: Transaction successful: Crash GÂ∆ Nova, 100 credits (90.4% chance)
2026-02-13 14:04:08 [[32minfo[39m]: Initializing 5 agents with initial balance 2466
2026-02-13 14:04:08 [[32minfo[39m]: Successfully initialized 5 agents
2026-02-13 14:04:08 [[32minfo[39m]: Transaction successful: Jinx GÂ∆ Echo, 100 credits (88.6% chance)
2026-02-13 14:04:08 [[32minfo[39m]: Transaction successful: Wraith GÂ∆ Edge, 100 credits (89.0% chance)
2026-02-13 14:04:08 [[32minfo[39m]: Transaction successful: Wraith GÂ∆ Edge, 100 credits (89.7% chance)
2026-02-13 14:04:08 [[32minfo[39m]: Transaction successful: Wraith GÂ∆ Echo, 100 credits (89.2% chance)
2026-02-13 14:04:08 [[32minfo[39m]: Transaction successful: Apex GÂ∆ Echo, 100 credits (89.5% chance)
2026-02-13 14:04:08 [[32minfo[39m]: Transaction successful: Apex GÂ∆ Echo, 100 credits (90.1% chance)
2026-02-13 14:04:08 [[32minfo[39m]: Transaction successful: Jinx GÂ∆ Wraith, 100 credits (89.6% chance)
2026-02-13 14:04:08 [[32minfo[39m]: Transaction successful: Edge GÂ∆ Wraith, 100 credits (90.8% chance)
2026-02-13 14:04:08 [[32minfo[39m]: Transaction successful: Edge GÂ∆ Echo, 100 credits (91.5% chance)
2026-02-13 14:04:08 [[32minfo[39m]: Transaction successful: Echo GÂ∆ Apex, 100 credits (91.1% chance)
2026-02-13 14:04:08 [[32minfo[39m]: Transaction successful: Edge GÂ∆ Apex, 100 credits (91.9% chance)
2026-02-13 14:04:08 [[32minfo[39m]: Transaction successful: Echo GÂ∆ Edge, 100 credits (92.6% chance)
2026-02-13 14:04:08 [[32minfo[39m]: Transaction successful: Echo GÂ∆ Edge, 100 credits (93.2% chance)
2026-02-13 14:04:08 [[32minfo[39m]: Transaction successful: Edge GÂ∆ Apex, 100 credits (92.9% chance)
2026-02-13 14:04:08 [[32minfo[39m]: Transaction successful: Jinx GÂ∆ Apex, 100 credits (91.1% chance)
2026-02-13 14:04:08 [[32minfo[39m]: Transaction failed: Echo GÂ∆ Jinx, 100 credits (92.1% chance)
2026-02-13 14:04:08 [[32minfo[39m]: Transaction successful: Apex GÂ∆ Echo, 100 credits (92.4% chance)
2026-02-13 14:04:08 [[32minfo[39m]: Transaction successful: Edge GÂ∆ Echo, 100 credits (93.8% chance)
2026-02-13 14:04:08 [[32minfo[39m]: Initializing 8 agents with initial balance 1152
2026-02-13 14:04:08 [[32minfo[39m]: Successfully initialized 8 agents
2026-02-13 14:04:08 [[32minfo[39m]: Transaction successful: Ghost GÂ∆ Nova, 100 credits (89.6% chance)
2026-02-13 14:04:08 [[32minfo[39m]: Transaction successful: Onyx GÂ∆ Ghost, 100 credits (91.3% chance)
2026-02-13 14:04:08 [[32minfo[39m]: Transaction successful: Nova GÂ∆ Onyx, 100 credits (90.9% chance)
2026-02-13 14:04:08 [[32minfo[39m]: Transaction successful: Raven GÂ∆ Onyx, 100 credits (90.7% chance)
2026-02-13 14:04:08 [[32minfo[39m]: Transaction successful: Zero GÂ∆ Raven, 100 credits (89.3% chance)
2026-02-13 14:04:08 [[32minfo[39m]: Initializing 2 agents with initial balance 1867
2026-02-13 14:04:08 [[32minfo[39m]: Successfully initialized 2 agents
2026-02-13 14:04:08 [[32minfo[39m]: Transaction successful: Spike GÂ∆ Echo, 100 credits (89.5% chance)
2026-02-13 14:04:08 [[32minfo[39m]: Transaction successful: Spike GÂ∆ Echo, 100 credits (90.2% chance)
2026-02-13 14:04:08 [[32minfo[39m]: Transaction failed: Spike GÂ∆ Echo, 100 credits (90.9% chance)
2026-02-13 14:04:08 [[32minfo[39m]: Transaction successful: Spike GÂ∆ Echo, 100 credits (90.4% chance)
2026-02-13 14:04:08 [[32minfo[39m]: Transaction successful: Echo GÂ∆ Spike, 100 credits (91.1% chance)
2026-02-13 14:04:08 [[32minfo[39m]: Transaction successful: Echo GÂ∆ Spike, 100 credits (91.5% chance)
2026-02-13 14:04:08 [[32minfo[39m]: Transaction successful: Spike GÂ∆ Echo, 100 credits (92.1% chance)
2026-02-13 14:04:08 [[32minfo[39m]: Transaction successful: Spike GÂ∆ Echo, 100 credits (92.9% chance)
2026-02-13 14:04:08 [[32minfo[39m]: Transaction successful: Echo GÂ∆ Spike, 100 credits (93.5% chance)
2026-02-13 14:04:08 [[32minfo[39m]: Transaction successful: Spike GÂ∆ Echo, 100 credits (93.9% chance)
2026-02-13 14:04:08 [[32minfo[39m]: Transaction successful: Spike GÂ∆ Echo, 100 credits (94.8% chance)
2026-02-13 14:04:08 [[32minfo[39m]: Transaction successful: Echo GÂ∆ Spike, 100 credits (95.0% chance)
2026-02-13 14:04:08 [[32minfo[39m]: Transaction successful: Echo GÂ∆ Spike, 100 credits (95.0% chance)
2026-02-13 14:04:08 [[32minfo[39m]: Transaction successful: Echo GÂ∆ Spike, 100 credits (95.0% chance)
2026-02-13 14:04:08 [[32minfo[39m]: Transaction successful: Echo GÂ∆ Spike, 100 credits (95.0% chance)
2026-02-13 14:04:08 [[32minfo[39m]: Initializing 4 agents with initial balance 3137
2026-02-13 14:04:08 [[32minfo[39m]: Successfully initialized 4 agents
2026-02-13 14:04:08 [[32minfo[39m]: Transaction successful: Cipher GÂ∆ Zero, 100 credits (89.4% chance)
2026-02-13 14:04:08 [[32minfo[39m]: Initializing 6 agents with initial balance 4991
2026-02-13 14:04:08 [[32minfo[39m]: Successfully initialized 6 agents
2026-02-13 14:04:08 [[32minfo[39m]: Transaction successful: Jinx GÂ∆ Flux, 100 credits (89.1% chance)
2026-02-13 14:04:08 [[32minfo[39m]: Initializing 2 agents with initial balance 3141
2026-02-13 14:04:08 [[32minfo[39m]: Successfully initialized 2 agents
2026-02-13 14:04:08 [[32minfo[39m]: Transaction failed: Pulse GÂ∆ Maze, 100 credits (90.7% chance)
2026-02-13 14:04:08 [[32minfo[39m]: Initializing 5 agents with initial balance 3873
2026-02-13 14:04:08 [[32minfo[39m]: Successfully initialized 5 agents
2026-02-13 14:04:08 [[32minfo[39m]: Transaction successful: Ghost GÂ∆ Pulse, 100 credits (88.6% chance)
2026-02-13 14:04:08 [[32minfo[39m]: Initializing 10 agents with initial balance 962
2026-02-13 14:04:08 [[32minfo[39m]: Successfully initialized 10 agents
2026-02-13 14:04:08 [[32minfo[39m]: Transaction successful: Nova GÂ∆ Flux, 100 credits (90.6% chance)
2026-02-13 14:04:08 [[32minfo[39m]: Transaction successful: Spike GÂ∆ Vex, 100 credits (89.7% chance)
2026-02-13 14:04:08 [[32minfo[39m]: Initializing 3 agents with initial balance 4088
2026-02-13 14:04:08 [[32minfo[39m]: Successfully initialized 3 agents
2026-02-13 14:04:08 [[32minfo[39m]: Transaction successful: Ghost GÂ∆ Raven, 100 credits (91.2% chance)
2026-02-13 14:04:08 [[32minfo[39m]: Transaction successful: Raven GÂ∆ Ghost, 100 credits (92.1% chance)
2026-02-13 14:04:08 [[32minfo[39m]: Transaction successful: Raven GÂ∆ Ghost, 100 credits (92.5% chance)
2026-02-13 14:04:08 [[32minfo[39m]: Transaction successful: Raven GÂ∆ Ghost, 100 credits (92.9% chance)
2026-02-13 14:04:08 [[32minfo[39m]: Transaction successful: Ghost GÂ∆ Raven, 100 credits (93.4% chance)
2026-02-13 14:04:08 [[32minfo[39m]: Transaction successful: Ghost GÂ∆ Raven, 100 credits (94.1% chance)
2026-02-13 14:04:08 [[32minfo[39m]: Transaction successful: Jinx GÂ∆ Raven, 100 credits (92.0% chance)
2026-02-13 14:04:08 [[32minfo[39m]: Transaction successful: Raven GÂ∆ Ghost, 100 credits (94.8% chance)
2026-02-13 14:04:08 [[32minfo[39m]: Transaction successful: Ghost GÂ∆ Jinx, 100 credits (92.0% chance)
2026-02-13 14:04:08 [[32minfo[39m]: Transaction successful: Raven GÂ∆ Jinx, 100 credits (93.4% chance)
2026-02-13 14:04:08 [[32minfo[39m]: Transaction successful: Ghost GÂ∆ Jinx, 100 credits (92.8% chance)
2026-02-13 14:04:08 [[32minfo[39m]: Initializing 8 agents with initial balance 4837
2026-02-13 14:04:08 [[32minfo[39m]: Successfully initialized 8 agents
2026-02-13 14:04:08 [[32minfo[39m]: Transaction successful: Neon GÂ∆ Zero, 100 credits (88.4% chance)
2026-02-13 14:04:08 [[32minfo[39m]: Transaction successful: Vex GÂ∆ Maze, 100 credits (89.4% chance)
2026-02-13 14:04:08 [[32minfo[39m]: Transaction successful: Neon GÂ∆ Onyx, 100 credits (90.1% chance)
2026-02-13 14:04:08 [[32minfo[39m]: Transaction successful: Maze GÂ∆ Onyx, 100 credits (90.5% chance)
2026-02-13 14:04:08 [[32minfo[39m]: Initializing 5 agents with initial balance 4993
2026-02-13 14:04:08 [[32minfo[39m]: Successfully initialized 5 agents
2026-02-13 14:04:08 [[32minfo[39m]: Transaction successful: Ghost GÂ∆ Razor, 100 credits (90.1% chance)
2026-02-13 14:04:08 [[32minfo[39m]: Transaction successful: Ghost GÂ∆ Echo, 100 credits (90.2% chance)
2026-02-13 14:04:08 [[32minfo[39m]: Transaction successful: Razor GÂ∆ Echo, 100 credits (88.7% chance)
2026-02-13 14:04:08 [[32minfo[39m]: Transaction successful: Wraith GÂ∆ Apex, 100 credits (89.8% chance)
2026-02-13 14:04:08 [[32minfo[39m]: Transaction successful: Wraith GÂ∆ Ghost, 100 credits (91.6% chance)
2026-02-13 14:04:08 [[32minfo[39m]: Transaction successful: Apex GÂ∆ Ghost, 100 credits (92.6% chance)
2026-02-13 14:04:08 [[32minfo[39m]: Transaction successful: Wraith GÂ∆ Echo, 100 credits (89.6% chance)
2026-02-13 14:04:08 [[32minfo[39m]: Transaction successful: Echo GÂ∆ Apex, 100 credits (90.4% chance)
2026-02-13 14:04:08 [[32minfo[39m]: Transaction successful: Razor GÂ∆ Wraith, 100 credits (90.0% chance)
2026-02-13 14:04:08 [[32minfo[39m]: Transaction failed: Echo GÂ∆ Razor, 100 credits (90.4% chance)
2026-02-13 14:04:08 [[32minfo[39m]: Transaction successful: Wraith GÂ∆ Apex, 100 credits (91.4% chance)
2026-02-13 14:04:08 [[32minfo[39m]: Transaction successful: Ghost GÂ∆ Apex, 100 credits (94.1% chance)
2026-02-13 14:04:08 [[32minfo[39m]: Transaction successful: Razor GÂ∆ Apex, 100 credits (91.8% chance)
2026-02-13 14:04:08 [[32minfo[39m]: Transaction successful: Echo GÂ∆ Apex, 100 credits (92.2% chance)
2026-02-13 14:04:08 [[32minfo[39m]: Transaction successful: Echo GÂ∆ Apex, 100 credits (92.8% chance)
2026-02-13 14:04:08 [[32minfo[39m]: Transaction successful: Echo GÂ∆ Razor, 100 credits (91.1% chance)
2026-02-13 14:04:08 [[32minfo[39m]: Transaction successful: Ghost GÂ∆ Razor, 100 credits (93.8% chance)
2026-02-13 14:04:08 [[32minfo[39m]: Initializing 3 agents with initial balance 620
2026-02-13 14:04:08 [[32minfo[39m]: Successfully initialized 3 agents
2026-02-13 14:04:08 [[32minfo[39m]: Transaction successful: Trace GÂ∆ Zero, 100 credits (91.2% chance)
2026-02-13 14:04:08 [[32minfo[39m]: Transaction successful: Trace GÂ∆ Frost, 100 credits (90.1% chance)
2026-02-13 14:04:08 [[32minfo[39m]: Transaction successful: Trace GÂ∆ Frost, 100 credits (90.7% chance)
2026-02-13 14:04:08 [[32minfo[39m]: Transaction successful: Zero GÂ∆ Trace, 100 credits (92.4% chance)
2026-02-13 14:04:08 [[32minfo[39m]: Transaction successful: Zero GÂ∆ Frost, 100 credits (90.3% chance)
2026-02-13 14:04:08 [[32minfo[39m]: Transaction successful: Frost GÂ∆ Zero, 100 credits (90.9% chance)
2026-02-13 14:04:08 [[32minfo[39m]: Transaction successful: Zero GÂ∆ Trace, 100 credits (93.8% chance)
2026-02-13 14:04:08 [[32minfo[39m]: Transaction successful: Trace GÂ∆ Frost, 100 credits (92.8% chance)
2026-02-13 14:04:08 [[32minfo[39m]: Transaction successful: Trace GÂ∆ Zero, 100 credits (94.6% chance)
2026-02-13 14:04:08 [[32minfo[39m]: Transaction successful: Zero GÂ∆ Trace, 100 credits (95.0% chance)
2026-02-13 14:04:08 [[32minfo[39m]: Initializing 8 agents with initial balance 669
2026-02-13 14:04:08 [[32minfo[39m]: Successfully initialized 8 agents
2026-02-13 14:04:08 [[32minfo[39m]: Transaction successful: Crash GÂ∆ Neon, 100 credits (90.2% chance)
2026-02-13 14:04:08 [[32minfo[39m]: Transaction failed: Edge GÂ∆ Vex, 100 credits (89.6% chance)
2026-02-13 14:04:08 [[32minfo[39m]: Transaction successful: Lynx GÂ∆ Frost, 100 credits (90.7% chance)
2026-02-13 14:04:08 [[32minfo[39m]: Transaction successful: Edge GÂ∆ Neon, 100 credits (90.0% chance)
2026-02-13 14:04:08 [[32minfo[39m]: Transaction successful: Frost GÂ∆ Edge, 100 credits (90.9% chance)
2026-02-13 14:04:08 [[32minfo[39m]: Transaction failed: Crash GÂ∆ Frost, 100 credits (91.4% chance)
2026-02-13 14:04:08 [[32minfo[39m]: Transaction successful: Lynx GÂ∆ Edge, 100 credits (90.7% chance)
2026-02-13 14:04:08 [[32minfo[39m]: Transaction successful: Cipher GÂ∆ Crash, 100 credits (88.9% chance)
2026-02-13 14:04:08 [[32minfo[39m]: Transaction failed: Crash GÂ∆ Vex, 100 credits (90.0% chance)
2026-02-13 14:04:08 [[32minfo[39m]: Transaction successful: Vex GÂ∆ Lynx, 100 credits (90.9% chance)
2026-02-13 14:04:08 [[32minfo[39m]: Transaction successful: Neon GÂ∆ Frost, 100 credits (92.0% chance)
2026-02-13 14:04:08 [[32minfo[39m]: Transaction successful: Frost GÂ∆ Edge, 100 credits (91.8% chance)
2026-02-13 14:04:08 [[32minfo[39m]: Transaction successful: Frost GÂ∆ Razor, 100 credits (92.0% chance)
2026-02-13 14:04:08 [[32minfo[39m]: Transaction successful: Edge GÂ∆ Crash, 100 credits (90.3% chance)
2026-02-13 14:04:08 [[32minfo[39m]: Transaction successful: Edge GÂ∆ Razor, 100 credits (91.4% chance)
2026-02-13 14:04:08 [[32minfo[39m]: Transaction successful: Edge GÂ∆ Razor, 100 credits (91.8% chance)
2026-02-13 14:04:08 [[32minfo[39m]: Transaction successful: Lynx GÂ∆ Vex, 100 credits (91.4% chance)
2026-02-13 14:04:08 [[32minfo[39m]: Transaction successful: Crash GÂ∆ Cipher, 100 credits (89.4% chance)
2026-02-13 14:04:08 [[32minfo[39m]: Transaction successful: Frost GÂ∆ Edge, 100 credits (92.9% chance)
2026-02-13 14:04:08 [[32minfo[39m]: Initializing 2 agents with initial balance 3374
2026-02-13 14:04:08 [[32minfo[39m]: Successfully initialized 2 agents
2026-02-13 14:04:08 [[32minfo[39m]: Transaction successful: Shadow GÂ∆ Hex, 100 credits (88.1% chance)
2026-02-13 14:04:08 [[32minfo[39m]: Transaction successful: Shadow GÂ∆ Hex, 100 credits (88.6% chance)
2026-02-13 14:04:08 [[32minfo[39m]: Transaction successful: Shadow GÂ∆ Hex, 100 credits (89.6% chance)
2026-02-13 14:04:08 [[32minfo[39m]: Transaction successful: Hex GÂ∆ Shadow, 100 credits (90.4% chance)
2026-02-13 14:04:08 [[32minfo[39m]: Transaction successful: Hex GÂ∆ Shadow, 100 credits (91.0% chance)
2026-02-13 14:04:08 [[32minfo[39m]: Transaction successful: Shadow GÂ∆ Hex, 100 credits (91.7% chance)
2026-02-13 14:04:08 [[32minfo[39m]: Transaction failed: Shadow GÂ∆ Hex, 100 credits (92.5% chance)
2026-02-13 14:04:08 [[32minfo[39m]: Transaction successful: Hex GÂ∆ Shadow, 100 credits (91.8% chance)
2026-02-13 14:04:08 [[32minfo[39m]: Transaction successful: Shadow GÂ∆ Hex, 100 credits (92.7% chance)
2026-02-13 14:04:08 [[32minfo[39m]: Transaction successful: Shadow GÂ∆ Hex, 100 credits (93.3% chance)
2026-02-13 14:04:08 [[32minfo[39m]: Transaction successful: Shadow GÂ∆ Hex, 100 credits (94.2% chance)
2026-02-13 14:04:08 [[32minfo[39m]: Transaction successful: Shadow GÂ∆ Hex, 100 credits (94.8% chance)
2026-02-13 14:04:08 [[32minfo[39m]: Transaction successful: Shadow GÂ∆ Hex, 100 credits (95.0% chance)
2026-02-13 14:04:08 [[32minfo[39m]: Transaction failed: Hex GÂ∆ Shadow, 100 credits (95.0% chance)
2026-02-13 14:04:08 [[32minfo[39m]: Transaction successful: Shadow GÂ∆ Hex, 100 credits (95.0% chance)
2026-02-13 14:04:08 [[32minfo[39m]: Transaction successful: Hex GÂ∆ Shadow, 100 credits (95.0% chance)
2026-02-13 14:04:08 [[32minfo[39m]: Transaction successful: Hex GÂ∆ Shadow, 100 credits (95.0% chance)
2026-02-13 14:04:08 [[32minfo[39m]: Transaction successful: Hex GÂ∆ Shadow, 100 credits (95.0% chance)
2026-02-13 14:04:08 [[32minfo[39m]: Transaction successful: Hex GÂ∆ Shadow, 100 credits (95.0% chance)
2026-02-13 14:04:08 [[32minfo[39m]: Initializing 9 agents with initial balance 1275
2026-02-13 14:04:08 [[32minfo[39m]: Successfully initialized 9 agents
2026-02-13 14:04:08 [[32minfo[39m]: Transaction successful: Nova GÂ∆ Onyx, 100 credits (90.7% chance)
2026-02-13 14:04:08 [[32minfo[39m]: Transaction successful: Onyx GÂ∆ Vex, 100 credits (90.7% chance)
2026-02-13 14:04:08 [[32minfo[39m]: Transaction successful: Apex GÂ∆ Cipher, 100 credits (90.1% chance)
2026-02-13 14:04:08 [[32minfo[39m]: Transaction successful: Vex GÂ∆ Ghost, 100 credits (91.4% chance)
2026-02-13 14:04:08 [[32minfo[39m]: Transaction successful: Razor GÂ∆ Vex, 100 credits (90.3% chance)
2026-02-13 14:04:08 [[32minfo[39m]: Transaction successful: Vex GÂ∆ Apex, 100 credits (91.5% chance)
2026-02-13 14:04:08 [[32minfo[39m]: Transaction successful: Ghost GÂ∆ Pulse, 100 credits (91.4% chance)
2026-02-13 14:04:08 [[32minfo[39m]: Initializing 10 agents with initial balance 1277
2026-02-13 14:04:08 [[32minfo[39m]: Successfully initialized 10 agents
2026-02-13 14:04:08 [[32minfo[39m]: Transaction successful: Quantum GÂ∆ Cipher, 100 credits (89.9% chance)
2026-02-13 14:04:08 [[32minfo[39m]: Initializing 3 agents with initial balance 796
2026-02-13 14:04:08 [[32minfo[39m]: Successfully initialized 3 agents
2026-02-13 14:04:08 [[32minfo[39m]: Transaction successful: Viper GÂ∆ Trace, 100 credits (89.2% chance)
2026-02-13 14:04:08 [[32minfo[39m]: Transaction successful: Blade GÂ∆ Viper, 100 credits (90.4% chance)
2026-02-13 14:04:08 [[32minfo[39m]: Transaction successful: Blade GÂ∆ Trace, 100 credits (91.4% chance)
2026-02-13 14:04:08 [[32minfo[39m]: Transaction successful: Viper GÂ∆ Trace, 100 credits (90.5% chance)
2026-02-13 14:04:08 [[32minfo[39m]: Transaction successful: Viper GÂ∆ Trace, 100 credits (90.9% chance)
2026-02-13 14:04:08 [[32minfo[39m]: Transaction successful: Trace GÂ∆ Blade, 100 credits (92.7% chance)
2026-02-13 14:04:08 [[32minfo[39m]: Transaction successful: Trace GÂ∆ Blade, 100 credits (92.9% chance)
2026-02-13 14:04:08 [[32minfo[39m]: Transaction successful: Viper GÂ∆ Trace, 100 credits (91.8% chance)
2026-02-13 14:04:08 [[32minfo[39m]: Transaction successful: Blade GÂ∆ Viper, 100 credits (92.7% chance)
2026-02-13 14:04:08 [[32minfo[39m]: Transaction successful: Blade GÂ∆ Trace, 100 credits (94.0% chance)
2026-02-13 14:04:08 [[32minfo[39m]: Transaction successful: Viper GÂ∆ Blade, 100 credits (93.3% chance)
2026-02-13 14:04:08 [[32minfo[39m]: Transaction successful: Trace GÂ∆ Blade, 100 credits (94.9% chance)
2026-02-13 14:04:08 [[32minfo[39m]: Transaction successful: Viper GÂ∆ Trace, 100 credits (93.8% chance)
2026-02-13 14:04:08 [[32minfo[39m]: Transaction successful: Trace GÂ∆ Viper, 100 credits (94.6% chance)
2026-02-13 14:04:08 [[32minfo[39m]: Transaction successful: Trace GÂ∆ Blade, 100 credits (95.0% chance)
2026-02-13 14:04:08 [[32minfo[39m]: Transaction successful: Blade GÂ∆ Trace, 100 credits (95.0% chance)
2026-02-13 14:04:08 [[32minfo[39m]: Transaction successful: Blade GÂ∆ Trace, 100 credits (95.0% chance)
2026-02-13 14:04:08 [[32minfo[39m]: Transaction successful: Blade GÂ∆ Viper, 100 credits (95.0% chance)
2026-02-13 14:04:08 [[32minfo[39m]: Initializing 5 agents with initial balance 507
2026-02-13 14:04:08 [[32minfo[39m]: Successfully initialized 5 agents
2026-02-13 14:04:08 [[32minfo[39m]: Transaction successful: Dagger GÂ∆ Ghost, 100 credits (90.5% chance)
2026-02-13 14:04:08 [[32minfo[39m]: Transaction successful: Flux GÂ∆ Dagger, 100 credits (90.8% chance)
2026-02-13 14:04:08 [[32minfo[39m]: Transaction successful: Edge GÂ∆ Ghost, 100 credits (91.7% chance)
2026-02-13 14:04:08 [[32minfo[39m]: Initializing 10 agents with initial balance 507
2026-02-13 14:04:08 [[32minfo[39m]: Successfully initialized 10 agents
2026-02-13 14:04:08 [[32minfo[39m]: Transaction successful: Cipher GÂ∆ Dagger, 100 credits (89.4% chance)
2026-02-13 14:04:08 [[32minfo[39m]: Transaction failed: Shadow GÂ∆ Jinx, 100 credits (89.6% chance)
2026-02-13 14:04:08 [[32minfo[39m]: Initializing 3 agents with initial balance 897
2026-02-13 14:04:08 [[32minfo[39m]: Successfully initialized 3 agents
2026-02-13 14:04:08 [[32minfo[39m]: Transaction successful: Maze GÂ∆ Trace, 100 credits (89.5% chance)
2026-02-13 14:04:08 [[32minfo[39m]: Initializing 5 agents with initial balance 4881
2026-02-13 14:04:08 [[32minfo[39m]: Successfully initialized 5 agents
2026-02-13 14:04:08 [[32minfo[39m]: Transaction successful: Blade GÂ∆ Lynx, 100 credits (89.9% chance)
2026-02-13 14:04:08 [[32minfo[39m]: Transaction successful: Lynx GÂ∆ Razor, 100 credits (90.3% chance)
2026-02-13 14:04:08 [[32minfo[39m]: Transaction successful: Blade GÂ∆ Spike, 100 credits (89.8% chance)
2026-02-13 14:04:08 [[32minfo[39m]: Transaction failed: Razor GÂ∆ Raven, 100 credits (90.2% chance)
2026-02-13 14:04:08 [[32minfo[39m]: Initializing 5 agents with initial balance 730
2026-02-13 14:04:08 [[32minfo[39m]: Successfully initialized 5 agents
2026-02-13 14:04:08 [[32minfo[39m]: Transaction failed: Neon GÂ∆ Flux, 100 credits (89.1% chance)
2026-02-13 14:04:08 [[32minfo[39m]: Transaction successful: Byte GÂ∆ Hex, 100 credits (89.8% chance)
2026-02-13 14:04:08 [[32minfo[39m]: Transaction successful: Hex GÂ∆ Neon, 100 credits (88.3% chance)
2026-02-13 14:04:08 [[32minfo[39m]: Transaction successful: Flux GÂ∆ Byte, 100 credits (90.7% chance)
2026-02-13 14:04:08 [[32minfo[39m]: Transaction successful: Neon GÂ∆ Flux, 100 credits (89.1% chance)
2026-02-13 14:04:08 [[32minfo[39m]: Transaction successful: Frost GÂ∆ Byte, 100 credits (89.7% chance)
2026-02-13 14:04:08 [[32minfo[39m]: Transaction successful: Hex GÂ∆ Frost, 100 credits (89.4% chance)
2026-02-13 14:04:08 [[32minfo[39m]: Transaction successful: Hex GÂ∆ Neon, 100 credits (89.7% chance)
2026-02-13 14:04:08 [[32minfo[39m]: Transaction successful: Byte GÂ∆ Frost, 100 credits (90.8% chance)
2026-02-13 14:04:08 [[32minfo[39m]: Transaction successful: Frost GÂ∆ Hex, 100 credits (90.9% chance)
2026-02-13 14:04:08 [[32minfo[39m]: Transaction successful: Hex GÂ∆ Flux, 100 credits (92.0% chance)
2026-02-13 14:04:08 [[32minfo[39m]: Transaction successful: Frost GÂ∆ Neon, 100 credits (89.8% chance)
2026-02-13 14:04:08 [[32minfo[39m]: Transaction successful: Flux GÂ∆ Byte, 100 credits (92.0% chance)
2026-02-13 14:04:08 [[32minfo[39m]: Transaction successful: Byte GÂ∆ Hex, 100 credits (92.9% chance)
2026-02-13 14:04:08 [[32minfo[39m]: Transaction successful: Frost GÂ∆ Hex, 100 credits (92.8% chance)
2026-02-13 14:04:08 [[32minfo[39m]: Transaction successful: Frost GÂ∆ Byte, 100 credits (93.0% chance)
2026-02-13 14:04:08 [[32minfo[39m]: Transaction successful: Neon GÂ∆ Flux, 100 credits (91.1% chance)
2026-02-13 14:04:08 [[32minfo[39m]: Transaction successful: Neon GÂ∆ Hex, 100 credits (92.0% chance)
2026-02-13 14:04:08 [[32minfo[39m]: Initializing 4 agents with initial balance 3429
2026-02-13 14:04:08 [[32minfo[39m]: Successfully initialized 4 agents
2026-02-13 14:04:08 [[32minfo[39m]: Transaction successful: Nova GÂ∆ Razor, 100 credits (90.2% chance)
2026-02-13 14:04:08 [[32minfo[39m]: Transaction successful: Razor GÂ∆ Nova, 100 credits (90.8% chance)
2026-02-13 14:04:08 [[32minfo[39m]: Transaction successful: Razor GÂ∆ Nova, 100 credits (91.2% chance)
2026-02-13 14:04:08 [[32minfo[39m]: Transaction failed: Shadow GÂ∆ Nova, 100 credits (90.1% chance)
2026-02-13 14:04:08 [[32minfo[39m]: Transaction successful: Onyx GÂ∆ Razor, 100 credits (91.7% chance)
2026-02-13 14:04:08 [[32minfo[39m]: Transaction successful: Razor GÂ∆ Onyx, 100 credits (92.1% chance)
2026-02-13 14:04:08 [[32minfo[39m]: Transaction successful: Onyx GÂ∆ Shadow, 100 credits (90.0% chance)
2026-02-13 14:04:08 [[32minfo[39m]: Transaction successful: Nova GÂ∆ Shadow, 100 credits (90.2% chance)
2026-02-13 14:04:08 [[32minfo[39m]: Transaction successful: Onyx GÂ∆ Razor, 100 credits (92.9% chance)
2026-02-13 14:04:08 [[32minfo[39m]: Transaction successful: Shadow GÂ∆ Nova, 100 credits (90.9% chance)
2026-02-13 14:04:08 [[32minfo[39m]: Transaction successful: Nova GÂ∆ Razor, 100 credits (93.3% chance)
2026-02-13 14:04:08 [[32minfo[39m]: Initializing 4 agents with initial balance 4145
2026-02-13 14:04:08 [[32minfo[39m]: Successfully initialized 4 agents
2026-02-13 14:04:08 [[32minfo[39m]: Transaction successful: Cipher GÂ∆ Crash, 100 credits (89.9% chance)
2026-02-13 14:04:08 [[32minfo[39m]: Transaction successful: Cipher GÂ∆ Crash, 100 credits (90.3% chance)
2026-02-13 14:04:08 [[32minfo[39m]: Transaction successful: Raven GÂ∆ Jinx, 100 credits (90.1% chance)
2026-02-13 14:04:08 [[32minfo[39m]: Transaction successful: Cipher GÂ∆ Raven, 100 credits (90.0% chance)
2026-02-13 14:04:08 [[32minfo[39m]: Transaction successful: Crash GÂ∆ Raven, 100 credits (90.3% chance)
2026-02-13 14:04:08 [[32minfo[39m]: Transaction successful: Cipher GÂ∆ Crash, 100 credits (91.6% chance)
2026-02-13 14:04:08 [[32minfo[39m]: Transaction successful: Jinx GÂ∆ Crash, 100 credits (91.6% chance)
2026-02-13 14:04:08 [[32minfo[39m]: Transaction successful: Crash GÂ∆ Jinx, 100 credits (92.2% chance)
2026-02-13 14:04:08 [[32minfo[39m]: Transaction successful: Jinx GÂ∆ Raven, 100 credits (91.1% chance)
2026-02-13 14:04:08 [[32minfo[39m]: Transaction successful: Raven GÂ∆ Jinx, 100 credits (91.8% chance)
2026-02-13 14:04:08 [[32minfo[39m]: Transaction successful: Cipher GÂ∆ Jinx, 100 credits (92.5% chance)
2026-02-13 14:04:08 [[32minfo[39m]: Transaction successful: Cipher GÂ∆ Jinx, 100 credits (92.9% chance)
2026-02-13 14:04:08 [[32minfo[39m]: Transaction successful: Crash GÂ∆ Raven, 100 credits (92.4% chance)
2026-02-13 14:04:08 [[32minfo[39m]: Transaction successful: Cipher GÂ∆ Raven, 100 credits (92.6% chance)
2026-02-13 14:04:08 [[32minfo[39m]: Transaction successful: Jinx GÂ∆ Crash, 100 credits (94.2% chance)
2026-02-13 14:04:08 [[32minfo[39m]: Transaction successful: Cipher GÂ∆ Raven, 100 credits (93.2% chance)
2026-02-13 14:04:08 [[32minfo[39m]: Transaction failed: Jinx GÂ∆ Crash, 100 credits (95.0% chance)
2026-02-13 14:04:08 [[32minfo[39m]: Transaction successful: Raven GÂ∆ Cipher, 100 credits (93.6% chance)
2026-02-13 14:04:08 [[32minfo[39m]: Transaction successful: Crash GÂ∆ Cipher, 100 credits (95.0% chance)
2026-02-13 14:04:08 [[32minfo[39m]: Initializing 3 agents with initial balance 4999
2026-02-13 14:04:08 [[32minfo[39m]: Successfully initialized 3 agents
2026-02-13 14:04:08 [[32minfo[39m]: Transaction successful: Wraith GÂ∆ Byte, 100 credits (90.9% chance)
2026-02-13 14:04:08 [[32minfo[39m]: Transaction successful: Byte GÂ∆ Wraith, 100 credits (91.6% chance)
2026-02-13 14:04:08 [[32minfo[39m]: Transaction successful: Cipher GÂ∆ Byte, 100 credits (91.6% chance)
2026-02-13 14:04:08 [[32minfo[39m]: Transaction successful: Wraith GÂ∆ Byte, 100 credits (92.6% chance)
2026-02-13 14:04:08 [[32minfo[39m]: Transaction successful: Cipher GÂ∆ Wraith, 100 credits (92.7% chance)
2026-02-13 14:04:08 [[32minfo[39m]: Transaction successful: Wraith GÂ∆ Byte, 100 credits (93.5% chance)
2026-02-13 14:04:08 [[32minfo[39m]: Transaction successful: Wraith GÂ∆ Byte, 100 credits (94.1% chance)
2026-02-13 14:04:08 [[32minfo[39m]: Transaction successful: Cipher GÂ∆ Wraith, 100 credits (93.8% chance)
2026-02-13 14:04:08 [[32minfo[39m]: Transaction successful: Byte GÂ∆ Wraith, 100 credits (94.5% chance)
2026-02-13 14:04:08 [[32minfo[39m]: Transaction successful: Byte GÂ∆ Wraith, 100 credits (95.0% chance)
2026-02-13 14:04:08 [[32minfo[39m]: Transaction successful: Wraith GÂ∆ Byte, 100 credits (95.0% chance)
2026-02-13 14:04:08 [[32minfo[39m]: Transaction successful: Wraith GÂ∆ Cipher, 100 credits (95.0% chance)
2026-02-13 14:04:08 [[32minfo[39m]: Transaction successful: Byte GÂ∆ Wraith, 100 credits (95.0% chance)
2026-02-13 14:04:08 [[32minfo[39m]: Transaction successful: Cipher GÂ∆ Wraith, 100 credits (95.0% chance)
2026-02-13 14:04:08 [[32minfo[39m]: Transaction failed: Cipher GÂ∆ Byte, 100 credits (95.0% chance)
2026-02-13 14:04:08 [[32minfo[39m]: Transaction successful: Wraith GÂ∆ Cipher, 100 credits (95.0% chance)
2026-02-13 14:04:08 [[32minfo[39m]: Transaction successful: Cipher GÂ∆ Byte, 100 credits (95.0% chance)
2026-02-13 14:04:08 [[32minfo[39m]: Transaction successful: Wraith GÂ∆ Cipher, 100 credits (95.0% chance)
2026-02-13 14:04:08 [[32minfo[39m]: Transaction successful: Wraith GÂ∆ Cipher, 100 credits (95.0% chance)
2026-02-13 14:04:08 [[32minfo[39m]: Initializing 10 agents with initial balance 1616
2026-02-13 14:04:08 [[32minfo[39m]: Successfully initialized 10 agents
2026-02-13 14:04:08 [[32minfo[39m]: Transaction successful: Byte GÂ∆ Vex, 100 credits (89.8% chance)
2026-02-13 14:04:08 [[32minfo[39m]: Transaction successful: Vex GÂ∆ Edge, 100 credits (89.0% chance)
2026-02-13 14:04:08 [[32minfo[39m]: Transaction successful: Kode GÂ∆ Vex, 100 credits (90.0% chance)
2026-02-13 14:04:08 [[32minfo[39m]: Transaction successful: Vex GÂ∆ Kode, 100 credits (90.6% chance)
2026-02-13 14:04:08 [[32minfo[39m]: Initializing 2 agents with initial balance 2663
2026-02-13 14:04:08 [[32minfo[39m]: Successfully initialized 2 agents
2026-02-13 14:04:08 [[32minfo[39m]: Transaction successful: Pulse GÂ∆ Crash, 100 credits (91.2% chance)
2026-02-13 14:04:08 [[32minfo[39m]: Transaction successful: Pulse GÂ∆ Crash, 100 credits (92.0% chance)
2026-02-13 14:04:08 [[32minfo[39m]: Transaction successful: Pulse GÂ∆ Crash, 100 credits (92.2% chance)
2026-02-13 14:04:08 [[32minfo[39m]: Transaction successful: Pulse GÂ∆ Crash, 100 credits (92.8% chance)
2026-02-13 14:04:08 [[32minfo[39m]: Transaction successful: Crash GÂ∆ Pulse, 100 credits (93.3% chance)
2026-02-13 14:04:08 [[32minfo[39m]: Initializing 3 agents with initial balance 2624
2026-02-13 14:04:08 [[32minfo[39m]: Successfully initialized 3 agents
2026-02-13 14:04:08 [[32minfo[39m]: Transaction successful: Pulse GÂ∆ Hex, 100 credits (90.2% chance)
2026-02-13 14:04:08 [[32minfo[39m]: Initializing 7 agents with initial balance 1617
2026-02-13 14:04:08 [[32minfo[39m]: Successfully initialized 7 agents
2026-02-13 14:04:08 [[32minfo[39m]: Transaction successful: Lynx GÂ∆ Quantum, 100 credits (91.1% chance)
2026-02-13 14:04:08 [[32minfo[39m]: Initializing 4 agents with initial balance 503
2026-02-13 14:04:08 [[32minfo[39m]: Successfully initialized 4 agents
2026-02-13 14:04:08 [[32minfo[39m]: Transaction successful: Razor GÂ∆ Nova, 100 credits (89.6% chance)
2026-02-13 14:04:08 [[32minfo[39m]: Transaction successful: Razor GÂ∆ Nova, 100 credits (90.1% chance)
2026-02-13 14:04:08 [[32minfo[39m]: Transaction successful: Zero GÂ∆ Kode, 100 credits (90.1% chance)
2026-02-13 14:04:08 [[32minfo[39m]: Transaction successful: Nova GÂ∆ Kode, 100 credits (91.4% chance)
2026-02-13 14:04:08 [[32minfo[39m]: Initializing 2 agents with initial balance 4993
2026-02-13 14:04:08 [[32minfo[39m]: Successfully initialized 2 agents
2026-02-13 14:04:08 [[32minfo[39m]: Transaction successful: Crash GÂ∆ Neon, 100 credits (91.9% chance)
2026-02-13 14:04:08 [[32minfo[39m]: Transaction successful: Crash GÂ∆ Neon, 100 credits (92.4% chance)
2026-02-13 14:04:08 [[32minfo[39m]: Transaction successful: Crash GÂ∆ Neon, 100 credits (93.0% chance)
2026-02-13 14:04:08 [[32minfo[39m]: Transaction successful: Crash GÂ∆ Neon, 100 credits (93.7% chance)
2026-02-13 14:04:08 [[32minfo[39m]: Transaction successful: Neon GÂ∆ Crash, 100 credits (94.3% chance)
2026-02-13 14:04:08 [[32minfo[39m]: Transaction successful: Neon GÂ∆ Crash, 100 credits (95.0% chance)
2026-02-13 14:04:08 [[32minfo[39m]: Transaction successful: Neon GÂ∆ Crash, 100 credits (95.0% chance)
2026-02-13 14:04:08 [[32minfo[39m]: Transaction successful: Crash GÂ∆ Neon, 100 credits (95.0% chance)
2026-02-13 14:04:08 [[32minfo[39m]: Transaction successful: Crash GÂ∆ Neon, 100 credits (95.0% chance)
2026-02-13 14:04:08 [[32minfo[39m]: Transaction successful: Crash GÂ∆ Neon, 100 credits (95.0% chance)
2026-02-13 14:04:08 [[32minfo[39m]: Transaction successful: Crash GÂ∆ Neon, 100 credits (95.0% chance)
2026-02-13 14:04:08 [[32minfo[39m]: Transaction successful: Neon GÂ∆ Crash, 100 credits (95.0% chance)
2026-02-13 14:04:08 [[32minfo[39m]: Transaction successful: Crash GÂ∆ Neon, 100 credits (95.0% chance)
2026-02-13 14:04:08 [[32minfo[39m]: Transaction successful: Crash GÂ∆ Neon, 100 credits (95.0% chance)
2026-02-13 14:04:08 [[32minfo[39m]: Transaction successful: Neon GÂ∆ Crash, 100 credits (95.0% chance)
2026-02-13 14:04:08 [[32minfo[39m]: Transaction successful: Neon GÂ∆ Crash, 100 credits (95.0% chance)
2026-02-13 14:04:08 [[32minfo[39m]: Transaction successful: Neon GÂ∆ Crash, 100 credits (95.0% chance)
2026-02-13 14:04:08 [[32minfo[39m]: Transaction successful: Crash GÂ∆ Neon, 100 credits (95.0% chance)
2026-02-13 14:04:08 [[32minfo[39m]: Transaction successful: Neon GÂ∆ Crash, 100 credits (95.0% chance)
2026-02-13 14:04:08 [[32minfo[39m]: Initializing 2 agents with initial balance 3402
2026-02-13 14:04:08 [[32minfo[39m]: Successfully initialized 2 agents
2026-02-13 14:04:08 [[32minfo[39m]: Transaction successful: Edge GÂ∆ Quantum, 100 credits (90.2% chance)
2026-02-13 14:04:08 [[32minfo[39m]: Transaction successful: Edge GÂ∆ Quantum, 100 credits (91.0% chance)
2026-02-13 14:04:08 [[32minfo[39m]: Transaction successful: Edge GÂ∆ Quantum, 100 credits (91.4% chance)
2026-02-13 14:04:08 [[32minfo[39m]: Transaction successful: Edge GÂ∆ Quantum, 100 credits (91.8% chance)
2026-02-13 14:04:08 [[32minfo[39m]: Transaction successful: Quantum GÂ∆ Edge, 100 credits (92.8% chance)
2026-02-13 14:04:08 [[32minfo[39m]: Transaction successful: Edge GÂ∆ Quantum, 100 credits (93.3% chance)
2026-02-13 14:04:08 [[32minfo[39m]: Transaction successful: Quantum GÂ∆ Edge, 100 credits (94.0% chance)
2026-02-13 14:04:08 [[32minfo[39m]: Transaction successful: Quantum GÂ∆ Edge, 100 credits (94.5% chance)
2026-02-13 14:04:08 [[32minfo[39m]: Transaction successful: Quantum GÂ∆ Edge, 100 credits (95.0% chance)
2026-02-13 14:04:08 [[32minfo[39m]: Transaction failed: Quantum GÂ∆ Edge, 100 credits (95.0% chance)
2026-02-13 14:04:08 [[32minfo[39m]: Transaction successful: Edge GÂ∆ Quantum, 100 credits (95.0% chance)
2026-02-13 14:04:08 [[32minfo[39m]: Transaction successful: Quantum GÂ∆ Edge, 100 credits (95.0% chance)
2026-02-13 14:04:08 [[32minfo[39m]: Transaction successful: Quantum GÂ∆ Edge, 100 credits (95.0% chance)
2026-02-13 14:04:08 [[32minfo[39m]: Transaction failed: Edge GÂ∆ Quantum, 100 credits (95.0% chance)
2026-02-13 14:04:08 [[32minfo[39m]: Transaction successful: Quantum GÂ∆ Edge, 100 credits (95.0% chance)
2026-02-13 14:04:08 [[32minfo[39m]: Transaction successful: Quantum GÂ∆ Edge, 100 credits (95.0% chance)
2026-02-13 14:04:08 [[32minfo[39m]: Transaction successful: Edge GÂ∆ Quantum, 100 credits (95.0% chance)
2026-02-13 14:04:08 [[32minfo[39m]: Initializing 4 agents with initial balance 3953
2026-02-13 14:04:08 [[32minfo[39m]: Successfully initialized 4 agents
2026-02-13 14:04:08 [[32minfo[39m]: Transaction successful: Echo GÂ∆ Byte, 100 credits (89.1% chance)
2026-02-13 14:04:08 [[32minfo[39m]: Transaction successful: Byte GÂ∆ Echo, 100 credits (89.7% chance)
2026-02-13 14:04:08 [[32minfo[39m]: Initializing 8 agents with initial balance 1672
2026-02-13 14:04:08 [[32minfo[39m]: Successfully initialized 8 agents
2026-02-13 14:04:08 [[32minfo[39m]: Transaction successful: Trace GÂ∆ Raven, 100 credits (90.6% chance)
2026-02-13 14:04:08 [[32minfo[39m]: Transaction successful: Vex GÂ∆ Raven, 100 credits (90.2% chance)
2026-02-13 14:04:08 [[32minfo[39m]: Transaction successful: Quantum GÂ∆ Crash, 100 credits (90.5% chance)
2026-02-13 14:04:08 [[32minfo[39m]: Initializing 10 agents with initial balance 4789
2026-02-13 14:04:08 [[32minfo[39m]: Successfully initialized 10 agents
2026-02-13 14:04:08 [[32minfo[39m]: Transaction successful: Trace GÂ∆ Wraith, 100 credits (90.0% chance)
2026-02-13 14:04:08 [[32minfo[39m]: Transaction successful: Wraith GÂ∆ Shadow, 100 credits (91.4% chance)
2026-02-13 14:04:08 [[32minfo[39m]: Transaction failed: Jinx GÂ∆ Shadow, 100 credits (91.3% chance)
2026-02-13 14:04:08 [[32minfo[39m]: Transaction successful: Shadow GÂ∆ Echo, 100 credits (90.5% chance)
2026-02-13 14:04:08 [[32minfo[39m]: Transaction successful: Edge GÂ∆ Trace, 100 credits (90.3% chance)
2026-02-13 14:04:08 [[32minfo[39m]: Transaction successful: Echo GÂ∆ Frost, 100 credits (90.3% chance)
2026-02-13 14:04:08 [[32minfo[39m]: Transaction successful: Jinx GÂ∆ Spike, 100 credits (90.8% chance)
2026-02-13 14:04:08 [[32minfo[39m]: Transaction successful: Frost GÂ∆ Edge, 100 credits (91.7% chance)
2026-02-13 14:04:08 [[32minfo[39m]: Transaction successful: Lynx GÂ∆ Frost, 100 credits (90.7% chance)
2026-02-13 14:04:08 [[32minfo[39m]: Transaction successful: Echo GÂ∆ Edge, 100 credits (91.8% chance)
2026-02-13 14:04:08 [[32minfo[39m]: Transaction successful: Shadow GÂ∆ Edge, 100 credits (93.3% chance)
2026-02-13 14:04:08 [[32minfo[39m]: Transaction successful: Trace GÂ∆ Jinx, 100 credits (90.0% chance)
2026-02-13 14:04:08 [[32minfo[39m]: Transaction successful: Echo GÂ∆ Lynx, 100 credits (90.6% chance)
2026-02-13 14:04:08 [[32minfo[39m]: Transaction successful: Wraith GÂ∆ Echo, 100 credits (92.1% chance)
2026-02-13 14:04:08 [[32minfo[39m]: Transaction successful: Wraith GÂ∆ Byte, 100 credits (90.6% chance)
2026-02-13 14:04:08 [[32minfo[39m]: Transaction successful: Wraith GÂ∆ Byte, 100 credits (91.3% chance)
2026-02-13 14:04:08 [[32minfo[39m]: Transaction successful: Lynx GÂ∆ Spike, 100 credits (91.8% chance)
2026-02-13 14:04:08 [[32minfo[39m]: Transaction successful: Spike GÂ∆ Shadow, 100 credits (93.2% chance)
2026-02-13 14:04:08 [[32minfo[39m]: Initializing 5 agents with initial balance 3619
2026-02-13 14:04:08 [[32minfo[39m]: Successfully initialized 5 agents
2026-02-13 14:04:08 [[32minfo[39m]: Transaction successful: Apex GÂ∆ Wraith, 100 credits (90.0% chance)
2026-02-13 14:04:08 [[32minfo[39m]: Transaction successful: Pulse GÂ∆ Spike, 100 credits (89.5% chance)
2026-02-13 14:04:08 [[32minfo[39m]: Transaction successful: Apex GÂ∆ Viper, 100 credits (89.6% chance)
2026-02-13 14:04:08 [[32minfo[39m]: Transaction successful: Viper GÂ∆ Apex, 100 credits (89.9% chance)
2026-02-13 14:04:08 [[32minfo[39m]: Initializing 2 agents with initial balance 510
2026-02-13 14:04:08 [[32minfo[39m]: Successfully initialized 2 agents
2026-02-13 14:04:08 [[32minfo[39m]: Transaction successful: Kode GÂ∆ Nova, 100 credits (89.9% chance)
2026-02-13 14:04:08 [[32minfo[39m]: Transaction successful: Nova GÂ∆ Kode, 100 credits (90.9% chance)
2026-02-13 14:04:08 [[32minfo[39m]: Transaction failed: Kode GÂ∆ Nova, 100 credits (91.2% chance)
2026-02-13 14:04:08 [[32minfo[39m]: Initializing 4 agents with initial balance 1820
2026-02-13 14:04:08 [[32minfo[39m]: Successfully initialized 4 agents
2026-02-13 14:04:08 [[32minfo[39m]: Transaction successful: Quantum GÂ∆ Byte, 100 credits (90.5% chance)
2026-02-13 14:04:08 [[32minfo[39m]: Transaction successful: Quantum GÂ∆ Byte, 100 credits (91.2% chance)
2026-02-13 14:04:08 [[32minfo[39m]: Transaction successful: Byte GÂ∆ Razor, 100 credits (91.9% chance)
2026-02-13 14:04:08 [[32minfo[39m]: Transaction failed: Byte GÂ∆ Quantum, 100 credits (92.4% chance)
2026-02-13 14:04:08 [[32minfo[39m]: Transaction successful: Byte GÂ∆ Razor, 100 credits (91.9% chance)
2026-02-13 14:04:08 [[32minfo[39m]: Transaction successful: Apex GÂ∆ Byte, 100 credits (91.6% chance)
2026-02-13 14:04:08 [[32minfo[39m]: Initializing 2 agents with initial balance 685
2026-02-13 14:04:08 [[32minfo[39m]: Successfully initialized 2 agents
2026-02-13 14:04:08 [[32minfo[39m]: Transaction successful: Spike GÂ∆ Apex, 100 credits (90.2% chance)
2026-02-13 14:04:08 [[32minfo[39m]: Transaction successful: Spike GÂ∆ Apex, 100 credits (90.5% chance)
2026-02-13 14:04:08 [[32minfo[39m]: Transaction successful: Spike GÂ∆ Apex, 100 credits (91.1% chance)
2026-02-13 14:04:08 [[32minfo[39m]: Transaction successful: Spike GÂ∆ Apex, 100 credits (91.3% chance)
2026-02-13 14:04:08 [[32minfo[39m]: Transaction successful: Apex GÂ∆ Spike, 100 credits (92.3% chance)
2026-02-13 14:04:08 [[32minfo[39m]: Transaction successful: Spike GÂ∆ Apex, 100 credits (92.7% chance)
2026-02-13 14:04:08 [[32minfo[39m]: Transaction successful: Apex GÂ∆ Spike, 100 credits (93.4% chance)
2026-02-13 14:04:08 [[32minfo[39m]: Transaction successful: Apex GÂ∆ Spike, 100 credits (93.8% chance)
2026-02-13 14:04:08 [[32minfo[39m]: Transaction successful: Apex GÂ∆ Spike, 100 credits (94.1% chance)
2026-02-13 14:04:08 [[32minfo[39m]: Transaction successful: Apex GÂ∆ Spike, 100 credits (94.5% chance)
2026-02-13 14:04:08 [[32minfo[39m]: Transaction successful: Apex GÂ∆ Spike, 100 credits (95.0% chance)
2026-02-13 14:04:08 [[32minfo[39m]: Transaction successful: Apex GÂ∆ Spike, 100 credits (95.0% chance)
2026-02-13 14:04:08 [[32minfo[39m]: Transaction successful: Apex GÂ∆ Spike, 100 credits (95.0% chance)
2026-02-13 14:04:08 [[32minfo[39m]: Transaction successful: Apex GÂ∆ Spike, 100 credits (95.0% chance)
2026-02-13 14:04:08 [[32minfo[39m]: Transaction successful: Apex GÂ∆ Spike, 100 credits (95.0% chance)
2026-02-13 14:04:08 [[32minfo[39m]: Transaction successful: Apex GÂ∆ Spike, 92 credits (95.0% chance)
2026-02-13 14:04:08 [[32minfo[39m]: Transaction successful: Apex GÂ∆ Spike, 46 credits (95.0% chance)
2026-02-13 14:04:08 [[32minfo[39m]: Initializing 3 agents with initial balance 4887
2026-02-13 14:04:08 [[32minfo[39m]: Successfully initialized 3 agents
2026-02-13 14:04:08 [[32minfo[39m]: Transaction successful: Cipher GÂ∆ Onyx, 100 credits (91.2% chance)
2026-02-13 14:04:08 [[32minfo[39m]: Transaction successful: Onyx GÂ∆ Frost, 100 credits (90.9% chance)
2026-02-13 14:04:08 [[32minfo[39m]: Transaction successful: Onyx GÂ∆ Cipher, 100 credits (92.4% chance)
2026-02-13 14:04:08 [[32minfo[39m]: Transaction successful: Frost GÂ∆ Cipher, 100 credits (91.6% chance)
2026-02-13 14:04:08 [[32minfo[39m]: Transaction successful: Frost GÂ∆ Cipher, 100 credits (91.8% chance)
2026-02-13 14:04:08 [[32minfo[39m]: Transaction successful: Frost GÂ∆ Cipher, 100 credits (92.5% chance)
2026-02-13 14:04:08 [[32minfo[39m]: Transaction successful: Onyx GÂ∆ Cipher, 100 credits (93.9% chance)
2026-02-13 14:04:08 [[32minfo[39m]: Transaction successful: Frost GÂ∆ Onyx, 100 credits (93.1% chance)
2026-02-13 14:04:08 [[32minfo[39m]: Transaction successful: Cipher GÂ∆ Onyx, 100 credits (94.8% chance)
2026-02-13 14:04:08 [[32minfo[39m]: Transaction successful: Cipher GÂ∆ Frost, 100 credits (94.1% chance)
2026-02-13 14:04:08 [[32minfo[39m]: Transaction successful: Onyx GÂ∆ Cipher, 100 credits (95.0% chance)
2026-02-13 14:04:08 [[32minfo[39m]: Transaction failed: Cipher GÂ∆ Onyx, 100 credits (95.0% chance)
2026-02-13 14:04:08 [[32minfo[39m]: Transaction successful: Onyx GÂ∆ Frost, 100 credits (94.5% chance)
2026-02-13 14:04:08 [[32minfo[39m]: Transaction successful: Onyx GÂ∆ Frost, 100 credits (95.0% chance)
2026-02-13 14:04:08 [[32minfo[39m]: Transaction successful: Cipher GÂ∆ Onyx, 100 credits (95.0% chance)
2026-02-13 14:04:08 [[32minfo[39m]: Transaction successful: Onyx GÂ∆ Frost, 100 credits (95.0% chance)
2026-02-13 14:04:08 [[32minfo[39m]: Transaction successful: Cipher GÂ∆ Frost, 100 credits (95.0% chance)
2026-02-13 14:04:08 [[32minfo[39m]: Transaction successful: Cipher GÂ∆ Onyx, 100 credits (95.0% chance)
2026-02-13 14:04:08 [[32minfo[39m]: Transaction successful: Frost GÂ∆ Onyx, 100 credits (95.0% chance)
2026-02-13 14:04:08 [[32minfo[39m]: Transaction successful: Frost GÂ∆ Onyx, 100 credits (95.0% chance)
2026-02-13 14:04:08 [[32minfo[39m]: Initializing 6 agents with initial balance 4996
2026-02-13 14:04:08 [[32minfo[39m]: Successfully initialized 6 agents
2026-02-13 14:04:08 [[32minfo[39m]: Transaction successful: Nova GÂ∆ Cipher, 100 credits (89.6% chance)
2026-02-13 14:04:08 [[32minfo[39m]: Transaction successful: Shadow GÂ∆ Neon, 100 credits (89.6% chance)
2026-02-13 14:04:08 [[32minfo[39m]: Transaction successful: Neon GÂ∆ Cipher, 100 credits (89.0% chance)
2026-02-13 14:04:08 [[32minfo[39m]: Transaction successful: Nova GÂ∆ Cipher, 100 credits (90.2% chance)
2026-02-13 14:04:08 [[32minfo[39m]: Transaction successful: Neon GÂ∆ Hex, 100 credits (89.4% chance)
2026-02-13 14:04:08 [[32minfo[39m]: Transaction successful: Cipher GÂ∆ Crash, 100 credits (90.1% chance)
2026-02-13 14:04:08 [[32minfo[39m]: Transaction failed: Cipher GÂ∆ Shadow, 100 credits (91.1% chance)
2026-02-13 14:04:08 [[32minfo[39m]: Transaction successful: Hex GÂ∆ Crash, 100 credits (89.9% chance)
2026-02-13 14:04:08 [[32minfo[39m]: Transaction successful: Neon GÂ∆ Crash, 100 credits (90.9% chance)
2026-02-13 14:04:08 [[32minfo[39m]: Transaction successful: Crash GÂ∆ Hex, 100 credits (90.4% chance)
2026-02-13 14:04:08 [[32minfo[39m]: Transaction successful: Nova GÂ∆ Shadow, 100 credits (91.6% chance)
2026-02-13 14:04:08 [[32minfo[39m]: Transaction successful: Shadow GÂ∆ Hex, 100 credits (90.9% chance)
2026-02-13 14:04:08 [[32minfo[39m]: Transaction successful: Cipher GÂ∆ Crash, 100 credits (91.1% chance)
2026-02-13 14:04:08 [[32minfo[39m]: Transaction successful: Cipher GÂ∆ Neon, 100 credits (90.9% chance)
2026-02-13 14:04:08 [[32minfo[39m]: Transaction failed: Hex GÂ∆ Cipher, 100 credits (91.0% chance)
2026-02-13 14:04:08 [[32minfo[39m]: Transaction successful: Neon GÂ∆ Crash, 100 credits (92.3% chance)
2026-02-13 14:04:08 [[32minfo[39m]: Transaction successful: Neon GÂ∆ Nova, 100 credits (92.0% chance)
2026-02-13 14:04:08 [[32minfo[39m]: Transaction successful: Crash GÂ∆ Hex, 100 credits (91.4% chance)
2026-02-13 14:04:08 [[32minfo[39m]: Initializing 10 agents with initial balance 508
2026-02-13 14:04:08 [[32minfo[39m]: Successfully initialized 10 agents
2026-02-13 14:04:08 [[32minfo[39m]: Transaction successful: Vex GÂ∆ Razor, 100 credits (90.8% chance)
2026-02-13 14:04:08 [[32minfo[39m]: Transaction successful: Wraith GÂ∆ Kode, 100 credits (89.3% chance)
2026-02-13 14:04:08 [[32minfo[39m]: Transaction successful: Wraith GÂ∆ Kode, 100 credits (89.8% chance)
2026-02-13 14:04:08 [[32minfo[39m]: Transaction successful: Vex GÂ∆ Wraith, 100 credits (90.9% chance)
2026-02-13 14:04:08 [[32minfo[39m]: Transaction failed: Viper GÂ∆ Frost, 100 credits (90.0% chance)
2026-02-13 14:04:08 [[32minfo[39m]: Transaction successful: Cipher GÂ∆ Edge, 100 credits (89.6% chance)
2026-02-13 14:04:08 [[32minfo[39m]: Transaction successful: Kode GÂ∆ Viper, 100 credits (89.4% chance)
2026-02-13 14:04:08 [[32minfo[39m]: Transaction failed: Kode GÂ∆ Viper, 100 credits (89.9% chance)
2026-02-13 14:04:08 [[32minfo[39m]: Transaction successful: Apex GÂ∆ Kode, 100 credits (90.7% chance)
2026-02-13 14:04:08 [[32minfo[39m]: Transaction successful: Kode GÂ∆ Frost, 100 credits (91.8% chance)
2026-02-13 14:04:08 [[32minfo[39m]: Transaction successful: Razor GÂ∆ Onyx, 100 credits (90.0% chance)
2026-02-13 14:04:08 [[32minfo[39m]: Transaction failed: Viper GÂ∆ Edge, 100 credits (89.6% chance)
2026-02-13 14:04:08 [[32minfo[39m]: Transaction successful: Frost GÂ∆ Kode, 100 credits (92.2% chance)
2026-02-13 14:04:08 [[32minfo[39m]: Transaction successful: Viper GÂ∆ Edge, 100 credits (88.7% chance)
2026-02-13 14:04:08 [[32minfo[39m]: Transaction failed: Viper GÂ∆ Frost, 100 credits (89.9% chance)
2026-02-13 14:04:08 [[32minfo[39m]: Transaction successful: Cipher GÂ∆ Edge, 100 credits (90.9% chance)
2026-02-13 14:04:08 [[32minfo[39m]: Transaction successful: Razor GÂ∆ Cipher, 100 credits (90.9% chance)
2026-02-13 14:04:08 [[32minfo[39m]: Transaction successful: Razor GÂ∆ Onyx, 100 credits (90.8% chance)
2026-02-13 14:04:08 [[32minfo[39m]: Transaction successful: Viper GÂ∆ Frost, 100 credits (89.3% chance)
2026-02-13 14:04:08 [[32minfo[39m]: Transaction successful: Wraith GÂ∆ Apex, 100 credits (90.5% chance)
2026-02-13 14:04:08 [[32minfo[39m]: Initializing 4 agents with initial balance 3740
2026-02-13 14:04:08 [[32minfo[39m]: Successfully initialized 4 agents
2026-02-13 14:04:08 [[32minfo[39m]: Transaction successful: Flux GÂ∆ Lynx, 100 credits (88.7% chance)
2026-02-13 14:04:08 [[32minfo[39m]: Transaction successful: Dagger GÂ∆ Lynx, 100 credits (88.9% chance)
2026-02-13 14:04:08 [[32minfo[39m]: Transaction successful: Flux GÂ∆ Dagger, 100 credits (89.8% chance)
2026-02-13 14:04:08 [[32minfo[39m]: Transaction failed: Dagger GÂ∆ Flux, 100 credits (90.5% chance)
2026-02-13 14:04:08 [[32minfo[39m]: Transaction successful: Flux GÂ∆ Dagger, 100 credits (90.1% chance)
2026-02-13 14:04:08 [[32minfo[39m]: Transaction successful: Flux GÂ∆ Lynx, 100 credits (90.8% chance)
2026-02-13 14:04:08 [[32minfo[39m]: Transaction successful: Spike GÂ∆ Dagger, 100 credits (90.1% chance)
2026-02-13 14:04:08 [[32minfo[39m]: Transaction successful: Spike GÂ∆ Flux, 100 credits (91.4% chance)
2026-02-13 14:04:08 [[32minfo[39m]: Transaction successful: Flux GÂ∆ Dagger, 100 credits (91.5% chance)
2026-02-13 14:04:08 [[32minfo[39m]: Transaction successful: Dagger GÂ∆ Lynx, 100 credits (90.6% chance)
2026-02-13 14:04:08 [[32minfo[39m]: Transaction successful: Dagger GÂ∆ Spike, 100 credits (91.4% chance)
2026-02-13 14:04:08 [[32minfo[39m]: Transaction successful: Flux GÂ∆ Lynx, 100 credits (92.1% chance)
2026-02-13 14:04:08 [[32minfo[39m]: Transaction successful: Dagger GÂ∆ Spike, 100 credits (91.9% chance)
2026-02-13 14:04:08 [[32minfo[39m]: Initializing 7 agents with initial balance 509
2026-02-13 14:04:08 [[32minfo[39m]: Successfully initialized 7 agents
2026-02-13 14:04:08 [[32minfo[39m]: Transaction successful: Zero GÂ∆ Razor, 100 credits (90.0% chance)
2026-02-13 14:04:08 [[32minfo[39m]: Transaction successful: Vex GÂ∆ Onyx, 100 credits (89.6% chance)
2026-02-13 14:04:08 [[32minfo[39m]: Transaction successful: Razor GÂ∆ Vex, 100 credits (89.5% chance)
2026-02-13 14:04:08 [[32minfo[39m]: Initializing 9 agents with initial balance 4449
2026-02-13 14:04:08 [[32minfo[39m]: Successfully initialized 9 agents
2026-02-13 14:04:08 [[32minfo[39m]: Transaction successful: Cipher GÂ∆ Vex, 100 credits (90.8% chance)
2026-02-13 14:04:08 [[32minfo[39m]: Transaction failed: Kode GÂ∆ Viper, 100 credits (90.9% chance)
2026-02-13 14:04:08 [[32minfo[39m]: Transaction successful: Neon GÂ∆ Cipher, 100 credits (90.9% chance)
2026-02-13 14:04:08 [[32minfo[39m]: Transaction successful: Flux GÂ∆ Cipher, 100 credits (90.6% chance)
2026-02-13 14:04:08 [[32minfo[39m]: Transaction successful: Kode GÂ∆ Hex, 100 credits (89.0% chance)
2026-02-13 14:04:08 [[32minfo[39m]: Transaction successful: Viper GÂ∆ Vex, 100 credits (91.3% chance)
2026-02-13 14:04:08 [[32minfo[39m]: Transaction successful: Hex GÂ∆ Kode, 100 credits (89.2% chance)
2026-02-13 14:04:08 [[32minfo[39m]: Transaction successful: Lynx GÂ∆ Vex, 100 credits (91.1% chance)
2026-02-13 14:04:08 [[32minfo[39m]: Transaction successful: Cipher GÂ∆ Lynx, 100 credits (91.9% chance)
2026-02-13 14:04:08 [[32minfo[39m]: Transaction successful: Vex GÂ∆ Trace, 100 credits (91.9% chance)
2026-02-13 14:04:08 [[32minfo[39m]: Transaction successful: Kode GÂ∆ Vex, 100 credits (91.6% chance)
2026-02-13 14:04:08 [[32minfo[39m]: Transaction successful: Trace GÂ∆ Neon, 100 credits (91.2% chance)
2026-02-13 14:04:08 [[32minfo[39m]: Transaction successful: Trace GÂ∆ Lynx, 100 credits (92.3% chance)
2026-02-13 14:04:08 [[32minfo[39m]: Transaction successful: Lynx GÂ∆ Hex, 100 credits (90.8% chance)
2026-02-13 14:04:08 [[32minfo[39m]: Transaction successful: Flux GÂ∆ Neon, 100 credits (89.9% chance)
2026-02-13 14:04:08 [[32minfo[39m]: Transaction successful: Flux GÂ∆ Viper, 100 credits (91.0% chance)
2026-02-13 14:04:08 [[32minfo[39m]: Transaction successful: Lynx GÂ∆ Cipher, 100 credits (92.8% chance)
2026-02-13 14:04:08 [[32minfo[39m]: Transaction successful: Neon GÂ∆ Kode, 100 credits (91.1% chance)
2026-02-13 14:04:08 [[32minfo[39m]: Transaction successful: Flux GÂ∆ Neon, 100 credits (91.3% chance)
2026-02-13 14:04:08 [[32minfo[39m]: Initializing 2 agents with initial balance 4762
2026-02-13 14:04:08 [[32minfo[39m]: Successfully initialized 2 agents
2026-02-13 14:04:08 [[32minfo[39m]: Transaction successful: Echo GÂ∆ Raven, 100 credits (89.7% chance)
2026-02-13 14:04:08 [[32minfo[39m]: Initializing 8 agents with initial balance 754
2026-02-13 14:04:08 [[32minfo[39m]: Successfully initialized 8 agents
2026-02-13 14:04:08 [[32minfo[39m]: Transaction successful: Blade GÂ∆ Vex, 100 credits (91.4% chance)
2026-02-13 14:04:08 [[32minfo[39m]: Transaction successful: Apex GÂ∆ Razor, 100 credits (89.4% chance)
2026-02-13 14:04:08 [[32minfo[39m]: Transaction successful: Apex GÂ∆ Kode, 100 credits (88.6% chance)
2026-02-13 14:04:08 [[32minfo[39m]: Initializing 2 agents with initial balance 2933
2026-02-13 14:04:08 [[32minfo[39m]: Successfully initialized 2 agents
2026-02-13 14:04:08 [[32minfo[39m]: Transaction successful: Apex GÂ∆ Onyx, 100 credits (90.2% chance)
2026-02-13 14:04:08 [[32minfo[39m]: Transaction failed: Apex GÂ∆ Onyx, 100 credits (90.4% chance)
2026-02-13 14:04:08 [[32minfo[39m]: Transaction successful: Onyx GÂ∆ Apex, 100 credits (90.1% chance)
2026-02-13 14:04:08 [[32minfo[39m]: Transaction successful: Apex GÂ∆ Onyx, 100 credits (90.8% chance)
2026-02-13 14:04:08 [[32minfo[39m]: Initializing 7 agents with initial balance 4395
2026-02-13 14:04:08 [[32minfo[39m]: Successfully initialized 7 agents
2026-02-13 14:04:08 [[32minfo[39m]: Transaction successful: Lynx GÂ∆ Spike, 100 credits (89.5% chance)
2026-02-13 14:04:08 [[32minfo[39m]: Transaction successful: Trace GÂ∆ Wraith, 100 credits (90.1% chance)
2026-02-13 14:04:08 [[32minfo[39m]: Transaction successful: Frost GÂ∆ Spike, 100 credits (90.0% chance)
2026-02-13 14:04:08 [[32minfo[39m]: Initializing 4 agents with initial balance 1850
2026-02-13 14:04:08 [[32minfo[39m]: Successfully initialized 4 agents
2026-02-13 14:04:08 [[32minfo[39m]: Transaction failed: Wraith GÂ∆ Lynx, 100 credits (89.5% chance)
2026-02-13 14:04:08 [[32minfo[39m]: Transaction successful: Lynx GÂ∆ Nova, 100 credits (89.2% chance)
2026-02-13 14:04:08 [[32minfo[39m]: Transaction successful: Lynx GÂ∆ Jinx, 100 credits (90.6% chance)
2026-02-13 14:04:08 [[32minfo[39m]: Transaction successful: Lynx GÂ∆ Nova, 100 credits (90.0% chance)
2026-02-13 14:04:08 [[32minfo[39m]: Transaction successful: Nova GÂ∆ Jinx, 100 credits (91.1% chance)
2026-02-13 14:04:08 [[32minfo[39m]: Transaction successful: Lynx GÂ∆ Jinx, 100 credits (91.9% chance)
2026-02-13 14:04:08 [[32minfo[39m]: Transaction successful: Jinx GÂ∆ Lynx, 100 credits (92.6% chance)
2026-02-13 14:04:08 [[32minfo[39m]: Transaction successful: Jinx GÂ∆ Lynx, 100 credits (93.3% chance)
2026-02-13 14:04:08 [[32minfo[39m]: Transaction successful: Lynx GÂ∆ Nova, 100 credits (92.0% chance)
2026-02-13 14:04:08 [[32minfo[39m]: Transaction successful: Jinx GÂ∆ Nova, 100 credits (93.1% chance)
2026-02-13 14:04:08 [[32minfo[39m]: Transaction successful: Lynx GÂ∆ Jinx, 100 credits (94.5% chance)
2026-02-13 14:04:08 [[32minfo[39m]: Transaction successful: Wraith GÂ∆ Lynx, 100 credits (91.5% chance)
2026-02-13 14:04:08 [[32minfo[39m]: Transaction successful: Nova GÂ∆ Lynx, 100 credits (93.5% chance)
2026-02-13 14:04:08 [[32minfo[39m]: Transaction successful: Nova GÂ∆ Jinx, 100 credits (94.6% chance)
2026-02-13 14:04:08 [[32minfo[39m]: Transaction successful: Wraith GÂ∆ Jinx, 100 credits (93.1% chance)
2026-02-13 14:04:08 [[32minfo[39m]: Transaction successful: Lynx GÂ∆ Nova, 100 credits (94.6% chance)
2026-02-13 14:04:08 [[32minfo[39m]: Initializing 8 agents with initial balance 501
2026-02-13 14:04:08 [[32minfo[39m]: Successfully initialized 8 agents
2026-02-13 14:04:08 [[32minfo[39m]: Transaction successful: Cipher GÂ∆ Kode, 100 credits (91.9% chance)
2026-02-13 14:04:08 [[32minfo[39m]: Transaction successful: Dagger GÂ∆ Frost, 100 credits (88.8% chance)
2026-02-13 14:04:08 [[32minfo[39m]: Transaction successful: Frost GÂ∆ Dagger, 100 credits (89.1% chance)
2026-02-13 14:04:08 [[32minfo[39m]: Transaction successful: Cipher GÂ∆ Kode, 100 credits (92.9% chance)
2026-02-13 14:04:08 [[32minfo[39m]: Transaction successful: Nova GÂ∆ Apex, 100 credits (89.2% chance)
2026-02-13 14:04:08 [[32minfo[39m]: Transaction successful: Flux GÂ∆ Nova, 100 credits (89.3% chance)
2026-02-13 14:04:08 [[32minfo[39m]: Transaction successful: Frost GÂ∆ Flux, 100 credits (89.4% chance)
2026-02-13 14:04:08 [[32minfo[39m]: Transaction successful: Flux GÂ∆ Kode, 100 credits (91.2% chance)
2026-02-13 14:04:08 [[32minfo[39m]: Transaction successful: Flux GÂ∆ Kode, 100 credits (91.8% chance)
2026-02-13 14:04:08 [[32minfo[39m]: Transaction failed: Kode GÂ∆ Dagger, 100 credits (91.5% chance)
2026-02-13 14:04:08 [[32minfo[39m]: Initializing 5 agents with initial balance 2886
2026-02-13 14:04:08 [[32minfo[39m]: Successfully initialized 5 agents
2026-02-13 14:04:08 [[32minfo[39m]: Transaction successful: Echo GÂ∆ Lynx, 100 credits (90.3% chance)
2026-02-13 14:04:08 [[32minfo[39m]: Transaction successful: Blade GÂ∆ Shadow, 100 credits (91.3% chance)
2026-02-13 14:04:08 [[32minfo[39m]: Transaction successful: Blade GÂ∆ Echo, 100 credits (91.3% chance)
2026-02-13 14:04:08 [[32minfo[39m]: Initializing 3 agents with initial balance 1103
2026-02-13 14:04:08 [[32minfo[39m]: Successfully initialized 3 agents
2026-02-13 14:04:08 [[32minfo[39m]: Transaction successful: Zero GÂ∆ Flux, 100 credits (91.5% chance)
2026-02-13 14:04:08 [[32minfo[39m]: Transaction successful: Zero GÂ∆ Flux, 100 credits (92.2% chance)
2026-02-13 14:04:08 [[32minfo[39m]: Transaction successful: Crash GÂ∆ Flux, 100 credits (90.6% chance)
2026-02-13 14:04:08 [[32minfo[39m]: Transaction failed: Flux GÂ∆ Crash, 100 credits (91.2% chance)
2026-02-13 14:04:08 [[32minfo[39m]: Transaction successful: Zero GÂ∆ Flux, 100 credits (91.9% chance)
2026-02-13 14:04:08 [[32minfo[39m]: Transaction successful: Zero GÂ∆ Crash, 100 credits (90.6% chance)
2026-02-13 14:04:08 [[32minfo[39m]: Transaction successful: Zero GÂ∆ Crash, 100 credits (91.3% chance)
2026-02-13 14:04:08 [[32minfo[39m]: Transaction successful: Crash GÂ∆ Zero, 100 credits (92.2% chance)
2026-02-13 14:04:08 [[32minfo[39m]: Transaction successful: Flux GÂ∆ Zero, 100 credits (93.3% chance)
2026-02-13 14:04:08 [[32minfo[39m]: Initializing 2 agents with initial balance 503
2026-02-13 14:04:08 [[32minfo[39m]: Successfully initialized 2 agents
2026-02-13 14:04:08 [[32minfo[39m]: Transaction successful: Pulse GÂ∆ Trace, 100 credits (90.3% chance)
2026-02-13 14:04:08 [[32minfo[39m]: Initializing 2 agents with initial balance 504
2026-02-13 14:04:08 [[32minfo[39m]: Successfully initialized 2 agents
2026-02-13 14:04:08 [[32minfo[39m]: Transaction successful: Neon GÂ∆ Kode, 100 credits (88.1% chance)
2026-02-13 14:04:08 [[32minfo[39m]: Transaction successful: Kode GÂ∆ Neon, 100 credits (88.7% chance)
2026-02-13 14:04:08 [[32minfo[39m]: Transaction failed: Neon GÂ∆ Kode, 100 credits (89.2% chance)
2026-02-13 14:04:08 [[32minfo[39m]: Transaction successful: Kode GÂ∆ Neon, 100 credits (88.6% chance)
2026-02-13 14:04:08 [[32minfo[39m]: Transaction successful: Neon GÂ∆ Kode, 100 credits (89.2% chance)
2026-02-13 14:04:08 [[32minfo[39m]: Transaction successful: Neon GÂ∆ Kode, 100 credits (89.4% chance)
2026-02-13 14:04:08 [[32minfo[39m]: Transaction successful: Kode GÂ∆ Neon, 100 credits (89.9% chance)
2026-02-13 14:04:08 [[32minfo[39m]: Transaction successful: Neon GÂ∆ Kode, 100 credits (90.3% chance)
2026-02-13 14:04:08 [[32minfo[39m]: Transaction successful: Kode GÂ∆ Neon, 100 credits (91.1% chance)
2026-02-13 14:04:08 [[32minfo[39m]: Transaction successful: Neon GÂ∆ Kode, 100 credits (91.9% chance)
2026-02-13 14:04:08 [[32minfo[39m]: Initializing 9 agents with initial balance 504
2026-02-13 14:04:08 [[32minfo[39m]: Successfully initialized 9 agents
2026-02-13 14:04:08 [[32minfo[39m]: Transaction failed: Trace GÂ∆ Dagger, 100 credits (89.6% chance)
2026-02-13 14:04:08 [[32minfo[39m]: Transaction successful: Vex GÂ∆ Onyx, 100 credits (88.8% chance)
2026-02-13 14:04:08 [[32minfo[39m]: Transaction successful: Neon GÂ∆ Trace, 100 credits (89.0% chance)
2026-02-13 14:04:08 [[32minfo[39m]: Transaction successful: Zero GÂ∆ Trace, 100 credits (88.3% chance)
2026-02-13 14:04:08 [[32minfo[39m]: Transaction successful: Viper GÂ∆ Zero, 100 credits (89.3% chance)
2026-02-13 14:04:08 [[32minfo[39m]: Transaction successful: Dagger GÂ∆ Vex, 100 credits (89.7% chance)
2026-02-13 14:04:08 [[32minfo[39m]: Transaction successful: Viper GÂ∆ Onyx, 100 credits (89.3% chance)
2026-02-13 14:04:08 [[32minfo[39m]: Transaction successful: Vex GÂ∆ Dagger, 100 credits (90.7% chance)
2026-02-13 14:04:08 [[32minfo[39m]: Transaction successful: Onyx GÂ∆ Trace, 100 credits (89.2% chance)
2026-02-13 14:04:08 [[32minfo[39m]: Transaction successful: Zero GÂ∆ Onyx, 100 credits (90.3% chance)
2026-02-13 14:04:08 [[32minfo[39m]: Transaction successful: Onyx GÂ∆ Neon, 100 credits (91.0% chance)
2026-02-13 14:04:08 [[32minfo[39m]: Transaction failed: Trace GÂ∆ Onyx, 100 credits (90.6% chance)
2026-02-13 14:04:08 [[32minfo[39m]: Transaction successful: Trace GÂ∆ Neon, 100 credits (89.6% chance)
2026-02-13 14:04:08 [[32minfo[39m]: Transaction successful: Onyx GÂ∆ Spike, 100 credits (90.1% chance)
2026-02-13 14:04:08 [[32minfo[39m]: Transaction successful: Zero GÂ∆ Spike, 100 credits (89.8% chance)
2026-02-13 14:04:08 [[32minfo[39m]: Transaction successful: Viper GÂ∆ Trace, 100 credits (89.3% chance)
2026-02-13 14:04:08 [[32minfo[39m]: Initializing 3 agents with initial balance 2967
2026-02-13 14:04:08 [[32minfo[39m]: Successfully initialized 3 agents
2026-02-13 14:04:08 [[32minfo[39m]: Transaction successful: Hex GÂ∆ Pulse, 100 credits (89.0% chance)
2026-02-13 14:04:08 [[32minfo[39m]: Transaction successful: Cipher GÂ∆ Pulse, 100 credits (91.4% chance)
2026-02-13 14:04:08 [[32minfo[39m]: Transaction successful: Hex GÂ∆ Pulse, 100 credits (90.0% chance)
2026-02-13 14:04:08 [[32minfo[39m]: Transaction successful: Pulse GÂ∆ Hex, 100 credits (90.5% chance)
2026-02-13 14:04:08 [[32minfo[39m]: Transaction failed: Pulse GÂ∆ Cipher, 100 credits (92.5% chance)
2026-02-13 14:04:08 [[32minfo[39m]: Transaction successful: Hex GÂ∆ Pulse, 100 credits (90.5% chance)
2026-02-13 14:04:08 [[32minfo[39m]: Transaction successful: Pulse GÂ∆ Cipher, 100 credits (92.3% chance)
2026-02-13 14:04:08 [[32minfo[39m]: Transaction successful: Pulse GÂ∆ Hex, 100 credits (91.6% chance)
2026-02-13 14:04:08 [[32minfo[39m]: Transaction successful: Pulse GÂ∆ Hex, 100 credits (91.8% chance)
2026-02-13 14:04:08 [[32minfo[39m]: Transaction successful: Pulse GÂ∆ Hex, 100 credits (92.6% chance)
2026-02-13 14:04:08 [[32minfo[39m]: Transaction successful: Pulse GÂ∆ Hex, 100 credits (93.2% chance)
2026-02-13 14:04:08 [[32minfo[39m]: Transaction successful: Hex GÂ∆ Pulse, 100 credits (93.9% chance)
2026-02-13 14:04:08 [[32minfo[39m]: Transaction successful: Cipher GÂ∆ Hex, 100 credits (92.2% chance)
2026-02-13 14:04:08 [[32minfo[39m]: Transaction successful: Pulse GÂ∆ Hex, 100 credits (94.8% chance)
2026-02-13 14:04:08 [[32minfo[39m]: Transaction successful: Cipher GÂ∆ Pulse, 100 credits (94.9% chance)
2026-02-13 14:04:08 [[32minfo[39m]: Transaction successful: Cipher GÂ∆ Pulse, 100 credits (95.0% chance)
2026-02-13 14:04:08 [[32minfo[39m]: Transaction successful: Pulse GÂ∆ Cipher, 100 credits (95.0% chance)
2026-02-13 14:04:08 [[32minfo[39m]: Transaction successful: Hex GÂ∆ Pulse, 100 credits (95.0% chance)
2026-02-13 14:04:08 [[32minfo[39m]: Initializing 6 agents with initial balance 502
2026-02-13 14:04:08 [[32minfo[39m]: Successfully initialized 6 agents
2026-02-13 14:04:08 [[32minfo[39m]: Transaction successful: Pulse GÂ∆ Viper, 100 credits (89.9% chance)
2026-02-13 14:04:08 [[32minfo[39m]: Transaction successful: Byte GÂ∆ Pulse, 100 credits (89.9% chance)
2026-02-13 14:04:08 [[32minfo[39m]: Transaction successful: Byte GÂ∆ Edge, 100 credits (90.1% chance)
2026-02-13 14:04:08 [[32minfo[39m]: Transaction successful: Zero GÂ∆ Viper, 100 credits (90.9% chance)
2026-02-13 14:04:08 [[32minfo[39m]: Transaction successful: Zero GÂ∆ Byte, 100 credits (91.1% chance)
2026-02-13 14:04:08 [[32minfo[39m]: Transaction successful: Zero GÂ∆ Lynx, 100 credits (91.6% chance)
2026-02-13 14:04:08 [[32minfo[39m]: Transaction successful: Zero GÂ∆ Byte, 74 credits (91.9% chance)
2026-02-13 14:04:08 [[32minfo[39m]: Transaction successful: Pulse GÂ∆ Byte, 100 credits (91.2% chance)
2026-02-13 14:04:08 [[32minfo[39m]: Transaction successful: Zero GÂ∆ Byte, 37 credits (92.6% chance)
2026-02-13 14:04:08 [[32minfo[39m]: Transaction successful: Pulse GÂ∆ Zero, 100 credits (92.7% chance)
2026-02-13 14:04:08 [[32minfo[39m]: Transaction successful: Viper GÂ∆ Byte, 100 credits (91.7% chance)
2026-02-13 14:04:08 [[32minfo[39m]: Transaction failed: Viper GÂ∆ Edge, 100 credits (91.5% chance)
2026-02-13 14:04:08 [[32minfo[39m]: Transaction successful: Byte GÂ∆ Pulse, 100 credits (92.6% chance)
2026-02-13 14:04:08 [[32minfo[39m]: Transaction successful: Pulse GÂ∆ Viper, 100 credits (91.8% chance)
2026-02-13 14:04:08 [[32minfo[39m]: Transaction successful: Zero GÂ∆ Byte, 69 credits (94.1% chance)
2026-02-13 14:04:08 [[32minfo[39m]: Transaction successful: Pulse GÂ∆ Viper, 100 credits (92.2% chance)
2026-02-13 14:04:08 [[32minfo[39m]: Transaction successful: Byte GÂ∆ Edge, 100 credits (92.6% chance)
2026-02-13 14:04:08 [[32minfo[39m]: Transaction successful: Viper GÂ∆ Pulse, 100 credits (93.1% chance)
2026-02-13 14:04:08 [[32minfo[39m]: Transaction successful: Viper GÂ∆ Edge, 100 credits (92.5% chance)
2026-02-13 14:04:08 [[32minfo[39m]: Initializing 6 agents with initial balance 2984
2026-02-13 14:04:08 [[32minfo[39m]: Successfully initialized 6 agents
2026-02-13 14:04:08 [[32minfo[39m]: Transaction successful: Frost GÂ∆ Viper, 100 credits (89.0% chance)
2026-02-13 14:04:08 [[32minfo[39m]: Transaction successful: Onyx GÂ∆ Echo, 100 credits (90.1% chance)
2026-02-13 14:04:08 [[32minfo[39m]: Transaction successful: Echo GÂ∆ Frost, 100 credits (88.9% chance)
2026-02-13 14:04:08 [[32minfo[39m]: Transaction successful: Viper GÂ∆ Apex, 100 credits (89.7% chance)
2026-02-13 14:04:08 [[32minfo[39m]: Transaction successful: Hex GÂ∆ Echo, 100 credits (90.9% chance)
2026-02-13 14:04:08 [[32minfo[39m]: Transaction successful: Onyx GÂ∆ Hex, 100 credits (92.7% chance)
2026-02-13 14:04:08 [[32minfo[39m]: Transaction successful: Hex GÂ∆ Echo, 100 credits (91.9% chance)
2026-02-13 14:04:08 [[32minfo[39m]: Transaction successful: Onyx GÂ∆ Frost, 100 credits (91.5% chance)
2026-02-13 14:04:08 [[32minfo[39m]: Transaction successful: Apex GÂ∆ Onyx, 100 credits (91.8% chance)
2026-02-13 14:04:08 [[32minfo[39m]: Transaction successful: Apex GÂ∆ Hex, 100 credits (91.9% chance)
2026-02-13 14:04:08 [[32minfo[39m]: Transaction successful: Frost GÂ∆ Apex, 100 credits (91.0% chance)
2026-02-13 14:04:08 [[32minfo[39m]: Transaction successful: Apex GÂ∆ Frost, 100 credits (91.8% chance)
2026-02-13 14:04:08 [[32minfo[39m]: Transaction successful: Onyx GÂ∆ Frost, 100 credits (92.9% chance)
2026-02-13 14:04:08 [[32minfo[39m]: Transaction successful: Apex GÂ∆ Echo, 100 credits (92.0% chance)
2026-02-13 14:04:08 [[32minfo[39m]: Transaction successful: Viper GÂ∆ Apex, 100 credits (92.7% chance)
2026-02-13 14:04:08 [[32minfo[39m]: Transaction successful: Apex GÂ∆ Hex, 100 credits (93.8% chance)
2026-02-13 14:04:08 [[32minfo[39m]: Transaction successful: Apex GÂ∆ Onyx, 100 credits (94.9% chance)
2026-02-13 14:04:08 [[32minfo[39m]: Transaction successful: Viper GÂ∆ Onyx, 100 credits (93.8% chance)
2026-02-13 14:04:08 [[32minfo[39m]: Transaction successful: Apex GÂ∆ Echo, 100 credits (93.6% chance)
2026-02-13 14:04:08 [[32minfo[39m]: Initializing 8 agents with initial balance 1570
2026-02-13 14:04:08 [[32minfo[39m]: Successfully initialized 8 agents
2026-02-13 14:04:08 [[32minfo[39m]: Transaction successful: Vex GÂ∆ Frost, 100 credits (90.3% chance)
2026-02-13 14:04:08 [[32minfo[39m]: Transaction successful: Shadow GÂ∆ Onyx, 100 credits (91.4% chance)
2026-02-13 14:04:08 [[32minfo[39m]: Transaction successful: Apex GÂ∆ Shadow, 100 credits (90.9% chance)
2026-02-13 14:04:08 [[32minfo[39m]: Transaction successful: Trace GÂ∆ Vex, 100 credits (91.1% chance)
2026-02-13 14:04:08 [[32minfo[39m]: Transaction successful: Raven GÂ∆ Trace, 100 credits (90.3% chance)
2026-02-13 14:04:08 [[32minfo[39m]: Transaction successful: Raven GÂ∆ Shadow, 100 credits (91.2% chance)
2026-02-13 14:04:08 [[32minfo[39m]: Transaction successful: Frost GÂ∆ Vex, 100 credits (90.6% chance)
2026-02-13 14:04:08 [[32minfo[39m]: Transaction successful: Trace GÂ∆ Onyx, 100 credits (92.3% chance)
2026-02-13 14:04:08 [[32minfo[39m]: Transaction successful: Quantum GÂ∆ Frost, 100 credits (89.7% chance)
2026-02-13 14:04:08 [[32minfo[39m]: Transaction failed: Shadow GÂ∆ Quantum, 100 credits (91.7% chance)
2026-02-13 14:04:08 [[32minfo[39m]: Transaction failed: Raven GÂ∆ Vex, 100 credits (91.1% chance)
2026-02-13 14:04:08 [[32minfo[39m]: Transaction successful: Apex GÂ∆ Quantum, 100 credits (90.4% chance)
2026-02-13 14:04:08 [[32minfo[39m]: Transaction failed: Raven GÂ∆ Shadow, 100 credits (90.0% chance)
2026-02-13 14:04:08 [[32minfo[39m]: Transaction successful: Quantum GÂ∆ Raven, 100 credits (89.0% chance)
2026-02-13 14:04:08 [[32minfo[39m]: Transaction successful: Quantum GÂ∆ Onyx, 100 credits (92.2% chance)
2026-02-13 14:04:08 [[32minfo[39m]: Transaction successful: Quantum GÂ∆ Onyx, 100 credits (92.6% chance)
2026-02-13 14:04:08 [[32minfo[39m]: Transaction failed: Frost GÂ∆ Raven, 100 credits (88.8% chance)
2026-02-13 14:04:08 [[32minfo[39m]: Transaction failed: Frost GÂ∆ Vex, 100 credits (90.7% chance)
2026-02-13 14:04:08 [[32minfo[39m]: Transaction successful: Trace GÂ∆ Quantum, 100 credits (92.2% chance)
2026-02-13 14:04:08 [[32minfo[39m]: Initializing 10 agents with initial balance 4998
2026-02-13 14:04:08 [[32minfo[39m]: Successfully initialized 10 agents
2026-02-13 14:04:08 [[32minfo[39m]: Transaction successful: Neon GÂ∆ Flux, 100 credits (90.2% chance)
2026-02-13 14:04:08 [[32minfo[39m]: Transaction successful: Pulse GÂ∆ Neon, 100 credits (89.4% chance)
2026-02-13 14:04:08 [[32minfo[39m]: Transaction successful: Spike GÂ∆ Maze, 100 credits (89.8% chance)
2026-02-13 14:04:08 [[32minfo[39m]: Transaction failed: Apex GÂ∆ Neon, 100 credits (90.8% chance)
2026-02-13 14:04:08 [[32minfo[39m]: Transaction successful: Edge GÂ∆ Zero, 100 credits (89.5% chance)
2026-02-13 14:04:08 [[32minfo[39m]: Transaction successful: Maze GÂ∆ Apex, 100 credits (90.4% chance)
2026-02-13 14:04:08 [[32minfo[39m]: Transaction successful: Apex GÂ∆ Zero, 100 credits (90.4% chance)
2026-02-13 14:04:08 [[32minfo[39m]: Transaction successful: Spike GÂ∆ Pulse, 100 credits (90.0% chance)
2026-02-13 14:04:08 [[32minfo[39m]: Transaction successful: Neon GÂ∆ Edge, 100 credits (90.6% chance)
2026-02-13 14:04:08 [[32minfo[39m]: Transaction successful: Zero GÂ∆ Maze, 100 credits (90.4% chance)
2026-02-13 14:04:08 [[32minfo[39m]: Transaction successful: Flux GÂ∆ Maze, 100 credits (91.4% chance)
2026-02-13 14:04:08 [[32minfo[39m]: Initializing 10 agents with initial balance 509
2026-02-13 14:04:08 [[32minfo[39m]: Successfully initialized 10 agents
2026-02-13 14:04:08 [[32minfo[39m]: Transaction successful: Quantum GÂ∆ Byte, 100 credits (90.1% chance)
2026-02-13 14:04:08 [[32minfo[39m]: Transaction successful: Zero GÂ∆ Viper, 100 credits (89.6% chance)
2026-02-13 14:04:08 [[32minfo[39m]: Transaction successful: Vex GÂ∆ Byte, 100 credits (90.6% chance)
2026-02-13 14:04:08 [[32minfo[39m]: Transaction successful: Cipher GÂ∆ Nova, 100 credits (90.9% chance)
2026-02-13 14:04:08 [[32minfo[39m]: Transaction successful: Cipher GÂ∆ Zero, 100 credits (92.0% chance)
2026-02-13 14:04:08 [[32minfo[39m]: Transaction failed: Vex GÂ∆ Nova, 100 credits (90.6% chance)
2026-02-13 14:04:08 [[32minfo[39m]: Initializing 2 agents with initial balance 1892
2026-02-13 14:04:08 [[32minfo[39m]: Successfully initialized 2 agents
2026-02-13 14:04:08 [[32minfo[39m]: Transaction successful: Shadow GÂ∆ Ghost, 100 credits (89.9% chance)
2026-02-13 14:04:08 [[32minfo[39m]: Transaction successful: Shadow GÂ∆ Ghost, 100 credits (90.5% chance)
2026-02-13 14:04:08 [[32minfo[39m]: Transaction successful: Ghost GÂ∆ Shadow, 100 credits (91.5% chance)
2026-02-13 14:04:08 [[32minfo[39m]: Transaction successful: Shadow GÂ∆ Ghost, 100 credits (91.9% chance)
2026-02-13 14:04:08 [[32minfo[39m]: Transaction successful: Ghost GÂ∆ Shadow, 100 credits (92.2% chance)
2026-02-13 14:04:08 [[32minfo[39m]: Initializing 7 agents with initial balance 505
2026-02-13 14:04:08 [[32minfo[39m]: Successfully initialized 7 agents
2026-02-13 14:04:08 [[32minfo[39m]: Transaction successful: Maze GÂ∆ Spike, 100 credits (88.5% chance)
2026-02-13 14:04:08 [[32minfo[39m]: Transaction successful: Quantum GÂ∆ Trace, 100 credits (90.0% chance)
2026-02-13 14:04:08 [[32minfo[39m]: Transaction successful: Onyx GÂ∆ Trace, 100 credits (91.0% chance)
2026-02-13 14:04:08 [[32minfo[39m]: Transaction successful: Maze GÂ∆ Raven, 100 credits (89.3% chance)
2026-02-13 14:04:08 [[32minfo[39m]: Transaction successful: Spike GÂ∆ Maze, 100 credits (89.2% chance)
2026-02-13 14:04:08 [[32minfo[39m]: Transaction successful: Quantum GÂ∆ Trace, 100 credits (90.9% chance)
2026-02-13 14:04:08 [[32minfo[39m]: Transaction successful: Trace GÂ∆ Raven, 100 credits (92.0% chance)
2026-02-13 14:04:08 [[32minfo[39m]: Transaction successful: Spike GÂ∆ Raven, 100 credits (90.6% chance)
2026-02-13 14:04:08 [[32minfo[39m]: Transaction successful: Trace GÂ∆ Maze, 100 credits (91.7% chance)
2026-02-13 14:04:08 [[32minfo[39m]: Transaction successful: Wraith GÂ∆ Raven, 100 credits (92.0% chance)
2026-02-13 14:04:08 [[32minfo[39m]: Transaction failed: Raven GÂ∆ Quantum, 100 credits (91.2% chance)
2026-02-13 14:04:08 [[32minfo[39m]: Transaction successful: Spike GÂ∆ Onyx, 100 credits (90.8% chance)
2026-02-13 14:04:08 [[32minfo[39m]: Transaction successful: Spike GÂ∆ Onyx, 100 credits (91.6% chance)
2026-02-13 14:04:08 [[32minfo[39m]: Transaction successful: Onyx GÂ∆ Raven, 100 credits (92.0% chance)
2026-02-13 14:04:08 [[32minfo[39m]: Transaction successful: Quantum GÂ∆ Raven, 100 credits (90.3% chance)
2026-02-13 14:04:08 [[32minfo[39m]: Transaction successful: Maze GÂ∆ Trace, 100 credits (92.0% chance)
2026-02-13 14:04:08 [[32minfo[39m]: Initializing 8 agents with initial balance 4210
2026-02-13 14:04:08 [[32minfo[39m]: Successfully initialized 8 agents
2026-02-13 14:04:08 [[32minfo[39m]: Transaction successful: Crash GÂ∆ Viper, 100 credits (89.4% chance)
2026-02-13 14:04:08 [[32minfo[39m]: Transaction failed: Ghost GÂ∆ Blade, 100 credits (90.3% chance)
2026-02-13 14:04:08 [[32minfo[39m]: Transaction failed: Neon GÂ∆ Viper, 100 credits (88.8% chance)
2026-02-13 14:04:08 [[32minfo[39m]: Transaction successful: Blade GÂ∆ Pulse, 100 credits (88.8% chance)
2026-02-13 14:04:08 [[32minfo[39m]: Transaction successful: Crash GÂ∆ Pulse, 100 credits (89.8% chance)
2026-02-13 14:04:08 [[32minfo[39m]: Transaction successful: Blade GÂ∆ Neon, 100 credits (87.6% chance)
2026-02-13 14:04:08 [[32minfo[39m]: Transaction successful: Apex GÂ∆ Ghost, 100 credits (90.3% chance)
2026-02-13 14:04:08 [[32minfo[39m]: Transaction successful: Apex GÂ∆ Wraith, 100 credits (89.6% chance)
2026-02-13 14:04:08 [[32minfo[39m]: Transaction successful: Wraith GÂ∆ Ghost, 100 credits (91.0% chance)
2026-02-13 14:04:08 [[32minfo[39m]: Transaction successful: Wraith GÂ∆ Ghost, 100 credits (91.4% chance)
2026-02-13 14:04:08 [[32minfo[39m]: Transaction successful: Crash GÂ∆ Viper, 100 credits (90.3% chance)
2026-02-13 14:04:08 [[32minfo[39m]: Transaction failed: Wraith GÂ∆ Ghost, 100 credits (92.3% chance)
2026-02-13 14:04:08 [[32minfo[39m]: Transaction successful: Pulse GÂ∆ Wraith, 100 credits (89.5% chance)
2026-02-13 14:04:08 [[32minfo[39m]: Transaction successful: Viper GÂ∆ Wraith, 100 credits (90.1% chance)
2026-02-13 14:04:08 [[32minfo[39m]: Transaction successful: Viper GÂ∆ Apex, 100 credits (90.5% chance)
2026-02-13 14:04:08 [[32minfo[39m]: Transaction successful: Ghost GÂ∆ Pulse, 100 credits (91.8% chance)
2026-02-13 14:04:08 [[32minfo[39m]: Transaction successful: Pulse GÂ∆ Ghost, 100 credits (92.4% chance)
2026-02-13 14:04:08 [[32minfo[39m]: Transaction successful: Neon GÂ∆ Blade, 100 credits (88.1% chance)
2026-02-13 14:04:08 [[32minfo[39m]: Transaction successful: Wraith GÂ∆ Ghost, 100 credits (93.1% chance)
2026-02-13 14:04:08 [[32minfo[39m]: Initializing 8 agents with initial balance 1034
2026-02-13 14:04:08 [[32minfo[39m]: Successfully initialized 8 agents
2026-02-13 14:04:08 [[32minfo[39m]: Transaction failed: Neon GÂ∆ Apex, 100 credits (91.1% chance)
2026-02-13 14:04:08 [[32minfo[39m]: Transaction successful: Spike GÂ∆ Neon, 100 credits (89.3% chance)
2026-02-13 14:04:08 [[32minfo[39m]: Transaction successful: Neon GÂ∆ Blade, 100 credits (90.7% chance)
2026-02-13 14:04:08 [[32minfo[39m]: Transaction successful: Kode GÂ∆ Apex, 100 credits (90.8% chance)
2026-02-13 14:04:08 [[32minfo[39m]: Transaction successful: Cipher GÂ∆ Kode, 100 credits (90.2% chance)
2026-02-13 14:04:08 [[32minfo[39m]: Transaction successful: Neon GÂ∆ Echo, 100 credits (91.1% chance)
2026-02-13 14:04:08 [[32minfo[39m]: Transaction successful: Neon GÂ∆ Kode, 100 credits (91.7% chance)
2026-02-13 14:04:08 [[32minfo[39m]: Transaction successful: Neon GÂ∆ Lynx, 100 credits (90.2% chance)
2026-02-13 14:04:08 [[32minfo[39m]: Transaction successful: Spike GÂ∆ Lynx, 100 credits (89.0% chance)
2026-02-13 14:04:08 [[32minfo[39m]: Transaction successful: Spike GÂ∆ Blade, 100 credits (90.4% chance)
2026-02-13 14:04:08 [[32minfo[39m]: Transaction successful: Spike GÂ∆ Echo, 100 credits (91.0% chance)
2026-02-13 14:04:08 [[32minfo[39m]: Transaction successful: Apex GÂ∆ Lynx, 100 credits (90.5% chance)
2026-02-13 14:04:08 [[32minfo[39m]: Transaction successful: Blade GÂ∆ Cipher, 100 credits (91.1% chance)
2026-02-13 14:04:08 [[32minfo[39m]: Transaction successful: Spike GÂ∆ Apex, 100 credits (91.2% chance)
2026-02-13 14:04:08 [[32minfo[39m]: Transaction successful: Neon GÂ∆ Lynx, 100 credits (91.6% chance)
2026-02-13 14:04:08 [[32minfo[39m]: Transaction successful: Blade GÂ∆ Apex, 100 credits (92.9% chance)
2026-02-13 14:04:08 [[32minfo[39m]: Initializing 6 agents with initial balance 4413
2026-02-13 14:04:08 [[32minfo[39m]: Successfully initialized 6 agents
2026-02-13 14:04:08 [[32minfo[39m]: Transaction successful: Vex GÂ∆ Razor, 100 credits (88.9% chance)
2026-02-13 14:04:08 [[32minfo[39m]: Transaction successful: Shadow GÂ∆ Onyx, 100 credits (89.7% chance)
2026-02-13 14:04:08 [[32minfo[39m]: Transaction successful: Shadow GÂ∆ Vex, 100 credits (90.2% chance)
2026-02-13 14:04:08 [[32minfo[39m]: Transaction successful: Shadow GÂ∆ Razor, 100 credits (89.4% chance)
2026-02-13 14:04:08 [[32minfo[39m]: Transaction failed: Razor GÂ∆ Onyx, 100 credits (89.6% chance)
2026-02-13 14:04:08 [[32minfo[39m]: Transaction successful: Shadow GÂ∆ Echo, 100 credits (90.6% chance)
2026-02-13 14:04:08 [[32minfo[39m]: Transaction successful: Razor GÂ∆ Vex, 100 credits (89.3% chance)
2026-02-13 14:04:08 [[32minfo[39m]: Transaction successful: Shadow GÂ∆ Onyx, 100 credits (91.0% chance)
2026-02-13 14:04:08 [[32minfo[39m]: Transaction successful: Vex GÂ∆ Shadow, 100 credits (91.8% chance)
2026-02-13 14:04:08 [[32minfo[39m]: Transaction successful: Vex GÂ∆ Viper, 100 credits (91.1% chance)
2026-02-13 14:04:08 [[32minfo[39m]: Initializing 10 agents with initial balance 1002
2026-02-13 14:04:08 [[32minfo[39m]: Successfully initialized 10 agents
2026-02-13 14:04:08 [[32minfo[39m]: Transaction successful: Blade GÂ∆ Viper, 100 credits (90.2% chance)
2026-02-13 14:04:08 [[32minfo[39m]: Transaction successful: Quantum GÂ∆ Pulse, 100 credits (89.1% chance)
2026-02-13 14:04:08 [[32minfo[39m]: Transaction successful: Viper GÂ∆ Kode, 100 credits (90.0% chance)
2026-02-13 14:04:08 [[32minfo[39m]: Transaction successful: Blade GÂ∆ Maze, 100 credits (90.6% chance)
2026-02-13 14:04:08 [[32minfo[39m]: Transaction failed: Pulse GÂ∆ Jinx, 100 credits (89.6% chance)
2026-02-13 14:04:08 [[32minfo[39m]: Transaction successful: Apex GÂ∆ Blade, 100 credits (89.8% chance)
2026-02-13 14:04:08 [[32minfo[39m]: Transaction successful: Jinx GÂ∆ Apex, 100 credits (88.9% chance)
2026-02-13 14:04:08 [[32minfo[39m]: Transaction successful: Maze GÂ∆ Byte, 100 credits (91.7% chance)
2026-02-13 14:04:08 [[32minfo[39m]: Transaction successful: Jinx GÂ∆ Kode, 100 credits (89.0% chance)
2026-02-13 14:04:08 [[32minfo[39m]: Transaction successful: Byte GÂ∆ Kode, 100 credits (90.8% chance)
2026-02-13 14:04:08 [[32minfo[39m]: Transaction failed: Kode GÂ∆ Quantum, 100 credits (89.5% chance)
2026-02-13 14:04:08 [[32minfo[39m]: Transaction successful: Maze GÂ∆ Kode, 100 credits (90.7% chance)
2026-02-13 14:04:08 [[32minfo[39m]: Initializing 2 agents with initial balance 4993
2026-02-13 14:04:08 [[32minfo[39m]: Successfully initialized 2 agents
2026-02-13 14:04:08 [[32minfo[39m]: Transaction successful: Zero GÂ∆ Spike, 100 credits (90.9% chance)
2026-02-13 14:04:08 [[32minfo[39m]: Transaction successful: Zero GÂ∆ Spike, 100 credits (91.8% chance)
2026-02-13 14:04:08 [[32minfo[39m]: Transaction successful: Spike GÂ∆ Zero, 100 credits (92.7% chance)
2026-02-13 14:04:08 [[32minfo[39m]: Transaction successful: Zero GÂ∆ Spike, 100 credits (93.3% chance)
2026-02-13 14:04:08 [[32minfo[39m]: Transaction successful: Zero GÂ∆ Spike, 100 credits (93.9% chance)
2026-02-13 14:04:08 [[32minfo[39m]: Transaction successful: Spike GÂ∆ Zero, 100 credits (94.7% chance)
2026-02-13 14:04:08 [[32minfo[39m]: Transaction successful: Spike GÂ∆ Zero, 100 credits (95.0% chance)
2026-02-13 14:04:08 [[32minfo[39m]: Transaction successful: Zero GÂ∆ Spike, 100 credits (95.0% chance)
2026-02-13 14:04:08 [[32minfo[39m]: Transaction successful: Spike GÂ∆ Zero, 100 credits (95.0% chance)
2026-02-13 14:04:08 [[32minfo[39m]: Transaction successful: Zero GÂ∆ Spike, 100 credits (95.0% chance)
2026-02-13 14:04:08 [[32minfo[39m]: Initializing 2 agents with initial balance 504
2026-02-13 14:04:08 [[32minfo[39m]: Successfully initialized 2 agents
2026-02-13 14:04:08 [[32minfo[39m]: Transaction failed: Raven GÂ∆ Cipher, 100 credits (89.1% chance)
2026-02-13 14:04:08 [[32minfo[39m]: Transaction successful: Raven GÂ∆ Cipher, 100 credits (88.1% chance)
2026-02-13 14:04:08 [[32minfo[39m]: Transaction successful: Raven GÂ∆ Cipher, 100 credits (89.0% chance)
2026-02-13 14:04:08 [[32minfo[39m]: Transaction successful: Cipher GÂ∆ Raven, 100 credits (89.7% chance)
2026-02-13 14:04:08 [[32minfo[39m]: Initializing 5 agents with initial balance 511
2026-02-13 14:04:08 [[32minfo[39m]: Successfully initialized 5 agents
2026-02-13 14:04:08 [[32minfo[39m]: Transaction successful: Lynx GÂ∆ Zero, 100 credits (89.4% chance)
2026-02-13 14:04:08 [[32minfo[39m]: Transaction successful: Spike GÂ∆ Lynx, 100 credits (89.7% chance)
2026-02-13 14:04:08 [[32minfo[39m]: Transaction successful: Spike GÂ∆ Onyx, 100 credits (89.9% chance)
2026-02-13 14:04:08 [[32minfo[39m]: Transaction successful: Spike GÂ∆ Onyx, 100 credits (90.9% chance)
2026-02-13 14:04:08 [[32minfo[39m]: Transaction successful: Lynx GÂ∆ Maze, 100 credits (89.8% chance)
2026-02-13 14:04:08 [[32minfo[39m]: Transaction successful: Lynx GÂ∆ Zero, 100 credits (91.1% chance)
2026-02-13 14:04:08 [[32minfo[39m]: Transaction successful: Zero GÂ∆ Maze, 100 credits (90.8% chance)
2026-02-13 14:04:08 [[32minfo[39m]: Transaction successful: Zero GÂ∆ Lynx, 100 credits (91.7% chance)
2026-02-13 14:04:08 [[32minfo[39m]: Initializing 2 agents with initial balance 3482
2026-02-13 14:04:08 [[32minfo[39m]: Successfully initialized 2 agents
2026-02-13 14:04:08 [[32minfo[39m]: Transaction successful: Cipher GÂ∆ Jinx, 100 credits (90.0% chance)
2026-02-13 14:04:08 [[32minfo[39m]: Transaction successful: Cipher GÂ∆ Jinx, 100 credits (90.2% chance)
2026-02-13 14:04:08 [[32minfo[39m]: Transaction successful: Jinx GÂ∆ Cipher, 100 credits (90.8% chance)
2026-02-13 14:04:08 [[32minfo[39m]: Transaction successful: Jinx GÂ∆ Cipher, 100 credits (91.4% chance)
2026-02-13 14:04:08 [[32minfo[39m]: Transaction successful: Jinx GÂ∆ Cipher, 100 credits (91.7% chance)
2026-02-13 14:04:08 [[32minfo[39m]: Transaction successful: Cipher GÂ∆ Jinx, 100 credits (92.0% chance)
2026-02-13 14:04:08 [[32minfo[39m]: Transaction successful: Jinx GÂ∆ Cipher, 100 credits (92.6% chance)
2026-02-13 14:04:08 [[32minfo[39m]: Transaction successful: Jinx GÂ∆ Cipher, 100 credits (93.3% chance)
2026-02-13 14:04:08 [[32minfo[39m]: Transaction successful: Cipher GÂ∆ Jinx, 100 credits (94.0% chance)
2026-02-13 14:04:08 [[32minfo[39m]: Transaction successful: Cipher GÂ∆ Jinx, 100 credits (94.5% chance)
2026-02-13 14:04:08 [[32minfo[39m]: Transaction successful: Cipher GÂ∆ Jinx, 100 credits (95.0% chance)
2026-02-13 14:04:08 [[32minfo[39m]: Transaction successful: Jinx GÂ∆ Cipher, 100 credits (95.0% chance)
2026-02-13 14:04:08 [[32minfo[39m]: Transaction successful: Jinx GÂ∆ Cipher, 100 credits (95.0% chance)
2026-02-13 14:04:08 [[32minfo[39m]: Transaction successful: Cipher GÂ∆ Jinx, 100 credits (95.0% chance)
2026-02-13 14:04:08 [[32minfo[39m]: Transaction successful: Jinx GÂ∆ Cipher, 100 credits (95.0% chance)
2026-02-13 14:04:08 [[32minfo[39m]: Transaction successful: Cipher GÂ∆ Jinx, 100 credits (95.0% chance)
2026-02-13 14:04:08 [[32minfo[39m]: Transaction successful: Cipher GÂ∆ Jinx, 100 credits (95.0% chance)
2026-02-13 14:04:08 [[32minfo[39m]: Initializing 6 agents with initial balance 2119
2026-02-13 14:04:08 [[32minfo[39m]: Successfully initialized 6 agents
2026-02-13 14:04:08 [[32minfo[39m]: Transaction successful: Neon GÂ∆ Nova, 100 credits (90.5% chance)
2026-02-13 14:04:08 [[32minfo[39m]: Transaction successful: Razor GÂ∆ Dagger, 100 credits (89.7% chance)
2026-02-13 14:04:08 [[32minfo[39m]: Transaction successful: Neon GÂ∆ Nova, 100 credits (91.2% chance)
2026-02-13 14:04:08 [[32minfo[39m]: Transaction successful: Dagger GÂ∆ Razor, 100 credits (90.1% chance)
2026-02-13 14:04:08 [[32minfo[39m]: Transaction successful: Razor GÂ∆ Nova, 100 credits (91.2% chance)
2026-02-13 14:04:08 [[32minfo[39m]: Transaction successful: Nova GÂ∆ Dagger, 100 credits (89.4% chance)
2026-02-13 14:04:08 [[32minfo[39m]: Transaction successful: Razor GÂ∆ Nova, 100 credits (91.8% chance)
2026-02-13 14:04:08 [[32minfo[39m]: Transaction successful: Nova GÂ∆ Neon, 100 credits (92.5% chance)
2026-02-13 14:04:08 [[32minfo[39m]: Transaction successful: Hex GÂ∆ Nova, 100 credits (90.0% chance)
2026-02-13 14:04:08 [[32minfo[39m]: Transaction successful: Neon GÂ∆ Nova, 100 credits (92.9% chance)
2026-02-13 14:04:08 [[32minfo[39m]: Transaction successful: Neon GÂ∆ Nova, 100 credits (93.9% chance)
2026-02-13 14:04:08 [[32minfo[39m]: Transaction successful: Dagger GÂ∆ Trace, 100 credits (90.4% chance)
2026-02-13 14:04:08 [[32minfo[39m]: Transaction successful: Razor GÂ∆ Hex, 100 credits (91.2% chance)
2026-02-13 14:04:08 [[32minfo[39m]: Transaction successful: Razor GÂ∆ Nova, 100 credits (93.7% chance)
2026-02-13 14:04:08 [[32minfo[39m]: Transaction successful: Trace GÂ∆ Nova, 100 credits (92.9% chance)
2026-02-13 14:04:08 [[32minfo[39m]: Transaction successful: Nova GÂ∆ Neon, 100 credits (95.0% chance)
2026-02-13 14:04:08 [[32minfo[39m]: Transaction successful: Hex GÂ∆ Trace, 100 credits (90.6% chance)
2026-02-13 14:04:08 [[32minfo[39m]: Transaction successful: Hex GÂ∆ Trace, 100 credits (91.5% chance)
2026-02-13 14:04:08 [[32minfo[39m]: Transaction successful: Trace GÂ∆ Hex, 100 credits (92.1% chance)
2026-02-13 14:04:08 [[32minfo[39m]: Initializing 9 agents with initial balance 502
2026-02-13 14:04:08 [[32minfo[39m]: Successfully initialized 9 agents
2026-02-13 14:04:08 [[32minfo[39m]: Transaction successful: Raven GÂ∆ Cipher, 100 credits (88.3% chance)
2026-02-13 14:04:08 [[32minfo[39m]: Transaction successful: Crash GÂ∆ Nova, 100 credits (90.0% chance)
2026-02-13 14:04:08 [[32minfo[39m]: Transaction successful: Lynx GÂ∆ Hex, 100 credits (90.6% chance)
2026-02-13 14:04:08 [[32minfo[39m]: Transaction successful: Crash GÂ∆ Lynx, 100 credits (90.7% chance)
2026-02-13 14:04:08 [[32minfo[39m]: Transaction successful: Raven GÂ∆ Ghost, 100 credits (89.5% chance)
2026-02-13 14:04:08 [[32minfo[39m]: Transaction successful: Lynx GÂ∆ Zero, 100 credits (91.6% chance)
2026-02-13 14:04:08 [[32minfo[39m]: Transaction successful: Edge GÂ∆ Lynx, 100 credits (91.4% chance)
2026-02-13 14:04:08 [[32minfo[39m]: Transaction successful: Ghost GÂ∆ Raven, 100 credits (90.0% chance)
2026-02-13 14:04:08 [[32minfo[39m]: Transaction successful: Raven GÂ∆ Lynx, 100 credits (92.7% chance)
2026-02-13 14:04:08 [[32minfo[39m]: Transaction successful: Hex GÂ∆ Zero, 100 credits (90.3% chance)
2026-02-13 14:04:08 [[32minfo[39m]: Transaction successful: Lynx GÂ∆ Nova, 100 credits (93.6% chance)
2026-02-13 14:04:08 [[32minfo[39m]: Transaction successful: Ghost GÂ∆ Zero, 100 credits (90.6% chance)
2026-02-13 14:04:08 [[32minfo[39m]: Transaction successful: Cipher GÂ∆ Nova, 100 credits (90.6% chance)
2026-02-13 14:04:08 [[32minfo[39m]: Transaction failed: Cipher GÂ∆ Ghost, 100 credits (90.0% chance)
2026-02-13 14:04:08 [[32minfo[39m]: Transaction successful: Zero GÂ∆ Raven, 100 credits (91.7% chance)
2026-02-13 14:04:08 [[32minfo[39m]: Transaction successful: Nova GÂ∆ Edge, 100 credits (91.5% chance)
2026-02-13 14:04:08 [[32minfo[39m]: Initializing 9 agents with initial balance 2807
2026-02-13 14:04:08 [[32minfo[39m]: Successfully initialized 9 agents
2026-02-13 14:04:08 [[32minfo[39m]: Transaction successful: Jinx GÂ∆ Neon, 100 credits (88.8% chance)
2026-02-13 14:04:08 [[32minfo[39m]: Transaction failed: Ghost GÂ∆ Crash, 100 credits (89.7% chance)
2026-02-13 14:04:08 [[32minfo[39m]: Transaction successful: Wraith GÂ∆ Ghost, 100 credits (89.6% chance)
2026-02-13 14:04:08 [[32minfo[39m]: Transaction failed: Wraith GÂ∆ Neon, 100 credits (89.9% chance)
2026-02-13 14:04:08 [[32minfo[39m]: Transaction successful: Jinx GÂ∆ Ghost, 100 credits (89.5% chance)
2026-02-13 14:04:08 [[32minfo[39m]: Transaction successful: Pulse GÂ∆ Wraith, 100 credits (90.8% chance)
2026-02-13 14:04:08 [[32minfo[39m]: Transaction successful: Trace GÂ∆ Maze, 100 credits (89.9% chance)
2026-02-13 14:04:08 [[32minfo[39m]: Transaction successful: Crash GÂ∆ Pulse, 100 credits (90.6% chance)
2026-02-13 14:04:08 [[32minfo[39m]: Transaction successful: Maze GÂ∆ Trace, 100 credits (90.7% chance)
2026-02-13 14:04:08 [[32minfo[39m]: Transaction successful: Maze GÂ∆ Wraith, 100 credits (91.9% chance)
2026-02-13 14:04:08 [[32minfo[39m]: Transaction successful: Ghost GÂ∆ Trace, 100 credits (89.9% chance)
2026-02-13 14:04:08 [[32minfo[39m]: Transaction successful: Pulse GÂ∆ Neon, 100 credits (90.8% chance)
2026-02-13 14:04:08 [[32minfo[39m]: Transaction successful: Pulse GÂ∆ Ghost, 100 credits (91.3% chance)
2026-02-13 14:04:08 [[32minfo[39m]: Transaction successful: Jinx GÂ∆ Trace, 100 credits (90.5% chance)
2026-02-13 14:04:08 [[32minfo[39m]: Transaction successful: Wraith GÂ∆ Pulse, 100 credits (93.1% chance)
2026-02-13 14:04:08 [[32minfo[39m]: Transaction successful: Jinx GÂ∆ Maze, 100 credits (92.1% chance)
2026-02-13 14:04:08 [[32minfo[39m]: Transaction successful: Lynx GÂ∆ Crash, 100 credits (89.7% chance)
2026-02-13 14:04:08 [[32minfo[39m]: Transaction successful: Jinx GÂ∆ Pulse, 100 credits (92.9% chance)
2026-02-13 14:04:08 [[32minfo[39m]: Initializing 3 agents with initial balance 508
2026-02-13 14:04:08 [[32minfo[39m]: Successfully initialized 3 agents
2026-02-13 14:04:08 [[32minfo[39m]: Transaction successful: Ghost GÂ∆ Viper, 100 credits (89.6% chance)
2026-02-13 14:04:08 [[32minfo[39m]: Transaction successful: Viper GÂ∆ Trace, 100 credits (90.8% chance)
2026-02-13 14:04:08 [[32minfo[39m]: Transaction successful: Ghost GÂ∆ Trace, 100 credits (90.2% chance)
2026-02-13 14:04:08 [[32minfo[39m]: Transaction successful: Ghost GÂ∆ Viper, 100 credits (91.1% chance)
2026-02-13 14:04:08 [[32minfo[39m]: Transaction successful: Viper GÂ∆ Trace, 100 credits (92.3% chance)
2026-02-13 14:04:08 [[32minfo[39m]: Transaction successful: Viper GÂ∆ Trace, 100 credits (92.5% chance)
2026-02-13 14:04:08 [[32minfo[39m]: Initializing 5 agents with initial balance 1656
2026-02-13 14:04:08 [[32minfo[39m]: Successfully initialized 5 agents
2026-02-13 14:04:08 [[32minfo[39m]: Transaction successful: Shadow GÂ∆ Frost, 100 credits (89.6% chance)
2026-02-13 14:04:08 [[32minfo[39m]: Transaction successful: Crash GÂ∆ Pulse, 100 credits (91.1% chance)
2026-02-13 14:04:08 [[32minfo[39m]: Transaction successful: Frost GÂ∆ Zero, 100 credits (90.2% chance)
2026-02-13 14:04:08 [[32minfo[39m]: Transaction successful: Zero GÂ∆ Frost, 100 credits (91.1% chance)
2026-02-13 14:04:08 [[32minfo[39m]: Transaction successful: Frost GÂ∆ Zero, 100 credits (91.6% chance)
2026-02-13 14:04:08 [[32minfo[39m]: Transaction successful: Pulse GÂ∆ Zero, 100 credits (90.1% chance)
2026-02-13 14:04:08 [[32minfo[39m]: Transaction successful: Zero GÂ∆ Pulse, 100 credits (90.7% chance)
2026-02-13 14:04:08 [[32minfo[39m]: Transaction successful: Shadow GÂ∆ Zero, 100 credits (90.0% chance)
2026-02-13 14:04:08 [[32minfo[39m]: Transaction successful: Pulse GÂ∆ Crash, 100 credits (92.0% chance)
2026-02-13 14:04:08 [[32minfo[39m]: Transaction successful: Zero GÂ∆ Pulse, 100 credits (92.3% chance)
2026-02-13 14:04:08 [[32minfo[39m]: Transaction successful: Shadow GÂ∆ Pulse, 100 credits (91.5% chance)
2026-02-13 14:04:08 [[32minfo[39m]: Initializing 2 agents with initial balance 5000
2026-02-13 14:04:08 [[32minfo[39m]: Successfully initialized 2 agents
2026-02-13 14:04:08 [[32minfo[39m]: Transaction successful: Cipher GÂ∆ Edge, 100 credits (90.1% chance)
2026-02-13 14:04:08 [[32minfo[39m]: Transaction successful: Cipher GÂ∆ Edge, 100 credits (90.8% chance)
2026-02-13 14:04:08 [[32minfo[39m]: Transaction successful: Cipher GÂ∆ Edge, 100 credits (91.3% chance)
2026-02-13 14:04:08 [[32minfo[39m]: Transaction successful: Edge GÂ∆ Cipher, 100 credits (91.9% chance)
2026-02-13 14:04:08 [[32minfo[39m]: Transaction successful: Edge GÂ∆ Cipher, 100 credits (92.5% chance)
2026-02-13 14:04:08 [[32minfo[39m]: Transaction successful: Cipher GÂ∆ Edge, 100 credits (92.9% chance)
2026-02-13 14:04:08 [[32minfo[39m]: Transaction successful: Cipher GÂ∆ Edge, 100 credits (93.5% chance)
2026-02-13 14:04:08 [[32minfo[39m]: Transaction successful: Cipher GÂ∆ Edge, 100 credits (94.1% chance)
2026-02-13 14:04:08 [[32minfo[39m]: Transaction successful: Edge GÂ∆ Cipher, 100 credits (94.6% chance)
2026-02-13 14:04:08 [[32minfo[39m]: Transaction successful: Edge GÂ∆ Cipher, 100 credits (95.0% chance)
2026-02-13 14:04:08 [[32minfo[39m]: Transaction successful: Cipher GÂ∆ Edge, 100 credits (95.0% chance)
2026-02-13 14:04:08 [[32minfo[39m]: Transaction successful: Cipher GÂ∆ Edge, 100 credits (95.0% chance)
2026-02-13 14:04:08 [[32minfo[39m]: Transaction failed: Cipher GÂ∆ Edge, 100 credits (95.0% chance)
2026-02-13 14:04:08 [[32minfo[39m]: Transaction successful: Cipher GÂ∆ Edge, 100 credits (95.0% chance)
2026-02-13 14:04:08 [[32minfo[39m]: Transaction successful: Edge GÂ∆ Cipher, 100 credits (95.0% chance)
2026-02-13 14:04:08 [[32minfo[39m]: Transaction successful: Cipher GÂ∆ Edge, 100 credits (95.0% chance)
2026-02-13 14:04:08 [[32minfo[39m]: Transaction successful: Cipher GÂ∆ Edge, 100 credits (95.0% chance)
2026-02-13 14:04:08 [[32minfo[39m]: Initializing 8 agents with initial balance 3270
2026-02-13 14:04:08 [[32minfo[39m]: Successfully initialized 8 agents
2026-02-13 14:04:08 [[32minfo[39m]: Transaction successful: Echo GÂ∆ Blade, 100 credits (91.4% chance)
2026-02-13 14:04:08 [[32minfo[39m]: Transaction successful: Hex GÂ∆ Razor, 100 credits (90.4% chance)
2026-02-13 14:04:08 [[32minfo[39m]: Transaction successful: Razor GÂ∆ Echo, 100 credits (92.2% chance)
2026-02-13 14:04:08 [[32minfo[39m]: Transaction successful: Hex GÂ∆ Razor, 100 credits (91.5% chance)
2026-02-13 14:04:08 [[32minfo[39m]: Transaction successful: Blade GÂ∆ Hex, 100 credits (91.5% chance)
2026-02-13 14:04:08 [[32minfo[39m]: Transaction successful: Quantum GÂ∆ Razor, 100 credits (92.3% chance)
2026-02-13 14:04:08 [[32minfo[39m]: Initializing 8 agents with initial balance 1144
2026-02-13 14:04:08 [[32minfo[39m]: Successfully initialized 8 agents
2026-02-13 14:04:08 [[32minfo[39m]: Transaction successful: Trace GÂ∆ Jinx, 100 credits (90.4% chance)
2026-02-13 14:04:08 [[32minfo[39m]: Initializing 3 agents with initial balance 503
2026-02-13 14:04:08 [[32minfo[39m]: Successfully initialized 3 agents
2026-02-13 14:04:08 [[32minfo[39m]: Transaction successful: Kode GÂ∆ Maze, 100 credits (89.2% chance)
2026-02-13 14:04:08 [[32minfo[39m]: Transaction successful: Razor GÂ∆ Kode, 100 credits (90.7% chance)
2026-02-13 14:04:08 [[32minfo[39m]: Initializing 7 agents with initial balance 4855
2026-02-13 14:04:08 [[32minfo[39m]: Successfully initialized 7 agents
2026-02-13 14:04:08 [[32minfo[39m]: Transaction successful: Wraith GÂ∆ Jinx, 100 credits (88.5% chance)
2026-02-13 14:04:08 [[32minfo[39m]: Transaction successful: Viper GÂ∆ Shadow, 100 credits (88.8% chance)
2026-02-13 14:04:08 [[32minfo[39m]: Transaction successful: Raven GÂ∆ Edge, 100 credits (89.5% chance)
2026-02-13 14:04:08 [[32minfo[39m]: Transaction successful: Viper GÂ∆ Shadow, 100 credits (89.6% chance)
2026-02-13 14:04:08 [[32minfo[39m]: Transaction successful: Wraith GÂ∆ Shadow, 100 credits (89.3% chance)
2026-02-13 14:04:08 [[32minfo[39m]: Transaction successful: Raven GÂ∆ Jinx, 100 credits (89.7% chance)
2026-02-13 14:04:08 [[32minfo[39m]: Transaction successful: Nova GÂ∆ Wraith, 100 credits (90.1% chance)
2026-02-13 14:04:08 [[32minfo[39m]: Transaction successful: Shadow GÂ∆ Jinx, 100 credits (90.1% chance)
2026-02-13 14:04:08 [[32minfo[39m]: Transaction successful: Jinx GÂ∆ Viper, 100 credits (90.6% chance)
2026-02-13 14:04:08 [[32minfo[39m]: Transaction failed: Nova GÂ∆ Jinx, 100 credits (91.7% chance)
2026-02-13 14:04:08 [[32minfo[39m]: Transaction successful: Raven GÂ∆ Edge, 100 credits (90.4% chance)
2026-02-13 14:04:08 [[32minfo[39m]: Transaction failed: Jinx GÂ∆ Wraith, 100 credits (90.3% chance)
2026-02-13 14:04:08 [[32minfo[39m]: Initializing 5 agents with initial balance 1797
2026-02-13 14:04:08 [[32minfo[39m]: Successfully initialized 5 agents
2026-02-13 14:04:08 [[32minfo[39m]: Transaction successful: Lynx GÂ∆ Onyx, 100 credits (90.4% chance)
2026-02-13 14:04:08 [[32minfo[39m]: Transaction failed: Lynx GÂ∆ Kode, 100 credits (90.0% chance)
2026-02-13 14:04:08 [[32minfo[39m]: Transaction successful: Cipher GÂ∆ Frost, 100 credits (89.3% chance)
2026-02-13 14:04:08 [[32minfo[39m]: Transaction successful: Onyx GÂ∆ Frost, 100 credits (91.4% chance)
2026-02-13 14:04:08 [[32minfo[39m]: Transaction successful: Onyx GÂ∆ Cipher, 100 credits (91.1% chance)
2026-02-13 14:04:08 [[32minfo[39m]: Transaction successful: Onyx GÂ∆ Lynx, 100 credits (91.4% chance)
2026-02-13 14:04:08 [[32minfo[39m]: Transaction successful: Lynx GÂ∆ Onyx, 100 credits (91.9% chance)
2026-02-13 14:04:08 [[32minfo[39m]: Transaction successful: Onyx GÂ∆ Kode, 100 credits (91.9% chance)
2026-02-13 14:04:08 [[32minfo[39m]: Transaction successful: Frost GÂ∆ Lynx, 100 credits (90.9% chance)
2026-02-13 14:04:08 [[32minfo[39m]: Transaction successful: Lynx GÂ∆ Cipher, 100 credits (90.1% chance)
2026-02-13 14:04:08 [[32minfo[39m]: Transaction successful: Onyx GÂ∆ Kode, 100 credits (92.9% chance)
2026-02-13 14:04:08 [[32minfo[39m]: Transaction successful: Frost GÂ∆ Onyx, 100 credits (93.6% chance)
2026-02-13 14:04:08 [[32minfo[39m]: Transaction successful: Onyx GÂ∆ Frost, 100 credits (94.0% chance)
2026-02-13 14:04:08 [[32minfo[39m]: Initializing 6 agents with initial balance 503
2026-02-13 14:04:08 [[32minfo[39m]: Successfully initialized 6 agents
2026-02-13 14:04:08 [[32minfo[39m]: Transaction successful: Echo GÂ∆ Jinx, 100 credits (91.2% chance)
2026-02-13 14:04:08 [[32minfo[39m]: Initializing 6 agents with initial balance 4989
2026-02-13 14:04:08 [[32minfo[39m]: Successfully initialized 6 agents
2026-02-13 14:04:08 [[32minfo[39m]: Transaction successful: Neon GÂ∆ Maze, 100 credits (91.4% chance)
2026-02-13 14:04:08 [[32minfo[39m]: Transaction successful: Spike GÂ∆ Maze, 100 credits (91.5% chance)
2026-02-13 14:04:08 [[32minfo[39m]: Transaction successful: Neon GÂ∆ Raven, 100 credits (91.2% chance)
2026-02-13 14:04:08 [[32minfo[39m]: Transaction successful: Spike GÂ∆ Neon, 100 credits (91.4% chance)
2026-02-13 14:04:08 [[32minfo[39m]: Initializing 2 agents with initial balance 5000
2026-02-13 14:04:08 [[32minfo[39m]: Successfully initialized 2 agents
2026-02-13 14:04:08 [[32minfo[39m]: Transaction successful: Ghost GÂ∆ Spike, 100 credits (59.9% chance)
2026-02-13 14:04:08 [[32minfo[39m]: Initializing 5 agents with initial balance 5000
2026-02-13 14:04:08 [[32minfo[39m]: Successfully initialized 5 agents
2026-02-13 14:04:08 [[32minfo[39m]: Transaction successful: Crash GÂ∆ Byte, 100 credits (60.0% chance)
2026-02-13 14:04:08 [[32minfo[39m]: Initializing 9 agents with initial balance 5000
2026-02-13 14:04:08 [[32minfo[39m]: Successfully initialized 9 agents
2026-02-13 14:04:08 [[32minfo[39m]: Transaction successful: Kode GÂ∆ Shadow, 100 credits (81.2% chance)
2026-02-13 14:04:08 [[32minfo[39m]: Initializing 5 agents with initial balance 5000
2026-02-13 14:04:08 [[32minfo[39m]: Successfully initialized 5 agents
2026-02-13 14:04:08 [[32minfo[39m]: Transaction successful: Jinx GÂ∆ Raven, 100 credits (89.4% chance)
2026-02-13 14:04:08 [[32minfo[39m]: Initializing 4 agents with initial balance 5000
2026-02-13 14:04:08 [[32minfo[39m]: Successfully initialized 4 agents
2026-02-13 14:04:08 [[32minfo[39m]: Transaction successful: Echo GÂ∆ Dagger, 100 credits (89.0% chance)
2026-02-13 14:04:08 [[32minfo[39m]: Initializing 9 agents with initial balance 5000
2026-02-13 14:04:08 [[32minfo[39m]: Successfully initialized 9 agents
2026-02-13 14:04:08 [[32minfo[39m]: Transaction successful: Edge GÂ∆ Quantum, 100 credits (90.3% chance)
2026-02-13 14:04:08 [[32minfo[39m]: Initializing 7 agents with initial balance 5000
2026-02-13 14:04:08 [[32minfo[39m]: Successfully initialized 7 agents
2026-02-13 14:04:08 [[32minfo[39m]: Transaction successful: Nova GÂ∆ Neon, 100 credits (80.8% chance)
2026-02-13 14:04:08 [[32minfo[39m]: Initializing 2 agents with initial balance 5000
2026-02-13 14:04:08 [[32minfo[39m]: Successfully initialized 2 agents
2026-02-13 14:04:08 [[32minfo[39m]: Transaction successful: Pulse GÂ∆ Viper, 100 credits (80.4% chance)
2026-02-13 14:04:08 [[32minfo[39m]: Initializing 2 agents with initial balance 5000
2026-02-13 14:04:08 [[32minfo[39m]: Successfully initialized 2 agents
2026-02-13 14:04:08 [[32minfo[39m]: Transaction successful: Viper GÂ∆ Dagger, 100 credits (78.9% chance)
2026-02-13 14:04:08 [[32minfo[39m]: Initializing 3 agents with initial balance 5000
2026-02-13 14:04:08 [[32minfo[39m]: Successfully initialized 3 agents
2026-02-13 14:04:08 [[32minfo[39m]: Transaction successful: Byte GÂ∆ Lynx, 100 credits (89.0% chance)
2026-02-13 14:04:08 [[32minfo[39m]: Initializing 8 agents with initial balance 5000
2026-02-13 14:04:08 [[32minfo[39m]: Successfully initialized 8 agents
2026-02-13 14:04:08 [[32minfo[39m]: Transaction successful: Edge GÂ∆ Lynx, 100 credits (79.6% chance)
2026-02-13 14:04:08 [[32minfo[39m]: Initializing 10 agents with initial balance 5000
2026-02-13 14:04:08 [[32minfo[39m]: Successfully initialized 10 agents
2026-02-13 14:04:08 [[32minfo[39m]: Transaction successful: Cipher GÂ∆ Shadow, 100 credits (90.6% chance)
2026-02-13 14:04:08 [[32minfo[39m]: Initializing 2 agents with initial balance 5000
2026-02-13 14:04:08 [[32minfo[39m]: Successfully initialized 2 agents
2026-02-13 14:04:08 [[32minfo[39m]: Transaction successful: Neon GÂ∆ Nova, 100 credits (49.7% chance)
2026-02-13 14:04:08 [[32minfo[39m]: Initializing 8 agents with initial balance 5000
2026-02-13 14:04:08 [[32minfo[39m]: Successfully initialized 8 agents
2026-02-13 14:04:08 [[32minfo[39m]: Transaction failed: Viper GÂ∆ Dagger, 100 credits (61.2% chance)
2026-02-13 14:04:08 [[32minfo[39m]: Initializing 6 agents with initial balance 5000
2026-02-13 14:04:08 [[32minfo[39m]: Successfully initialized 6 agents
2026-02-13 14:04:08 [[32minfo[39m]: Transaction successful: Quantum GÂ∆ Cipher, 100 credits (51.4% chance)
2026-02-13 14:04:08 [[32minfo[39m]: Initializing 2 agents with initial balance 5000
2026-02-13 14:04:08 [[32minfo[39m]: Successfully initialized 2 agents
2026-02-13 14:04:08 [[32minfo[39m]: Transaction failed: Neon GÂ∆ Maze, 100 credits (49.8% chance)
2026-02-13 14:04:08 [[32minfo[39m]: Initializing 9 agents with initial balance 5000
2026-02-13 14:04:08 [[32minfo[39m]: Successfully initialized 9 agents
2026-02-13 14:04:08 [[32minfo[39m]: Transaction failed: Jinx GÂ∆ Nova, 100 credits (48.6% chance)
2026-02-13 14:04:08 [[32minfo[39m]: Initializing 10 agents with initial balance 5000
2026-02-13 14:04:08 [[32minfo[39m]: Successfully initialized 10 agents
2026-02-13 14:04:08 [[32minfo[39m]: Transaction failed: Lynx GÂ∆ Zero, 100 credits (61.1% chance)
2026-02-13 14:04:08 [[32minfo[39m]: Initializing 3 agents with initial balance 5000
2026-02-13 14:04:08 [[32minfo[39m]: Successfully initialized 3 agents
2026-02-13 14:04:08 [[32minfo[39m]: Transaction successful: Jinx GÂ∆ Byte, 100 credits (61.0% chance)
2026-02-13 14:04:08 [[32minfo[39m]: Initializing 10 agents with initial balance 5000
2026-02-13 14:04:08 [[32minfo[39m]: Successfully initialized 10 agents
2026-02-13 14:04:08 [[32minfo[39m]: Transaction successful: Maze GÂ∆ Jinx, 100 credits (89.2% chance)
2026-02-13 14:04:08 [[32minfo[39m]: Initializing 9 agents with initial balance 5000
2026-02-13 14:04:08 [[32minfo[39m]: Successfully initialized 9 agents
2026-02-13 14:04:08 [[32minfo[39m]: Transaction successful: Pulse GÂ∆ Lynx, 100 credits (60.0% chance)
2026-02-13 14:04:08 [[32minfo[39m]: Initializing 3 agents with initial balance 5000
2026-02-13 14:04:08 [[32minfo[39m]: Successfully initialized 3 agents
2026-02-13 14:04:08 [[32minfo[39m]: Transaction failed: Kode GÂ∆ Wraith, 100 credits (59.1% chance)
2026-02-13 14:04:08 [[32minfo[39m]: Initializing 8 agents with initial balance 5000
2026-02-13 14:04:08 [[32minfo[39m]: Successfully initialized 8 agents
2026-02-13 14:04:08 [[32minfo[39m]: Transaction successful: Blade GÂ∆ Apex, 100 credits (89.4% chance)
2026-02-13 14:04:08 [[32minfo[39m]: Initializing 9 agents with initial balance 5000
2026-02-13 14:04:08 [[32minfo[39m]: Successfully initialized 9 agents
2026-02-13 14:04:08 [[32minfo[39m]: Transaction failed: Trace GÂ∆ Maze, 100 credits (50.3% chance)
2026-02-13 14:04:08 [[32minfo[39m]: Initializing 9 agents with initial balance 5000
2026-02-13 14:04:08 [[32minfo[39m]: Successfully initialized 9 agents
2026-02-13 14:04:08 [[32minfo[39m]: Transaction successful: Byte GÂ∆ Nova, 100 credits (60.7% chance)
2026-02-13 14:04:08 [[32minfo[39m]: Initializing 2 agents with initial balance 5000
2026-02-13 14:04:08 [[32minfo[39m]: Successfully initialized 2 agents
2026-02-13 14:04:08 [[32minfo[39m]: Transaction successful: Nova GÂ∆ Maze, 100 credits (88.4% chance)
2026-02-13 14:04:08 [[32minfo[39m]: Initializing 8 agents with initial balance 5000
2026-02-13 14:04:08 [[32minfo[39m]: Successfully initialized 8 agents
2026-02-13 14:04:08 [[32minfo[39m]: Transaction failed: Razor GÂ∆ Cipher, 100 credits (60.3% chance)
2026-02-13 14:04:08 [[32minfo[39m]: Initializing 9 agents with initial balance 5000
2026-02-13 14:04:08 [[32minfo[39m]: Successfully initialized 9 agents
2026-02-13 14:04:08 [[32minfo[39m]: Transaction successful: Blade GÂ∆ Lynx, 100 credits (49.0% chance)
2026-02-13 14:04:08 [[32minfo[39m]: Initializing 6 agents with initial balance 5000
2026-02-13 14:04:08 [[32minfo[39m]: Successfully initialized 6 agents
2026-02-13 14:04:08 [[32minfo[39m]: Transaction failed: Maze GÂ∆ Crash, 100 credits (50.5% chance)
2026-02-13 14:04:08 [[32minfo[39m]: Initializing 5 agents with initial balance 5000
2026-02-13 14:04:08 [[32minfo[39m]: Successfully initialized 5 agents
2026-02-13 14:04:08 [[32minfo[39m]: Transaction failed: Quantum GÂ∆ Cipher, 100 credits (48.0% chance)
2026-02-13 14:04:08 [[32minfo[39m]: Initializing 8 agents with initial balance 5000
2026-02-13 14:04:08 [[32minfo[39m]: Successfully initialized 8 agents
2026-02-13 14:04:08 [[32minfo[39m]: Transaction successful: Echo GÂ∆ Razor, 100 credits (89.8% chance)
2026-02-13 14:04:08 [[32minfo[39m]: Initializing 2 agents with initial balance 5000
2026-02-13 14:04:08 [[32minfo[39m]: Successfully initialized 2 agents
2026-02-13 14:04:08 [[32minfo[39m]: Transaction successful: Maze GÂ∆ Quantum, 100 credits (49.9% chance)
2026-02-13 14:04:08 [[32minfo[39m]: Initializing 8 agents with initial balance 5000
2026-02-13 14:04:08 [[32minfo[39m]: Successfully initialized 8 agents
2026-02-13 14:04:08 [[32minfo[39m]: Transaction successful: Vex GÂ∆ Apex, 100 credits (79.3% chance)
2026-02-13 14:04:08 [[32minfo[39m]: Initializing 9 agents with initial balance 5000
2026-02-13 14:04:08 [[32minfo[39m]: Successfully initialized 9 agents
2026-02-13 14:04:08 [[32minfo[39m]: Transaction failed: Razor GÂ∆ Echo, 100 credits (59.9% chance)
2026-02-13 14:04:08 [[32minfo[39m]: Initializing 8 agents with initial balance 5000
2026-02-13 14:04:08 [[32minfo[39m]: Successfully initialized 8 agents
2026-02-13 14:04:08 [[32minfo[39m]: Transaction successful: Lynx GÂ∆ Quantum, 100 credits (80.3% chance)
2026-02-13 14:04:08 [[32minfo[39m]: Initializing 4 agents with initial balance 5000
2026-02-13 14:04:08 [[32minfo[39m]: Successfully initialized 4 agents
2026-02-13 14:04:08 [[32minfo[39m]: Transaction failed: Kode GÂ∆ Cipher, 100 credits (50.3% chance)
2026-02-13 14:04:08 [[32minfo[39m]: Initializing 9 agents with initial balance 5000
2026-02-13 14:04:08 [[32minfo[39m]: Successfully initialized 9 agents
2026-02-13 14:04:08 [[32minfo[39m]: Transaction successful: Kode GÂ∆ Hex, 100 credits (91.1% chance)
2026-02-13 14:04:08 [[32minfo[39m]: Initializing 3 agents with initial balance 5000
2026-02-13 14:04:08 [[32minfo[39m]: Successfully initialized 3 agents
2026-02-13 14:04:08 [[32minfo[39m]: Transaction failed: Frost GÂ∆ Neon, 100 credits (50.4% chance)
2026-02-13 14:04:08 [[32minfo[39m]: Initializing 8 agents with initial balance 5000
2026-02-13 14:04:08 [[32minfo[39m]: Successfully initialized 8 agents
2026-02-13 14:04:08 [[32minfo[39m]: Transaction successful: Maze GÂ∆ Crash, 100 credits (59.6% chance)
2026-02-13 14:04:08 [[32minfo[39m]: Initializing 2 agents with initial balance 5000
2026-02-13 14:04:08 [[32minfo[39m]: Successfully initialized 2 agents
2026-02-13 14:04:08 [[32minfo[39m]: Transaction successful: Flux GÂ∆ Wraith, 100 credits (51.0% chance)
2026-02-13 14:04:08 [[32minfo[39m]: Initializing 10 agents with initial balance 5000
2026-02-13 14:04:08 [[32minfo[39m]: Successfully initialized 10 agents
2026-02-13 14:04:08 [[32minfo[39m]: Transaction successful: Spike GÂ∆ Apex, 100 credits (89.0% chance)
2026-02-13 14:04:08 [[32minfo[39m]: Initializing 6 agents with initial balance 5000
2026-02-13 14:04:08 [[32minfo[39m]: Successfully initialized 6 agents
2026-02-13 14:04:08 [[32minfo[39m]: Transaction successful: Trace GÂ∆ Cipher, 100 credits (90.2% chance)
2026-02-13 14:04:08 [[32minfo[39m]: Initializing 4 agents with initial balance 5000
2026-02-13 14:04:08 [[32minfo[39m]: Successfully initialized 4 agents
2026-02-13 14:04:08 [[32minfo[39m]: Transaction successful: Maze GÂ∆ Viper, 100 credits (81.3% chance)
2026-02-13 14:04:08 [[32minfo[39m]: Initializing 4 agents with initial balance 5000
2026-02-13 14:04:08 [[32minfo[39m]: Successfully initialized 4 agents
2026-02-13 14:04:08 [[32minfo[39m]: Transaction successful: Zero GÂ∆ Blade, 100 credits (89.6% chance)
2026-02-13 14:04:08 [[32minfo[39m]: Initializing 9 agents with initial balance 5000
2026-02-13 14:04:08 [[32minfo[39m]: Successfully initialized 9 agents
2026-02-13 14:04:08 [[32minfo[39m]: Transaction successful: Dagger GÂ∆ Wraith, 100 credits (60.1% chance)
2026-02-13 14:04:08 [[32minfo[39m]: Initializing 4 agents with initial balance 5000
2026-02-13 14:04:08 [[32minfo[39m]: Successfully initialized 4 agents
2026-02-13 14:04:08 [[32minfo[39m]: Transaction successful: Apex GÂ∆ Razor, 100 credits (61.0% chance)
2026-02-13 14:04:08 [[32minfo[39m]: Initializing 3 agents with initial balance 5000
2026-02-13 14:04:08 [[32minfo[39m]: Successfully initialized 3 agents
2026-02-13 14:04:08 [[32minfo[39m]: Transaction failed: Cipher GÂ∆ Quantum, 100 credits (50.0% chance)
2026-02-13 14:04:08 [[32minfo[39m]: Initializing 2 agents with initial balance 5000
2026-02-13 14:04:08 [[32minfo[39m]: Successfully initialized 2 agents
2026-02-13 14:04:08 [[32minfo[39m]: Transaction successful: Neon GÂ∆ Apex, 100 credits (91.0% chance)
2026-02-13 14:04:08 [[32minfo[39m]: Initializing 4 agents with initial balance 5000
2026-02-13 14:04:08 [[32minfo[39m]: Successfully initialized 4 agents
2026-02-13 14:04:08 [[32minfo[39m]: Transaction successful: Zero GÂ∆ Flux, 100 credits (80.8% chance)
2026-02-13 14:04:08 [[32minfo[39m]: Initializing 7 agents with initial balance 5000
2026-02-13 14:04:08 [[32minfo[39m]: Successfully initialized 7 agents
2026-02-13 14:04:08 [[32minfo[39m]: Transaction successful: Frost GÂ∆ Quantum, 100 credits (79.8% chance)
2026-02-13 14:04:08 [[32minfo[39m]: Initializing 3 agents with initial balance 5000
2026-02-13 14:04:08 [[32minfo[39m]: Successfully initialized 3 agents
2026-02-13 14:04:08 [[32minfo[39m]: Transaction successful: Blade GÂ∆ Frost, 100 credits (80.4% chance)
2026-02-13 14:04:08 [[32minfo[39m]: Initializing 3 agents with initial balance 5000
2026-02-13 14:04:08 [[32minfo[39m]: Successfully initialized 3 agents
2026-02-13 14:04:08 [[32minfo[39m]: Transaction successful: Razor GÂ∆ Vex, 100 credits (50.7% chance)
2026-02-13 14:04:08 [[32minfo[39m]: Initializing 2 agents with initial balance 5000
2026-02-13 14:04:08 [[32minfo[39m]: Successfully initialized 2 agents
2026-02-13 14:04:08 [[32minfo[39m]: Transaction failed: Raven GÂ∆ Crash, 100 credits (50.6% chance)
2026-02-13 14:04:08 [[32minfo[39m]: Initializing 3 agents with initial balance 5000
2026-02-13 14:04:08 [[32minfo[39m]: Successfully initialized 3 agents
2026-02-13 14:04:08 [[32minfo[39m]: Transaction successful: Ghost GÂ∆ Zero, 100 credits (89.5% chance)
2026-02-13 14:04:08 [[32minfo[39m]: Initializing 3 agents with initial balance 5000
2026-02-13 14:04:08 [[32minfo[39m]: Successfully initialized 3 agents
2026-02-13 14:04:08 [[32minfo[39m]: Transaction successful: Apex GÂ∆ Kode, 100 credits (50.0% chance)
2026-02-13 14:04:08 [[32minfo[39m]: Initializing 10 agents with initial balance 5000
2026-02-13 14:04:08 [[32minfo[39m]: Successfully initialized 10 agents
2026-02-13 14:04:08 [[32minfo[39m]: Transaction successful: Nova GÂ∆ Spike, 100 credits (90.5% chance)
2026-02-13 14:04:08 [[32minfo[39m]: Initializing 3 agents with initial balance 5000
2026-02-13 14:04:08 [[32minfo[39m]: Successfully initialized 3 agents
2026-02-13 14:04:08 [[32minfo[39m]: Transaction successful: Neon GÂ∆ Shadow, 100 credits (60.3% chance)
2026-02-13 14:04:08 [[32minfo[39m]: Initializing 8 agents with initial balance 5000
2026-02-13 14:04:08 [[32minfo[39m]: Successfully initialized 8 agents
2026-02-13 14:04:08 [[32minfo[39m]: Transaction successful: Vex GÂ∆ Shadow, 100 credits (89.8% chance)
2026-02-13 14:04:08 [[32minfo[39m]: Initializing 3 agents with initial balance 5000
2026-02-13 14:04:08 [[32minfo[39m]: Successfully initialized 3 agents
2026-02-13 14:04:08 [[32minfo[39m]: Transaction successful: Trace GÂ∆ Crash, 100 credits (78.6% chance)
2026-02-13 14:04:08 [[32minfo[39m]: Initializing 9 agents with initial balance 5000
2026-02-13 14:04:08 [[32minfo[39m]: Successfully initialized 9 agents
2026-02-13 14:04:08 [[32minfo[39m]: Transaction successful: Byte GÂ∆ Spike, 100 credits (60.7% chance)
2026-02-13 14:04:08 [[32minfo[39m]: Initializing 9 agents with initial balance 5000
2026-02-13 14:04:08 [[32minfo[39m]: Successfully initialized 9 agents
2026-02-13 14:04:08 [[32minfo[39m]: Transaction failed: Byte GÂ∆ Nova, 100 credits (49.9% chance)
2026-02-13 14:04:08 [[32minfo[39m]: Initializing 3 agents with initial balance 5000
2026-02-13 14:04:08 [[32minfo[39m]: Successfully initialized 3 agents
2026-02-13 14:04:08 [[32minfo[39m]: Transaction successful: Viper GÂ∆ Dagger, 100 credits (59.6% chance)
2026-02-13 14:04:08 [[32minfo[39m]: Initializing 10 agents with initial balance 5000
2026-02-13 14:04:08 [[32minfo[39m]: Successfully initialized 10 agents
2026-02-13 14:04:08 [[32minfo[39m]: Transaction failed: Byte GÂ∆ Jinx, 100 credits (49.8% chance)
2026-02-13 14:04:08 [[32minfo[39m]: Initializing 10 agents with initial balance 5000
2026-02-13 14:04:08 [[32minfo[39m]: Successfully initialized 10 agents
2026-02-13 14:04:08 [[32minfo[39m]: Transaction failed: Apex GÂ∆ Shadow, 100 credits (49.5% chance)
2026-02-13 14:04:08 [[32minfo[39m]: Initializing 3 agents with initial balance 5000
2026-02-13 14:04:08 [[32minfo[39m]: Successfully initialized 3 agents
2026-02-13 14:04:08 [[32minfo[39m]: Transaction successful: Viper GÂ∆ Edge, 100 credits (78.6% chance)
2026-02-13 14:04:08 [[32minfo[39m]: Initializing 9 agents with initial balance 5000
2026-02-13 14:04:08 [[32minfo[39m]: Successfully initialized 9 agents
2026-02-13 14:04:08 [[32minfo[39m]: Transaction failed: Cipher GÂ∆ Apex, 100 credits (60.6% chance)
2026-02-13 14:04:08 [[32minfo[39m]: Initializing 5 agents with initial balance 5000
2026-02-13 14:04:08 [[32minfo[39m]: Successfully initialized 5 agents
2026-02-13 14:04:08 [[32minfo[39m]: Transaction successful: Nova GÂ∆ Frost, 100 credits (79.7% chance)
2026-02-13 14:04:08 [[32minfo[39m]: Initializing 7 agents with initial balance 5000
2026-02-13 14:04:08 [[32minfo[39m]: Successfully initialized 7 agents
2026-02-13 14:04:08 [[32minfo[39m]: Transaction successful: Neon GÂ∆ Viper, 100 credits (60.1% chance)
2026-02-13 14:04:08 [[32minfo[39m]: Initializing 4 agents with initial balance 5000
2026-02-13 14:04:08 [[32minfo[39m]: Successfully initialized 4 agents
2026-02-13 14:04:08 [[32minfo[39m]: Transaction successful: Zero GÂ∆ Razor, 100 credits (61.8% chance)
2026-02-13 14:04:08 [[32minfo[39m]: Initializing 6 agents with initial balance 5000
2026-02-13 14:04:08 [[32minfo[39m]: Successfully initialized 6 agents
2026-02-13 14:04:08 [[32minfo[39m]: Transaction successful: Flux GÂ∆ Trace, 100 credits (49.9% chance)
2026-02-13 14:04:08 [[32minfo[39m]: Initializing 9 agents with initial balance 5000
2026-02-13 14:04:08 [[32minfo[39m]: Successfully initialized 9 agents
2026-02-13 14:04:08 [[32minfo[39m]: Transaction successful: Raven GÂ∆ Jinx, 100 credits (90.4% chance)
2026-02-13 14:04:08 [[32minfo[39m]: Initializing 9 agents with initial balance 5000
2026-02-13 14:04:08 [[32minfo[39m]: Successfully initialized 9 agents
2026-02-13 14:04:08 [[32minfo[39m]: Transaction successful: Neon GÂ∆ Blade, 100 credits (81.4% chance)
2026-02-13 14:04:08 [[32minfo[39m]: Initializing 5 agents with initial balance 5000
2026-02-13 14:04:08 [[32minfo[39m]: Successfully initialized 5 agents
2026-02-13 14:04:08 [[32minfo[39m]: Transaction successful: Spike GÂ∆ Quantum, 100 credits (59.6% chance)
2026-02-13 14:04:08 [[32minfo[39m]: Initializing 9 agents with initial balance 5000
2026-02-13 14:04:08 [[32minfo[39m]: Successfully initialized 9 agents
2026-02-13 14:04:08 [[32minfo[39m]: Transaction successful: Wraith GÂ∆ Edge, 100 credits (91.0% chance)
2026-02-13 14:04:08 [[32minfo[39m]: Initializing 6 agents with initial balance 5000
2026-02-13 14:04:08 [[32minfo[39m]: Successfully initialized 6 agents
2026-02-13 14:04:08 [[32minfo[39m]: Transaction successful: Maze GÂ∆ Nova, 100 credits (80.8% chance)
2026-02-13 14:04:08 [[32minfo[39m]: Initializing 8 agents with initial balance 5000
2026-02-13 14:04:08 [[32minfo[39m]: Successfully initialized 8 agents
2026-02-13 14:04:08 [[32minfo[39m]: Transaction successful: Jinx GÂ∆ Razor, 100 credits (90.2% chance)
2026-02-13 14:04:08 [[32minfo[39m]: Initializing 10 agents with initial balance 5000
2026-02-13 14:04:08 [[32minfo[39m]: Successfully initialized 10 agents
2026-02-13 14:04:08 [[32minfo[39m]: Transaction successful: Lynx GÂ∆ Razor, 100 credits (61.2% chance)
2026-02-13 14:04:08 [[32minfo[39m]: Initializing 5 agents with initial balance 5000
2026-02-13 14:04:08 [[32minfo[39m]: Successfully initialized 5 agents
2026-02-13 14:04:08 [[32minfo[39m]: Transaction successful: Frost GÂ∆ Wraith, 100 credits (89.3% chance)
2026-02-13 14:04:08 [[32minfo[39m]: Initializing 9 agents with initial balance 5000
2026-02-13 14:04:08 [[32minfo[39m]: Successfully initialized 9 agents
2026-02-13 14:04:08 [[32minfo[39m]: Transaction successful: Lynx GÂ∆ Kode, 100 credits (90.0% chance)
2026-02-13 14:04:08 [[32minfo[39m]: Initializing 5 agents with initial balance 5000
2026-02-13 14:04:08 [[32minfo[39m]: Successfully initialized 5 agents
2026-02-13 14:04:08 [[32minfo[39m]: Transaction successful: Blade GÂ∆ Frost, 100 credits (79.4% chance)
2026-02-13 14:04:08 [[32minfo[39m]: Initializing 8 agents with initial balance 5000
2026-02-13 14:04:08 [[32minfo[39m]: Successfully initialized 8 agents
2026-02-13 14:04:08 [[32minfo[39m]: Transaction failed: Apex GÂ∆ Pulse, 100 credits (48.6% chance)
2026-02-13 14:04:08 [[32minfo[39m]: Initializing 8 agents with initial balance 5000
2026-02-13 14:04:08 [[32minfo[39m]: Successfully initialized 8 agents
2026-02-13 14:04:08 [[32minfo[39m]: Transaction successful: Pulse GÂ∆ Crash, 100 credits (61.0% chance)
2026-02-13 14:04:08 [[32minfo[39m]: Initializing 3 agents with initial balance 5000
2026-02-13 14:04:08 [[32minfo[39m]: Successfully initialized 3 agents
2026-02-13 14:04:08 [[32minfo[39m]: Transaction successful: Crash GÂ∆ Hex, 100 credits (90.0% chance)
2026-02-13 14:04:08 [[32minfo[39m]: Initializing 10 agents with initial balance 5000
2026-02-13 14:04:08 [[32minfo[39m]: Successfully initialized 10 agents
2026-02-13 14:04:08 [[32minfo[39m]: Transaction successful: Pulse GÂ∆ Shadow, 100 credits (61.5% chance)
2026-02-13 14:04:08 [[32minfo[39m]: Initializing 5 agents with initial balance 5000
2026-02-13 14:04:08 [[32minfo[39m]: Successfully initialized 5 agents
2026-02-13 14:04:08 [[32minfo[39m]: Transaction failed: Apex GÂ∆ Hex, 100 credits (89.2% chance)
2026-02-13 14:04:08 [[32minfo[39m]: Initializing 3 agents with initial balance 5000
2026-02-13 14:04:08 [[32minfo[39m]: Successfully initialized 3 agents
2026-02-13 14:04:08 [[32minfo[39m]: Transaction failed: Shadow GÂ∆ Onyx, 100 credits (50.4% chance)
2026-02-13 14:04:08 [[32minfo[39m]: Initializing 10 agents with initial balance 5000
2026-02-13 14:04:08 [[32minfo[39m]: Successfully initialized 10 agents
2026-02-13 14:04:08 [[32minfo[39m]: Transaction failed: Raven GÂ∆ Jinx, 100 credits (61.1% chance)
2026-02-13 14:04:08 [[32minfo[39m]: Initializing 3 agents with initial balance 5000
2026-02-13 14:04:08 [[32minfo[39m]: Successfully initialized 3 agents
2026-02-13 14:04:08 [[32minfo[39m]: Transaction successful: Quantum GÂ∆ Kode, 100 credits (59.4% chance)
2026-02-13 14:04:08 [[32minfo[39m]: Initializing 10 agents with initial balance 5000
2026-02-13 14:04:08 [[32minfo[39m]: Successfully initialized 10 agents
2026-02-13 14:04:08 [[32minfo[39m]: Transaction successful: Ghost GÂ∆ Flux, 100 credits (49.7% chance)
2026-02-13 14:04:08 [[32minfo[39m]: Initializing 8 agents with initial balance 5000
2026-02-13 14:04:08 [[32minfo[39m]: Successfully initialized 8 agents
2026-02-13 14:04:08 [[32minfo[39m]: Transaction successful: Apex GÂ∆ Razor, 100 credits (59.0% chance)
2026-02-13 14:04:08 [[32minfo[39m]: Initializing 5 agents with initial balance 5000
2026-02-13 14:04:08 [[32minfo[39m]: Successfully initialized 5 agents
2026-02-13 14:04:08 [[32minfo[39m]: Transaction successful: Echo GÂ∆ Nova, 100 credits (90.3% chance)
2026-02-13 14:04:08 [[32minfo[39m]: Initializing 2 agents with initial balance 5000
2026-02-13 14:04:08 [[32minfo[39m]: Successfully initialized 2 agents
2026-02-13 14:04:08 [[32minfo[39m]: Transaction successful: Ghost GÂ∆ Jinx, 100 credits (90.1% chance)
2026-02-13 14:04:08 [[32minfo[39m]: Initializing 5 agents with initial balance 5000
2026-02-13 14:04:08 [[32minfo[39m]: Successfully initialized 5 agents
2026-02-13 14:04:08 [[32minfo[39m]: Transaction successful: Raven GÂ∆ Crash, 100 credits (78.5% chance)
2026-02-13 14:04:08 [[32minfo[39m]: Initializing 9 agents with initial balance 5000
2026-02-13 14:04:08 [[32minfo[39m]: Successfully initialized 9 agents
2026-02-13 14:04:08 [[32minfo[39m]: Transaction failed: Frost GÂ∆ Kode, 100 credits (58.9% chance)
2026-02-13 14:04:08 [[32minfo[39m]: Initializing 9 agents with initial balance 5000
2026-02-13 14:04:08 [[32minfo[39m]: Successfully initialized 9 agents
2026-02-13 14:04:08 [[32minfo[39m]: Transaction failed: Flux GÂ∆ Nova, 100 credits (50.4% chance)
2026-02-13 14:04:08 [[32minfo[39m]: Initializing 3 agents with initial balance 5000
2026-02-13 14:04:08 [[32minfo[39m]: Successfully initialized 3 agents
2026-02-13 14:04:08 [[32minfo[39m]: Transaction successful: Jinx GÂ∆ Kode, 100 credits (79.9% chance)
2026-02-13 14:04:08 [[32minfo[39m]: Initializing 7 agents with initial balance 5000
2026-02-13 14:04:08 [[32minfo[39m]: Successfully initialized 7 agents
2026-02-13 14:04:08 [[32minfo[39m]: Transaction successful: Edge GÂ∆ Kode, 100 credits (59.6% chance)
2026-02-13 14:04:08 [[32minfo[39m]: Initializing 4 agents with initial balance 5000
2026-02-13 14:04:08 [[32minfo[39m]: Successfully initialized 4 agents
2026-02-13 14:04:08 [[32minfo[39m]: Transaction failed: Dagger GÂ∆ Echo, 100 credits (48.7% chance)
2026-02-13 14:04:08 [[32minfo[39m]: Initializing 5 agents with initial balance 5000
2026-02-13 14:04:08 [[32minfo[39m]: Successfully initialized 5 agents
2026-02-13 14:04:08 [[32minfo[39m]: Transaction failed: Viper GÂ∆ Dagger, 100 credits (80.1% chance)
2026-02-13 14:04:08 [[32minfo[39m]: Initializing 3 agents with initial balance 5000
2026-02-13 14:04:08 [[32minfo[39m]: Successfully initialized 3 agents
2026-02-13 14:04:08 [[32minfo[39m]: Transaction failed: Vex GÂ∆ Cipher, 100 credits (59.7% chance)
2026-02-13 14:04:08 [[32minfo[39m]: Initializing 4 agents with initial balance 1000
2026-02-13 14:04:08 [[32minfo[39m]: Successfully initialized 4 agents
2026-02-13 14:04:08 [[32minfo[39m]: Initializing 4 agents with initial balance 1000
2026-02-13 14:04:08 [[32minfo[39m]: Successfully initialized 4 agents
2026-02-13 14:04:08 [[32minfo[39m]: Initializing 4 agents with initial balance 1000
2026-02-13 14:04:08 [[32minfo[39m]: Successfully initialized 4 agents
2026-02-13 14:04:08 [[32minfo[39m]: Initializing 4 agents with initial balance 1000
2026-02-13 14:04:08 [[32minfo[39m]: Successfully initialized 4 agents
2026-02-13 14:04:08 [[32minfo[39m]: Initializing 4 agents with initial balance 1000
2026-02-13 14:04:08 [[32minfo[39m]: Successfully initialized 4 agents
2026-02-13 14:04:08 [[32minfo[39m]: Initializing 4 agents with initial balance 1000
2026-02-13 14:04:08 [[32minfo[39m]: Successfully initialized 4 agents
2026-02-13 14:04:08 [[32minfo[39m]: Initializing 4 agents with initial balance 1000
2026-02-13 14:04:08 [[32minfo[39m]: Successfully initialized 4 agents
2026-02-13 14:04:08 [[32minfo[39m]: Initializing 4 agents with initial balance 1000
2026-02-13 14:04:08 [[32minfo[39m]: Successfully initialized 4 agents
2026-02-13 14:04:08 [[32minfo[39m]: Initializing 4 agents with initial balance 1000
2026-02-13 14:04:08 [[32minfo[39m]: Successfully initialized 4 agents
2026-02-13 14:04:08 [[32minfo[39m]: Initializing 4 agents with initial balance 1000
2026-02-13 14:04:08 [[32minfo[39m]: Successfully initialized 4 agents
2026-02-13 14:04:08 [[32minfo[39m]: Initializing 4 agents with initial balance 1000
2026-02-13 14:04:08 [[32minfo[39m]: Successfully initialized 4 agents
2026-02-13 14:04:08 [[32minfo[39m]: Initializing 4 agents with initial balance 1000
2026-02-13 14:04:08 [[32minfo[39m]: Successfully initialized 4 agents
2026-02-13 14:04:08 [[32minfo[39m]: Initializing 4 agents with initial balance 1000
2026-02-13 14:04:08 [[32minfo[39m]: Successfully initialized 4 agents
2026-02-13 14:04:08 [[32minfo[39m]: Initializing 4 agents with initial balance 1000
2026-02-13 14:04:08 [[32minfo[39m]: Successfully initialized 4 agents
2026-02-13 14:04:08 [[32minfo[39m]: Initializing 4 agents with initial balance 1000
2026-02-13 14:04:08 [[32minfo[39m]: Successfully initialized 4 agents
2026-02-13 14:04:08 [[32minfo[39m]: Initializing 4 agents with initial balance 1000
2026-02-13 14:04:08 [[32minfo[39m]: Successfully initialized 4 agents
2026-02-13 14:04:08 [[32minfo[39m]: Initializing 4 agents with initial balance 1000
2026-02-13 14:04:08 [[32minfo[39m]: Successfully initialized 4 agents
2026-02-13 14:04:08 [[32minfo[39m]: Initializing 4 agents with initial balance 1000
2026-02-13 14:04:08 [[32minfo[39m]: Successfully initialized 4 agents
2026-02-13 14:04:08 [[32minfo[39m]: Initializing 4 agents with initial balance 1000
2026-02-13 14:04:08 [[32minfo[39m]: Successfully initialized 4 agents
2026-02-13 14:04:08 [[32minfo[39m]: Initializing 4 agents with initial balance 1000
2026-02-13 14:04:08 [[32minfo[39m]: Successfully initialized 4 agents
2026-02-13 14:04:08 [[32minfo[39m]: Initializing 4 agents with initial balance 1000
2026-02-13 14:04:08 [[32minfo[39m]: Successfully initialized 4 agents
2026-02-13 14:04:08 [[32minfo[39m]: Initializing 4 agents with initial balance 1000
2026-02-13 14:04:08 [[32minfo[39m]: Successfully initialized 4 agents
2026-02-13 14:04:08 [[32minfo[39m]: Initializing 4 agents with initial balance 1000
2026-02-13 14:04:08 [[32minfo[39m]: Successfully initialized 4 agents
2026-02-13 14:04:08 [[32minfo[39m]: Initializing 4 agents with initial balance 1000
2026-02-13 14:04:08 [[32minfo[39m]: Successfully initialized 4 agents
2026-02-13 14:04:08 [[32minfo[39m]: Initializing 4 agents with initial balance 1000
2026-02-13 14:04:08 [[32minfo[39m]: Successfully initialized 4 agents
2026-02-13 14:04:08 [[32minfo[39m]: Initializing 4 agents with initial balance 1000
2026-02-13 14:04:08 [[32minfo[39m]: Successfully initialized 4 agents
2026-02-13 14:04:08 [[32minfo[39m]: Initializing 4 agents with initial balance 1000
2026-02-13 14:04:08 [[32minfo[39m]: Successfully initialized 4 agents
2026-02-13 14:04:08 [[32minfo[39m]: Initializing 4 agents with initial balance 1000
2026-02-13 14:04:08 [[32minfo[39m]: Successfully initialized 4 agents
2026-02-13 14:04:08 [[32minfo[39m]: Initializing 4 agents with initial balance 1000
2026-02-13 14:04:08 [[32minfo[39m]: Successfully initialized 4 agents
2026-02-13 14:04:08 [[32minfo[39m]: Initializing 4 agents with initial balance 1000
2026-02-13 14:04:08 [[32minfo[39m]: Successfully initialized 4 agents
2026-02-13 14:04:08 [[32minfo[39m]: Initializing 4 agents with initial balance 1000
2026-02-13 14:04:08 [[32minfo[39m]: Successfully initialized 4 agents
2026-02-13 14:04:08 [[32minfo[39m]: Initializing 4 agents with initial balance 1000
2026-02-13 14:04:08 [[32minfo[39m]: Successfully initialized 4 agents
2026-02-13 14:04:08 [[32minfo[39m]: Initializing 4 agents with initial balance 1000
2026-02-13 14:04:08 [[32minfo[39m]: Successfully initialized 4 agents
2026-02-13 14:04:08 [[32minfo[39m]: Initializing 4 agents with initial balance 1000
2026-02-13 14:04:08 [[32minfo[39m]: Successfully initialized 4 agents
2026-02-13 14:04:08 [[32minfo[39m]: Initializing 4 agents with initial balance 1000
2026-02-13 14:04:08 [[32minfo[39m]: Successfully initialized 4 agents
2026-02-13 14:04:08 [[32minfo[39m]: Initializing 4 agents with initial balance 1000
2026-02-13 14:04:08 [[32minfo[39m]: Successfully initialized 4 agents
2026-02-13 14:04:08 [[32minfo[39m]: Initializing 4 agents with initial balance 1000
2026-02-13 14:04:08 [[32minfo[39m]: Successfully initialized 4 agents
2026-02-13 14:04:08 [[32minfo[39m]: Initializing 4 agents with initial balance 1000
2026-02-13 14:04:08 [[32minfo[39m]: Successfully initialized 4 agents
2026-02-13 14:04:08 [[32minfo[39m]: Initializing 4 agents with initial balance 1000
2026-02-13 14:04:08 [[32minfo[39m]: Successfully initialized 4 agents
2026-02-13 14:04:08 [[32minfo[39m]: Initializing 4 agents with initial balance 1000
2026-02-13 14:04:08 [[32minfo[39m]: Successfully initialized 4 agents
2026-02-13 14:04:08 [[32minfo[39m]: Initializing 4 agents with initial balance 1000
2026-02-13 14:04:08 [[32minfo[39m]: Successfully initialized 4 agents
2026-02-13 14:04:08 [[32minfo[39m]: Initializing 4 agents with initial balance 1000
2026-02-13 14:04:08 [[32minfo[39m]: Successfully initialized 4 agents
2026-02-13 14:04:08 [[32minfo[39m]: Initializing 4 agents with initial balance 1000
2026-02-13 14:04:08 [[32minfo[39m]: Successfully initialized 4 agents
2026-02-13 14:04:08 [[32minfo[39m]: Initializing 4 agents with initial balance 1000
2026-02-13 14:04:08 [[32minfo[39m]: Successfully initialized 4 agents
2026-02-13 14:04:08 [[32minfo[39m]: Initializing 4 agents with initial balance 1000
2026-02-13 14:04:08 [[32minfo[39m]: Successfully initialized 4 agents
2026-02-13 14:04:08 [[32minfo[39m]: Initializing 4 agents with initial balance 1000
2026-02-13 14:04:08 [[32minfo[39m]: Successfully initialized 4 agents
2026-02-13 14:04:08 [[32minfo[39m]: Initializing 4 agents with initial balance 1000
2026-02-13 14:04:08 [[32minfo[39m]: Successfully initialized 4 agents
2026-02-13 14:04:08 [[32minfo[39m]: Initializing 4 agents with initial balance 1000
2026-02-13 14:04:08 [[32minfo[39m]: Successfully initialized 4 agents
2026-02-13 14:04:08 [[32minfo[39m]: Initializing 4 agents with initial balance 1000
2026-02-13 14:04:08 [[32minfo[39m]: Successfully initialized 4 agents
2026-02-13 14:04:08 [[32minfo[39m]: Initializing 4 agents with initial balance 1000
2026-02-13 14:04:08 [[32minfo[39m]: Successfully initialized 4 agents
2026-02-13 14:04:08 [[32minfo[39m]: Initializing 4 agents with initial balance 1000
2026-02-13 14:04:08 [[32minfo[39m]: Successfully initialized 4 agents
2026-02-13 14:04:08 [[32minfo[39m]: Initializing 4 agents with initial balance 1000
2026-02-13 14:04:08 [[32minfo[39m]: Successfully initialized 4 agents
2026-02-13 14:04:08 [[32minfo[39m]: Initializing 4 agents with initial balance 1000
2026-02-13 14:04:08 [[32minfo[39m]: Successfully initialized 4 agents
2026-02-13 14:04:08 [[32minfo[39m]: Initializing 4 agents with initial balance 1000
2026-02-13 14:04:08 [[32minfo[39m]: Successfully initialized 4 agents
2026-02-13 14:04:08 [[32minfo[39m]: Initializing 4 agents with initial balance 1000
2026-02-13 14:04:08 [[32minfo[39m]: Successfully initialized 4 agents
2026-02-13 14:04:08 [[32minfo[39m]: Initializing 4 agents with initial balance 1000
2026-02-13 14:04:08 [[32minfo[39m]: Successfully initialized 4 agents
2026-02-13 14:04:08 [[32minfo[39m]: Initializing 4 agents with initial balance 1000
2026-02-13 14:04:08 [[32minfo[39m]: Successfully initialized 4 agents
2026-02-13 14:04:08 [[32minfo[39m]: Initializing 4 agents with initial balance 1000
2026-02-13 14:04:08 [[32minfo[39m]: Successfully initialized 4 agents
2026-02-13 14:04:08 [[32minfo[39m]: Initializing 4 agents with initial balance 1000
2026-02-13 14:04:08 [[32minfo[39m]: Successfully initialized 4 agents
2026-02-13 14:04:08 [[32minfo[39m]: Initializing 4 agents with initial balance 1000
2026-02-13 14:04:08 [[32minfo[39m]: Successfully initialized 4 agents
2026-02-13 14:04:08 [[32minfo[39m]: Initializing 4 agents with initial balance 1000
2026-02-13 14:04:08 [[32minfo[39m]: Successfully initialized 4 agents
2026-02-13 14:04:08 [[32minfo[39m]: Initializing 4 agents with initial balance 1000
2026-02-13 14:04:08 [[32minfo[39m]: Successfully initialized 4 agents
2026-02-13 14:04:08 [[32minfo[39m]: Initializing 4 agents with initial balance 1000
2026-02-13 14:04:08 [[32minfo[39m]: Successfully initialized 4 agents
2026-02-13 14:04:08 [[32minfo[39m]: Initializing 4 agents with initial balance 1000
2026-02-13 14:04:08 [[32minfo[39m]: Successfully initialized 4 agents
2026-02-13 14:04:08 [[32minfo[39m]: Initializing 4 agents with initial balance 1000
2026-02-13 14:04:08 [[32minfo[39m]: Successfully initialized 4 agents
2026-02-13 14:04:08 [[32minfo[39m]: Initializing 4 agents with initial balance 1000
2026-02-13 14:04:08 [[32minfo[39m]: Successfully initialized 4 agents
2026-02-13 14:04:08 [[32minfo[39m]: Initializing 4 agents with initial balance 1000
2026-02-13 14:04:08 [[32minfo[39m]: Successfully initialized 4 agents
2026-02-13 14:04:08 [[32minfo[39m]: Initializing 4 agents with initial balance 1000
2026-02-13 14:04:08 [[32minfo[39m]: Successfully initialized 4 agents
2026-02-13 14:04:08 [[32minfo[39m]: Initializing 4 agents with initial balance 1000
2026-02-13 14:04:08 [[32minfo[39m]: Successfully initialized 4 agents
2026-02-13 14:04:08 [[32minfo[39m]: Initializing 4 agents with initial balance 1000
2026-02-13 14:04:08 [[32minfo[39m]: Successfully initialized 4 agents
2026-02-13 14:04:08 [[32minfo[39m]: Initializing 4 agents with initial balance 1000
2026-02-13 14:04:08 [[32minfo[39m]: Successfully initialized 4 agents
2026-02-13 14:04:08 [[32minfo[39m]: Initializing 4 agents with initial balance 1000
2026-02-13 14:04:08 [[32minfo[39m]: Successfully initialized 4 agents
2026-02-13 14:04:08 [[32minfo[39m]: Initializing 4 agents with initial balance 1000
2026-02-13 14:04:08 [[32minfo[39m]: Successfully initialized 4 agents
2026-02-13 14:04:08 [[32minfo[39m]: Initializing 4 agents with initial balance 1000
2026-02-13 14:04:08 [[32minfo[39m]: Successfully initialized 4 agents
2026-02-13 14:04:08 [[32minfo[39m]: Initializing 4 agents with initial balance 1000
2026-02-13 14:04:08 [[32minfo[39m]: Successfully initialized 4 agents
2026-02-13 14:04:08 [[32minfo[39m]: Initializing 4 agents with initial balance 1000
2026-02-13 14:04:08 [[32minfo[39m]: Successfully initialized 4 agents
2026-02-13 14:04:08 [[32minfo[39m]: Initializing 4 agents with initial balance 1000
2026-02-13 14:04:08 [[32minfo[39m]: Successfully initialized 4 agents
2026-02-13 14:04:08 [[32minfo[39m]: Initializing 4 agents with initial balance 1000
2026-02-13 14:04:08 [[32minfo[39m]: Successfully initialized 4 agents
2026-02-13 14:04:08 [[32minfo[39m]: Initializing 4 agents with initial balance 1000
2026-02-13 14:04:08 [[32minfo[39m]: Successfully initialized 4 agents
2026-02-13 14:04:08 [[32minfo[39m]: Initializing 4 agents with initial balance 1000
2026-02-13 14:04:08 [[32minfo[39m]: Successfully initialized 4 agents
2026-02-13 14:04:08 [[32minfo[39m]: Initializing 4 agents with initial balance 1000
2026-02-13 14:04:08 [[32minfo[39m]: Successfully initialized 4 agents
2026-02-13 14:04:08 [[32minfo[39m]: Initializing 4 agents with initial balance 1000
2026-02-13 14:04:08 [[32minfo[39m]: Successfully initialized 4 agents
2026-02-13 14:04:08 [[32minfo[39m]: Initializing 4 agents with initial balance 1000
2026-02-13 14:04:08 [[32minfo[39m]: Successfully initialized 4 agents
2026-02-13 14:04:08 [[32minfo[39m]: Initializing 4 agents with initial balance 1000
2026-02-13 14:04:08 [[32minfo[39m]: Successfully initialized 4 agents
2026-02-13 14:04:08 [[32minfo[39m]: Initializing 4 agents with initial balance 1000
2026-02-13 14:04:08 [[32minfo[39m]: Successfully initialized 4 agents
2026-02-13 14:04:08 [[32minfo[39m]: Initializing 4 agents with initial balance 1000
2026-02-13 14:04:08 [[32minfo[39m]: Successfully initialized 4 agents
2026-02-13 14:04:08 [[32minfo[39m]: Initializing 4 agents with initial balance 1000
2026-02-13 14:04:08 [[32minfo[39m]: Successfully initialized 4 agents
2026-02-13 14:04:08 [[32minfo[39m]: Initializing 4 agents with initial balance 1000
2026-02-13 14:04:08 [[32minfo[39m]: Successfully initialized 4 agents
2026-02-13 14:04:08 [[32minfo[39m]: Initializing 4 agents with initial balance 1000
2026-02-13 14:04:08 [[32minfo[39m]: Successfully initialized 4 agents
2026-02-13 14:04:08 [[32minfo[39m]: Initializing 4 agents with initial balance 1000
2026-02-13 14:04:08 [[32minfo[39m]: Successfully initialized 4 agents
2026-02-13 14:04:08 [[32minfo[39m]: Initializing 4 agents with initial balance 1000
2026-02-13 14:04:08 [[32minfo[39m]: Successfully initialized 4 agents
2026-02-13 14:04:08 [[32minfo[39m]: Initializing 4 agents with initial balance 1000
2026-02-13 14:04:08 [[32minfo[39m]: Successfully initialized 4 agents
2026-02-13 14:04:08 [[32minfo[39m]: Initializing 4 agents with initial balance 1000
2026-02-13 14:04:08 [[32minfo[39m]: Successfully initialized 4 agents
2026-02-13 14:04:08 [[32minfo[39m]: Initializing 4 agents with initial balance 1000
2026-02-13 14:04:08 [[32minfo[39m]: Successfully initialized 4 agents
2026-02-13 14:04:08 [[32minfo[39m]: Initializing 4 agents with initial balance 1000
2026-02-13 14:04:08 [[32minfo[39m]: Successfully initialized 4 agents
2026-02-13 14:04:08 [[32minfo[39m]: Initializing 4 agents with initial balance 1000
2026-02-13 14:04:08 [[32minfo[39m]: Successfully initialized 4 agents
2026-02-13 14:04:08 [[32minfo[39m]: Initializing 4 agents with initial balance 1000
2026-02-13 14:04:08 [[32minfo[39m]: Successfully initialized 4 agents
2026-02-13 14:04:08 [[32minfo[39m]: Initializing 4 agents with initial balance 1000
2026-02-13 14:04:08 [[32minfo[39m]: Successfully initialized 4 agents
2026-02-13 14:04:08 [[32minfo[39m]: Initializing 4 agents with initial balance 1000
2026-02-13 14:04:08 [[32minfo[39m]: Successfully initialized 4 agents
2026-02-13 14:04:08 [[32minfo[39m]: Initializing 4 agents with initial balance 1000
2026-02-13 14:04:08 [[32minfo[39m]: Successfully initialized 4 agents
2026-02-13 14:04:08 [[33mwarn[39m]: Attempt 2/3 failed, retrying in 2000ms:
(node:47448) ExperimentalWarning: VM Modules is an experimental feature and might change at any time
(Use `node --trace-warnings ...` to show where the warning was created)
PASS src/utils/agentGenerator.property.test.ts (11.832 s)
  Agent Generation Property Tests
    GÍ‹ Property 1: Agent Initialization Completeness (2937 ms)
    GÍ‹ Property 21: Agent Diversity at Initialization (14 ms)
System.Management.Automation.RemoteException
2026-02-13 14:04:11 [[31merror[39m]: All 3 retry attempts failed
2026-02-13 14:04:11 [[31merror[39m]: LLM decision failed for TestAgent, using fallback: OpenAI API error: 401 - {"error":{"message":"Incorrect API key provided: invalid-key. You can find your API key at https://platform.openai.com/account/api-keys.","type":"invalid_request_error","param":null,"code":"invalid_api_key"}}
2026-02-13 14:04:11 [[32minfo[39m]: Using fallback decision for agent TestAgent
2026-02-13 14:04:11 [[32minfo[39m]: DecisionEngine initialized with provider: openai, model: gpt-4o-mini
2026-02-13 14:04:11 [[32minfo[39m]: DecisionEngine initialized with provider: gemini, model: gemini-pro
2026-02-13 14:04:11 [[33mwarn[39m]: Attempt 1/3 failed, retrying in 1000ms:
2026-02-13 14:04:12 [[33mwarn[39m]: Attempt 2/3 failed, retrying in 2000ms:
2026-02-13 14:04:14 [[31merror[39m]: All 3 retry attempts failed
2026-02-13 14:04:14 [[31merror[39m]: LLM decision failed for TestAgent, using fallback: Gemini API error: 400 - {"error":{"code":400,"message":"API key not valid. Please pass a valid API key.","status":"INVALID_ARGUMENT","details":[{"@type":"type.googleapis.com/google.rpc.ErrorInfo","reason":"API_KEY_INVALID","domain":"googleapis.com","metadata":{"service":"generativelanguage.googleapis.com"}},{"@type":"type.googleapis.com/google.rpc.LocalizedMessage","locale":"en-US","message":"API key not valid. Please pass a valid API key."}]}}
2026-02-13 14:04:14 [[32minfo[39m]: Using fallback decision for agent TestAgent
2026-02-13 14:04:14 [[32minfo[39m]: DecisionEngine initialized with provider: openai, model: gpt-4o-mini
2026-02-13 14:04:14 [[32minfo[39m]: DecisionEngine initialized with provider: openai, model: gpt-4o-mini
2026-02-13 14:04:14 [[32minfo[39m]: DecisionEngine initialized with provider: openai, model: gpt-4
2026-02-13 14:04:14 [[32minfo[39m]: DecisionEngine initialized with provider: openai, model: gpt-4o-mini
2026-02-13 14:04:14 [[32minfo[39m]: DecisionEngine initialized with provider: gemini, model: gemini-pro-vision
PASS src/services/DecisionEngine.test.ts (17.577 s)
  DecisionEngine
    buildPrompt
      GÍ‹ should build a comprehensive prompt with agent context (25 ms)
      GÍ‹ should include personality description (2 ms)
      GÍ‹ should include role description (2 ms)
      GÍ‹ should include recent actions from memory (1 ms)
      GÍ‹ should include alliance information (2 ms)
      GÍ‹ should include economic state (1 ms)
    parseResponse
      GÍ‹ should parse valid JSON response (4 ms)
      GÍ‹ should extract JSON from response with extra text (1 ms)
      GÍ‹ should handle response without optional fields (2 ms)
      GÍ‹ should throw error for missing action field (37 ms)
      GÍ‹ should throw error for invalid JSON (2 ms)
      GÍ‹ should throw error for malformed JSON (3 ms)
    retryWithBackoff
      GÍ‹ should succeed on first attempt (1 ms)
      GÍ‹ should retry on failure and eventually succeed (43 ms)
      GÍ‹ should throw error after max retries (45 ms)
      GÍ‹ should use exponential backoff delays (170 ms)
    getFallbackDecision
      GÍ‹ should return safe save action (2 ms)
      GÍ‹ should work with any agent (2 ms)
    makeDecision - OpenAI
      GÍ‹ should use fallback on API failure (simulated by invalid key) (4361 ms)
    makeDecision - Gemini
      GÍ‹ should use fallback on API failure (simulated by invalid key) (3419 ms)
    Action type support
      GÍ‹ should parse all action types correctly (1 ms)
    Custom model configuration
      GÍ‹ should use custom OpenAI model (1 ms)
      GÍ‹ should use custom Gemini model (1 ms)
System.Management.Automation.RemoteException
Test Suites: 8 failed, 9 passed, 17 total
Tests:       3 failed, 181 passed, 184 total
Snapshots:   0 total
Time:        19.735 s
Ran all test suites.
